 smdk6410_serial

 Timestamp is 5135b70d (Tue Mar 05 17:12:45 2013)

 Preferred load address is 10000000

 Start         Length     Name                   Class
 0001:00000000 00000004H .CRT$XCA                CODE
 0001:00000004 00000004H .CRT$XCZ                CODE
 0001:00000008 00000004H .CRT$XIA                CODE
 0001:0000000c 00000004H .CRT$XIZ                CODE
 0001:00000010 00000004H .CRT$XPA                CODE
 0001:00000014 00000004H .CRT$XPZ                CODE
 0001:00000018 00000004H .CRT$XTA                CODE
 0001:0000001c 00000004H .CRT$XTZ                CODE
 0001:00000020 0000080eH .rdata                  CODE
 0001:00000830 0000002cH .rdata$debug            CODE
 0001:0000085c 0000661cH .text                   CODE
 0001:00006e78 0000002cH .xdata                  CODE
 0001:00006ea4 00000028H .idata$2                CODE
 0001:00006ecc 00000014H .idata$3                CODE
 0001:00006ee0 00000120H .idata$4                CODE
 0001:00007000 00000016H .idata$6                CODE
 0001:00007020 00000131H .edata                  CODE
 0002:00000000 00000120H .idata$5                DATA
 0002:00000120 00000028H .data                   DATA
 0002:00000148 000000f8H .bss                    DATA
 0003:00000000 00000568H .pdata                  DATA

  Address         Publics by Value              Rva+Base       Lib:Object

 0000:00000000       ___safe_se_handler_table   00000000     <absolute>
 0000:00000000       ___safe_se_handler_count   00000000     <absolute>
 0001:00000000       __xc_a                     10001000     corelib0:crt0init.obj
 0001:00000004       __xc_z                     10001004     corelib0:crt0init.obj
 0001:00000008       __xi_a                     10001008     corelib0:crt0init.obj
 0001:0000000c       __xi_z                     1000100c     corelib0:crt0init.obj
 0001:00000010       __xp_a                     10001010     corelib0:crt0init.obj
 0001:00000014       __xp_z                     10001014     corelib0:crt0init.obj
 0001:00000018       __xt_a                     10001018     corelib0:crt0init.obj
 0001:0000001c       __xt_z                     1000101c     corelib0:crt0init.obj
 0001:00000040       ??_7CPdd6410Serial0@@6BCSerialPDD@@@ 10001040     ser_smdk6410.obj
 0001:00000124       ??_7CPdd6410Serial0@@6BCMiniThread@@@ 10001124     ser_smdk6410.obj
 0001:00000128       ??_C@_1EK@NPMBONHN@?$AA?5?$AA?$CK?$AA?$CK?$AA?$CK?$AA?5?$AAU?$AAA?$AAR?$AAT?$AA?5?$AAA?$AAu?$AAt?$AAo?$AAF?$AAl?$AAo?$AAw?$AA?5?$AAe?$AAn?$AAa?$AAb?$AAl?$AAe?$AAd?$AA?3?$AA?5?$AA0?$AAx?$AA?$CF?$AAX@ 10001128     ser_smdk6410.obj
 0001:00000174       ??_C@_1BA@BDHDGOBO@?$AAS?$AAy?$AAs?$AAI?$AAn?$AAt?$AAr?$AA?$AA@ 10001174     ser_smdk6410.obj
 0001:00000188       ??_7CPdd6410Serial1@@6BCSerialPDD@@@ 10001188     ser_smdk6410.obj
 0001:0000026c       ??_7CPdd6410Serial1@@6BCMiniThread@@@ 1000126c     ser_smdk6410.obj
 0001:00000270       ??_7CPdd6410Serial2@@6BCSerialPDD@@@ 10001270     ser_smdk6410.obj
 0001:00000354       ??_7CPdd6410Serial2@@6BCMiniThread@@@ 10001354     ser_smdk6410.obj
 0001:00000358       ??_C@_1DO@OABEFNCB@?$AAD?$AAE?$AAB?$AAU?$AAG?$AA?3?$AA?5?$AAC?$AAr?$AAe?$AAa?$AAt?$AAe?$AAS?$AAe?$AAr?$AAi?$AAa?$AAl?$AAO?$AAb?$AAj?$AAe?$AAc?$AAt?$AA?5?$AA?$CF?$AAd?$AA?$AN?$AA?6?$AA?$AA@ 10001358     ser_smdk6410.obj
 0001:000003d8       ??_7CReg6410Uart@@6B@      100013d8     pdds3c6410_ser.obj
 0001:000003f0       ??_C@_1JI@DBBKGAON@?$AAE?$AAR?$AAR?$AAO?$AAR?$AA?3?$AA?5?$AAT?$AAh?$AAe?$AA?5?$AAs?$AA3?$AAc?$AA6?$AA4?$AA1?$AA0?$AAa?$AA?5?$AAs?$AAe?$AAr?$AAi?$AAa?$AAl?$AA?5?$AAd?$AAr?$AAi?$AAv?$AAe@ 100013f0     pdds3c6410_ser.obj
 0001:00000488       ??_C@_1O@LBBNFMDB@?$AAM?$AAe?$AAm?$AAL?$AAe?$AAn?$AA?$AA@ 10001488     pdds3c6410_ser.obj
 0001:00000498       ??_C@_1BI@DFNHKOLO@?$AAI?$AAS?$AAT?$AAT?$AAi?$AAm?$AAe?$AAo?$AAu?$AAt?$AAs?$AA?$AA@ 10001498     pdds3c6410_ser.obj
 0001:000004b0       ??_C@_1BI@BIDGGFDD@?$AAW?$AAa?$AAt?$AAe?$AAr?$AAM?$AAa?$AAr?$AAk?$AAe?$AAr?$AA?$AA@ 100014b0     pdds3c6410_ser.obj
 0001:000004c8       ??_C@_1CC@KMPFMANC@?$AAD?$AAe?$AAv?$AAi?$AAc?$AAe?$AAA?$AAr?$AAr?$AAa?$AAy?$AAI?$AAn?$AAd?$AAe?$AAx?$AA?$AA@ 100014c8     pdds3c6410_ser.obj
 0001:000004ec       ??_C@_1BM@MHMIAMLB@?$AAI?$AAn?$AAt?$AAe?$AAr?$AAf?$AAa?$AAc?$AAe?$AAT?$AAy?$AAp?$AAe?$AA?$AA@ 100014ec     pdds3c6410_ser.obj
 0001:00000508       ??_7CMiniThread@@6B@       10001508     pdds3c6410_ser.obj
 0001:00000510       ??_7CPdd6410Uart@@6BCSerialPDD@@@ 10001510     pdds3c6410_ser.obj
 0001:000005f4       ??_7CPdd6410Uart@@6BCMiniThread@@@ 100015f4     pdds3c6410_ser.obj
 0001:00000670       ??_7CSerialPDD@@6B@        10001670     serpddcm:cserpdd.obj
 0001:0000073c       ??_C@_1BI@BHLBGEOK@?$AAP?$AAr?$AAi?$AAo?$AAr?$AAi?$AAt?$AAy?$AA2?$AA5?$AA6?$AA?$AA@ 1000173c     serpddcm:cserpdd.obj
 0001:00000810       ??_7CSerialPDDPowerUpCallback@@6B@ 10001810     serpddcm:cserpdd.obj
 0001:00000814       ??_C@_1BK@CGEFNBAB@?$AAR?$AAx?$AAB?$AAu?$AAf?$AAf?$AAe?$AAr?$AAS?$AAi?$AAz?$AAe?$AA?$AA@ 10001814     serpddcm:cserpdd.obj
 0001:0000085c       ?PreDeinit@CSerialPDD@@UAAXXZ 1000185c f i ser_smdk6410.obj
 0001:00000860       ?GetDevicePowerState@CSerialPDD@@UAA?AW4_CEDEVICE_POWER_STATE@@XZ 10001860 f i ser_smdk6410.obj
 0001:00000868       ?GetPowerCapabilities@CSerialPDD@@UAA?AU_POWER_CAPABILITIES@@XZ 10001868 f i ser_smdk6410.obj
 0001:0000088c       ?GetRxBufferSize@CSerialPDD@@UAAKXZ 1000188c f i ser_smdk6410.obj
 0001:00000894       ?IsCTSOff@CSerialPDD@@UAAHXZ 10001894 f i ser_smdk6410.obj
 0001:000008c0       ?IsDSROff@CSerialPDD@@UAAHXZ 100018c0 f i ser_smdk6410.obj
 0001:000008ec       ?GetOutputMode@CSerialPDD@@UAAXPAH0@Z 100018ec f i ser_smdk6410.obj
 0001:00000908       ?SerialRegisterBackup@CPdd6410Uart@@UAAXXZ 10001908 f i ser_smdk6410.obj
 0001:00000928       ?SerialRegisterRestore@CPdd6410Uart@@UAAXXZ 10001928 f i ser_smdk6410.obj
 0001:00000948       ?SetDCB@CPdd6410Uart@@UAAHPAU_DCB@@@Z 10001948 f i ser_smdk6410.obj
 0001:000009e0       ?Rx_Pause@CPdd6410Uart@@UAAXH@Z 100019e0 f i ser_smdk6410.obj
 0001:000009e4       ?ModemInterruptHandler@CPdd6410Uart@@UAAXXZ 100019e4 f i ser_smdk6410.obj
 0001:00000a00       ?LineInterruptHandler@CPdd6410Uart@@UAAXXZ 10001a00 f i ser_smdk6410.obj
 0001:00000a10       ??1CPdd6410Serial0@@UAA@XZ 10001a10 f i ser_smdk6410.obj
 0001:00000a94       ?Init@CPdd6410Serial0@@UAAHXZ 10001a94 f i ser_smdk6410.obj
 0001:00000c10       ?PowerOff@CPdd6410Serial0@@UAAHXZ 10001c10 f i ser_smdk6410.obj
 0001:00000c4c       ?PowerOn@CPdd6410Serial0@@UAAHXZ 10001c4c f i ser_smdk6410.obj
 0001:00000c84       ?InitModem@CPdd6410Serial0@@UAAHH@Z 10001c84 f i ser_smdk6410.obj
 0001:00000c94       ?GetModemStatus@CPdd6410Serial0@@UAAKXZ 10001c94 f i ser_smdk6410.obj
 0001:00000ca4       ?SetDTR@CPdd6410Serial0@@UAAXH@Z 10001ca4 f i ser_smdk6410.obj
 0001:00000ca8       ?SetDefaultConfiguration@CPdd6410Serial0@@UAAXXZ 10001ca8 f i ser_smdk6410.obj
 0001:00000dc4       ??_GCPdd6410Serial0@@UAAPAXI@Z 10001dc4 f i ser_smdk6410.obj
 0001:00000dc4       ??_ECPdd6410Serial0@@UAAPAXI@Z 10001dc4 f i ser_smdk6410.obj
 0001:00000dec       ?SetDTR@CPdd6410Uart@@UAAXH@Z 10001dec f i ser_smdk6410.obj
 0001:00000df0       ??1CPdd6410Serial1@@UAA@XZ 10001df0 f i ser_smdk6410.obj
 0001:00000e74       ?Init@CPdd6410Serial1@@UAAHXZ 10001e74 f i ser_smdk6410.obj
 0001:00000ff0       ?PowerOff@CPdd6410Serial1@@UAAHXZ 10001ff0 f i ser_smdk6410.obj
 0001:0000102c       ?PowerOn@CPdd6410Serial1@@UAAHXZ 1000202c f i ser_smdk6410.obj
 0001:00001064       ?GetModemStatus@CPdd6410Serial1@@UAAKXZ 10002064 f i ser_smdk6410.obj
 0001:00001074       ?SetDefaultConfiguration@CPdd6410Serial1@@UAAXXZ 10002074 f i ser_smdk6410.obj
 0001:00001190       ??_GCPdd6410Serial1@@UAAPAXI@Z 10002190 f i ser_smdk6410.obj
 0001:00001190       ??_ECPdd6410Serial1@@UAAPAXI@Z 10002190 f i ser_smdk6410.obj
 0001:000011b8       ??1CPdd6410Serial2@@UAA@XZ 100021b8 f i ser_smdk6410.obj
 0001:0000123c       ?Init@CPdd6410Serial2@@UAAHXZ 1000223c f i ser_smdk6410.obj
 0001:000013a8       ?PowerOff@CPdd6410Serial2@@UAAHXZ 100023a8 f i ser_smdk6410.obj
 0001:000013e4       ?PowerOn@CPdd6410Serial2@@UAAHXZ 100023e4 f i ser_smdk6410.obj
 0001:0000141c       ?GetModemStatus@CPdd6410Serial2@@UAAKXZ 1000241c f i ser_smdk6410.obj
 0001:00001430       ?SetDefaultConfiguration@CPdd6410Serial2@@UAAXXZ 10002430 f i ser_smdk6410.obj
 0001:0000154c       ??_GCPdd6410Serial2@@UAAPAXI@Z 1000254c f i ser_smdk6410.obj
 0001:0000154c       ??_ECPdd6410Serial2@@UAAPAXI@Z 1000254c f i ser_smdk6410.obj
 0001:00001574       ?CreateSerialObject@@YAPAVCSerialPDD@@PAGPAXPAU__HWOBJ@@K@Z 10002574 f   ser_smdk6410.obj
 0001:000016c0       ?DeleteSerialObject@@YAXPAVCSerialPDD@@@Z 100026c0 f   ser_smdk6410.obj
 0001:000016e4       ??0CRegistryEdit@@QAA@PAUHKEY__@@PBG@Z 100026e4 f i pdds3c6410_ser.obj
 0001:00001734       ?GetRegValue@CRegistryEdit@@QAAHPBGPAEK@Z 10002734 f i pdds3c6410_ser.obj
 0001:00001784       ?ThreadStart@CMiniThread@@QAAHXZ 10002784 f i pdds3c6410_ser.obj
 0001:000017c4       ?WaitThreadComplete@CMiniThread@@QAAHK@Z 100027c4 f i pdds3c6410_ser.obj
 0001:00001824       ?ForceTerminated@CMiniThread@@QAAHXZ 10002824 f i pdds3c6410_ser.obj
 0001:00001874       ?ThreadProc@CMiniThread@@CAKPAX@Z 10002874 f i pdds3c6410_ser.obj
 0001:000018a4       ?SetOutputMode@CSerialPDD@@UAAXHH@Z 100028a4 f i pdds3c6410_ser.obj
 0001:000018b0       ??_GCReg6410Uart@@UAAPAXI@Z 100028b0 f i pdds3c6410_ser.obj
 0001:000018b0       ??_ECReg6410Uart@@UAAPAXI@Z 100028b0 f i pdds3c6410_ser.obj
 0001:000018d8       ?Init@CReg6410Uart@@UAAHXZ 100028d8 f   pdds3c6410_ser.obj
 0001:0000191c       ?Backup@CReg6410Uart@@UAAXXZ 1000291c f   pdds3c6410_ser.obj
 0001:0000197c       ?Restore@CReg6410Uart@@UAAXXZ 1000297c f   pdds3c6410_ser.obj
 0001:00001a04       ?Write_BaudRate@CReg6410Uart@@UAAHK@Z 10002a04 f   pdds3c6410_ser.obj
 0001:00001b14       ?Init@CPdd6410Uart@@UAAHXZ 10002b14 f   pdds3c6410_ser.obj
 0001:00001cb8       ?MapHardware@CPdd6410Uart@@UAAHXZ 10002cb8 f   pdds3c6410_ser.obj
 0001:00001de4       ?CreateHardwareAccess@CPdd6410Uart@@UAAHXZ 10002de4 f   pdds3c6410_ser.obj
 0001:00001ec4       ?PostInit@CPdd6410Uart@@UAAXXZ 10002ec4 f   pdds3c6410_ser.obj
 0001:00001fb0       ?ThreadRun@CPdd6410Uart@@EAAKXZ 10002fb0 f   pdds3c6410_ser.obj
 0001:0000207c       ?InitialEnableInterrupt@CPdd6410Uart@@UAAHH@Z 1000307c f   pdds3c6410_ser.obj
 0001:00002100       ?InitXmit@CPdd6410Uart@@UAAHH@Z 10003100 f   pdds3c6410_ser.obj
 0001:000021d4       ?GetWriteableSize@CPdd6410Uart@@UAAKXZ 100031d4 f   pdds3c6410_ser.obj
 0001:00002200       ?XmitInterruptHandler@CPdd6410Uart@@UAAXPAEPAK@Z 10003200 f   pdds3c6410_ser.obj
 0001:000023b4       ?XmitComChar@CPdd6410Uart@@UAAXE@Z 100033b4 f   pdds3c6410_ser.obj
 0001:00002434       ?EnableXmitInterrupt@CPdd6410Uart@@UAAHH@Z 10003434 f   pdds3c6410_ser.obj
 0001:000024b8       ?CancelXmit@CPdd6410Uart@@UAAHXZ 100034b8 f   pdds3c6410_ser.obj
 0001:000024d8       ?GetWaterMarkBit@CPdd6410Uart@@UAAEXZ 100034d8 f   pdds3c6410_ser.obj
 0001:00002528       ?GetWaterMark@CPdd6410Uart@@UAAKXZ 10003528 f   pdds3c6410_ser.obj
 0001:0000257c       ?InitReceive@CPdd6410Uart@@UAAHH@Z 1000357c f   pdds3c6410_ser.obj
 0001:000026a0       ?CancelReceive@CPdd6410Uart@@UAAKXZ 100036a0 f   pdds3c6410_ser.obj
 0001:000026e4       ?InitModem@CPdd6410Uart@@UAAHH@Z 100036e4 f   pdds3c6410_ser.obj
 0001:00002720       ?GetModemStatus@CPdd6410Uart@@UAAKXZ 10003720 f   pdds3c6410_ser.obj
 0001:0000277c       ?SetRTS@CPdd6410Uart@@UAAXH@Z 1000377c f   pdds3c6410_ser.obj
 0001:000027cc       ?InitLine@CPdd6410Uart@@UAAHH@Z 100037cc f   pdds3c6410_ser.obj
 0001:00002850       ?GetLineStatus@CPdd6410Uart@@QAAEXZ 10003850 f   pdds3c6410_ser.obj
 0001:000028d4       ?SetBreak@CPdd6410Uart@@UAAXH@Z 100038d4 f   pdds3c6410_ser.obj
 0001:00002918       ?SetBaudRate@CPdd6410Uart@@UAAHKH@Z 10003918 f   pdds3c6410_ser.obj
 0001:00002998       ?SetByteSize@CPdd6410Uart@@UAAHK@Z 10003998 f   pdds3c6410_ser.obj
 0001:00002a14       ?SetParity@CPdd6410Uart@@UAAHK@Z 10003a14 f   pdds3c6410_ser.obj
 0001:00002aa0       ?SetStopBits@CPdd6410Uart@@UAAHK@Z 10003aa0 f   pdds3c6410_ser.obj
 0001:00002afc       ?SetOutputMode@CPdd6410Uart@@UAAXHH@Z 10003afc f   pdds3c6410_ser.obj
 0001:00002b54       ??0CMiniThread@@QAA@KH@Z   10003b54 f i pdds3c6410_ser.obj
 0001:00002bc0       ??0CPdd6410Uart@@QAA@PAGPAXPAU__HWOBJ@@@Z 10003bc0 f   pdds3c6410_ser.obj
 0001:00002c5c       ??1CPdd6410Uart@@UAA@XZ    10003c5c f   pdds3c6410_ser.obj
 0001:00002d44       ?ReceiveInterruptHandler@CPdd6410Uart@@UAAKPAEPAK@Z 10003d44 f   pdds3c6410_ser.obj
 0001:00002e44       ??_ECPdd6410Uart@@UAAPAXI@Z 10003e44 f i pdds3c6410_ser.obj
 0001:00002e44       ??_GCPdd6410Uart@@UAAPAXI@Z 10003e44 f i pdds3c6410_ser.obj
 0001:00002e6c       ?ThreadRun@CSerialPDDPowerUpCallback@@EAAKXZ 10003e6c f   serpddcm:cserpdd.obj
 0001:00002ed4       ??0CSerialPDD@@QAA@PAGPAXPAU__HWOBJ@@@Z 10003ed4 f   serpddcm:cserpdd.obj
 0001:00002f90       ?PostInit@CSerialPDD@@UAAXXZ 10003f90 f   serpddcm:cserpdd.obj
 0001:00002fcc       ?Open@CSerialPDD@@UAAHXZ   10003fcc f   serpddcm:cserpdd.obj
 0001:0000306c       ?Close@CSerialPDD@@UAAHXZ  1000406c f   serpddcm:cserpdd.obj
 0001:000030f8       ?Ioctl@CSerialPDD@@UAAHKPAEK0KPAK@Z 100040f8 f   serpddcm:cserpdd.obj
 0001:00003218       ?InitialPower@CSerialPDD@@UAAHH@Z 10004218 f   serpddcm:cserpdd.obj
 0001:00003234       ?SetPowerStateStatic@CSerialPDD@@KA?AW4_CEDEVICE_POWER_STATE@@KW42@@Z 10004234 f   serpddcm:cserpdd.obj
 0001:000032b0       ?PowerOff@CSerialPDD@@UAAHXZ 100042b0 f   serpddcm:cserpdd.obj
 0001:000032f8       ?PowerOn@CSerialPDD@@UAAHXZ 100042f8 f   serpddcm:cserpdd.obj
 0001:00003368       ?SetDevicePowerState@CSerialPDD@@UAAHW4_CEDEVICE_POWER_STATE@@@Z 10004368 f   serpddcm:cserpdd.obj
 0001:00003440       ?InitialEnableInterrupt@CSerialPDD@@UAAHH@Z 10004440 f   serpddcm:cserpdd.obj
 0001:0000346c       ?NotifyPDDInterrupt@CSerialPDD@@UAAHW4INTERRUPT_TYPE@@@Z 1000446c f   serpddcm:cserpdd.obj
 0001:00003514       ?GetInterruptType@CSerialPDD@@UAA?AW4INTERRUPT_TYPE@@XZ 10004514 f   serpddcm:cserpdd.obj
 0001:00003544       ?DataReplaced@CSerialPDD@@UAAHPAEH@Z 10004544 f   serpddcm:cserpdd.obj
 0001:000035e4       ?EventCallback@CSerialPDD@@UAAHKK@Z 100045e4 f   serpddcm:cserpdd.obj
 0001:00003628       ?PurgeComm@CSerialPDD@@UAAHK@Z 10004628 f   serpddcm:cserpdd.obj
 0001:0000366c       ?SetReceiveError@CSerialPDD@@UAAXK@Z 1000466c f   serpddcm:cserpdd.obj
 0001:000036bc       ?GetReceivedError@CSerialPDD@@UAAKXZ 100046bc f   serpddcm:cserpdd.obj
 0001:000036ec       ?SetDefaultConfiguration@CSerialPDD@@UAAXXZ 100046ec f   serpddcm:cserpdd.obj
 0001:00003808       ?SetDCB@CSerialPDD@@UAAHPAU_DCB@@@Z 10004808 f   serpddcm:cserpdd.obj
 0001:00003964       ?GetDivisorOfRate@CSerialPDD@@UAAHKPAK@Z 10004964 f   serpddcm:cserpdd.obj
 0001:000039c0       ?SerInit@@YAPAXKPAXPAU__HWOBJ@@@Z 100049c0 f   serpddcm:cserpdd.obj
 0001:00003a00       ?SerDeinit@@YAKPAX@Z       10004a00 f   serpddcm:cserpdd.obj
 0001:00003a3c       ?SerPostInit@@YAHPAX@Z     10004a3c f   serpddcm:cserpdd.obj
 0001:00003a60       ?SerOpen@@YAHPAX@Z         10004a60 f   serpddcm:cserpdd.obj
 0001:00003a88       ?SerClose@@YAKPAX@Z        10004a88 f   serpddcm:cserpdd.obj
 0001:00003ab0       ?SerGetInterruptType@@YA?AW4INTERRUPT_TYPE@@PAX@Z 10004ab0 f   serpddcm:cserpdd.obj
 0001:00003ad8       ?SerRxIntr@@YAKPAXPAEPAK@Z 10004ad8 f   serpddcm:cserpdd.obj
 0001:00003b00       ?SerTxIntrEx@@YAXPAXPAEPAK@Z 10004b00 f   serpddcm:cserpdd.obj
 0001:00003b20       ?SerModemIntr@@YAXPAX@Z    10004b20 f   serpddcm:cserpdd.obj
 0001:00003b5c       ?SerLineIntr@@YAXPAX@Z     10004b5c f   serpddcm:cserpdd.obj
 0001:00003b98       ?SerGetRxBufferSize@@YAKPAX@Z 10004b98 f   serpddcm:cserpdd.obj
 0001:00003bdc       ?SerPowerOff@@YAHPAX@Z     10004bdc f   serpddcm:cserpdd.obj
 0001:00003c20       ?SerPowerOn@@YAHPAX@Z      10004c20 f   serpddcm:cserpdd.obj
 0001:00003c64       ?SerClearDTR@@YAXPAX@Z     10004c64 f   serpddcm:cserpdd.obj
 0001:00003ca4       ?SerSetDTR@@YAXPAX@Z       10004ca4 f   serpddcm:cserpdd.obj
 0001:00003ce4       ?SerClearRTS@@YAXPAX@Z     10004ce4 f   serpddcm:cserpdd.obj
 0001:00003d24       ?SerSetRTS@@YAXPAX@Z       10004d24 f   serpddcm:cserpdd.obj
 0001:00003d64       ?SerEnableIR@@YAHPAXK@Z    10004d64 f   serpddcm:cserpdd.obj
 0001:00003db8       ?SerDisableIR@@YAHPAX@Z    10004db8 f   serpddcm:cserpdd.obj
 0001:00003de4       ?SerClearBreak@@YAXPAX@Z   10004de4 f   serpddcm:cserpdd.obj
 0001:00003e24       ?SerSetBreak@@YAXPAX@Z     10004e24 f   serpddcm:cserpdd.obj
 0001:00003e64       ?SerXmitComChar@@YAHPAXE@Z 10004e64 f   serpddcm:cserpdd.obj
 0001:00003ea4       ?SerGetStatus@@YAKPAXPAU_COMSTAT@@@Z 10004ea4 f   serpddcm:cserpdd.obj
 0001:00003f9c       ?PreDeinit@@YAXPAX@Z       10004f9c f   serpddcm:cserpdd.obj
 0001:00003fd8       ?SerGetModemStatus@@YAXPAXPAK@Z 10004fd8 f   serpddcm:cserpdd.obj
 0001:00004024       ?SerGetCommProperties@@YAXPAXPAU_COMMPROP@@@Z 10005024 f   serpddcm:cserpdd.obj
 0001:0000404c       ?SerPurgeComm@@YAXPAXK@Z   1000504c f   serpddcm:cserpdd.obj
 0001:00004088       ?SerSetDCB@@YAHPAXPAU_DCB@@@Z 10005088 f   serpddcm:cserpdd.obj
 0001:000040d4       ?SerSetCommTimeouts@@YAHPAXPAU_COMMTIMEOUTS@@@Z 100050d4 f   serpddcm:cserpdd.obj
 0001:000040dc       ?SerIoctl@@YAHPAXKPAEK1KPAK@Z 100050dc f   serpddcm:cserpdd.obj
 0001:00004140       GetSerialObject            10005140 f   serpddcm:cserpdd.obj
 0001:0000417c       ??0CSerialPDDPowerUpCallback@@QAA@PAVCSerialPDD@@@Z 1000517c f   serpddcm:cserpdd.obj
 0001:000041d4       ??1CSerialPDDPowerUpCallback@@QAA@XZ 100051d4 f   serpddcm:cserpdd.obj
 0001:00004240       ?Init@CSerialPDD@@UAAHXZ   10005240 f   serpddcm:cserpdd.obj
 0001:00004330       ??1CSerialPDD@@UAA@XZ      10005330 f   serpddcm:cserpdd.obj
 0001:000043d0       ??_ECSerialPDD@@UAAPAXI@Z  100053d0 f i serpddcm:cserpdd.obj
 0001:000043d0       ??_GCSerialPDD@@UAAPAXI@Z  100053d0 f i serpddcm:cserpdd.obj
 0001:000043f8       DllEntry                   100053f8 f   com_mdd2:mdd.obj
 0001:00004410       DoTxData                   10005410 f   com_mdd2:mdd.obj
 0001:00004534       StopDispatchThread         10005534 f   com_mdd2:mdd.obj
 0001:000045c8       ApplyDCB                   100055c8 f   com_mdd2:mdd.obj
 0001:00004874       COM_PreClose               10005874 f   com_mdd2:mdd.obj
 0001:00004938       COM_Close                  10005938 f   com_mdd2:mdd.obj
 0001:00004a5c       ProcessExiting             10005a5c f   com_mdd2:mdd.obj
 0001:00004a90       COM_PreDeinit              10005a90 f   com_mdd2:mdd.obj
 0001:00004b20       COM_Deinit                 10005b20 f   com_mdd2:mdd.obj
 0001:00004c48       COM_Read                   10005c48 f   com_mdd2:mdd.obj
 0001:00004fa4       COM_Seek                   10005fa4 f   com_mdd2:mdd.obj
 0001:00004fac       COM_PowerUp                10005fac f   com_mdd2:mdd.obj
 0001:00004fec       COM_PowerDown              10005fec f   com_mdd2:mdd.obj
 0001:00005034       WaitCommEvent_mdd          10006034 f   com_mdd2:mdd.obj
 0001:00005188       EvaluateEventFlag          10006188 f   com_mdd2:mdd.obj
 0001:00005230       COM_IOControl              10006230 f   com_mdd2:mdd.obj
 0001:00005bd8       SerialEventHandler         10006bd8 f   com_mdd2:mdd.obj
 0001:00005fac       StartDispatchThread        10006fac f   com_mdd2:mdd.obj
 0001:0000603c       COM_Init                   1000703c f   com_mdd2:mdd.obj
 0001:000062d8       COM_Open                   100072d8 f   com_mdd2:mdd.obj
 0001:00006584       COM_Write                  10007584 f   com_mdd2:mdd.obj
 0001:0000673c       DDKReg_GetIsrInfo          1000773c f   coredll:COREDLL.dll
 0001:0000674c       RegSetValueExW             1000774c f   coredll:COREDLL.dll
 0001:0000675c       EnterCriticalSection       1000775c f   coredll:COREDLL.dll
 0001:0000676c       LeaveCriticalSection       1000776c f   coredll:COREDLL.dll
 0001:0000677c       NKDbgPrintfW               1000777c f   coredll:COREDLL.dll
 0001:0000678c       KernelIoControl            1000778c f   coredll:COREDLL.dll
 0001:0000679c       EventModify                1000779c f   coredll:COREDLL.dll
 0001:000067ac       RegOpenKeyExW              100077ac f   coredll:COREDLL.dll
 0001:000067bc       RegCloseKey                100077bc f   coredll:COREDLL.dll
 0001:000067cc       DDKReg_GetWindowInfo       100077cc f   coredll:COREDLL.dll
 0001:000067dc       RegQueryValueExW           100077dc f   coredll:COREDLL.dll
 0001:000067ec       ResumeThread               100077ec f   coredll:COREDLL.dll
 0001:000067fc       CeSetThreadPriority        100077fc f   coredll:COREDLL.dll
 0001:0000680c       CloseHandle                1000780c f   coredll:COREDLL.dll
 0001:0000681c       WaitForSingleObject        1000781c f   coredll:COREDLL.dll
 0001:0000682c       TerminateThread            1000782c f   coredll:COREDLL.dll
 0001:0000683c       ExitThread                 1000783c f   coredll:COREDLL.dll
 0001:0000684c       InterruptInitialize        1000784c f   coredll:COREDLL.dll
 0001:0000685c       CreateEventW               1000785c f   coredll:COREDLL.dll
 0001:0000686c       InterruptDone              1000786c f   coredll:COREDLL.dll
 0001:0000687c       Sleep                      1000787c f   coredll:COREDLL.dll
 0001:0000688c       CreateThread               1000788c f   coredll:COREDLL.dll
 0001:0000689c       InterruptDisable           1000789c f   coredll:COREDLL.dll
 0001:000068ac       LocalAlloc                 100078ac f   coredll:COREDLL.dll
 0001:000068bc       OpenDeviceKey              100078bc f   coredll:COREDLL.dll
 0001:000068cc       InitializeCriticalSection  100078cc f   coredll:COREDLL.dll
 0001:000068dc       DeleteCriticalSection      100078dc f   coredll:COREDLL.dll
 0001:000068ec       InterlockedExchange        100078ec f   coredll:COREDLL.dll
 0001:000068fc       SetLastError               100078fc f   coredll:COREDLL.dll
 0001:0000690c       CeEventHasOccurred         1000790c f   coredll:COREDLL.dll
 0001:0000691c       LocalFree                  1000791c f   coredll:COREDLL.dll
 0001:0000692c       DisableThreadLibraryCalls  1000792c f   coredll:COREDLL.dll
 0001:0000693c       CeGetThreadPriority        1000793c f   coredll:COREDLL.dll
 0001:0000694c       SetThreadPriority          1000794c f   coredll:COREDLL.dll
 0001:0000695c       InterlockedDecrement       1000795c f   coredll:COREDLL.dll
 0001:0000696c       GetTickCount               1000796c f   coredll:COREDLL.dll
 0001:0000697c       CeSafeCopyMemory           1000797c f   coredll:COREDLL.dll
 0001:0000698c       InterlockedIncrement       1000798c f   coredll:COREDLL.dll
 0001:0000699c       InterlockedCompareExchange 1000799c f   coredll:COREDLL.dll
 0001:000069ac       CeFreeAsynchronousBuffer   100079ac f   coredll:COREDLL.dll
 0001:000069bc       CeAllocAsynchronousBuffer  100079bc f   coredll:COREDLL.dll
 0001:000069cc       MmUnmapIoSpace             100079cc f   ceddk:CEDDK.dll
 0001:000069dc       MmMapIoSpace               100079dc f   ceddk:CEDDK.dll
 0001:000069ec       TranslateBusAddr           100079ec f   ceddk:CEDDK.dll
 0001:000069fc       CreateBusAccessHandle      100079fc f   ceddk:CEDDK.dll
 0001:00006a0c       DDKPwr_RequestLevel        10007a0c f   ceddk:CEDDK.dll
 0001:00006a1c       DDKPwr_ReleaseLevel        10007a1c f   ceddk:CEDDK.dll
 0001:00006a2c       DDKPwr_GetDeviceLevel      10007a2c f   ceddk:CEDDK.dll
 0001:00006a3c       DDKPwr_SetDeviceLevel      10007a3c f   ceddk:CEDDK.dll
 0001:00006a4c       SetDevicePowerState        10007a4c f   ceddk:CEDDK.dll
 0001:00006a5c       DDKPwr_Initialize          10007a5c f   ceddk:CEDDK.dll
 0001:00006a6c       CloseBusAccessHandle       10007a6c f   ceddk:CEDDK.dll
 0001:00006a7c       DDKPwr_Deinitialize        10007a7c f   ceddk:CEDDK.dll
 0001:00006a8c       _DllEntryCRTStartup        10007a8c f   corelib0:pegdentry.obj
 0001:00006ad4       __GSHandlerCheckCommon     10007ad4 f   corelib0:gshandler.obj
 0001:00006b10       __GSHandlerCheck           10007b10 f   corelib0:gshandler.obj
 0001:00006b34       __security_init_cookie     10007b34 f   corelib0:seccinit.obj
 0001:00006b90       __security_check_cookie    10007b90 f   corelib0:armsecgs.obj
 0001:00006ba4       __gsfailure                10007ba4 f   corelib0:armsecgs.obj
 0001:00006ce4       _cexit                     10007ce4 f   corelib0:cexit.obj
 0001:00006d00       _initterm                  10007d00 f   corelib0:crt0dat.obj
 0001:00006d34       _cinit                     10007d34 f   corelib0:crt0dat.obj
 0001:00006d68       memcpy                     10007d68 f   corelib1:COREDLL.dll
 0001:00006d78       ??3@YAXPAX@Z               10007d78 f   corelib1:COREDLL.dll
 0001:00006d88       ??2@YAPAXI@Z               10007d88 f   corelib1:COREDLL.dll
 0001:00006d98       __utod                     10007d98 f   corelib1:COREDLL.dll
 0001:00006da8       __divd                     10007da8 f   corelib1:COREDLL.dll
 0001:00006db8       __itod                     10007db8 f   corelib1:COREDLL.dll
 0001:00006dc8       __subd                     10007dc8 f   corelib1:COREDLL.dll
 0001:00006dd8       __muld                     10007dd8 f   corelib1:COREDLL.dll
 0001:00006de8       __dtoi                     10007de8 f   corelib1:COREDLL.dll
 0001:00006df8       _purecall                  10007df8 f   corelib1:COREDLL.dll
 0001:00006e08       memset                     10007e08 f   corelib1:COREDLL.dll
 0001:00006e18       __C_specific_handler       10007e18 f   corelib1:COREDLL.dll
 0001:00006e28       memmove                    10007e28 f   corelib1:COREDLL.dll
 0001:00006e38       __security_gen_cookie2     10007e38 f   corelib1:COREDLL.dll
 0001:00006e48       __report_gsfailure         10007e48 f   corelib1:COREDLL.dll
 0001:00006e58       free                       10007e58 f   corelib1:COREDLL.dll
 0001:00006e68       TerminateProcess           10007e68 f   coredll:COREDLL.dll
 0001:00006ea4       __IMPORT_DESCRIPTOR_COREDLL 10007ea4     coredll:COREDLL.dll
 0001:00006eb8       __IMPORT_DESCRIPTOR_CEDDK  10007eb8     ceddk:CEDDK.dll
 0001:00006ecc       __NULL_IMPORT_DESCRIPTOR   10007ecc     coredll:COREDLL.dll
 0002:00000000       __imp_CloseBusAccessHandle 10009000     ceddk:CEDDK.dll
 0002:00000004       __imp_DDKPwr_Initialize    10009004     ceddk:CEDDK.dll
 0002:00000008       __imp_SetDevicePowerState  10009008     ceddk:CEDDK.dll
 0002:0000000c       __imp_DDKPwr_SetDeviceLevel 1000900c     ceddk:CEDDK.dll
 0002:00000010       __imp_DDKPwr_GetDeviceLevel 10009010     ceddk:CEDDK.dll
 0002:00000014       __imp_DDKPwr_ReleaseLevel  10009014     ceddk:CEDDK.dll
 0002:00000018       __imp_DDKPwr_RequestLevel  10009018     ceddk:CEDDK.dll
 0002:0000001c       __imp_CreateBusAccessHandle 1000901c     ceddk:CEDDK.dll
 0002:00000020       __imp_TranslateBusAddr     10009020     ceddk:CEDDK.dll
 0002:00000024       __imp_MmMapIoSpace         10009024     ceddk:CEDDK.dll
 0002:00000028       __imp_MmUnmapIoSpace       10009028     ceddk:CEDDK.dll
 0002:0000002c       __imp_DDKPwr_Deinitialize  1000902c     ceddk:CEDDK.dll
 0002:00000030       \177CEDDK_NULL_THUNK_DATA  10009030     ceddk:CEDDK.dll
 0002:00000034       __imp_TerminateThread      10009034     coredll:COREDLL.dll
 0002:00000038       __imp_ExitThread           10009038     coredll:COREDLL.dll
 0002:0000003c       __imp_InterruptInitialize  1000903c     coredll:COREDLL.dll
 0002:00000040       __imp_CreateEventW         10009040     coredll:COREDLL.dll
 0002:00000044       __imp_InterruptDone        10009044     coredll:COREDLL.dll
 0002:00000048       __imp_Sleep                10009048     coredll:COREDLL.dll
 0002:0000004c       __imp_CreateThread         1000904c     coredll:COREDLL.dll
 0002:00000050       __imp_InterruptDisable     10009050     coredll:COREDLL.dll
 0002:00000054       __imp_LocalAlloc           10009054     coredll:COREDLL.dll
 0002:00000058       __imp_OpenDeviceKey        10009058     coredll:COREDLL.dll
 0002:0000005c       __imp_InitializeCriticalSection 1000905c     coredll:COREDLL.dll
 0002:00000060       __imp_DeleteCriticalSection 10009060     coredll:COREDLL.dll
 0002:00000064       __imp_InterlockedExchange  10009064     coredll:COREDLL.dll
 0002:00000068       __imp_SetLastError         10009068     coredll:COREDLL.dll
 0002:0000006c       __imp_WaitForSingleObject  1000906c     coredll:COREDLL.dll
 0002:00000070       __imp_LocalFree            10009070     coredll:COREDLL.dll
 0002:00000074       __imp_DisableThreadLibraryCalls 10009074     coredll:COREDLL.dll
 0002:00000078       __imp_CeGetThreadPriority  10009078     coredll:COREDLL.dll
 0002:0000007c       __imp_SetThreadPriority    1000907c     coredll:COREDLL.dll
 0002:00000080       __imp_InterlockedDecrement 10009080     coredll:COREDLL.dll
 0002:00000084       __imp_GetTickCount         10009084     coredll:COREDLL.dll
 0002:00000088       __imp_CeSafeCopyMemory     10009088     coredll:COREDLL.dll
 0002:0000008c       __imp_InterlockedIncrement 1000908c     coredll:COREDLL.dll
 0002:00000090       __imp_InterlockedCompareExchange 10009090     coredll:COREDLL.dll
 0002:00000094       __imp_CeFreeAsynchronousBuffer 10009094     coredll:COREDLL.dll
 0002:00000098       __imp_CeAllocAsynchronousBuffer 10009098     coredll:COREDLL.dll
 0002:0000009c       __imp_CloseHandle          1000909c     coredll:COREDLL.dll
 0002:000000a0       __imp_CeSetThreadPriority  100090a0     coredll:COREDLL.dll
 0002:000000a4       __imp_ResumeThread         100090a4     coredll:COREDLL.dll
 0002:000000a8       __imp_RegQueryValueExW     100090a8     coredll:COREDLL.dll
 0002:000000ac       __imp_DDKReg_GetWindowInfo 100090ac     coredll:COREDLL.dll
 0002:000000b0       __imp_RegCloseKey          100090b0     coredll:COREDLL.dll
 0002:000000b4       __imp_RegOpenKeyExW        100090b4     coredll:COREDLL.dll
 0002:000000b8       __imp_EventModify          100090b8     coredll:COREDLL.dll
 0002:000000bc       __imp_KernelIoControl      100090bc     coredll:COREDLL.dll
 0002:000000c0       __imp_NKDbgPrintfW         100090c0     coredll:COREDLL.dll
 0002:000000c4       __imp_LeaveCriticalSection 100090c4     coredll:COREDLL.dll
 0002:000000c8       __imp_EnterCriticalSection 100090c8     coredll:COREDLL.dll
 0002:000000cc       __imp_RegSetValueExW       100090cc     coredll:COREDLL.dll
 0002:000000d0       __imp_CeEventHasOccurred   100090d0     coredll:COREDLL.dll
 0002:000000d4       __imp_DDKReg_GetIsrInfo    100090d4     coredll:COREDLL.dll
 0002:000000d8       __imp_memcpy               100090d8     corelib1:COREDLL.dll
 0002:000000dc       __imp_??3@YAXPAX@Z         100090dc     corelib1:COREDLL.dll
 0002:000000e0       __imp_??2@YAPAXI@Z         100090e0     corelib1:COREDLL.dll
 0002:000000e4       __imp___utod               100090e4     corelib1:COREDLL.dll
 0002:000000e8       __imp___divd               100090e8     corelib1:COREDLL.dll
 0002:000000ec       __imp___itod               100090ec     corelib1:COREDLL.dll
 0002:000000f0       __imp___subd               100090f0     corelib1:COREDLL.dll
 0002:000000f4       __imp___muld               100090f4     corelib1:COREDLL.dll
 0002:000000f8       __imp___dtoi               100090f8     corelib1:COREDLL.dll
 0002:000000fc       __imp__purecall            100090fc     corelib1:COREDLL.dll
 0002:00000100       __imp_memset               10009100     corelib1:COREDLL.dll
 0002:00000104       __imp___C_specific_handler 10009104     corelib1:COREDLL.dll
 0002:00000108       __imp_memmove              10009108     corelib1:COREDLL.dll
 0002:0000010c       __imp___security_gen_cookie2 1000910c     corelib1:COREDLL.dll
 0002:00000110       __imp___report_gsfailure   10009110     corelib1:COREDLL.dll
 0002:00000114       __imp_free                 10009114     corelib1:COREDLL.dll
 0002:00000118       __imp_TerminateProcess     10009118     coredll:COREDLL.dll
 0002:0000011c       \177COREDLL_NULL_THUNK_DATA 1000911c     coredll:COREDLL.dll
 0002:00000140       __security_cookie          10009140     corelib0:seccinit.obj
 0002:00000144       __security_cookie_complement 10009144     corelib0:seccinit.obj
 0002:00000148       ?g_OutputDMA@@3UDMA_CH_CONTEXT@@A 10009148     pddS3C6410_ser_dma.obj
 0002:0000019c       ?DmaDstAddress@@3IA        1000919c     pddS3C6410_ser_dma.obj
 0002:000001a0       ?PhysDmaDstBufferAddr@@3T_LARGE_INTEGER@@A 100091a0     pddS3C6410_ser_dma.obj
 0002:000001a8       ?DmaSrcAddress@@3IA        100091a8     pddS3C6410_ser_dma.obj
 0002:000001b0       ?g_InputDMA@@3UDMA_CH_CONTEXT@@A 100091b0     pddS3C6410_ser_dma.obj
 0002:00000208       ?PhysDmaSrcBufferAddr@@3T_LARGE_INTEGER@@A 10009208     pddS3C6410_ser_dma.obj
 0002:00000210       ?pPublicUart@@3PAUDMA_PUBLIC_CONTEXT@@A 10009210     pddS3C6410_ser_dma.obj
 0002:00000214       ?pVirtDmaDstBufferAddr@@3PAEA 10009214     pddS3C6410_ser_dma.obj
 0002:00000218       ?pVirtDmaSrcBufferAddr@@3PAEA 10009218     pddS3C6410_ser_dma.obj
 0002:00000230       _exitflag                  10009230     corelib0:cexit.obj
 0002:00000234       __onexitend                10009234     <common>
 0002:00000238       __onexitbegin              10009238     <common>
 0002:0000023c       g_pcsExit                  1000923c     <common>

 entry point at        0001:00006a8c

 Static symbols

 0001:00005f40       SerialDispatchThread       10006f40 f   com_mdd2:mdd.obj
 0001:00006be8       doexit                     10007be8 f   corelib0:cexit.obj
