 smdk6410_serial

 Timestamp is 513ebab0 (Tue Mar 12 13:18:40 2013)

 Preferred load address is 10000000

 Start         Length     Name                   Class
 0001:00000000 00000004H .CRT$XCA                CODE
 0001:00000004 00000004H .CRT$XCZ                CODE
 0001:00000008 00000004H .CRT$XIA                CODE
 0001:0000000c 00000004H .CRT$XIZ                CODE
 0001:00000010 00000004H .CRT$XPA                CODE
 0001:00000014 00000004H .CRT$XPZ                CODE
 0001:00000018 00000004H .CRT$XTA                CODE
 0001:0000001c 00000004H .CRT$XTZ                CODE
 0001:00000020 000008f6H .rdata                  CODE
 0001:00000918 0000002cH .rdata$debug            CODE
 0001:00000944 00006a54H .text                   CODE
 0001:00007398 00000030H .xdata                  CODE
 0001:000073c8 00000028H .idata$2                CODE
 0001:000073f0 00000014H .idata$3                CODE
 0001:00007404 00000120H .idata$4                CODE
 0001:00007524 00000016H .idata$6                CODE
 0001:00007540 00000131H .edata                  CODE
 0002:00000000 00000120H .idata$5                DATA
 0002:00000120 00000028H .data                   DATA
 0002:00000148 000000f8H .bss                    DATA
 0003:00000000 000005d0H .pdata                  DATA

  Address         Publics by Value              Rva+Base       Lib:Object

 0000:00000000       ___safe_se_handler_table   00000000     <absolute>
 0000:00000000       ___safe_se_handler_count   00000000     <absolute>
 0001:00000000       __xc_a                     10001000     corelib0:crt0init.obj
 0001:00000004       __xc_z                     10001004     corelib0:crt0init.obj
 0001:00000008       __xi_a                     10001008     corelib0:crt0init.obj
 0001:0000000c       __xi_z                     1000100c     corelib0:crt0init.obj
 0001:00000010       __xp_a                     10001010     corelib0:crt0init.obj
 0001:00000014       __xp_z                     10001014     corelib0:crt0init.obj
 0001:00000018       __xt_a                     10001018     corelib0:crt0init.obj
 0001:0000001c       __xt_z                     1000101c     corelib0:crt0init.obj
 0001:00000040       ??_7CPdd6410Serial0@@6BCSerialPDD@@@ 10001040     ser_smdk6410.obj
 0001:00000124       ??_7CPdd6410Serial0@@6BCMiniThread@@@ 10001124     ser_smdk6410.obj
 0001:00000128       ??_C@_1EK@NPMBONHN@?$AA?5?$AA?$CK?$AA?$CK?$AA?$CK?$AA?5?$AAU?$AAA?$AAR?$AAT?$AA?5?$AAA?$AAu?$AAt?$AAo?$AAF?$AAl?$AAo?$AAw?$AA?5?$AAe?$AAn?$AAa?$AAb?$AAl?$AAe?$AAd?$AA?3?$AA?5?$AA0?$AAx?$AA?$CF?$AAX@ 10001128     ser_smdk6410.obj
 0001:00000174       ??_C@_1BA@BDHDGOBO@?$AAS?$AAy?$AAs?$AAI?$AAn?$AAt?$AAr?$AA?$AA@ 10001174     ser_smdk6410.obj
 0001:00000188       ??_7CPdd6410Serial1@@6BCSerialPDD@@@ 10001188     ser_smdk6410.obj
 0001:0000026c       ??_7CPdd6410Serial1@@6BCMiniThread@@@ 1000126c     ser_smdk6410.obj
 0001:00000270       ??_7CPdd6410Serial2@@6BCSerialPDD@@@ 10001270     ser_smdk6410.obj
 0001:00000354       ??_7CPdd6410Serial2@@6BCMiniThread@@@ 10001354     ser_smdk6410.obj
 0001:00000358       ??_7CPdd6410Serial3@@6BCSerialPDD@@@ 10001358     ser_smdk6410.obj
 0001:0000043c       ??_7CPdd6410Serial3@@6BCMiniThread@@@ 1000143c     ser_smdk6410.obj
 0001:00000440       ??_C@_1DO@OABEFNCB@?$AAD?$AAE?$AAB?$AAU?$AAG?$AA?3?$AA?5?$AAC?$AAr?$AAe?$AAa?$AAt?$AAe?$AAS?$AAe?$AAr?$AAi?$AAa?$AAl?$AAO?$AAb?$AAj?$AAe?$AAc?$AAt?$AA?5?$AA?$CF?$AAd?$AA?$AN?$AA?6?$AA?$AA@ 10001440     ser_smdk6410.obj
 0001:000004c0       ??_7CReg6410Uart@@6B@      100014c0     pdds3c6410_ser.obj
 0001:000004d8       ??_C@_1JI@DBBKGAON@?$AAE?$AAR?$AAR?$AAO?$AAR?$AA?3?$AA?5?$AAT?$AAh?$AAe?$AA?5?$AAs?$AA3?$AAc?$AA6?$AA4?$AA1?$AA0?$AAa?$AA?5?$AAs?$AAe?$AAr?$AAi?$AAa?$AAl?$AA?5?$AAd?$AAr?$AAi?$AAv?$AAe@ 100014d8     pdds3c6410_ser.obj
 0001:00000570       ??_C@_1O@LBBNFMDB@?$AAM?$AAe?$AAm?$AAL?$AAe?$AAn?$AA?$AA@ 10001570     pdds3c6410_ser.obj
 0001:00000580       ??_C@_1BI@DFNHKOLO@?$AAI?$AAS?$AAT?$AAT?$AAi?$AAm?$AAe?$AAo?$AAu?$AAt?$AAs?$AA?$AA@ 10001580     pdds3c6410_ser.obj
 0001:00000598       ??_C@_1BI@BIDGGFDD@?$AAW?$AAa?$AAt?$AAe?$AAr?$AAM?$AAa?$AAr?$AAk?$AAe?$AAr?$AA?$AA@ 10001598     pdds3c6410_ser.obj
 0001:000005b0       ??_C@_1CC@KMPFMANC@?$AAD?$AAe?$AAv?$AAi?$AAc?$AAe?$AAA?$AAr?$AAr?$AAa?$AAy?$AAI?$AAn?$AAd?$AAe?$AAx?$AA?$AA@ 100015b0     pdds3c6410_ser.obj
 0001:000005d4       ??_C@_1BM@MHMIAMLB@?$AAI?$AAn?$AAt?$AAe?$AAr?$AAf?$AAa?$AAc?$AAe?$AAT?$AAy?$AAp?$AAe?$AA?$AA@ 100015d4     pdds3c6410_ser.obj
 0001:000005f0       ??_7CMiniThread@@6B@       100015f0     pdds3c6410_ser.obj
 0001:000005f8       ??_7CPdd6410Uart@@6BCSerialPDD@@@ 100015f8     pdds3c6410_ser.obj
 0001:000006dc       ??_7CPdd6410Uart@@6BCMiniThread@@@ 100016dc     pdds3c6410_ser.obj
 0001:00000758       ??_7CSerialPDD@@6B@        10001758     serpddcm:cserpdd.obj
 0001:00000824       ??_C@_1BI@BHLBGEOK@?$AAP?$AAr?$AAi?$AAo?$AAr?$AAi?$AAt?$AAy?$AA2?$AA5?$AA6?$AA?$AA@ 10001824     serpddcm:cserpdd.obj
 0001:000008f8       ??_7CSerialPDDPowerUpCallback@@6B@ 100018f8     serpddcm:cserpdd.obj
 0001:000008fc       ??_C@_1BK@CGEFNBAB@?$AAR?$AAx?$AAB?$AAu?$AAf?$AAf?$AAe?$AAr?$AAS?$AAi?$AAz?$AAe?$AA?$AA@ 100018fc     serpddcm:cserpdd.obj
 0001:00000944       ?PreDeinit@CSerialPDD@@UAAXXZ 10001944 f i ser_smdk6410.obj
 0001:00000948       ?GetDevicePowerState@CSerialPDD@@UAA?AW4_CEDEVICE_POWER_STATE@@XZ 10001948 f i ser_smdk6410.obj
 0001:00000950       ?GetPowerCapabilities@CSerialPDD@@UAA?AU_POWER_CAPABILITIES@@XZ 10001950 f i ser_smdk6410.obj
 0001:00000974       ?GetRxBufferSize@CSerialPDD@@UAAKXZ 10001974 f i ser_smdk6410.obj
 0001:0000097c       ?IsCTSOff@CSerialPDD@@UAAHXZ 1000197c f i ser_smdk6410.obj
 0001:000009a8       ?IsDSROff@CSerialPDD@@UAAHXZ 100019a8 f i ser_smdk6410.obj
 0001:000009d4       ?GetOutputMode@CSerialPDD@@UAAXPAH0@Z 100019d4 f i ser_smdk6410.obj
 0001:000009f0       ?SerialRegisterBackup@CPdd6410Uart@@UAAXXZ 100019f0 f i ser_smdk6410.obj
 0001:00000a10       ?SerialRegisterRestore@CPdd6410Uart@@UAAXXZ 10001a10 f i ser_smdk6410.obj
 0001:00000a30       ?SetDCB@CPdd6410Uart@@UAAHPAU_DCB@@@Z 10001a30 f i ser_smdk6410.obj
 0001:00000ac8       ?Rx_Pause@CPdd6410Uart@@UAAXH@Z 10001ac8 f i ser_smdk6410.obj
 0001:00000acc       ?ModemInterruptHandler@CPdd6410Uart@@UAAXXZ 10001acc f i ser_smdk6410.obj
 0001:00000ae8       ?LineInterruptHandler@CPdd6410Uart@@UAAXXZ 10001ae8 f i ser_smdk6410.obj
 0001:00000af8       ??1CPdd6410Serial0@@UAA@XZ 10001af8 f i ser_smdk6410.obj
 0001:00000b7c       ?Init@CPdd6410Serial0@@UAAHXZ 10001b7c f i ser_smdk6410.obj
 0001:00000cf8       ?PowerOff@CPdd6410Serial0@@UAAHXZ 10001cf8 f i ser_smdk6410.obj
 0001:00000d34       ?PowerOn@CPdd6410Serial0@@UAAHXZ 10001d34 f i ser_smdk6410.obj
 0001:00000d6c       ?InitModem@CPdd6410Serial0@@UAAHH@Z 10001d6c f i ser_smdk6410.obj
 0001:00000d7c       ?GetModemStatus@CPdd6410Serial0@@UAAKXZ 10001d7c f i ser_smdk6410.obj
 0001:00000d8c       ?SetDTR@CPdd6410Serial0@@UAAXH@Z 10001d8c f i ser_smdk6410.obj
 0001:00000d90       ?SetDefaultConfiguration@CPdd6410Serial0@@UAAXXZ 10001d90 f i ser_smdk6410.obj
 0001:00000eac       ??_ECPdd6410Serial0@@UAAPAXI@Z 10001eac f i ser_smdk6410.obj
 0001:00000eac       ??_GCPdd6410Serial0@@UAAPAXI@Z 10001eac f i ser_smdk6410.obj
 0001:00000ed4       ??1CPdd6410Serial1@@UAA@XZ 10001ed4 f i ser_smdk6410.obj
 0001:00000f58       ?Init@CPdd6410Serial1@@UAAHXZ 10001f58 f i ser_smdk6410.obj
 0001:000010d4       ?PowerOff@CPdd6410Serial1@@UAAHXZ 100020d4 f i ser_smdk6410.obj
 0001:00001110       ?PowerOn@CPdd6410Serial1@@UAAHXZ 10002110 f i ser_smdk6410.obj
 0001:00001148       ?InitModem@CPdd6410Serial1@@UAAHH@Z 10002148 f i ser_smdk6410.obj
 0001:00001158       ?SetDTR@CPdd6410Serial1@@UAAXH@Z 10002158 f i ser_smdk6410.obj
 0001:0000115c       ?GetModemStatus@CPdd6410Serial1@@UAAKXZ 1000215c f i ser_smdk6410.obj
 0001:0000116c       ?SetDefaultConfiguration@CPdd6410Serial1@@UAAXXZ 1000216c f i ser_smdk6410.obj
 0001:00001288       ??_GCPdd6410Serial1@@UAAPAXI@Z 10002288 f i ser_smdk6410.obj
 0001:00001288       ??_ECPdd6410Serial1@@UAAPAXI@Z 10002288 f i ser_smdk6410.obj
 0001:000012b0       ??1CPdd6410Serial2@@UAA@XZ 100022b0 f i ser_smdk6410.obj
 0001:00001334       ?Init@CPdd6410Serial2@@UAAHXZ 10002334 f i ser_smdk6410.obj
 0001:000014a0       ?PowerOff@CPdd6410Serial2@@UAAHXZ 100024a0 f i ser_smdk6410.obj
 0001:000014dc       ?PowerOn@CPdd6410Serial2@@UAAHXZ 100024dc f i ser_smdk6410.obj
 0001:00001514       ?InitModem@CPdd6410Serial2@@UAAHH@Z 10002514 f i ser_smdk6410.obj
 0001:00001524       ?SetDTR@CPdd6410Serial2@@UAAXH@Z 10002524 f i ser_smdk6410.obj
 0001:00001528       ?GetModemStatus@CPdd6410Serial2@@UAAKXZ 10002528 f i ser_smdk6410.obj
 0001:00001538       ?SetDefaultConfiguration@CPdd6410Serial2@@UAAXXZ 10002538 f i ser_smdk6410.obj
 0001:00001654       ??_ECPdd6410Serial2@@UAAPAXI@Z 10002654 f i ser_smdk6410.obj
 0001:00001654       ??_GCPdd6410Serial2@@UAAPAXI@Z 10002654 f i ser_smdk6410.obj
 0001:0000167c       ??1CPdd6410Serial3@@UAA@XZ 1000267c f i ser_smdk6410.obj
 0001:00001700       ?Init@CPdd6410Serial3@@UAAHXZ 10002700 f i ser_smdk6410.obj
 0001:0000186c       ?PowerOff@CPdd6410Serial3@@UAAHXZ 1000286c f i ser_smdk6410.obj
 0001:000018a8       ?PowerOn@CPdd6410Serial3@@UAAHXZ 100028a8 f i ser_smdk6410.obj
 0001:000018e0       ?InitModem@CPdd6410Serial3@@UAAHH@Z 100028e0 f i ser_smdk6410.obj
 0001:000018f0       ?SetDTR@CPdd6410Serial3@@UAAXH@Z 100028f0 f i ser_smdk6410.obj
 0001:000018f4       ?GetModemStatus@CPdd6410Serial3@@UAAKXZ 100028f4 f i ser_smdk6410.obj
 0001:00001904       ?SetDefaultConfiguration@CPdd6410Serial3@@UAAXXZ 10002904 f i ser_smdk6410.obj
 0001:00001a20       ??_ECPdd6410Serial3@@UAAPAXI@Z 10002a20 f i ser_smdk6410.obj
 0001:00001a20       ??_GCPdd6410Serial3@@UAAPAXI@Z 10002a20 f i ser_smdk6410.obj
 0001:00001a48       ?CreateSerialObject@@YAPAVCSerialPDD@@PAGPAXPAU__HWOBJ@@K@Z 10002a48 f   ser_smdk6410.obj
 0001:00001bd4       ?DeleteSerialObject@@YAXPAVCSerialPDD@@@Z 10002bd4 f   ser_smdk6410.obj
 0001:00001bf8       ??0CRegistryEdit@@QAA@PAUHKEY__@@PBG@Z 10002bf8 f i pdds3c6410_ser.obj
 0001:00001c48       ?GetRegValue@CRegistryEdit@@QAAHPBGPAEK@Z 10002c48 f i pdds3c6410_ser.obj
 0001:00001c98       ?ThreadStart@CMiniThread@@QAAHXZ 10002c98 f i pdds3c6410_ser.obj
 0001:00001cd8       ?WaitThreadComplete@CMiniThread@@QAAHK@Z 10002cd8 f i pdds3c6410_ser.obj
 0001:00001d38       ?ForceTerminated@CMiniThread@@QAAHXZ 10002d38 f i pdds3c6410_ser.obj
 0001:00001d88       ?ThreadProc@CMiniThread@@CAKPAX@Z 10002d88 f i pdds3c6410_ser.obj
 0001:00001db8       ?SetOutputMode@CSerialPDD@@UAAXHH@Z 10002db8 f i pdds3c6410_ser.obj
 0001:00001dc4       ??_ECReg6410Uart@@UAAPAXI@Z 10002dc4 f i pdds3c6410_ser.obj
 0001:00001dc4       ??_GCReg6410Uart@@UAAPAXI@Z 10002dc4 f i pdds3c6410_ser.obj
 0001:00001dec       ?Init@CReg6410Uart@@UAAHXZ 10002dec f   pdds3c6410_ser.obj
 0001:00001e30       ?Backup@CReg6410Uart@@UAAXXZ 10002e30 f   pdds3c6410_ser.obj
 0001:00001e90       ?Restore@CReg6410Uart@@UAAXXZ 10002e90 f   pdds3c6410_ser.obj
 0001:00001f18       ?Write_BaudRate@CReg6410Uart@@UAAHK@Z 10002f18 f   pdds3c6410_ser.obj
 0001:00002028       ?Init@CPdd6410Uart@@UAAHXZ 10003028 f   pdds3c6410_ser.obj
 0001:000021cc       ?MapHardware@CPdd6410Uart@@UAAHXZ 100031cc f   pdds3c6410_ser.obj
 0001:000022f8       ?CreateHardwareAccess@CPdd6410Uart@@UAAHXZ 100032f8 f   pdds3c6410_ser.obj
 0001:000023e0       ?PostInit@CPdd6410Uart@@UAAXXZ 100033e0 f   pdds3c6410_ser.obj
 0001:000024cc       ?ThreadRun@CPdd6410Uart@@EAAKXZ 100034cc f   pdds3c6410_ser.obj
 0001:00002598       ?InitialEnableInterrupt@CPdd6410Uart@@UAAHH@Z 10003598 f   pdds3c6410_ser.obj
 0001:0000261c       ?InitXmit@CPdd6410Uart@@UAAHH@Z 1000361c f   pdds3c6410_ser.obj
 0001:000026f0       ?GetWriteableSize@CPdd6410Uart@@UAAKXZ 100036f0 f   pdds3c6410_ser.obj
 0001:0000271c       ?XmitInterruptHandler@CPdd6410Uart@@UAAXPAEPAK@Z 1000371c f   pdds3c6410_ser.obj
 0001:000028d0       ?XmitComChar@CPdd6410Uart@@UAAXE@Z 100038d0 f   pdds3c6410_ser.obj
 0001:00002950       ?EnableXmitInterrupt@CPdd6410Uart@@UAAHH@Z 10003950 f   pdds3c6410_ser.obj
 0001:000029d4       ?CancelXmit@CPdd6410Uart@@UAAHXZ 100039d4 f   pdds3c6410_ser.obj
 0001:000029f4       ?GetWaterMarkBit@CPdd6410Uart@@UAAEXZ 100039f4 f   pdds3c6410_ser.obj
 0001:00002a44       ?GetWaterMark@CPdd6410Uart@@UAAKXZ 10003a44 f   pdds3c6410_ser.obj
 0001:00002a98       ?InitReceive@CPdd6410Uart@@UAAHH@Z 10003a98 f   pdds3c6410_ser.obj
 0001:00002bbc       ?CancelReceive@CPdd6410Uart@@UAAKXZ 10003bbc f   pdds3c6410_ser.obj
 0001:00002c00       ?InitModem@CPdd6410Uart@@UAAHH@Z 10003c00 f   pdds3c6410_ser.obj
 0001:00002c3c       ?GetModemStatus@CPdd6410Uart@@UAAKXZ 10003c3c f   pdds3c6410_ser.obj
 0001:00002c98       ?SetRTS@CPdd6410Uart@@UAAXH@Z 10003c98 f   pdds3c6410_ser.obj
 0001:00002ce8       ?InitLine@CPdd6410Uart@@UAAHH@Z 10003ce8 f   pdds3c6410_ser.obj
 0001:00002d6c       ?GetLineStatus@CPdd6410Uart@@QAAEXZ 10003d6c f   pdds3c6410_ser.obj
 0001:00002df0       ?SetBreak@CPdd6410Uart@@UAAXH@Z 10003df0 f   pdds3c6410_ser.obj
 0001:00002e34       ?SetBaudRate@CPdd6410Uart@@UAAHKH@Z 10003e34 f   pdds3c6410_ser.obj
 0001:00002eb4       ?SetByteSize@CPdd6410Uart@@UAAHK@Z 10003eb4 f   pdds3c6410_ser.obj
 0001:00002f30       ?SetParity@CPdd6410Uart@@UAAHK@Z 10003f30 f   pdds3c6410_ser.obj
 0001:00002fbc       ?SetStopBits@CPdd6410Uart@@UAAHK@Z 10003fbc f   pdds3c6410_ser.obj
 0001:00003018       ?SetOutputMode@CPdd6410Uart@@UAAXHH@Z 10004018 f   pdds3c6410_ser.obj
 0001:00003070       ??0CMiniThread@@QAA@KH@Z   10004070 f i pdds3c6410_ser.obj
 0001:000030dc       ??0CPdd6410Uart@@QAA@PAGPAXPAU__HWOBJ@@@Z 100040dc f   pdds3c6410_ser.obj
 0001:00003178       ?SetDTR@CPdd6410Uart@@UAAXH@Z 10004178 f i pdds3c6410_ser.obj
 0001:0000317c       ??1CPdd6410Uart@@UAA@XZ    1000417c f   pdds3c6410_ser.obj
 0001:00003264       ?ReceiveInterruptHandler@CPdd6410Uart@@UAAKPAEPAK@Z 10004264 f   pdds3c6410_ser.obj
 0001:00003364       ??_GCPdd6410Uart@@UAAPAXI@Z 10004364 f i pdds3c6410_ser.obj
 0001:00003364       ??_ECPdd6410Uart@@UAAPAXI@Z 10004364 f i pdds3c6410_ser.obj
 0001:0000338c       ?ThreadRun@CSerialPDDPowerUpCallback@@EAAKXZ 1000438c f   serpddcm:cserpdd.obj
 0001:000033f4       ??0CSerialPDD@@QAA@PAGPAXPAU__HWOBJ@@@Z 100043f4 f   serpddcm:cserpdd.obj
 0001:000034b0       ?PostInit@CSerialPDD@@UAAXXZ 100044b0 f   serpddcm:cserpdd.obj
 0001:000034ec       ?Open@CSerialPDD@@UAAHXZ   100044ec f   serpddcm:cserpdd.obj
 0001:0000358c       ?Close@CSerialPDD@@UAAHXZ  1000458c f   serpddcm:cserpdd.obj
 0001:00003618       ?Ioctl@CSerialPDD@@UAAHKPAEK0KPAK@Z 10004618 f   serpddcm:cserpdd.obj
 0001:00003738       ?InitialPower@CSerialPDD@@UAAHH@Z 10004738 f   serpddcm:cserpdd.obj
 0001:00003754       ?SetPowerStateStatic@CSerialPDD@@KA?AW4_CEDEVICE_POWER_STATE@@KW42@@Z 10004754 f   serpddcm:cserpdd.obj
 0001:000037d0       ?PowerOff@CSerialPDD@@UAAHXZ 100047d0 f   serpddcm:cserpdd.obj
 0001:00003818       ?PowerOn@CSerialPDD@@UAAHXZ 10004818 f   serpddcm:cserpdd.obj
 0001:00003888       ?SetDevicePowerState@CSerialPDD@@UAAHW4_CEDEVICE_POWER_STATE@@@Z 10004888 f   serpddcm:cserpdd.obj
 0001:00003960       ?InitialEnableInterrupt@CSerialPDD@@UAAHH@Z 10004960 f   serpddcm:cserpdd.obj
 0001:0000398c       ?NotifyPDDInterrupt@CSerialPDD@@UAAHW4INTERRUPT_TYPE@@@Z 1000498c f   serpddcm:cserpdd.obj
 0001:00003a34       ?GetInterruptType@CSerialPDD@@UAA?AW4INTERRUPT_TYPE@@XZ 10004a34 f   serpddcm:cserpdd.obj
 0001:00003a64       ?DataReplaced@CSerialPDD@@UAAHPAEH@Z 10004a64 f   serpddcm:cserpdd.obj
 0001:00003b04       ?EventCallback@CSerialPDD@@UAAHKK@Z 10004b04 f   serpddcm:cserpdd.obj
 0001:00003b48       ?PurgeComm@CSerialPDD@@UAAHK@Z 10004b48 f   serpddcm:cserpdd.obj
 0001:00003b8c       ?SetReceiveError@CSerialPDD@@UAAXK@Z 10004b8c f   serpddcm:cserpdd.obj
 0001:00003bdc       ?GetReceivedError@CSerialPDD@@UAAKXZ 10004bdc f   serpddcm:cserpdd.obj
 0001:00003c0c       ?SetDefaultConfiguration@CSerialPDD@@UAAXXZ 10004c0c f   serpddcm:cserpdd.obj
 0001:00003d28       ?SetDCB@CSerialPDD@@UAAHPAU_DCB@@@Z 10004d28 f   serpddcm:cserpdd.obj
 0001:00003e84       ?GetDivisorOfRate@CSerialPDD@@UAAHKPAK@Z 10004e84 f   serpddcm:cserpdd.obj
 0001:00003ee0       ?SerInit@@YAPAXKPAXPAU__HWOBJ@@@Z 10004ee0 f   serpddcm:cserpdd.obj
 0001:00003f20       ?SerDeinit@@YAKPAX@Z       10004f20 f   serpddcm:cserpdd.obj
 0001:00003f5c       ?SerPostInit@@YAHPAX@Z     10004f5c f   serpddcm:cserpdd.obj
 0001:00003f80       ?SerOpen@@YAHPAX@Z         10004f80 f   serpddcm:cserpdd.obj
 0001:00003fa8       ?SerClose@@YAKPAX@Z        10004fa8 f   serpddcm:cserpdd.obj
 0001:00003fd0       ?SerGetInterruptType@@YA?AW4INTERRUPT_TYPE@@PAX@Z 10004fd0 f   serpddcm:cserpdd.obj
 0001:00003ff8       ?SerRxIntr@@YAKPAXPAEPAK@Z 10004ff8 f   serpddcm:cserpdd.obj
 0001:00004020       ?SerTxIntrEx@@YAXPAXPAEPAK@Z 10005020 f   serpddcm:cserpdd.obj
 0001:00004040       ?SerModemIntr@@YAXPAX@Z    10005040 f   serpddcm:cserpdd.obj
 0001:0000407c       ?SerLineIntr@@YAXPAX@Z     1000507c f   serpddcm:cserpdd.obj
 0001:000040b8       ?SerGetRxBufferSize@@YAKPAX@Z 100050b8 f   serpddcm:cserpdd.obj
 0001:000040fc       ?SerPowerOff@@YAHPAX@Z     100050fc f   serpddcm:cserpdd.obj
 0001:00004140       ?SerPowerOn@@YAHPAX@Z      10005140 f   serpddcm:cserpdd.obj
 0001:00004184       ?SerClearDTR@@YAXPAX@Z     10005184 f   serpddcm:cserpdd.obj
 0001:000041c4       ?SerSetDTR@@YAXPAX@Z       100051c4 f   serpddcm:cserpdd.obj
 0001:00004204       ?SerClearRTS@@YAXPAX@Z     10005204 f   serpddcm:cserpdd.obj
 0001:00004244       ?SerSetRTS@@YAXPAX@Z       10005244 f   serpddcm:cserpdd.obj
 0001:00004284       ?SerEnableIR@@YAHPAXK@Z    10005284 f   serpddcm:cserpdd.obj
 0001:000042d8       ?SerDisableIR@@YAHPAX@Z    100052d8 f   serpddcm:cserpdd.obj
 0001:00004304       ?SerClearBreak@@YAXPAX@Z   10005304 f   serpddcm:cserpdd.obj
 0001:00004344       ?SerSetBreak@@YAXPAX@Z     10005344 f   serpddcm:cserpdd.obj
 0001:00004384       ?SerXmitComChar@@YAHPAXE@Z 10005384 f   serpddcm:cserpdd.obj
 0001:000043c4       ?SerGetStatus@@YAKPAXPAU_COMSTAT@@@Z 100053c4 f   serpddcm:cserpdd.obj
 0001:000044bc       ?PreDeinit@@YAXPAX@Z       100054bc f   serpddcm:cserpdd.obj
 0001:000044f8       ?SerGetModemStatus@@YAXPAXPAK@Z 100054f8 f   serpddcm:cserpdd.obj
 0001:00004544       ?SerGetCommProperties@@YAXPAXPAU_COMMPROP@@@Z 10005544 f   serpddcm:cserpdd.obj
 0001:0000456c       ?SerPurgeComm@@YAXPAXK@Z   1000556c f   serpddcm:cserpdd.obj
 0001:000045a8       ?SerSetDCB@@YAHPAXPAU_DCB@@@Z 100055a8 f   serpddcm:cserpdd.obj
 0001:000045f4       ?SerSetCommTimeouts@@YAHPAXPAU_COMMTIMEOUTS@@@Z 100055f4 f   serpddcm:cserpdd.obj
 0001:000045fc       ?SerIoctl@@YAHPAXKPAEK1KPAK@Z 100055fc f   serpddcm:cserpdd.obj
 0001:00004660       GetSerialObject            10005660 f   serpddcm:cserpdd.obj
 0001:0000469c       ??0CSerialPDDPowerUpCallback@@QAA@PAVCSerialPDD@@@Z 1000569c f   serpddcm:cserpdd.obj
 0001:000046f4       ??1CSerialPDDPowerUpCallback@@QAA@XZ 100056f4 f   serpddcm:cserpdd.obj
 0001:00004760       ?Init@CSerialPDD@@UAAHXZ   10005760 f   serpddcm:cserpdd.obj
 0001:00004850       ??1CSerialPDD@@UAA@XZ      10005850 f   serpddcm:cserpdd.obj
 0001:000048f0       ??_GCSerialPDD@@UAAPAXI@Z  100058f0 f i serpddcm:cserpdd.obj
 0001:000048f0       ??_ECSerialPDD@@UAAPAXI@Z  100058f0 f i serpddcm:cserpdd.obj
 0001:00004918       DllEntry                   10005918 f   com_mdd2:mdd.obj
 0001:00004930       DoTxData                   10005930 f   com_mdd2:mdd.obj
 0001:00004a54       StopDispatchThread         10005a54 f   com_mdd2:mdd.obj
 0001:00004ae8       ApplyDCB                   10005ae8 f   com_mdd2:mdd.obj
 0001:00004d94       COM_PreClose               10005d94 f   com_mdd2:mdd.obj
 0001:00004e58       COM_Close                  10005e58 f   com_mdd2:mdd.obj
 0001:00004f7c       ProcessExiting             10005f7c f   com_mdd2:mdd.obj
 0001:00004fb0       COM_PreDeinit              10005fb0 f   com_mdd2:mdd.obj
 0001:00005040       COM_Deinit                 10006040 f   com_mdd2:mdd.obj
 0001:00005168       COM_Read                   10006168 f   com_mdd2:mdd.obj
 0001:000054c4       COM_Seek                   100064c4 f   com_mdd2:mdd.obj
 0001:000054cc       COM_PowerUp                100064cc f   com_mdd2:mdd.obj
 0001:0000550c       COM_PowerDown              1000650c f   com_mdd2:mdd.obj
 0001:00005554       WaitCommEvent_mdd          10006554 f   com_mdd2:mdd.obj
 0001:000056a8       EvaluateEventFlag          100066a8 f   com_mdd2:mdd.obj
 0001:00005750       COM_IOControl              10006750 f   com_mdd2:mdd.obj
 0001:000060f8       SerialEventHandler         100070f8 f   com_mdd2:mdd.obj
 0001:000064cc       StartDispatchThread        100074cc f   com_mdd2:mdd.obj
 0001:0000655c       COM_Init                   1000755c f   com_mdd2:mdd.obj
 0001:000067f8       COM_Open                   100077f8 f   com_mdd2:mdd.obj
 0001:00006aa4       COM_Write                  10007aa4 f   com_mdd2:mdd.obj
 0001:00006c5c       DDKReg_GetIsrInfo          10007c5c f   coredll:COREDLL.dll
 0001:00006c6c       RegSetValueExW             10007c6c f   coredll:COREDLL.dll
 0001:00006c7c       EnterCriticalSection       10007c7c f   coredll:COREDLL.dll
 0001:00006c8c       LeaveCriticalSection       10007c8c f   coredll:COREDLL.dll
 0001:00006c9c       NKDbgPrintfW               10007c9c f   coredll:COREDLL.dll
 0001:00006cac       KernelIoControl            10007cac f   coredll:COREDLL.dll
 0001:00006cbc       EventModify                10007cbc f   coredll:COREDLL.dll
 0001:00006ccc       RegOpenKeyExW              10007ccc f   coredll:COREDLL.dll
 0001:00006cdc       RegCloseKey                10007cdc f   coredll:COREDLL.dll
 0001:00006cec       DDKReg_GetWindowInfo       10007cec f   coredll:COREDLL.dll
 0001:00006cfc       RegQueryValueExW           10007cfc f   coredll:COREDLL.dll
 0001:00006d0c       ResumeThread               10007d0c f   coredll:COREDLL.dll
 0001:00006d1c       CeSetThreadPriority        10007d1c f   coredll:COREDLL.dll
 0001:00006d2c       CloseHandle                10007d2c f   coredll:COREDLL.dll
 0001:00006d3c       WaitForSingleObject        10007d3c f   coredll:COREDLL.dll
 0001:00006d4c       TerminateThread            10007d4c f   coredll:COREDLL.dll
 0001:00006d5c       ExitThread                 10007d5c f   coredll:COREDLL.dll
 0001:00006d6c       InterruptInitialize        10007d6c f   coredll:COREDLL.dll
 0001:00006d7c       CreateEventW               10007d7c f   coredll:COREDLL.dll
 0001:00006d8c       InterruptDone              10007d8c f   coredll:COREDLL.dll
 0001:00006d9c       Sleep                      10007d9c f   coredll:COREDLL.dll
 0001:00006dac       CreateThread               10007dac f   coredll:COREDLL.dll
 0001:00006dbc       InterruptDisable           10007dbc f   coredll:COREDLL.dll
 0001:00006dcc       LocalAlloc                 10007dcc f   coredll:COREDLL.dll
 0001:00006ddc       OpenDeviceKey              10007ddc f   coredll:COREDLL.dll
 0001:00006dec       InitializeCriticalSection  10007dec f   coredll:COREDLL.dll
 0001:00006dfc       DeleteCriticalSection      10007dfc f   coredll:COREDLL.dll
 0001:00006e0c       InterlockedExchange        10007e0c f   coredll:COREDLL.dll
 0001:00006e1c       SetLastError               10007e1c f   coredll:COREDLL.dll
 0001:00006e2c       CeEventHasOccurred         10007e2c f   coredll:COREDLL.dll
 0001:00006e3c       LocalFree                  10007e3c f   coredll:COREDLL.dll
 0001:00006e4c       DisableThreadLibraryCalls  10007e4c f   coredll:COREDLL.dll
 0001:00006e5c       CeGetThreadPriority        10007e5c f   coredll:COREDLL.dll
 0001:00006e6c       SetThreadPriority          10007e6c f   coredll:COREDLL.dll
 0001:00006e7c       InterlockedDecrement       10007e7c f   coredll:COREDLL.dll
 0001:00006e8c       GetTickCount               10007e8c f   coredll:COREDLL.dll
 0001:00006e9c       CeSafeCopyMemory           10007e9c f   coredll:COREDLL.dll
 0001:00006eac       InterlockedIncrement       10007eac f   coredll:COREDLL.dll
 0001:00006ebc       InterlockedCompareExchange 10007ebc f   coredll:COREDLL.dll
 0001:00006ecc       CeFreeAsynchronousBuffer   10007ecc f   coredll:COREDLL.dll
 0001:00006edc       CeAllocAsynchronousBuffer  10007edc f   coredll:COREDLL.dll
 0001:00006eec       MmUnmapIoSpace             10007eec f   ceddk:CEDDK.dll
 0001:00006efc       MmMapIoSpace               10007efc f   ceddk:CEDDK.dll
 0001:00006f0c       TranslateBusAddr           10007f0c f   ceddk:CEDDK.dll
 0001:00006f1c       CreateBusAccessHandle      10007f1c f   ceddk:CEDDK.dll
 0001:00006f2c       DDKPwr_RequestLevel        10007f2c f   ceddk:CEDDK.dll
 0001:00006f3c       DDKPwr_ReleaseLevel        10007f3c f   ceddk:CEDDK.dll
 0001:00006f4c       DDKPwr_GetDeviceLevel      10007f4c f   ceddk:CEDDK.dll
 0001:00006f5c       DDKPwr_SetDeviceLevel      10007f5c f   ceddk:CEDDK.dll
 0001:00006f6c       SetDevicePowerState        10007f6c f   ceddk:CEDDK.dll
 0001:00006f7c       DDKPwr_Initialize          10007f7c f   ceddk:CEDDK.dll
 0001:00006f8c       CloseBusAccessHandle       10007f8c f   ceddk:CEDDK.dll
 0001:00006f9c       DDKPwr_Deinitialize        10007f9c f   ceddk:CEDDK.dll
 0001:00006fac       _DllEntryCRTStartup        10007fac f   corelib0:pegdentry.obj
 0001:00006ff4       __GSHandlerCheckCommon     10007ff4 f   corelib0:gshandler.obj
 0001:00007030       __GSHandlerCheck           10008030 f   corelib0:gshandler.obj
 0001:00007054       __security_init_cookie     10008054 f   corelib0:seccinit.obj
 0001:000070b0       __security_check_cookie    100080b0 f   corelib0:armsecgs.obj
 0001:000070c4       __gsfailure                100080c4 f   corelib0:armsecgs.obj
 0001:00007204       _cexit                     10008204 f   corelib0:cexit.obj
 0001:00007220       _initterm                  10008220 f   corelib0:crt0dat.obj
 0001:00007254       _cinit                     10008254 f   corelib0:crt0dat.obj
 0001:00007288       memcpy                     10008288 f   corelib1:COREDLL.dll
 0001:00007298       ??3@YAXPAX@Z               10008298 f   corelib1:COREDLL.dll
 0001:000072a8       ??2@YAPAXI@Z               100082a8 f   corelib1:COREDLL.dll
 0001:000072b8       __utod                     100082b8 f   corelib1:COREDLL.dll
 0001:000072c8       __divd                     100082c8 f   corelib1:COREDLL.dll
 0001:000072d8       __itod                     100082d8 f   corelib1:COREDLL.dll
 0001:000072e8       __subd                     100082e8 f   corelib1:COREDLL.dll
 0001:000072f8       __muld                     100082f8 f   corelib1:COREDLL.dll
 0001:00007308       __dtoi                     10008308 f   corelib1:COREDLL.dll
 0001:00007318       _purecall                  10008318 f   corelib1:COREDLL.dll
 0001:00007328       memset                     10008328 f   corelib1:COREDLL.dll
 0001:00007338       __C_specific_handler       10008338 f   corelib1:COREDLL.dll
 0001:00007348       memmove                    10008348 f   corelib1:COREDLL.dll
 0001:00007358       __security_gen_cookie2     10008358 f   corelib1:COREDLL.dll
 0001:00007368       __report_gsfailure         10008368 f   corelib1:COREDLL.dll
 0001:00007378       free                       10008378 f   corelib1:COREDLL.dll
 0001:00007388       TerminateProcess           10008388 f   coredll:COREDLL.dll
 0001:000073c8       __IMPORT_DESCRIPTOR_COREDLL 100083c8     coredll:COREDLL.dll
 0001:000073dc       __IMPORT_DESCRIPTOR_CEDDK  100083dc     ceddk:CEDDK.dll
 0001:000073f0       __NULL_IMPORT_DESCRIPTOR   100083f0     coredll:COREDLL.dll
 0002:00000000       __imp_CloseBusAccessHandle 10009000     ceddk:CEDDK.dll
 0002:00000004       __imp_DDKPwr_Initialize    10009004     ceddk:CEDDK.dll
 0002:00000008       __imp_SetDevicePowerState  10009008     ceddk:CEDDK.dll
 0002:0000000c       __imp_DDKPwr_SetDeviceLevel 1000900c     ceddk:CEDDK.dll
 0002:00000010       __imp_DDKPwr_GetDeviceLevel 10009010     ceddk:CEDDK.dll
 0002:00000014       __imp_DDKPwr_ReleaseLevel  10009014     ceddk:CEDDK.dll
 0002:00000018       __imp_DDKPwr_RequestLevel  10009018     ceddk:CEDDK.dll
 0002:0000001c       __imp_CreateBusAccessHandle 1000901c     ceddk:CEDDK.dll
 0002:00000020       __imp_TranslateBusAddr     10009020     ceddk:CEDDK.dll
 0002:00000024       __imp_MmMapIoSpace         10009024     ceddk:CEDDK.dll
 0002:00000028       __imp_MmUnmapIoSpace       10009028     ceddk:CEDDK.dll
 0002:0000002c       __imp_DDKPwr_Deinitialize  1000902c     ceddk:CEDDK.dll
 0002:00000030       \177CEDDK_NULL_THUNK_DATA  10009030     ceddk:CEDDK.dll
 0002:00000034       __imp_TerminateThread      10009034     coredll:COREDLL.dll
 0002:00000038       __imp_ExitThread           10009038     coredll:COREDLL.dll
 0002:0000003c       __imp_InterruptInitialize  1000903c     coredll:COREDLL.dll
 0002:00000040       __imp_CreateEventW         10009040     coredll:COREDLL.dll
 0002:00000044       __imp_InterruptDone        10009044     coredll:COREDLL.dll
 0002:00000048       __imp_Sleep                10009048     coredll:COREDLL.dll
 0002:0000004c       __imp_CreateThread         1000904c     coredll:COREDLL.dll
 0002:00000050       __imp_InterruptDisable     10009050     coredll:COREDLL.dll
 0002:00000054       __imp_LocalAlloc           10009054     coredll:COREDLL.dll
 0002:00000058       __imp_OpenDeviceKey        10009058     coredll:COREDLL.dll
 0002:0000005c       __imp_InitializeCriticalSection 1000905c     coredll:COREDLL.dll
 0002:00000060       __imp_DeleteCriticalSection 10009060     coredll:COREDLL.dll
 0002:00000064       __imp_InterlockedExchange  10009064     coredll:COREDLL.dll
 0002:00000068       __imp_SetLastError         10009068     coredll:COREDLL.dll
 0002:0000006c       __imp_WaitForSingleObject  1000906c     coredll:COREDLL.dll
 0002:00000070       __imp_LocalFree            10009070     coredll:COREDLL.dll
 0002:00000074       __imp_DisableThreadLibraryCalls 10009074     coredll:COREDLL.dll
 0002:00000078       __imp_CeGetThreadPriority  10009078     coredll:COREDLL.dll
 0002:0000007c       __imp_SetThreadPriority    1000907c     coredll:COREDLL.dll
 0002:00000080       __imp_InterlockedDecrement 10009080     coredll:COREDLL.dll
 0002:00000084       __imp_GetTickCount         10009084     coredll:COREDLL.dll
 0002:00000088       __imp_CeSafeCopyMemory     10009088     coredll:COREDLL.dll
 0002:0000008c       __imp_InterlockedIncrement 1000908c     coredll:COREDLL.dll
 0002:00000090       __imp_InterlockedCompareExchange 10009090     coredll:COREDLL.dll
 0002:00000094       __imp_CeFreeAsynchronousBuffer 10009094     coredll:COREDLL.dll
 0002:00000098       __imp_CeAllocAsynchronousBuffer 10009098     coredll:COREDLL.dll
 0002:0000009c       __imp_CloseHandle          1000909c     coredll:COREDLL.dll
 0002:000000a0       __imp_CeSetThreadPriority  100090a0     coredll:COREDLL.dll
 0002:000000a4       __imp_ResumeThread         100090a4     coredll:COREDLL.dll
 0002:000000a8       __imp_RegQueryValueExW     100090a8     coredll:COREDLL.dll
 0002:000000ac       __imp_DDKReg_GetWindowInfo 100090ac     coredll:COREDLL.dll
 0002:000000b0       __imp_RegCloseKey          100090b0     coredll:COREDLL.dll
 0002:000000b4       __imp_RegOpenKeyExW        100090b4     coredll:COREDLL.dll
 0002:000000b8       __imp_EventModify          100090b8     coredll:COREDLL.dll
 0002:000000bc       __imp_KernelIoControl      100090bc     coredll:COREDLL.dll
 0002:000000c0       __imp_NKDbgPrintfW         100090c0     coredll:COREDLL.dll
 0002:000000c4       __imp_LeaveCriticalSection 100090c4     coredll:COREDLL.dll
 0002:000000c8       __imp_EnterCriticalSection 100090c8     coredll:COREDLL.dll
 0002:000000cc       __imp_RegSetValueExW       100090cc     coredll:COREDLL.dll
 0002:000000d0       __imp_CeEventHasOccurred   100090d0     coredll:COREDLL.dll
 0002:000000d4       __imp_DDKReg_GetIsrInfo    100090d4     coredll:COREDLL.dll
 0002:000000d8       __imp_memcpy               100090d8     corelib1:COREDLL.dll
 0002:000000dc       __imp_??3@YAXPAX@Z         100090dc     corelib1:COREDLL.dll
 0002:000000e0       __imp_??2@YAPAXI@Z         100090e0     corelib1:COREDLL.dll
 0002:000000e4       __imp___utod               100090e4     corelib1:COREDLL.dll
 0002:000000e8       __imp___divd               100090e8     corelib1:COREDLL.dll
 0002:000000ec       __imp___itod               100090ec     corelib1:COREDLL.dll
 0002:000000f0       __imp___subd               100090f0     corelib1:COREDLL.dll
 0002:000000f4       __imp___muld               100090f4     corelib1:COREDLL.dll
 0002:000000f8       __imp___dtoi               100090f8     corelib1:COREDLL.dll
 0002:000000fc       __imp__purecall            100090fc     corelib1:COREDLL.dll
 0002:00000100       __imp_memset               10009100     corelib1:COREDLL.dll
 0002:00000104       __imp___C_specific_handler 10009104     corelib1:COREDLL.dll
 0002:00000108       __imp_memmove              10009108     corelib1:COREDLL.dll
 0002:0000010c       __imp___security_gen_cookie2 1000910c     corelib1:COREDLL.dll
 0002:00000110       __imp___report_gsfailure   10009110     corelib1:COREDLL.dll
 0002:00000114       __imp_free                 10009114     corelib1:COREDLL.dll
 0002:00000118       __imp_TerminateProcess     10009118     coredll:COREDLL.dll
 0002:0000011c       \177COREDLL_NULL_THUNK_DATA 1000911c     coredll:COREDLL.dll
 0002:00000140       __security_cookie          10009140     corelib0:seccinit.obj
 0002:00000144       __security_cookie_complement 10009144     corelib0:seccinit.obj
 0002:00000148       ?g_OutputDMA@@3UDMA_CH_CONTEXT@@A 10009148     pddS3C6410_ser_dma.obj
 0002:0000019c       ?DmaDstAddress@@3IA        1000919c     pddS3C6410_ser_dma.obj
 0002:000001a0       ?PhysDmaDstBufferAddr@@3T_LARGE_INTEGER@@A 100091a0     pddS3C6410_ser_dma.obj
 0002:000001a8       ?DmaSrcAddress@@3IA        100091a8     pddS3C6410_ser_dma.obj
 0002:000001b0       ?g_InputDMA@@3UDMA_CH_CONTEXT@@A 100091b0     pddS3C6410_ser_dma.obj
 0002:00000208       ?PhysDmaSrcBufferAddr@@3T_LARGE_INTEGER@@A 10009208     pddS3C6410_ser_dma.obj
 0002:00000210       ?pPublicUart@@3PAUDMA_PUBLIC_CONTEXT@@A 10009210     pddS3C6410_ser_dma.obj
 0002:00000214       ?pVirtDmaDstBufferAddr@@3PAEA 10009214     pddS3C6410_ser_dma.obj
 0002:00000218       ?pVirtDmaSrcBufferAddr@@3PAEA 10009218     pddS3C6410_ser_dma.obj
 0002:00000230       _exitflag                  10009230     corelib0:cexit.obj
 0002:00000234       __onexitend                10009234     <common>
 0002:00000238       __onexitbegin              10009238     <common>
 0002:0000023c       g_pcsExit                  1000923c     <common>

 entry point at        0001:00006fac

 Static symbols

 0001:00006460       SerialDispatchThread       10007460 f   com_mdd2:mdd.obj
 0001:00007108       doexit                     10008108 f   corelib0:cexit.obj
