 s3c6410_hsmmc1

 Timestamp is 531ec5f4 (Tue Mar 11 16:14:44 2014)

 Preferred load address is 10000000

 Start         Length     Name                   Class
 0001:00000000 00005e96H .rdata                  CODE
 0001:00005e98 0000002bH .rdata$debug            CODE
 0001:00005ec4 00019e14H .text                   CODE
 0001:0001fcd8 00000088H .xdata                  CODE
 0001:0001fd60 0000003cH .idata$2                CODE
 0001:0001fd9c 00000014H .idata$3                CODE
 0001:0001fdb0 00000168H .idata$4                CODE
 0001:0001ff18 00000036H .idata$6                CODE
 0001:0001ff50 00000108H .edata                  CODE
 0002:00000000 00000168H .idata$5                DATA
 0002:00000168 00000498H .data                   DATA
 0002:00000600 00000064H .bss                    DATA
 0003:00000000 00000a90H .pdata                  DATA

  Address         Publics by Value              Rva+Base       Lib:Object

 0000:00000000       ___safe_se_handler_table   00000000     <absolute>
 0000:00000000       ___safe_se_handler_count   00000000     <absolute>
 0001:0000001c       ??_C@_1BC@PCIJMIKC@?$AAH?$AAS?$AAM?$AAM?$AAC?$AAC?$AAh?$AA1?$AA?$AA@ 1000101c     s3c6410_hsmmc.obj
 0001:00000030       ??_7CSDHControllerCh1@@6B@ 10001030     s3c6410_hsmmc.obj
 0001:000000a0       ??_C@_1FK@FNONLNGN@?$AA?$CF?$AAs?$AA?3?$AA?5?$AAD?$AAE?$AAB?$AAU?$AAG?$AAC?$AAH?$AAK?$AA?5?$AAf?$AAa?$AAi?$AAl?$AAe?$AAd?$AA?5?$AAi?$AAn?$AA?5?$AAf?$AAi?$AAl?$AAe?$AA?5?$AA?$CF?$AAs?$AA?5?$AAa@ 100010a0     s3c6410_hsmmc.obj
 0001:00000100       ??_C@_1NO@OPEPIJD@?$AAc?$AA?3?$AA?2?$AAw?$AAi?$AAn?$AAc?$AAe?$AA6?$AA0?$AA0?$AA?2?$AAp?$AAl?$AAa?$AAt?$AAf?$AAo?$AAr?$AAm?$AA?2?$AAt?$AAe?$AAn?$AAb?$AAy?$AAt?$AAe?$AAn?$AA6?$AA4?$AA1@ 10001100     s3c6410_hsmmc.obj
 0001:000001e0       ??_C@_1BA@LEPJIIOK@?$AAU?$AAn?$AAk?$AAn?$AAo?$AAw?$AAn?$AA?$AA@ 100011e0     s3c6410_hsmmc.obj
 0001:000001f0       ??_C@_1GC@KCJPGIL@?$AA?$FL?$AAH?$AAS?$AAM?$AAM?$AAC?$AA1?$AA?$FN?$AA?5?$AAI?$AAn?$AAi?$AAt?$AAi?$AAa?$AAl?$AAi?$AAz?$AAi?$AAn?$AAg?$AA?5?$AAt?$AAh?$AAe?$AA?5?$AAH?$AAS?$AAM?$AAM?$AAC?$AA?5@ 100011f0     s3c6410_hsmmc.obj
 0001:00000258       ??_C@_1FK@NOPOFGIA@?$AA?$FL?$AAH?$AAS?$AAM?$AAM?$AAC?$AA1?$AA?$FN?$AA?5?$AAP?$AAo?$AAw?$AAe?$AAr?$AA?5?$AAU?$AAp?$AA?5?$AAt?$AAh?$AAe?$AA?5?$AAH?$AAS?$AAM?$AAM?$AAC?$AA?5?$AAH?$AAo?$AAs?$AAt@ 10001258     s3c6410_hsmmc.obj
 0001:000002b8       ??_C@_1MO@LLBIAPI@?$AAC?$AA?3?$AA?2?$AAW?$AAI?$AAN?$AAC?$AAE?$AA6?$AA0?$AA0?$AA?2?$AAP?$AAL?$AAA?$AAT?$AAF?$AAO?$AAR?$AAM?$AA?2?$AAT?$AAe?$AAn?$AAB?$AAy?$AAT?$AAe?$AAn?$AA6?$AA4?$AA1@ 100012b8     s3c6410_hsmmc.obj
 0001:00000388       ??_C@_1JE@GIAAIKFM@?$AA?$FL?$AAH?$AAS?$AAM?$AAM?$AAC?$AA1?$AA?$FN?$AA?5?$AAS?$AAe?$AAt?$AAt?$AAi?$AAn?$AAg?$AA?5?$AAr?$AAe?$AAg?$AAi?$AAs?$AAt?$AAe?$AAr?$AAs?$AA?5?$AAf?$AAo?$AAr?$AA?5?$AAt@ 10001388     s3c6410_hsmmc.obj
 0001:00000420       ??_C@_1IK@HIADMGIA@?$AA?$FL?$AAH?$AAS?$AAM?$AAM?$AAC?$AA1?$AA?$FN?$AA?5?$AAC?$AAl?$AAo?$AAc?$AAk?$AA?5?$AA?$CG?$AA?5?$AAP?$AAo?$AAw?$AAe?$AAr?$AA?5?$AAM?$AAa?$AAn?$AAa?$AAg?$AAe?$AAm?$AAe?$AAn@ 10001420     s3c6410_hsmmc.obj
 0001:000004b0       ??_C@_1FE@LEKBGHMC@?$AA?$FL?$AAH?$AAS?$AAM?$AAM?$AAC?$AA1?$AA?$FN?$AA?5?$AAS?$AAe?$AAt?$AAt?$AAi?$AAn?$AAg?$AA?5?$AAr?$AAe?$AAg?$AAi?$AAs?$AAt?$AAe?$AAr?$AAs?$AA?5?$AAf?$AAo?$AAr?$AA?5?$AAt@ 100014b0     s3c6410_hsmmc.obj
 0001:00000508       ??_C@_1FE@HAONAONM@?$AA?$FL?$AAH?$AAS?$AAM?$AAM?$AAC?$AA1?$AA?$FN?$AA?5?$AAG?$AAP?$AAI?$AAO?$AA?5?$AAr?$AAe?$AAg?$AAi?$AAs?$AAt?$AAe?$AAr?$AAs?$AA?5?$AAi?$AAs?$AA?5?$AA?$CK?$AAN?$AAO?$AAT?$AA?$CK@ 10001508     s3c6410_hsmmc.obj
 0001:00000560       ??_C@_1IE@DHACGMFK@?$AA?$FL?$AAH?$AAS?$AAM?$AAM?$AAC?$AA1?$AA?$FN?$AA?5?$AAS?$AAe?$AAt?$AAt?$AAi?$AAn?$AAg?$AA?5?$AAr?$AAe?$AAg?$AAi?$AAs?$AAt?$AAe?$AAr?$AAs?$AA?5?$AAf?$AAo?$AAr?$AA?5?$AAt@ 10001560     s3c6410_hsmmc.obj
 0001:000005e8       ??_C@_1GE@CLFPLPBK@?$AA?$FL?$AAH?$AAS?$AAM?$AAM?$AAC?$AA1?$AA?$FN?$AA?5?$AAH?$AAS?$AAM?$AAM?$AAC?$AA?5?$AAS?$AAp?$AAe?$AAc?$AAi?$AAa?$AAl?$AA?5?$AAR?$AAe?$AAg?$AAi?$AAs?$AAt?$AAe?$AAr?$AA?5@ 100015e8     s3c6410_hsmmc.obj
 0001:00000650       ??_C@_1FG@OIOCMFKM@?$AA?$FL?$AAH?$AAS?$AAM?$AAM?$AAC?$AA1?$AA?$FN?$AA?5?$AAi?$AAn?$AAv?$AAa?$AAl?$AAi?$AAd?$AA?5?$AAS?$AAD?$AA?5?$AAd?$AAe?$AAt?$AAe?$AAc?$AAt?$AA?5?$AAS?$AAY?$AAS?$AAI?$AAN@ 10001650     s3c6410_hsmmc.obj
 0001:000006a8       ??_C@_1CC@LNHIFPMJ@?$AAS?$AAD?$AAH?$AAC?$AA?5?$AA?9?$AAP?$AAr?$AAe?$AAD?$AAe?$AAi?$AAn?$AAi?$AAt?$AA?6?$AA?$AA@ 100016a8     s3c6410_hsmmc1_lib:sdhcmain.obj
 0001:000006cc       ??_C@_1CC@NEFANJJ@?$AAS?$AAD?$AAH?$AAC?$AA?5?$AA?$CL?$AAP?$AAr?$AAe?$AAD?$AAe?$AAi?$AAn?$AAi?$AAt?$AA?6?$AA?$AA@ 100016cc     s3c6410_hsmmc1_lib:sdhcmain.obj
 0001:000006f0       ??_C@_1BM@OOIHKKEA@?$AAS?$AAD?$AAH?$AAC?$AA?5?$AA?9?$AAD?$AAe?$AAi?$AAn?$AAi?$AAt?$AA?6?$AA?$AA@ 100016f0     s3c6410_hsmmc1_lib:sdhcmain.obj
 0001:0000070c       ??_C@_1BM@OAPLBGMF@?$AAS?$AAD?$AAH?$AAC?$AA?5?$AA?$CL?$AAD?$AAe?$AAi?$AAn?$AAi?$AAt?$AA?6?$AA?$AA@ 1000170c     s3c6410_hsmmc1_lib:sdhcmain.obj
 0001:00000728       ??_C@_1BI@MLPKMGB@?$AAS?$AAD?$AAH?$AAC?$AA?5?$AA?9?$AAI?$AAn?$AAi?$AAt?$AA?6?$AA?$AA@ 10001728     s3c6410_hsmmc1_lib:sdhcmain.obj
 0001:00000740       ??_C@_1FC@NPNLGMF@?$AAS?$AAD?$AAH?$AAC?$AA?5?$AAF?$AAa?$AAi?$AAl?$AAe?$AAd?$AA?5?$AAt?$AAo?$AA?5?$AAc?$AAr?$AAe?$AAa?$AAt?$AAe?$AA?5?$AAc?$AAo?$AAn?$AAt?$AAr?$AAo?$AAl?$AAl?$AAe?$AAr@ 10001740     s3c6410_hsmmc1_lib:sdhcmain.obj
 0001:00000794       ??_C@_1DE@PGNMCNJP@?$AAS?$AAD?$AAH?$AAC?$AA?5?$AAA?$AAc?$AAt?$AAi?$AAv?$AAe?$AA?5?$AAR?$AAe?$AAg?$AAP?$AAa?$AAt?$AAh?$AA?3?$AA?5?$AA?$CF?$AAs?$AA?5?$AA?6?$AA?$AA@ 10001794     s3c6410_hsmmc1_lib:sdhcmain.obj
 0001:000007c8       ??_C@_1BI@PEHNOHNH@?$AAS?$AAD?$AAH?$AAC?$AA?5?$AA?$CL?$AAI?$AAn?$AAi?$AAt?$AA?6?$AA?$AA@ 100017c8     s3c6410_hsmmc1_lib:sdhcmain.obj
 0001:000007e0       ??_C@_1CC@CBKGMBFG@?$AAS?$AAD?$AAH?$AAC?$AA?5?$AA?9?$AAI?$AAO?$AAC?$AAo?$AAn?$AAt?$AAr?$AAo?$AAl?$AA?6?$AA?$AA@ 100017e0     s3c6410_hsmmc1_lib:sdhcmain.obj
 0001:00000804       ??_C@_1CC@JBJLJDAG@?$AAS?$AAD?$AAH?$AAC?$AA?5?$AA?$CL?$AAI?$AAO?$AAC?$AAo?$AAn?$AAt?$AAr?$AAo?$AAl?$AA?6?$AA?$AA@ 10001804     s3c6410_hsmmc1_lib:sdhcmain.obj
 0001:00000828       ??_7CSDHCSlotBase@@6B@     10001828     s3c6410_hsmmc1_lib:sdhcslot.obj
 0001:0000090c       ??_C@_1BK@ENFGALMN@?$AAP?$AAo?$AAw?$AAe?$AAr?$AAU?$AAp?$AAD?$AAe?$AAl?$AAa?$AAy?$AA?$AA@ 1000190c     s3c6410_hsmmc1_lib:sdhcslot.obj
 0001:00000928       ??_C@_1EM@POLLKCMC@?$AA?$FL?$AAH?$AAS?$AAM?$AAM?$AAC?$AA1?$AA?$FN?$AA?5?$AAH?$AAS?$AAM?$AAM?$AAC?$AA?5?$AAM?$AAm?$AAM?$AAa?$AAp?$AAI?$AAo?$AAS?$AAp?$AAa?$AAc?$AAe?$AA?3?$AA?5?$AAF?$AAA?$AAI@ 10001928     s3c6410_hsmmc1_lib:sdhcslot.obj
 0001:00000974       ??_C@_1BG@OINKPJMJ@?$AAD?$AAi?$AAs?$AAa?$AAb?$AAl?$AAe?$AAD?$AAM?$AAA?$AA?$AA@ 10001974     s3c6410_hsmmc1_lib:sdhcslot.obj
 0001:0000098c       ??_C@_1CG@MDHMNBHP@?$AAP?$AAo?$AAl?$AAl?$AAi?$AAn?$AAg?$AAM?$AAo?$AAd?$AAe?$AAT?$AAi?$AAe?$AAm?$AAo?$AAu?$AAt?$AA?$AA@ 1000198c     s3c6410_hsmmc1_lib:sdhcslot.obj
 0001:000009b4       ??_C@_1CA@LCEEPFOK@?$AAP?$AAo?$AAl?$AAl?$AAi?$AAn?$AAg?$AAM?$AAo?$AAd?$AAe?$AAS?$AAi?$AAz?$AAe?$AA?$AA@ 100019b4     s3c6410_hsmmc1_lib:sdhcslot.obj
 0001:000009d4       ??_C@_1DE@MOABFLGC@?$AAA?$AAl?$AAl?$AAo?$AAw?$AAW?$AAa?$AAk?$AAe?$AAO?$AAn?$AAS?$AAD?$AAI?$AAO?$AAI?$AAn?$AAt?$AAe?$AAr?$AAr?$AAu?$AAp?$AAt?$AAs?$AA?$AA@ 100019d4     s3c6410_hsmmc1_lib:sdhcslot.obj
 0001:00000a08       ??_C@_1DO@DNMHKGMP@?$AAS?$AAD?$AAH?$AAC?$AA?5?$AAW?$AAi?$AAl?$AAl?$AA?5?$AAu?$AAs?$AAe?$AA?5?$AAD?$AAM?$AAA?$AA?5?$AAf?$AAo?$AAr?$AA?5?$AAs?$AAl?$AAo?$AAt?$AA?5?$AA?$CF?$AAu?$AA?6?$AA?$AA@ 10001a08     s3c6410_hsmmc1_lib:sdhcslot.obj
 0001:00000a48       ??_C@_1ME@NPDBJDC@?$AAC?$AA?3?$AA?2?$AAW?$AAI?$AAN?$AAC?$AAE?$AA6?$AA0?$AA0?$AA?2?$AAP?$AAL?$AAA?$AAT?$AAF?$AAO?$AAR?$AAM?$AA?2?$AAT?$AAe?$AAn?$AAB?$AAy?$AAT?$AAe?$AAn?$AA6?$AA4?$AA1@ 10001a48     s3c6410_hsmmc1_lib:sdhcslot.obj
 0001:00000b10       ??_C@_1JK@NJCFLFFB@?$AAC?$AAS?$AAD?$AAH?$AAC?$AAS?$AAl?$AAo?$AAt?$AAB?$AAa?$AAs?$AAe?$AA?3?$AA?3?$AAS?$AAl?$AAo?$AAt?$AAO?$AAp?$AAt?$AAi?$AAo?$AAn?$AAH?$AAa?$AAn?$AAd?$AAl?$AAe?$AAr@ 10001b10     s3c6410_hsmmc1_lib:sdhcslot.obj
 0001:00000bb0       ??_C@_1JG@CNNDBKJP@?$AAC?$AAS?$AAD?$AAH?$AAC?$AAS?$AAl?$AAo?$AAt?$AAB?$AAa?$AAs?$AAe?$AA?3?$AA?3?$AAS?$AAl?$AAo?$AAt?$AAO?$AAp?$AAt?$AAi?$AAo?$AAn?$AAH?$AAa?$AAn?$AAd?$AAl?$AAe?$AAr@ 10001bb0     s3c6410_hsmmc1_lib:sdhcslot.obj
 0001:00000c48       ??_C@_1GK@BGABHFEH@?$AAC?$AAS?$AAD?$AAH?$AAC?$AAS?$AAl?$AAo?$AAt?$AAB?$AAa?$AAs?$AAe?$AA?3?$AA?3?$AAS?$AAl?$AAo?$AAt?$AAO?$AAp?$AAt?$AAi?$AAo?$AAn?$AAH?$AAa?$AAn?$AAd?$AAl?$AAe?$AAr@ 10001c48     s3c6410_hsmmc1_lib:sdhcslot.obj
 0001:00000cb8       ??_C@_1EK@IFMOPBGM@?$AAS?$AAD?$AAH?$AAC?$AA?3?$AA?5?$AAU?$AAs?$AAi?$AAn?$AAg?$AA?5?$AAd?$AAe?$AAf?$AAa?$AAu?$AAl?$AAt?$AA?5?$AAf?$AAr?$AAe?$AAq?$AAu?$AAe?$AAn?$AAc?$AAy?$AA?5?$AAo?$AAf@ 10001cb8     s3c6410_hsmmc1_lib:sdhcslot.obj
 0001:00000d08       ??_C@_1FC@EBHCANCP@?$AAS?$AAD?$AAH?$AAC?$AA?3?$AA?5?$AAN?$AAo?$AA?5?$AAb?$AAa?$AAs?$AAe?$AA?5?$AAc?$AAl?$AAo?$AAc?$AAk?$AA?5?$AAf?$AAr?$AAe?$AAq?$AAu?$AAe?$AAn?$AAc?$AAy?$AA?5?$AAs?$AAp@ 10001d08     s3c6410_hsmmc1_lib:sdhcslot.obj
 0001:00000d5c       ??_C@_1CG@OOJEOPHC@?$AAB?$AAa?$AAs?$AAe?$AAC?$AAl?$AAo?$AAc?$AAk?$AAF?$AAr?$AAe?$AAq?$AAu?$AAe?$AAn?$AAc?$AAy?$AA?$AA@ 10001d5c     s3c6410_hsmmc1_lib:sdhcslot.obj
 0001:00000d8c       ??_C@_1CK@PAHGCNDL@?$AAD?$AAe?$AAf?$AAa?$AAu?$AAl?$AAt?$AAW?$AAa?$AAk?$AAe?$AAu?$AAp?$AAS?$AAo?$AAu?$AAr?$AAc?$AAe?$AAs?$AA?$AA@ 10001d8c     s3c6410_hsmmc1_lib:sdhcslot.obj
 0001:00000db8       ??_C@_1IA@PAKIOGEL@?$AAC?$AAS?$AAD?$AAH?$AAC?$AAS?$AAl?$AAo?$AAt?$AAB?$AAa?$AAs?$AAe?$AA?3?$AA?3?$AAS?$AAe?$AAt?$AAV?$AAo?$AAl?$AAt?$AAa?$AAg?$AAe?$AA?3?$AA?5?$AAS?$AAe?$AAt?$AA?5?$AAS@ 10001db8     s3c6410_hsmmc1_lib:sdhcslot.obj
 0001:00000e38       ??_C@_1HI@KOBGEFPG@?$AAS?$AAH?$AAC?$AAS?$AAD?$AAS?$AAl?$AAo?$AAt?$AAO?$AAp?$AAt?$AAi?$AAo?$AAn?$AAH?$AAa?$AAn?$AAd?$AAl?$AAe?$AAr?$AA?5?$AA?9?$AA?5?$AAS?$AAe?$AAt?$AAt?$AAi?$AAn?$AAg@ 10001e38     s3c6410_hsmmc1_lib:sdhcslot.obj
 0001:00000eb0       ??_C@_1GM@BIPBJBDH@?$AA?$FL?$AAH?$AAS?$AAM?$AAM?$AAC?$AA1?$AA?$FN?$AA?5?$AAS?$AAe?$AAt?$AAt?$AAi?$AAn?$AAg?$AA?5?$AAf?$AAo?$AAr?$AA?5?$AA4?$AA?5?$AAb?$AAi?$AAt?$AA?5?$AAm?$AAo?$AAd?$AAe?$AA?5@ 10001eb0     s3c6410_hsmmc1_lib:sdhcslot.obj
 0001:00000f20       ??_C@_1GC@DGFAGEBB@?$AAS?$AAH?$AAC?$AAS?$AAD?$AAS?$AAl?$AAo?$AAt?$AAO?$AAp?$AAt?$AAi?$AAo?$AAn?$AAH?$AAa?$AAn?$AAd?$AAl?$AAe?$AAr?$AA?5?$AA?9?$AA?5?$AAS?$AAe?$AAt?$AAt?$AAi?$AAn?$AAg@ 10001f20     s3c6410_hsmmc1_lib:sdhcslot.obj
 0001:00000f88       ??_C@_1GM@KNMPIOBF@?$AA?$FL?$AAH?$AAS?$AAM?$AAM?$AAC?$AA1?$AA?$FN?$AA?5?$AAS?$AAe?$AAt?$AAt?$AAi?$AAn?$AAg?$AA?5?$AAf?$AAo?$AAr?$AA?5?$AA1?$AA?5?$AAb?$AAi?$AAt?$AA?5?$AAm?$AAo?$AAd?$AAe?$AA?5@ 10001f88     s3c6410_hsmmc1_lib:sdhcslot.obj
 0001:00000ff8       ??_C@_1GC@NOHDJPGJ@?$AAS?$AAH?$AAC?$AAS?$AAD?$AAS?$AAl?$AAo?$AAt?$AAO?$AAp?$AAt?$AAi?$AAo?$AAn?$AAH?$AAa?$AAn?$AAd?$AAl?$AAe?$AAr?$AA?5?$AA?9?$AA?5?$AAS?$AAe?$AAt?$AAt?$AAi?$AAn?$AAg@ 10001ff8     s3c6410_hsmmc1_lib:sdhcslot.obj
 0001:00001060       ??_C@_1GM@MGPIEBDB@?$AA?$FL?$AAH?$AAS?$AAM?$AAM?$AAC?$AA1?$AA?$FN?$AA?5?$AAS?$AAe?$AAt?$AAt?$AAi?$AAn?$AAg?$AA?5?$AAf?$AAo?$AAr?$AA?5?$AA8?$AA?5?$AAb?$AAi?$AAt?$AA?5?$AAm?$AAo?$AAd?$AAe?$AA?5@ 10002060     s3c6410_hsmmc1_lib:sdhcslot.obj
 0001:000010d0       ??_C@_1GC@INFLMGPA@?$AAS?$AAH?$AAC?$AAS?$AAD?$AAS?$AAl?$AAo?$AAt?$AAO?$AAp?$AAt?$AAi?$AAo?$AAn?$AAH?$AAa?$AAn?$AAd?$AAl?$AAe?$AAr?$AA?5?$AA?9?$AA?5?$AAS?$AAe?$AAt?$AAt?$AAi?$AAn?$AAg@ 100020d0     s3c6410_hsmmc1_lib:sdhcslot.obj
 0001:00001134       ??_C@_1BG@FJOCBPBI@?$AA?$CF?$AAs?$AA?5?$AAC?$AAM?$AAD?$AA?3?$AA?$CF?$AAd?$AA?6?$AA?$AA@ 10002134     s3c6410_hsmmc1_lib:sdhcslot.obj
 0001:00001150       ??_C@_1EE@KBONLHHH@?$AAC?$AAS?$AAD?$AAH?$AAC?$AAS?$AAl?$AAo?$AAt?$AAB?$AAa?$AAs?$AAe?$AA?3?$AA?3?$AAB?$AAu?$AAs?$AAR?$AAe?$AAq?$AAu?$AAe?$AAs?$AAt?$AAH?$AAa?$AAn?$AAd?$AAl?$AAe?$AAr@ 10002150     s3c6410_hsmmc1_lib:sdhcslot.obj
 0001:00001198       ??_C@_1FM@ELLFCBPA@?$AA?$CF?$AAs?$AA?5?$AAT?$AAi?$AAm?$AAe?$AAo?$AAu?$AAt?$AA?5?$AAw?$AAa?$AAi?$AAt?$AAi?$AAn?$AAg?$AA?5?$AAf?$AAo?$AAr?$AA?5?$AAC?$AAM?$AAD?$AA?5?$AAo?$AAp?$AAe?$AAr?$AAa@ 10002198     s3c6410_hsmmc1_lib:sdhcslot.obj
 0001:000011f8       ??_C@_1EE@HCAKJHOF@?$AAS?$AAe?$AAn?$AAd?$AAi?$AAn?$AAg?$AA?5?$AAc?$AAo?$AAm?$AAm?$AAa?$AAn?$AAd?$AA?5?$AAA?$AAr?$AAg?$AAu?$AAm?$AAe?$AAn?$AAt?$AA?5?$AA0?$AAx?$AA?$CF?$AA0?$AA8?$AAX?$AA?$AN@ 100021f8     s3c6410_hsmmc1_lib:sdhcslot.obj
 0001:00001240       ??_C@_1EE@DBKFKJLN@?$AAS?$AAe?$AAn?$AAd?$AAi?$AAn?$AAg?$AA?5?$AAc?$AAo?$AAm?$AAm?$AAa?$AAn?$AAd?$AA?5?$AAr?$AAe?$AAg?$AAi?$AAs?$AAt?$AAe?$AAr?$AA?5?$AA0?$AAx?$AA?$CF?$AA0?$AA4?$AAX?$AA?$AN@ 10002240     s3c6410_hsmmc1_lib:sdhcslot.obj
 0001:00001284       ??_C@_1DC@CPLIELIG@?$AAS?$AAe?$AAn?$AAd?$AAi?$AAn?$AAg?$AA?5?$AAA?$AAb?$AAo?$AAr?$AAt?$AA?5?$AAc?$AAo?$AAm?$AAm?$AAa?$AAn?$AAd?$AA?5?$AA?$AN?$AA?6?$AA?$AA@ 10002284     s3c6410_hsmmc1_lib:sdhcslot.obj
 0001:000012b8       ??_C@_1DO@MNCDCGEG@?$AAS?$AAe?$AAn?$AAd?$AAi?$AAn?$AAg?$AA?5?$AAT?$AAr?$AAa?$AAn?$AAs?$AAf?$AAe?$AAr?$AA?5?$AAM?$AAo?$AAd?$AAe?$AA?5?$AA0?$AAx?$AA?$CF?$AA0?$AA4?$AAX?$AA?$AN?$AA?6?$AA?$AA@ 100022b8     s3c6410_hsmmc1_lib:sdhcslot.obj
 0001:000012f8       ??_C@_1EK@DNKODEJK@?$AA?$CF?$AAs?$AA?5?$AAT?$AAi?$AAm?$AAe?$AAo?$AAu?$AAt?$AA?5?$AAw?$AAa?$AAi?$AAt?$AAi?$AAn?$AAg?$AA?5?$AAf?$AAo?$AAr?$AA?5?$AAD?$AAA?$AAT?$AA?5?$AAI?$AAn?$AAh?$AAi?$AAb@ 100022f8     s3c6410_hsmmc1_lib:sdhcslot.obj
 0001:00001348       ??_C@_1EK@EOHNMGC@?$AAS?$AAe?$AAn?$AAd?$AAi?$AAn?$AAg?$AA?5?$AAc?$AAo?$AAm?$AAm?$AAa?$AAn?$AAd?$AA?5?$AAb?$AAl?$AAo?$AAc?$AAk?$AA?5?$AAc?$AAo?$AAu?$AAn?$AAt?$AA?5?$AA0?$AAx?$AA?$CF?$AA0@ 10002348     s3c6410_hsmmc1_lib:sdhcslot.obj
 0001:00001398       ??_C@_1EI@OHLPHDNI@?$AAS?$AAe?$AAn?$AAd?$AAi?$AAn?$AAg?$AA?5?$AAc?$AAo?$AAm?$AAm?$AAa?$AAn?$AAd?$AA?5?$AAb?$AAl?$AAo?$AAc?$AAk?$AA?5?$AAs?$AAi?$AAz?$AAe?$AA?5?$AA0?$AAx?$AA?$CF?$AA0?$AA4@ 10002398     s3c6410_hsmmc1_lib:sdhcslot.obj
 0001:000013e0       ??_C@_1EK@DJHBADJG@?$AA?$CF?$AAs?$AA?5?$AAT?$AAi?$AAm?$AAe?$AAo?$AAu?$AAt?$AA?5?$AAw?$AAa?$AAi?$AAt?$AAi?$AAn?$AAg?$AA?5?$AAf?$AAo?$AAr?$AA?5?$AAC?$AAM?$AAD?$AA?5?$AAI?$AAn?$AAh?$AAi?$AAb@ 100023e0     s3c6410_hsmmc1_lib:sdhcslot.obj
 0001:00001430       ??_C@_1EO@MBCHHNCB@?$AA?$CF?$AAs?$AA?5?$AAA?$AAu?$AAt?$AAo?$AAC?$AAM?$AAD?$AA1?$AA2?$AA?5?$AAS?$AAu?$AAc?$AAc?$AAe?$AAe?$AAd?$AAe?$AAd?$AA?0?$AA?5?$AAb?$AAy?$AAp?$AAa?$AAs?$AAs?$AA?5?$AAC@ 10002430     s3c6410_hsmmc1_lib:sdhcslot.obj
 0001:00001480       ??_C@_1FA@PNGCJDDA@?$AAC?$AAS?$AAD?$AAH?$AAC?$AAS?$AAl?$AAo?$AAt?$AAB?$AAa?$AAs?$AAe?$AA?3?$AA?3?$AAS?$AAu?$AAb?$AAm?$AAi?$AAt?$AAB?$AAu?$AAs?$AAR?$AAe?$AAq?$AAu?$AAe?$AAs?$AAt?$AAH@ 10002480     s3c6410_hsmmc1_lib:sdhcslot.obj
 0001:000014d0       ??_C@_1LM@CDCELJIB@?$AAc?$AA?3?$AA?2?$AAw?$AAi?$AAn?$AAc?$AAe?$AA6?$AA0?$AA0?$AA?2?$AAp?$AAl?$AAa?$AAt?$AAf?$AAo?$AAr?$AAm?$AA?2?$AAt?$AAe?$AAn?$AAb?$AAy?$AAt?$AAe?$AAn?$AA6?$AA4?$AA1@ 100024d0     s3c6410_hsmmc1_lib:sdhcslot.obj
 0001:00001590       ??_C@_1IC@LGFGAJEF@?$AAP?$AAo?$AAl?$AAl?$AAi?$AAn?$AAg?$AAF?$AAo?$AAr?$AAC?$AAo?$AAm?$AAm?$AAa?$AAn?$AAd?$AAC?$AAo?$AAm?$AAp?$AAl?$AAe?$AAt?$AAe?$AA?5?$AA?$CI?$AA?$CF?$AAu?$AA?$CJ?$AA?5?$AA?9@ 10002590     s3c6410_hsmmc1_lib:sdhcslot.obj
 0001:00001618       ??_C@_1GA@NGGHMEOB@?$AA?$FL?$AAH?$AAS?$AAM?$AAM?$AAC?$AA1?$AA?$FN?$AA?5?$AAS?$AAD?$AAH?$AAC?$AAC?$AAo?$AAn?$AAt?$AAr?$AAo?$AAl?$AAl?$AAe?$AAr?$AAI?$AAs?$AAt?$AA?5?$AA?9?$AA?5?$AAC?$AAa?$AAr@ 10002618     s3c6410_hsmmc1_lib:sdhcslot.obj
 0001:00001678       ??_C@_1EO@FEDCDOPA@?$AAS?$AAD?$AAH?$AAC?$AAC?$AAo?$AAn?$AAt?$AAr?$AAo?$AAl?$AAl?$AAe?$AAr?$AAI?$AAs?$AAt?$AA?5?$AA?9?$AA?5?$AAC?$AAa?$AAr?$AAd?$AA?5?$AAi?$AAs?$AA?5?$AAR?$AAe?$AAm?$AAo@ 10002678     s3c6410_hsmmc1_lib:sdhcslot.obj
 0001:000016c8       ??_C@_1GC@IMAOIBPJ@?$AA?$FL?$AAH?$AAS?$AAM?$AAM?$AAC?$AA1?$AA?$FN?$AA?5?$AAS?$AAD?$AAH?$AAC?$AAC?$AAo?$AAn?$AAt?$AAr?$AAo?$AAl?$AAl?$AAe?$AAr?$AAI?$AAs?$AAt?$AA?5?$AA?9?$AA?5?$AAC?$AAa?$AAr@ 100026c8     s3c6410_hsmmc1_lib:sdhcslot.obj
 0001:00001730       ??_C@_1FA@ICLPDLLO@?$AAS?$AAD?$AAH?$AAC?$AAC?$AAo?$AAn?$AAt?$AAr?$AAo?$AAl?$AAl?$AAe?$AAr?$AAI?$AAs?$AAt?$AA?5?$AA?9?$AA?5?$AAC?$AAa?$AAr?$AAd?$AA?5?$AAi?$AAs?$AA?5?$AAI?$AAn?$AAs?$AAe@ 10002730     s3c6410_hsmmc1_lib:sdhcslot.obj
 0001:00001780       ??_C@_1FG@GNHHKGMM@?$AAS?$AAD?$AAH?$AAC?$AAC?$AAo?$AAn?$AAt?$AAr?$AAo?$AAl?$AAl?$AAe?$AAr?$AAI?$AAs?$AAt?$AA?3?$AA?5?$AAC?$AAa?$AAr?$AAd?$AA?5?$AAi?$AAn?$AAt?$AAe?$AAr?$AAr?$AAu?$AAp@ 10002780     s3c6410_hsmmc1_lib:sdhcslot.obj
 0001:000017d8       ??_C@_1GO@PCDMBEJP@?$AAH?$AAa?$AAn?$AAd?$AAl?$AAe?$AAI?$AAn?$AAt?$AAe?$AAr?$AAr?$AAu?$AAp?$AAt?$AA?5?$AA?$CI?$AA?$CF?$AAu?$AA?$CJ?$AA?5?$AA?9?$AA?5?$AAN?$AAo?$AAr?$AAm?$AAa?$AAl?$AA?5?$AAI?$AAn@ 100027d8     s3c6410_hsmmc1_lib:sdhcslot.obj
 0001:00001848       ??_C@_1FK@JCHAOBLG@?$AA?$FL?$AAH?$AAS?$AAM?$AAM?$AAC?$AA1?$AA?$FN?$AA?5?$AAC?$AAa?$AAr?$AAd?$AA?5?$AAI?$AAn?$AAs?$AAe?$AAr?$AAt?$AAi?$AAo?$AAn?$AA?5?$AAo?$AAr?$AA?5?$AAR?$AAe?$AAm?$AAo?$AAv@ 10002848     s3c6410_hsmmc1_lib:sdhcslot.obj
 0001:000018a8       ??_C@_1GA@NFNOFCKD@?$AAI?$AAs?$AAC?$AAa?$AAr?$AAd?$AAP?$AAr?$AAe?$AAs?$AAe?$AAn?$AAt?$AA?$CI?$AA?$CJ?$AA?5?$AA?3?$AA?5?$AAf?$AAR?$AAe?$AAt?$AAV?$AAa?$AAl?$AA?5?$AA?$DN?$AA?5?$AA?$CF?$AAd?$AA?5?$AA?5@ 100028a8     s3c6410_hsmmc1_lib:sdhcslot.obj
 0001:00001908       ??_C@_1DI@PHPKKAIM@?$AAG?$AAP?$AAI?$AAO?$AA?5?$AAr?$AAe?$AAg?$AAi?$AAs?$AAt?$AAe?$AAr?$AAs?$AA?5?$AAn?$AAo?$AAt?$AA?5?$AAm?$AAa?$AAp?$AAp?$AAe?$AAd?$AA?$AN?$AA?6?$AA?$AA@ 10002908     s3c6410_hsmmc1_lib:sdhcslot.obj
 0001:00001940       ??_C@_1JA@OEDFHJAD@?$AAC?$AAa?$AAr?$AAd?$AA?5?$AAR?$AAe?$AAm?$AAo?$AAv?$AAa?$AAl?$AA?5?$AAD?$AAe?$AAt?$AAe?$AAc?$AAt?$AAe?$AAd?$AA?5?$AA?9?$AA?5?$AAC?$AAa?$AAn?$AAc?$AAe?$AAl?$AAi?$AAn@ 10002940     s3c6410_hsmmc1_lib:sdhcslot.obj
 0001:000019d0       ??_C@_1BO@JHAGCEDM@?$AA?7?$AA?5?$AAH?$AAC?$AAP?$AAa?$AAr?$AAa?$AAm?$AA?3?$AA?5?$AA?$CF?$AAd?$AA?6?$AA?$AA@ 100029d0     s3c6410_hsmmc1_lib:sdhcslot.obj
 0001:000019f0       ??_C@_1CC@FBIHCMNE@?$AA?7?$AA?5?$AAB?$AAl?$AAo?$AAc?$AAk?$AAS?$AAi?$AAz?$AAe?$AA?3?$AA?5?$AA?$CF?$AAd?$AA?6?$AA?$AA@ 100029f0     s3c6410_hsmmc1_lib:sdhcslot.obj
 0001:00001a14       ??_C@_1CC@GNOBEPDN@?$AA?7?$AA?5?$AAN?$AAu?$AAm?$AAB?$AAl?$AAo?$AAc?$AAk?$AAs?$AA?3?$AA?5?$AA?$CF?$AAd?$AA?6?$AA?$AA@ 10002a14     s3c6410_hsmmc1_lib:sdhcslot.obj
 0001:00001a38       ??_C@_1CI@CNEJOFAE@?$AA?7?$AA?5?$AAR?$AAe?$AAs?$AAp?$AAo?$AAn?$AAs?$AAe?$AAT?$AAy?$AAp?$AAe?$AA?3?$AA?5?$AA?$CF?$AAd?$AA?6?$AA?$AA@ 10002a38     s3c6410_hsmmc1_lib:sdhcslot.obj
 0001:00001a60       ??_C@_1CI@ODABMFDF@?$AA?7?$AA?5?$AAA?$AAr?$AAg?$AAu?$AAm?$AAe?$AAn?$AAt?$AA?3?$AA?5?$AA0?$AAx?$AA?$CF?$AA0?$AA8?$AAx?$AA?6?$AA?$AA@ 10002a60     s3c6410_hsmmc1_lib:sdhcslot.obj
 0001:00001a88       ??_C@_1BO@JBKIJFEK@?$AA?7?$AA?5?$AAC?$AAo?$AAm?$AAm?$AAa?$AAn?$AAd?$AA?3?$AA?5?$AA?$CF?$AAd?$AA?6?$AA?$AA@ 10002a88     s3c6410_hsmmc1_lib:sdhcslot.obj
 0001:00001aa8       ??_C@_1DI@FBGDIKAJ@?$AAD?$AAu?$AAm?$AAp?$AAC?$AAu?$AAr?$AAr?$AAe?$AAn?$AAt?$AAR?$AAe?$AAq?$AAu?$AAe?$AAs?$AAt?$AA?3?$AA?5?$AA0?$AAx?$AA?$CF?$AA0?$AA8?$AAX?$AA?6?$AA?$AA@ 10002aa8     s3c6410_hsmmc1_lib:sdhcslot.obj
 0001:00001ae0       ??_C@_1FO@GKGIPPGO@?$AAC?$AAS?$AAD?$AAH?$AAC?$AAS?$AAl?$AAo?$AAt?$AAB?$AAa?$AAs?$AAe?$AAS?$AAD?$AAM?$AAA?$AA?3?$AAC?$AAr?$AAe?$AAa?$AAt?$AAe?$AA?5?$AAD?$AAM?$AAA?$AA?5?$AAO?$AAb?$AAj@ 10002ae0     s3c6410_hsmmc1_lib:sdhcslot.obj
 0001:00001b40       ??_7CSDHCSlotBaseSDMA@@6B@ 10002b40     s3c6410_hsmmc1_lib:sdhcslot.obj
 0001:00001b60       ??_C@_1EM@CPGNJMHJ@?$AAC?$AAS?$AAD?$AAH?$AAC?$AAS?$AAl?$AAo?$AAt?$AAB?$AAa?$AAs?$AAe?$AA?3?$AA?3?$AAH?$AAa?$AAn?$AAd?$AAl?$AAe?$AAC?$AAo?$AAm?$AAm?$AAa?$AAn?$AAd?$AAC?$AAo?$AAm?$AAp@ 10002b60     s3c6410_hsmmc1_lib:sdhcslot.obj
 0001:00001bb0       ??_C@_1HK@EIOPOOCP@?$AA?$FL?$AAH?$AAS?$AAM?$AAM?$AAC?$AA1?$AA?$FN?$AA?5?$AAH?$AAa?$AAn?$AAd?$AAl?$AAe?$AAE?$AAr?$AAr?$AAo?$AAr?$AAs?$AA?5?$AA?9?$AA?5?$AAD?$AAA?$AAT?$AA?5?$AAl?$AAi?$AAn?$AAe@ 10002bb0     s3c6410_hsmmc1_lib:sdhcslot.obj
 0001:00001c30       ??_C@_1IM@PCCKHFHA@?$AA?$FL?$AAH?$AAS?$AAM?$AAM?$AAC?$AA1?$AA?$FN?$AA?5?$AAH?$AAa?$AAn?$AAd?$AAl?$AAe?$AAE?$AAr?$AAr?$AAo?$AAr?$AAs?$AA?5?$AA?9?$AA?5?$AAD?$AAa?$AAt?$AAa?$AA?5?$AAl?$AAi?$AAn@ 10002c30     s3c6410_hsmmc1_lib:sdhcslot.obj
 0001:00001cc0       ??_C@_1JC@JGOCGBBB@?$AA?$FL?$AAH?$AAS?$AAM?$AAM?$AAC?$AA1?$AA?$FN?$AA?5?$AAH?$AAa?$AAn?$AAd?$AAl?$AAe?$AAE?$AAr?$AAr?$AAo?$AAr?$AAs?$AA?5?$AA?9?$AA?5?$AAC?$AAo?$AAm?$AAm?$AAa?$AAn?$AAd?$AA?5@ 10002cc0     s3c6410_hsmmc1_lib:sdhcslot.obj
 0001:00001d58       ??_C@_1KK@NEPENFEJ@?$AA?$FL?$AAH?$AAS?$AAM?$AAM?$AAC?$AA1?$AA?$FN?$AA?5?$AAH?$AAa?$AAn?$AAd?$AAl?$AAe?$AAE?$AAr?$AAr?$AAo?$AAr?$AAs?$AA?5?$AA?9?$AA?5?$AAA?$AAD?$AAM?$AAA?$AA?5?$AAE?$AAr?$AAr@ 10002d58     s3c6410_hsmmc1_lib:sdhcslot.obj
 0001:00001e08       ??_C@_1FA@CMNKCBBM@?$AA?$FL?$AAH?$AAS?$AAM?$AAM?$AAC?$AA1?$AA?$FN?$AA?5?$AAH?$AAa?$AAn?$AAd?$AAl?$AAe?$AAE?$AAr?$AAr?$AAo?$AAr?$AAs?$AA?5?$AA?9?$AA?5?$AAA?$AAD?$AAM?$AAA?$AA?5?$AAE?$AAr?$AAr@ 10002e08     s3c6410_hsmmc1_lib:sdhcslot.obj
 0001:00001e58       ??_C@_1FK@LMLMLNFG@?$AA?$FL?$AAH?$AAS?$AAM?$AAM?$AAC?$AA1?$AA?$FN?$AA?5?$AAH?$AAa?$AAn?$AAd?$AAl?$AAe?$AAE?$AAr?$AAr?$AAo?$AAr?$AAs?$AA?5?$AA?9?$AA?5?$AAA?$AAU?$AAT?$AAO?$AAC?$AAM?$AAD?$AA1@ 10002e58     s3c6410_hsmmc1_lib:sdhcslot.obj
 0001:00001eb8       ??_C@_1FK@DNIPKBIE@?$AA?$FL?$AAH?$AAS?$AAM?$AAM?$AAC?$AA1?$AA?$FN?$AA?5?$AAH?$AAa?$AAn?$AAd?$AAl?$AAe?$AAE?$AAr?$AAr?$AAo?$AAr?$AAs?$AA?5?$AA?9?$AA?5?$AAB?$AAu?$AAs?$AA?5?$AAP?$AAo?$AAw?$AAe@ 10002eb8     s3c6410_hsmmc1_lib:sdhcslot.obj
 0001:00001f18       ??_C@_1FO@NHACHLKB@?$AA?$FL?$AAH?$AAS?$AAM?$AAM?$AAC?$AA1?$AA?$FN?$AA?5?$AAH?$AAa?$AAn?$AAd?$AAl?$AAe?$AAE?$AAr?$AAr?$AAo?$AAr?$AAs?$AA?5?$AA?9?$AA?5?$AAD?$AAA?$AAT?$AA?5?$AAE?$AAN?$AAD?$AA?5@ 10002f18     s3c6410_hsmmc1_lib:sdhcslot.obj
 0001:00001f78       ??_C@_1FI@IBPMMMMK@?$AA?$FL?$AAH?$AAS?$AAM?$AAM?$AAC?$AA1?$AA?$FN?$AA?5?$AAH?$AAa?$AAn?$AAd?$AAl?$AAe?$AAE?$AAr?$AAr?$AAo?$AAr?$AAs?$AA?5?$AA?9?$AA?5?$AAD?$AAa?$AAt?$AAa?$AA?5?$AAC?$AAR?$AAC@ 10002f78     s3c6410_hsmmc1_lib:sdhcslot.obj
 0001:00001fd0       ??_C@_1FO@HCMDAKGL@?$AA?$FL?$AAH?$AAS?$AAM?$AAM?$AAC?$AA1?$AA?$FN?$AA?5?$AAH?$AAa?$AAn?$AAd?$AAl?$AAe?$AAE?$AAr?$AAr?$AAo?$AAr?$AAs?$AA?5?$AA?9?$AA?5?$AAD?$AAA?$AAT?$AA?5?$AAT?$AAi?$AAm?$AAe@ 10002fd0     s3c6410_hsmmc1_lib:sdhcslot.obj
 0001:00002030       ??_C@_1FK@CKMAEDMM@?$AA?$FL?$AAH?$AAS?$AAM?$AAM?$AAC?$AA1?$AA?$FN?$AA?5?$AAH?$AAa?$AAn?$AAd?$AAl?$AAe?$AAE?$AAr?$AAr?$AAo?$AAr?$AAs?$AA?5?$AA?9?$AA?5?$AAC?$AAM?$AAD?$AA?5?$AAI?$AAN?$AAD?$AAE@ 10003030     s3c6410_hsmmc1_lib:sdhcslot.obj
 0001:00002090       ??_C@_1FM@OKCJMNEI@?$AA?$FL?$AAH?$AAS?$AAM?$AAM?$AAC?$AA1?$AA?$FN?$AA?5?$AAH?$AAa?$AAn?$AAd?$AAl?$AAe?$AAE?$AAr?$AAr?$AAo?$AAr?$AAs?$AA?5?$AA?9?$AA?5?$AAC?$AAM?$AAD?$AA?5?$AAE?$AAN?$AAD?$AAB@ 10003090     s3c6410_hsmmc1_lib:sdhcslot.obj
 0001:000020f0       ??_C@_1FG@FMNKLGJB@?$AA?$FL?$AAH?$AAS?$AAM?$AAM?$AAC?$AA1?$AA?$FN?$AA?5?$AAH?$AAa?$AAn?$AAd?$AAl?$AAe?$AAE?$AAr?$AAr?$AAo?$AAr?$AAs?$AA?5?$AA?9?$AA?5?$AAC?$AAM?$AAD?$AA?5?$AAC?$AAR?$AAC?$AA?5@ 100030f0     s3c6410_hsmmc1_lib:sdhcslot.obj
 0001:00002148       ??_C@_1FM@KJENCJNG@?$AA?$FL?$AAH?$AAS?$AAM?$AAM?$AAC?$AA1?$AA?$FN?$AA?5?$AAH?$AAa?$AAn?$AAd?$AAl?$AAe?$AAE?$AAr?$AAr?$AAo?$AAr?$AAs?$AA?5?$AA?9?$AA?5?$AAC?$AAM?$AAD?$AA?5?$AAT?$AAi?$AAm?$AAe@ 10003148     s3c6410_hsmmc1_lib:sdhcslot.obj
 0001:000021a8       ??_C@_1IA@MEAOGKOJ@?$AAI?$AAf?$AA?5?$AAt?$AAh?$AAe?$AA?5?$AAc?$AAa?$AAr?$AAd?$AA?5?$AAi?$AAs?$AA?5?$AAn?$AAo?$AAt?$AA?5?$AAS?$AAD?$AA?5?$AAS?$AAP?$AAE?$AAC?$AA?5?$AA2?$AA?4?$AA0?$AA?0?$AA?5@ 100031a8     s3c6410_hsmmc1_lib:sdhcslot.obj
 0001:00002228       ??_C@_1HG@INLCEOMF@?$AAI?$AAf?$AA?5?$AAt?$AAh?$AAe?$AA?5?$AAc?$AAa?$AAr?$AAd?$AA?5?$AAi?$AAs?$AA?5?$AAn?$AAo?$AAt?$AA?5?$AAa?$AA?5?$AAS?$AAD?$AAI?$AAO?$AA?0?$AA?5?$AAC?$AAM?$AAD?$AA?5?$AA5@ 10003228     s3c6410_hsmmc1_lib:sdhcslot.obj
 0001:000022a0       ??_C@_1HE@LLENECPP@?$AAI?$AAf?$AA?5?$AAt?$AAh?$AAe?$AA?5?$AAc?$AAa?$AAr?$AAd?$AA?5?$AAi?$AAs?$AA?5?$AAn?$AAo?$AAt?$AA?5?$AAa?$AA?5?$AAM?$AAM?$AAC?$AA?0?$AA?5?$AAC?$AAM?$AAD?$AA?5?$AA1?$AA?5@ 100032a0     s3c6410_hsmmc1_lib:sdhcslot.obj
 0001:00002318       ??_C@_1EM@MHDGFNJO@?$AA?$FL?$AAH?$AAS?$AAM?$AAM?$AAC?$AA1?$AA?$FN?$AA?5?$AAH?$AAa?$AAn?$AAd?$AAl?$AAe?$AAE?$AAr?$AAr?$AAo?$AAr?$AAs?$AA?5?$AA?9?$AA?5?$AAE?$AAR?$AAR?$AA?5?$AAC?$AAM?$AAD?$AA?3@ 10003318     s3c6410_hsmmc1_lib:sdhcslot.obj
 0001:00002368       ??_C@_1FA@LGKKPJDG@?$AAH?$AAa?$AAn?$AAd?$AAl?$AAe?$AAE?$AAr?$AAr?$AAo?$AAr?$AAs?$AA?5?$AA?9?$AA?5?$AAE?$AAR?$AAR?$AAO?$AAR?$AA?5?$AAI?$AAN?$AAT?$AA?5?$AAS?$AAT?$AAA?$AAT?$AAU?$AAS?$AA?$DN@ 10003368     s3c6410_hsmmc1_lib:sdhcslot.obj
 0001:000023b8       ??_C@_1FA@JMEHCNIG@?$AAE?$AAx?$AAc?$AAe?$AAp?$AAt?$AAi?$AAo?$AAn?$AA?5?$AAr?$AAe?$AAa?$AAd?$AAi?$AAn?$AAg?$AA?5?$AAf?$AAr?$AAo?$AAm?$AA?5?$AAc?$AAl?$AAi?$AAe?$AAn?$AAt?$AA?5?$AAb?$AAu@ 100033b8     s3c6410_hsmmc1_lib:sdhcslot.obj
 0001:00002408       ??_C@_1EI@BHPIBNJH@?$AAH?$AAa?$AAn?$AAd?$AAl?$AAe?$AAR?$AAe?$AAa?$AAd?$AAR?$AAe?$AAa?$AAd?$AAy?$AA?5?$AA?9?$AA?5?$AAH?$AAa?$AAn?$AAd?$AAl?$AAe?$AAR?$AAe?$AAa?$AAd?$AAR?$AAe?$AAa?$AAd@ 10003408     s3c6410_hsmmc1_lib:sdhcslot.obj
 0001:00002450       ??_C@_1EO@MHGDCKDA@?$AAH?$AAa?$AAn?$AAd?$AAl?$AAe?$AAW?$AAr?$AAi?$AAt?$AAe?$AAR?$AAe?$AAa?$AAd?$AAy?$AA?5?$AA?9?$AA?5?$AAH?$AAa?$AAn?$AAd?$AAl?$AAe?$AAW?$AAr?$AAi?$AAt?$AAe?$AAR?$AAe@ 10003450     s3c6410_hsmmc1_lib:sdhcslot.obj
 0001:000024a0       ??_C@_1GG@NLAEFMIO@?$AA?$CF?$AAs?$AA?5?$AAT?$AAi?$AAm?$AAe?$AAo?$AAu?$AAt?$AA?5?$AAw?$AAa?$AAi?$AAt?$AAi?$AAn?$AAg?$AA?5?$AAf?$AAo?$AAr?$AA?5?$AAc?$AAo?$AAn?$AAt?$AAr?$AAo?$AAl?$AAl?$AAe@ 100034a0     s3c6410_hsmmc1_lib:sdhcslot.obj
 0001:00002508       ??_C@_1DM@JJBGKHBD@?$AAC?$AAS?$AAD?$AAH?$AAC?$AAS?$AAl?$AAo?$AAt?$AAB?$AAa?$AAs?$AAe?$AA?3?$AA?3?$AAS?$AAo?$AAf?$AAt?$AAw?$AAa?$AAr?$AAe?$AAR?$AAe?$AAs?$AAe?$AAt?$AA?3?$AA?$AA@ 10003508     s3c6410_hsmmc1_lib:sdhcslot.obj
 0001:00002548       ??_C@_1EM@BFFCOFDN@?$AAS?$AAD?$AAH?$AAC?$AAS?$AAe?$AAt?$AAR?$AAa?$AAt?$AAe?$AA?5?$AA?9?$AA?5?$AAA?$AAc?$AAt?$AAu?$AAa?$AAl?$AA?5?$AAc?$AAl?$AAo?$AAc?$AAk?$AA?5?$AAr?$AAa?$AAt?$AAe?$AA?5@ 10003548     s3c6410_hsmmc1_lib:sdhcslot.obj
 0001:00002598       ??_C@_1EM@OFNDDEBK@?$AAS?$AAD?$AAH?$AAC?$AAS?$AAe?$AAt?$AAR?$AAa?$AAt?$AAe?$AA?5?$AA?9?$AA?5?$AAC?$AAl?$AAo?$AAc?$AAk?$AA?5?$AAC?$AAo?$AAn?$AAt?$AAr?$AAo?$AAl?$AA?5?$AAR?$AAe?$AAg?$AA?5@ 10003598     s3c6410_hsmmc1_lib:sdhcslot.obj
 0001:000025e8       ??_C@_1FE@CDPANMGC@?$AA?$FL?$AAH?$AAS?$AAM?$AAM?$AAC?$AA1?$AA?$FN?$AA?5?$AAT?$AAu?$AAr?$AAn?$AA?5?$AAO?$AAN?$AA?5?$AAt?$AAh?$AAe?$AA?5?$AAF?$AA?1?$AAB?$AA?5?$AAd?$AAe?$AAl?$AAa?$AAy?$AA?5?$AAc@ 100035e8     s3c6410_hsmmc1_lib:sdhcslot.obj
 0001:00002640       ??_C@_1FG@HGLHPNGA@?$AA?$FL?$AAH?$AAS?$AAM?$AAM?$AAC?$AA1?$AA?$FN?$AA?5?$AAT?$AAu?$AAr?$AAn?$AA?5?$AAO?$AAF?$AAF?$AA?5?$AAt?$AAh?$AAe?$AA?5?$AAF?$AA?1?$AAB?$AA?5?$AAd?$AAe?$AAl?$AAa?$AAy?$AA?5@ 10003640     s3c6410_hsmmc1_lib:sdhcslot.obj
 0001:00002698       ??_C@_1FO@BCCJPBLK@?$AA?$FL?$AAH?$AAS?$AAM?$AAM?$AAC?$AA1?$AA?$FN?$AA?5?$AA?$CF?$AAs?$AA?5?$AAT?$AAi?$AAm?$AAe?$AAo?$AAu?$AAt?$AA?5?$AAw?$AAa?$AAi?$AAt?$AAi?$AAn?$AAg?$AA?5?$AAf?$AAo?$AAr?$AA?5@ 10003698     s3c6410_hsmmc1_lib:sdhcslot.obj
 0001:000026f8       ??_C@_1EM@HEOCKFEA@?$AA?$CF?$AAs?$AA?5?$AAT?$AAi?$AAm?$AAe?$AAo?$AAu?$AAt?$AA?5?$AAw?$AAa?$AAi?$AAt?$AAi?$AAn?$AAg?$AA?5?$AAf?$AAo?$AAr?$AA?5?$AAC?$AAL?$AAO?$AAC?$AAK?$AA_?$AAS?$AAT?$AAA@ 100036f8     s3c6410_hsmmc1_lib:sdhcslot.obj
 0001:00002744       ??_C@_1DE@CNDEBLPP@?$AAC?$AAS?$AAD?$AAH?$AAC?$AAS?$AAl?$AAo?$AAt?$AAB?$AAa?$AAs?$AAe?$AA?3?$AA?3?$AAS?$AAD?$AAC?$AAl?$AAo?$AAc?$AAk?$AAO?$AAn?$AA?3?$AA?$AA@ 10003744     s3c6410_hsmmc1_lib:sdhcslot.obj
 0001:00002778       ??_C@_1FC@BDGMODKO@?$AA?9?$AAD?$AAu?$AAm?$AAp?$AAS?$AAt?$AAd?$AAH?$AAC?$AAR?$AAe?$AAg?$AAs?$AA?9?$AA?9?$AA?9?$AA?9?$AA?9?$AA?9?$AA?9?$AA?9?$AA?9?$AA?9?$AA?9?$AA?9?$AA?9?$AA?9?$AA?9?$AA?9?$AA?9?$AA?9@ 10003778     s3c6410_hsmmc1_lib:sdhcslot.obj
 0001:000027d0       ??_C@_1EC@ECAOPLAH@?$AAH?$AAo?$AAs?$AAt?$AAC?$AAo?$AAn?$AAt?$AAr?$AAo?$AAl?$AAl?$AAe?$AAr?$AAV?$AAe?$AAr?$AAs?$AAi?$AAo?$AAn?$AA?3?$AA?5?$AA?5?$AA0?$AAx?$AA?$CF?$AA0?$AA4?$AAX?$AA?5?$AA?6@ 100037d0     s3c6410_hsmmc1_lib:sdhcslot.obj
 0001:00002818       ??_C@_1EC@FLGCKPGI@?$AAS?$AAl?$AAo?$AAt?$AAI?$AAn?$AAt?$AAe?$AAr?$AAr?$AAu?$AAp?$AAt?$AAS?$AAt?$AAa?$AAt?$AAu?$AAs?$AA?3?$AA?5?$AA?5?$AA?5?$AA?5?$AA0?$AAx?$AA?$CF?$AA0?$AA4?$AAX?$AA?5?$AA?6@ 10003818     s3c6410_hsmmc1_lib:sdhcslot.obj
 0001:00002860       ??_C@_1EC@CLPBIAHB@?$AAM?$AAa?$AAx?$AAC?$AAu?$AAr?$AAr?$AAe?$AAn?$AAt?$AAC?$AAa?$AAp?$AAa?$AAb?$AAi?$AAl?$AAi?$AAt?$AAe?$AAs?$AA?3?$AA?5?$AA?5?$AA0?$AAx?$AA?$CF?$AA0?$AA4?$AAX?$AA?5?$AA?6@ 10003860     s3c6410_hsmmc1_lib:sdhcslot.obj
 0001:000028a4       ??_C@_1DC@DMNMOOHL@?$AAC?$AAa?$AAp?$AAa?$AAb?$AAi?$AAl?$AAi?$AAt?$AAi?$AAe?$AAs?$AA?3?$AA?5?$AA?5?$AA?5?$AA0?$AAx?$AA?$CF?$AA0?$AA4?$AAX?$AA?5?$AA?6?$AA?$AA@ 100038a4     s3c6410_hsmmc1_lib:sdhcslot.obj
 0001:000028d8       ??_C@_1EC@GMMLFMNB@?$AAA?$AAu?$AAt?$AAo?$AAC?$AAM?$AAD?$AA1?$AA2?$AAE?$AAr?$AAr?$AAo?$AAr?$AAS?$AAt?$AAa?$AAt?$AAu?$AAs?$AA?3?$AA?5?$AA?5?$AA?5?$AA0?$AAx?$AA?$CF?$AA0?$AA4?$AAX?$AA?5?$AA?6@ 100038d8     s3c6410_hsmmc1_lib:sdhcslot.obj
 0001:00002920       ??_C@_1EC@CEFFHBEB@?$AAE?$AAr?$AAr?$AAo?$AAr?$AAI?$AAn?$AAt?$AAS?$AAi?$AAg?$AAn?$AAa?$AAl?$AAE?$AAn?$AAa?$AAb?$AAl?$AAe?$AA?3?$AA?5?$AA?5?$AA?5?$AA0?$AAx?$AA?$CF?$AA0?$AA4?$AAX?$AA?5?$AA?6@ 10003920     s3c6410_hsmmc1_lib:sdhcslot.obj
 0001:00002968       ??_C@_1EC@IBMJLEBB@?$AAN?$AAo?$AAr?$AAm?$AAa?$AAl?$AAI?$AAn?$AAt?$AAS?$AAi?$AAg?$AAn?$AAa?$AAl?$AAE?$AAn?$AAa?$AAb?$AAl?$AAe?$AA?3?$AA?5?$AA?5?$AA0?$AAx?$AA?$CF?$AA0?$AA4?$AAX?$AA?5?$AA?6@ 10003968     s3c6410_hsmmc1_lib:sdhcslot.obj
 0001:000029b0       ??_C@_1EC@PAHPOIBA@?$AAE?$AAr?$AAr?$AAo?$AAr?$AAI?$AAn?$AAt?$AAS?$AAt?$AAa?$AAt?$AAu?$AAs?$AAE?$AAn?$AAa?$AAb?$AAl?$AAe?$AA?3?$AA?5?$AA?5?$AA?5?$AA0?$AAx?$AA?$CF?$AA0?$AA4?$AAX?$AA?5?$AA?6@ 100039b0     s3c6410_hsmmc1_lib:sdhcslot.obj
 0001:000029f8       ??_C@_1EC@EMBGEAFP@?$AAN?$AAo?$AAr?$AAm?$AAa?$AAl?$AAI?$AAn?$AAt?$AAS?$AAt?$AAa?$AAt?$AAu?$AAs?$AAE?$AAn?$AAa?$AAb?$AAl?$AAe?$AA?3?$AA?5?$AA?5?$AA0?$AAx?$AA?$CF?$AA0?$AA4?$AAX?$AA?5?$AA?6@ 100039f8     s3c6410_hsmmc1_lib:sdhcslot.obj
 0001:00002a3c       ??_C@_1DC@KEMEONLG@?$AAE?$AAr?$AAr?$AAo?$AAr?$AAI?$AAn?$AAt?$AAS?$AAt?$AAa?$AAt?$AAu?$AAs?$AA?3?$AA?5?$AA0?$AAx?$AA?$CF?$AA0?$AA4?$AAX?$AA?5?$AA?6?$AA?$AA@ 10003a3c     s3c6410_hsmmc1_lib:sdhcslot.obj
 0001:00002a70       ??_C@_1DK@PNLJEOGB@?$AAN?$AAo?$AAr?$AAm?$AAa?$AAl?$AAI?$AAn?$AAt?$AAS?$AAt?$AAa?$AAt?$AAu?$AAs?$AA?3?$AA?5?$AA?5?$AA?5?$AA?5?$AA0?$AAx?$AA?$CF?$AA0?$AA4?$AAX?$AA?5?$AA?6?$AA?$AA@ 10003a70     s3c6410_hsmmc1_lib:sdhcslot.obj
 0001:00002aac       ??_C@_1CK@LCNMAKOB@?$AAS?$AAo?$AAf?$AAt?$AAR?$AAe?$AAs?$AAe?$AAt?$AA?3?$AA?5?$AA?5?$AA0?$AAx?$AA?$CF?$AA0?$AA4?$AAX?$AA?5?$AA?6?$AA?$AA@ 10003aac     s3c6410_hsmmc1_lib:sdhcslot.obj
 0001:00002ad8       ??_C@_1DC@MFMFNEIA@?$AAT?$AAi?$AAm?$AAe?$AAO?$AAu?$AAt?$AAC?$AAo?$AAn?$AAt?$AAr?$AAo?$AAl?$AA?3?$AA?5?$AA0?$AAx?$AA?$CF?$AA0?$AA4?$AAX?$AA?5?$AA?6?$AA?$AA@ 10003ad8     s3c6410_hsmmc1_lib:sdhcslot.obj
 0001:00002b0c       ??_C@_1DC@PJCIGEIG@?$AAC?$AAl?$AAo?$AAc?$AAk?$AAC?$AAo?$AAn?$AAt?$AAr?$AAo?$AAl?$AA?3?$AA?5?$AA?5?$AA?5?$AA0?$AAx?$AA?$CF?$AA0?$AA4?$AAX?$AA?5?$AA?6?$AA?$AA@ 10003b0c     s3c6410_hsmmc1_lib:sdhcslot.obj
 0001:00002b40       ??_C@_1DC@JOKJGCAA@?$AAW?$AAa?$AAk?$AAe?$AAU?$AAp?$AAC?$AAo?$AAn?$AAt?$AAr?$AAo?$AAl?$AA?3?$AA?5?$AA?5?$AA0?$AAx?$AA?$CF?$AA0?$AA4?$AAX?$AA?5?$AA?6?$AA?$AA@ 10003b40     s3c6410_hsmmc1_lib:sdhcslot.obj
 0001:00002b74       ??_C@_1DK@DLFHLAIK@?$AAB?$AAl?$AAo?$AAc?$AAk?$AAG?$AAa?$AAp?$AAC?$AAo?$AAn?$AAt?$AAr?$AAo?$AAl?$AA?3?$AA?5?$AA?5?$AA?5?$AA?5?$AA0?$AAx?$AA?$CF?$AA0?$AA4?$AAX?$AA?5?$AA?6?$AA?$AA@ 10003b74     s3c6410_hsmmc1_lib:sdhcslot.obj
 0001:00002bb0       ??_C@_1DC@FIGDPHLI@?$AAP?$AAo?$AAw?$AAe?$AAr?$AAC?$AAo?$AAn?$AAt?$AAr?$AAo?$AAl?$AA?3?$AA?5?$AA?5?$AA?5?$AA0?$AAx?$AA?$CF?$AA0?$AA4?$AAX?$AA?5?$AA?6?$AA?$AA@ 10003bb0     s3c6410_hsmmc1_lib:sdhcslot.obj
 0001:00002be4       ??_C@_1DC@NEEFBNLJ@?$AAH?$AAo?$AAs?$AAt?$AAC?$AAo?$AAn?$AAt?$AAr?$AAo?$AAl?$AA?3?$AA?5?$AA?5?$AA?5?$AA?5?$AA0?$AAx?$AA?$CF?$AA0?$AA4?$AAX?$AA?5?$AA?6?$AA?$AA@ 10003be4     s3c6410_hsmmc1_lib:sdhcslot.obj
 0001:00002c18       ??_C@_1DC@NOCGMJFL@?$AAP?$AAr?$AAe?$AAs?$AAe?$AAn?$AAt?$AAS?$AAt?$AAa?$AAt?$AAe?$AA?3?$AA?5?$AA?5?$AA?5?$AA0?$AAx?$AA?$CF?$AA0?$AA4?$AAX?$AA?5?$AA?6?$AA?$AA@ 10003c18     s3c6410_hsmmc1_lib:sdhcslot.obj
 0001:00002c4c       ??_C@_1DK@CFLBGEL@?$AAB?$AAu?$AAf?$AAf?$AAe?$AAr?$AAD?$AAa?$AAt?$AAa?$AAP?$AAo?$AAr?$AAt?$AA1?$AA?3?$AA?5?$AA?5?$AA?5?$AA?5?$AA0?$AAx?$AA?$CF?$AA0?$AA4?$AAX?$AA?5?$AA?6?$AA?$AA@ 10003c4c     s3c6410_hsmmc1_lib:sdhcslot.obj
 0001:00002c88       ??_C@_1DK@DODLPFED@?$AAB?$AAu?$AAf?$AAf?$AAe?$AAr?$AAD?$AAa?$AAt?$AAa?$AAP?$AAo?$AAr?$AAt?$AA0?$AA?3?$AA?5?$AA?5?$AA?5?$AA?5?$AA0?$AAx?$AA?$CF?$AA0?$AA4?$AAX?$AA?5?$AA?6?$AA?$AA@ 10003c88     s3c6410_hsmmc1_lib:sdhcslot.obj
 0001:00002cc4       ??_C@_1BK@DKEHCAGM@?$AAR?$AA7?$AA?3?$AA?5?$AA0?$AAx?$AA?$CF?$AA0?$AA4?$AAX?$AA?5?$AA?6?$AA?$AA@ 10003cc4     s3c6410_hsmmc1_lib:sdhcslot.obj
 0001:00002ce0       ??_C@_1BK@LLGCEFEL@?$AAR?$AA6?$AA?3?$AA?5?$AA0?$AAx?$AA?$CF?$AA0?$AA4?$AAX?$AA?5?$AA?6?$AA?$AA@ 10003ce0     s3c6410_hsmmc1_lib:sdhcslot.obj
 0001:00002cfc       ??_C@_1BK@ODHMOMGD@?$AAR?$AA5?$AA?3?$AA?5?$AA0?$AAx?$AA?$CF?$AA0?$AA4?$AAX?$AA?5?$AA?6?$AA?$AA@ 10003cfc     s3c6410_hsmmc1_lib:sdhcslot.obj
 0001:00002d18       ??_C@_1BK@GCFJIJEE@?$AAR?$AA4?$AA?3?$AA?5?$AA0?$AAx?$AA?$CF?$AA0?$AA4?$AAX?$AA?5?$AA?6?$AA?$AA@ 10003d18     s3c6410_hsmmc1_lib:sdhcslot.obj
 0001:00002d34       ??_C@_1BK@FDEBLODD@?$AAR?$AA3?$AA?3?$AA?5?$AA0?$AAx?$AA?$CF?$AA0?$AA4?$AAX?$AA?5?$AA?6?$AA?$AA@ 10003d34     s3c6410_hsmmc1_lib:sdhcslot.obj
 0001:00002d50       ??_C@_1BK@NCGENLBE@?$AAR?$AA2?$AA?3?$AA?5?$AA0?$AAx?$AA?$CF?$AA0?$AA4?$AAX?$AA?5?$AA?6?$AA?$AA@ 10003d50     s3c6410_hsmmc1_lib:sdhcslot.obj
 0001:00002d6c       ??_C@_1BK@IKHKHCDM@?$AAR?$AA1?$AA?3?$AA?5?$AA0?$AAx?$AA?$CF?$AA0?$AA4?$AAX?$AA?5?$AA?6?$AA?$AA@ 10003d6c     s3c6410_hsmmc1_lib:sdhcslot.obj
 0001:00002d88       ??_C@_1BK@LFPBHBL@?$AAR?$AA0?$AA?3?$AA?5?$AA0?$AAx?$AA?$CF?$AA0?$AA4?$AAX?$AA?5?$AA?6?$AA?$AA@ 10003d88     s3c6410_hsmmc1_lib:sdhcslot.obj
 0001:00002da4       ??_C@_1CK@PMKMEGNF@?$AAC?$AAo?$AAm?$AAm?$AAa?$AAn?$AAd?$AA?3?$AA?5?$AA?5?$AA?5?$AA?5?$AA0?$AAx?$AA?$CF?$AA0?$AA4?$AAX?$AA?5?$AA?6?$AA?$AA@ 10003da4     s3c6410_hsmmc1_lib:sdhcslot.obj
 0001:00002dd0       ??_C@_1DC@ICIJFBNG@?$AAT?$AAr?$AAa?$AAn?$AAs?$AAf?$AAe?$AAr?$AAM?$AAo?$AAd?$AAe?$AA?3?$AA?5?$AA?5?$AA?5?$AA0?$AAx?$AA?$CF?$AA0?$AA4?$AAX?$AA?5?$AA?6?$AA?$AA@ 10003dd0     s3c6410_hsmmc1_lib:sdhcslot.obj
 0001:00002e04       ??_C@_1CK@CJLHDCOG@?$AAA?$AAr?$AAg?$AAu?$AAm?$AAe?$AAn?$AAt?$AA1?$AA?3?$AA?5?$AA?5?$AA0?$AAx?$AA?$CF?$AA0?$AA4?$AAX?$AA?5?$AA?6?$AA?$AA@ 10003e04     s3c6410_hsmmc1_lib:sdhcslot.obj
 0001:00002e30       ??_C@_1CK@MOKKJEHB@?$AAA?$AAr?$AAg?$AAu?$AAm?$AAe?$AAn?$AAt?$AA0?$AA?3?$AA?5?$AA?5?$AA0?$AAx?$AA?$CF?$AA0?$AA4?$AAX?$AA?5?$AA?6?$AA?$AA@ 10003e30     s3c6410_hsmmc1_lib:sdhcslot.obj
 0001:00002e5c       ??_C@_1CK@FJMOFMKF@?$AAB?$AAl?$AAo?$AAc?$AAk?$AAC?$AAo?$AAu?$AAn?$AAt?$AA?3?$AA?5?$AA0?$AAx?$AA?$CF?$AA0?$AA4?$AAX?$AA?5?$AA?6?$AA?$AA@ 10003e5c     s3c6410_hsmmc1_lib:sdhcslot.obj
 0001:00002e88       ??_C@_1CK@BJAFJCBJ@?$AAB?$AAl?$AAo?$AAc?$AAk?$AAS?$AAi?$AAz?$AAe?$AA?3?$AA?5?$AA?5?$AA0?$AAx?$AA?$CF?$AA0?$AA4?$AAX?$AA?5?$AA?6?$AA?$AA@ 10003e88     s3c6410_hsmmc1_lib:sdhcslot.obj
 0001:00002eb4       ??_C@_1DK@FFDMABD@?$AAS?$AAy?$AAs?$AAt?$AAe?$AAm?$AAA?$AAd?$AAd?$AAr?$AAe?$AAs?$AAs?$AAH?$AAi?$AA?3?$AA?5?$AA?5?$AA?5?$AA?5?$AA0?$AAx?$AA?$CF?$AA0?$AA4?$AAX?$AA?5?$AA?6?$AA?$AA@ 10003eb4     s3c6410_hsmmc1_lib:sdhcslot.obj
 0001:00002ef0       ??_C@_1DK@PNJLJAAJ@?$AAS?$AAy?$AAs?$AAt?$AAe?$AAm?$AAA?$AAd?$AAd?$AAr?$AAe?$AAs?$AAs?$AAL?$AAo?$AA?3?$AA?5?$AA?5?$AA?5?$AA?5?$AA0?$AAx?$AA?$CF?$AA0?$AA4?$AAX?$AA?5?$AA?6?$AA?$AA@ 10003ef0     s3c6410_hsmmc1_lib:sdhcslot.obj
 0001:00002f30       ??_C@_1GI@NOCDFCMM@?$AA?$CL?$AAD?$AAu?$AAm?$AAp?$AAS?$AAt?$AAd?$AAH?$AAC?$AAR?$AAe?$AAg?$AAs?$AA?5?$AA?9?$AA?5?$AAS?$AAl?$AAo?$AAt?$AA?5?$AA?$CF?$AAd?$AA?5?$AA?9?$AA?9?$AA?9?$AA?9?$AA?9?$AA?9?$AA?9@ 10003f30     s3c6410_hsmmc1_lib:sdhcslot.obj
 0001:00002f98       ??_C@_1JE@MJBGCOBP@?$AA?$CF?$AAs?$AA?5?$AAT?$AAi?$AAm?$AAe?$AAo?$AAu?$AAt?$AA?5?$AA?$CI?$AA?$CF?$AAu?$AA?5?$AAm?$AAs?$AA?$CJ?$AA?5?$AAw?$AAa?$AAi?$AAt?$AAi?$AAn?$AAg?$AA?5?$AAf?$AAo?$AAr?$AA?5?$AA?$CI@ 10003f98     s3c6410_hsmmc1_lib:sdhcslot.obj
 0001:0000302c       ??_C@_1DG@BGPGMGNG@?$AAC?$AAS?$AAD?$AAH?$AAC?$AAS?$AAl?$AAo?$AAt?$AAB?$AAa?$AAs?$AAe?$AA?3?$AA?3?$AAW?$AAa?$AAi?$AAt?$AAF?$AAo?$AAr?$AAR?$AAe?$AAg?$AA?3?$AA?$AA@ 1000402c     s3c6410_hsmmc1_lib:sdhcslot.obj
 0001:00003064       ??_C@_1CE@LFADOFJF@?$AAS?$AAD?$AAH?$AAC?$AAF?$AAr?$AAe?$AAe?$AAD?$AAM?$AAA?$AAB?$AAu?$AAf?$AAf?$AAe?$AAr?$AA?$AA@ 10004064     s3c6410_hsmmc1_lib:sdhc.obj
 0001:00003088       ??_C@_1CM@HLBFGJEP@?$AAS?$AAD?$AAH?$AAC?$AAA?$AAl?$AAl?$AAo?$AAc?$AAa?$AAt?$AAe?$AAD?$AAM?$AAA?$AAB?$AAu?$AAf?$AAf?$AAe?$AAr?$AA?$AA@ 10004088     s3c6410_hsmmc1_lib:sdhc.obj
 0001:000030b4       ??_C@_1DA@JDNLBJOC@?$AAS?$AAD?$AAH?$AAC?$AAD?$AAS?$AAe?$AAt?$AAS?$AAl?$AAo?$AAt?$AAI?$AAn?$AAt?$AAe?$AAr?$AAf?$AAa?$AAc?$AAe?$AAE?$AAx?$AA?$AA@ 100040b4     s3c6410_hsmmc1_lib:sdhc.obj
 0001:000030e4       ??_C@_1CC@FNIKGHGL@?$AAS?$AAD?$AAH?$AAC?$AAD?$AAG?$AAe?$AAt?$AAS?$AAl?$AAo?$AAt?$AAI?$AAn?$AAf?$AAo?$AA?$AA@ 100040e4     s3c6410_hsmmc1_lib:sdhc.obj
 0001:00003108       ??_C@_1DE@NNCANGFB@?$AAS?$AAD?$AAH?$AAC?$AAD?$AAW?$AAa?$AAk?$AAe?$AAO?$AAn?$AAS?$AAD?$AAI?$AAO?$AAI?$AAn?$AAt?$AAe?$AAr?$AAr?$AAu?$AAp?$AAt?$AAs?$AA?$AA@ 10004108     s3c6410_hsmmc1_lib:sdhc.obj
 0001:0000313c       ??_C@_1CO@DKOACFHD@?$AAS?$AAD?$AAH?$AAC?$AAD?$AAG?$AAe?$AAt?$AAS?$AAl?$AAo?$AAt?$AAP?$AAo?$AAw?$AAe?$AAr?$AAS?$AAt?$AAa?$AAt?$AAe?$AA?$AA@ 1000413c     s3c6410_hsmmc1_lib:sdhc.obj
 0001:0000316c       ??_C@_1CO@ODPBBPLI@?$AAS?$AAD?$AAH?$AAC?$AAD?$AAS?$AAe?$AAt?$AAS?$AAl?$AAo?$AAt?$AAP?$AAo?$AAw?$AAe?$AAr?$AAS?$AAt?$AAa?$AAt?$AAe?$AA?$AA@ 1000416c     s3c6410_hsmmc1_lib:sdhc.obj
 0001:0000319c       ??_C@_1DK@GACNJLKC@?$AAS?$AAD?$AAH?$AAC?$AAD?$AAS?$AAe?$AAt?$AAC?$AAl?$AAo?$AAc?$AAk?$AAS?$AAt?$AAa?$AAt?$AAe?$AAD?$AAu?$AAr?$AAi?$AAn?$AAg?$AAI?$AAd?$AAl?$AAe?$AA?$AA@ 1000419c     s3c6410_hsmmc1_lib:sdhc.obj
 0001:000031d8       ??_C@_1DE@IAJNBMOJ@?$AAS?$AAD?$AAH?$AAC?$AAD?$AAQ?$AAu?$AAe?$AAr?$AAy?$AAB?$AAl?$AAo?$AAc?$AAk?$AAC?$AAa?$AAp?$AAa?$AAb?$AAi?$AAl?$AAi?$AAt?$AAy?$AA?$AA@ 100041d8     s3c6410_hsmmc1_lib:sdhc.obj
 0001:0000320c       ??_C@_1DG@HAGIBPKB@?$AAS?$AAD?$AAH?$AAC?$AAD?$AAG?$AAe?$AAt?$AAW?$AAr?$AAi?$AAt?$AAe?$AAP?$AAr?$AAo?$AAt?$AAe?$AAc?$AAt?$AAS?$AAt?$AAa?$AAt?$AAu?$AAs?$AA?$AA@ 1000420c     s3c6410_hsmmc1_lib:sdhc.obj
 0001:00003244       ??_C@_1CM@EJPADEIM@?$AAS?$AAD?$AAH?$AAC?$AAD?$AAA?$AAc?$AAk?$AAS?$AAD?$AAI?$AAO?$AAI?$AAn?$AAt?$AAe?$AAr?$AAr?$AAu?$AAp?$AAt?$AA?$AA@ 10004244     s3c6410_hsmmc1_lib:sdhc.obj
 0001:00003270       ??_C@_1DG@PADKNDPK@?$AAS?$AAD?$AAH?$AAC?$AAD?$AAD?$AAi?$AAs?$AAa?$AAb?$AAl?$AAe?$AAS?$AAD?$AAI?$AAO?$AAI?$AAn?$AAt?$AAe?$AAr?$AAr?$AAu?$AAp?$AAt?$AAs?$AA?$AA@ 10004270     s3c6410_hsmmc1_lib:sdhc.obj
 0001:000032a8       ??_C@_1DE@PAAKBKIH@?$AAS?$AAD?$AAH?$AAC?$AAD?$AAE?$AAn?$AAa?$AAb?$AAl?$AAe?$AAS?$AAD?$AAI?$AAO?$AAI?$AAn?$AAt?$AAe?$AAr?$AAr?$AAu?$AAp?$AAt?$AAs?$AA?$AA@ 100042a8     s3c6410_hsmmc1_lib:sdhc.obj
 0001:000032dc       ??_C@_1CM@BPKCCPCO@?$AAS?$AAD?$AAH?$AAC?$AAD?$AAS?$AAe?$AAt?$AAS?$AAl?$AAo?$AAt?$AAI?$AAn?$AAt?$AAe?$AAr?$AAf?$AAa?$AAc?$AAe?$AA?$AA@ 100042dc     s3c6410_hsmmc1_lib:sdhc.obj
 0001:00003308       ??_C@_1CE@HLNGBACM@?$AAS?$AAD?$AAH?$AAC?$AAD?$AAS?$AAe?$AAt?$AAS?$AAl?$AAo?$AAt?$AAP?$AAo?$AAw?$AAe?$AAr?$AA?$AA@ 10004308     s3c6410_hsmmc1_lib:sdhc.obj
 0001:0000332c       ?sc_rgpszOptions@CSDHCBase@@1QBQBGB 1000432c     s3c6410_hsmmc1_lib:sdhc.obj
 0001:00003368       ??_7CSDHCBase@@6B@         10004368     s3c6410_hsmmc1_lib:sdhc.obj
 0001:000033d0       ??_C@_1LE@GIFKHIJC@?$AAc?$AA?3?$AA?2?$AAw?$AAi?$AAn?$AAc?$AAe?$AA6?$AA0?$AA0?$AA?2?$AAp?$AAl?$AAa?$AAt?$AAf?$AAo?$AAr?$AAm?$AA?2?$AAt?$AAe?$AAn?$AAb?$AAy?$AAt?$AAe?$AAn?$AA6?$AA4?$AA1@ 100043d0     s3c6410_hsmmc1_lib:sdhc.obj
 0001:00003488       ??_C@_1FG@JGKPJKKG@?$AAC?$AA?3?$AA?2?$AAW?$AAI?$AAN?$AAC?$AAE?$AA6?$AA0?$AA0?$AA?2?$AAp?$AAu?$AAb?$AAl?$AAi?$AAc?$AA?2?$AAc?$AAo?$AAm?$AAm?$AAo?$AAn?$AA?2?$AAs?$AAd?$AAk?$AA?2?$AAi?$AAn@ 10004488     s3c6410_hsmmc1_lib:sdhc.obj
 0001:000034e0       ??_C@_1GE@KFJBKADJ@?$AAS?$AAD?$AAH?$AAC?$AA?5?$AAF?$AAa?$AAi?$AAl?$AAe?$AAd?$AA?5?$AAt?$AAo?$AA?5?$AAr?$AAe?$AAg?$AAi?$AAs?$AAt?$AAe?$AAr?$AA?5?$AAh?$AAo?$AAs?$AAt?$AA?5?$AAc?$AAo?$AAn@ 100044e0     s3c6410_hsmmc1_lib:sdhc.obj
 0001:00003544       ??_C@_1BI@BHLBGEOK@?$AAP?$AAr?$AAi?$AAo?$AAr?$AAi?$AAt?$AAy?$AA2?$AA5?$AA6?$AA?$AA@ 10004544     s3c6410_hsmmc1_lib:sdhc.obj
 0001:0000355c       ??_C@_1CG@CNDBOABP@?$AAH?$AAo?$AAs?$AAt?$AAC?$AAo?$AAn?$AAt?$AAr?$AAo?$AAl?$AAl?$AAe?$AAr?$AAN?$AAa?$AAm?$AAe?$AA?$AA@ 1000455c     s3c6410_hsmmc1_lib:sdhc.obj
 0001:00003588       ??_C@_1EM@JKIMIHDG@?$AAS?$AAD?$AAH?$AAC?$AA?5?$AAF?$AAa?$AAi?$AAl?$AAe?$AAd?$AA?5?$AAt?$AAo?$AA?5?$AAa?$AAl?$AAl?$AAo?$AAc?$AAa?$AAt?$AAe?$AA?5?$AAs?$AAl?$AAo?$AAt?$AA?5?$AAo?$AAb?$AAj@ 10004588     s3c6410_hsmmc1_lib:sdhc.obj
 0001:000035d8       ??_C@_1FG@HLJEONJC@?$AAS?$AAD?$AAH?$AAC?$AA?5?$AAF?$AAa?$AAi?$AAl?$AAe?$AAd?$AA?5?$AAt?$AAo?$AA?5?$AAa?$AAl?$AAl?$AAo?$AAc?$AAa?$AAt?$AAe?$AA?5?$AAc?$AAo?$AAn?$AAt?$AAe?$AAx?$AAt?$AA?5@ 100045d8     s3c6410_hsmmc1_lib:sdhc.obj
 0001:00003630       ??_C@_1FG@LDGLJINF@?$AAS?$AAD?$AAH?$AAC?$AA?5?$AAF?$AAa?$AAi?$AAl?$AAe?$AAd?$AA?5?$AAt?$AAo?$AA?5?$AAa?$AAl?$AAl?$AAo?$AAc?$AAa?$AAt?$AAe?$AA?5?$AAs?$AAl?$AAo?$AAt?$AA?5?$AAi?$AAn?$AAf@ 10004630     s3c6410_hsmmc1_lib:sdhc.obj
 0001:00003688       ??_C@_1LM@CKCNOIEK@?$AAC?$AA?3?$AA?2?$AAW?$AAI?$AAN?$AAC?$AAE?$AA6?$AA0?$AA0?$AA?2?$AAP?$AAL?$AAA?$AAT?$AAF?$AAO?$AAR?$AAM?$AA?2?$AAT?$AAe?$AAn?$AAB?$AAy?$AAT?$AAe?$AAn?$AA6?$AA4?$AA1@ 10004688     s3c6410_hsmmc1_lib:sdhc.obj
 0001:00003748       ??_C@_1EM@LCDLJDKB@?$AAS?$AAD?$AAH?$AAC?$AA?3?$AA?5?$AAC?$AAo?$AAu?$AAl?$AAd?$AA?5?$AAn?$AAo?$AAt?$AA?5?$AAg?$AAe?$AAt?$AA?5?$AAh?$AAa?$AAn?$AAd?$AAl?$AAe?$AA?5?$AAt?$AAo?$AA?5?$AAp?$AAa@ 10004748     s3c6410_hsmmc1_lib:sdhc.obj
 0001:00003798       ??_C@_1EC@HMJHACKD@?$AAS?$AAD?$AAH?$AAC?$AA?3?$AA?5?$AAF?$AAa?$AAi?$AAl?$AAe?$AAd?$AA?5?$AAt?$AAo?$AA?5?$AAo?$AAp?$AAe?$AAn?$AA?5?$AAd?$AAe?$AAv?$AAi?$AAc?$AAe?$AA?5?$AAk?$AAe?$AAy?$AA?6@ 10004798     s3c6410_hsmmc1_lib:sdhc.obj
 0001:000037dc       ??_C@_11LOCGONAA@?$AA?$AA@ 100047dc     s3c6410_hsmmc1_lib:sdhc.obj
 0001:000037e0       ??_C@_1EM@GLBGPIEA@?$AAC?$AAS?$AAD?$AAH?$AAC?$AAB?$AAa?$AAs?$AAe?$AA?3?$AA?3?$AAS?$AAl?$AAo?$AAt?$AAO?$AAp?$AAt?$AAi?$AAo?$AAn?$AAH?$AAa?$AAn?$AAd?$AAl?$AAe?$AAr?$AA?$CI?$AA?$CF?$AAu?$AA?0@ 100047e0     s3c6410_hsmmc1_lib:sdhc.obj
 0001:00003830       ??_C@_1EG@COCDHCAP@?$AA?$CF?$AAs?$AA?5?$AAe?$AAr?$AAr?$AAo?$AAr?$AA?5?$AAt?$AAr?$AAa?$AAn?$AAs?$AAl?$AAa?$AAt?$AAi?$AAn?$AAg?$AA?5?$AAS?$AAD?$AA?5?$AAa?$AAd?$AAd?$AAr?$AAe?$AAs?$AAs?$AA?5@ 10004830     s3c6410_hsmmc1_lib:sdhc.obj
 0001:00003878       ??_C@_1FG@BFGHAOBB@?$AA?$CF?$AAs?$AA?5?$AAB?$AAa?$AAs?$AAe?$AA?5?$AAa?$AAd?$AAd?$AAr?$AAe?$AAs?$AAs?$AA?5?$AA?9?$AA?$DO?$AA?5?$AA0?$AAx?$AA?$CF?$AAx?$AA?$DL?$AA?5?$AAl?$AAe?$AAn?$AAg?$AAt?$AAh?$AA?5@ 10004878     s3c6410_hsmmc1_lib:sdhc.obj
 0001:000038d0       ??_C@_1EM@DFJDEEPC@?$AA?$CF?$AAs?$AA?5?$AAI?$AAR?$AAQ?$AA?5?$AA0?$AAx?$AA?$CF?$AAX?$AA?5?$AAm?$AAa?$AAp?$AAp?$AAe?$AAd?$AA?5?$AAt?$AAo?$AA?5?$AAS?$AAY?$AAS?$AA_?$AAI?$AAN?$AAT?$AAR?$AA?5?$AA0@ 100048d0     s3c6410_hsmmc1_lib:sdhc.obj
 0001:0000391c       ??_C@_1DE@FNIKICAC@?$AA?$CF?$AAs?$AA?5?$AAE?$AAr?$AAr?$AAo?$AAr?$AA?5?$AAs?$AAe?$AAt?$AAt?$AAi?$AAn?$AAg?$AA?5?$AAu?$AAp?$AA?5?$AAI?$AAS?$AAR?$AA?$AN?$AA?6?$AA?$AA@ 1000491c     s3c6410_hsmmc1_lib:sdhc.obj
 0001:00003950       ??_C@_1GK@PLLOLBFA@?$AA?$CF?$AAs?$AA?5?$AAE?$AAr?$AAr?$AAo?$AAr?$AA?5?$AAt?$AAr?$AAa?$AAn?$AAs?$AAl?$AAa?$AAt?$AAi?$AAn?$AAg?$AA?5?$AAb?$AAu?$AAs?$AA?5?$AAa?$AAd?$AAd?$AAr?$AAe?$AAs?$AAs@ 10004950     s3c6410_hsmmc1_lib:sdhc.obj
 0001:000039bc       ??_C@_1DE@FILFONGD@?$AA?$CF?$AAs?$AA?5?$AAE?$AAr?$AAr?$AAo?$AAr?$AA?5?$AAi?$AAn?$AAs?$AAt?$AAa?$AAl?$AAl?$AAi?$AAn?$AAg?$AA?5?$AAI?$AAS?$AAR?$AA?$AN?$AA?6?$AA?$AA@ 100049bc     s3c6410_hsmmc1_lib:sdhc.obj
 0001:000039f0       ??_C@_1GK@LBBKMPPP@?$AA?$CF?$AAs?$AA?5?$AAI?$AAn?$AAv?$AAa?$AAl?$AAi?$AAd?$AA?5?$AAi?$AAn?$AAs?$AAt?$AAa?$AAl?$AAl?$AAa?$AAb?$AAl?$AAe?$AA?5?$AAI?$AAS?$AAR?$AA?5?$AAi?$AAn?$AAf?$AAo?$AAr@ 100049f0     s3c6410_hsmmc1_lib:sdhc.obj
 0001:00003a60       ??_C@_1FM@GHBLCHFK@?$AA?$CF?$AAs?$AA?5?$AAI?$AAO?$AAC?$AAT?$AAL?$AA_?$AAH?$AAA?$AAL?$AA_?$AAR?$AAE?$AAQ?$AAU?$AAE?$AAS?$AAT?$AA_?$AAS?$AAY?$AAS?$AAI?$AAN?$AAT?$AAR?$AA?5?$AAH?$AAS?$AAM@ 10004a60     s3c6410_hsmmc1_lib:sdhc.obj
 0001:00003ac0       ??_C@_1EM@DMGKMDFP@?$AA?$CF?$AAs?$AA?5?$AAN?$AAo?$AA?5?$AAs?$AAy?$AAs?$AAi?$AAn?$AAt?$AAr?$AA?5?$AAs?$AAp?$AAe?$AAc?$AAi?$AAf?$AAi?$AAe?$AAd?$AA?5?$AAi?$AAn?$AA?5?$AAr?$AAe?$AAg?$AAi?$AAs@ 10004ac0     s3c6410_hsmmc1_lib:sdhc.obj
 0001:00003b10       ??_C@_1EG@DCOFICOA@?$AA?$CF?$AAs?$AA?5?$AAE?$AAr?$AAr?$AAo?$AAr?$AA?5?$AAg?$AAe?$AAt?$AAt?$AAi?$AAn?$AAg?$AA?5?$AAI?$AAS?$AAR?$AA?5?$AAi?$AAn?$AAf?$AAo?$AAr?$AAm?$AAa?$AAt?$AAi?$AAo?$AAn@ 10004b10     s3c6410_hsmmc1_lib:sdhc.obj
 0001:00003b58       ??_C@_1EM@EJDGAIDN@?$AA?$CF?$AAs?$AA?5?$AAE?$AAr?$AAr?$AAo?$AAr?$AA?5?$AAg?$AAe?$AAt?$AAt?$AAi?$AAn?$AAg?$AA?5?$AAw?$AAi?$AAn?$AAd?$AAo?$AAw?$AA?5?$AAi?$AAn?$AAf?$AAo?$AAr?$AAm?$AAa?$AAt@ 10004b58     s3c6410_hsmmc1_lib:sdhc.obj
 0001:00003ba4       ??_C@_1DO@JMILGAAD@?$AAC?$AAS?$AAD?$AAH?$AAC?$AAB?$AAa?$AAs?$AAe?$AA?3?$AA?3?$AAI?$AAn?$AAi?$AAt?$AAi?$AAa?$AAl?$AAi?$AAz?$AAe?$AAH?$AAa?$AAr?$AAd?$AAw?$AAa?$AAr?$AAe?$AA?3?$AA?$AA@ 10004ba4     s3c6410_hsmmc1_lib:sdhc.obj
 0001:00003be4       ??_C@_1CG@MAOBDIAK@?$AA?$CF?$AAs?$AA?5?$AAT?$AAh?$AAr?$AAe?$AAa?$AAd?$AA?5?$AAE?$AAx?$AAi?$AAt?$AAi?$AAn?$AAg?$AA?6?$AA?$AA@ 10004be4     s3c6410_hsmmc1_lib:sdhc.obj
 0001:00003c10       ??_C@_1HO@FHENPGKF@?$AA?$CF?$AAs?$AA?5?$AAW?$AAa?$AAi?$AAt?$AA?5?$AAt?$AAi?$AAm?$AAe?$AAo?$AAu?$AAt?$AA?5?$AAS?$AAl?$AAo?$AAt?$AA?5?$AAI?$AAn?$AAt?$AAe?$AAr?$AAr?$AAu?$AAp?$AAt?$AA?5?$AAR@ 10004c10     s3c6410_hsmmc1_lib:sdhc.obj
 0001:00003c90       ??_C@_1EG@KOPIMCCN@?$AA?$CF?$AAs?$AA?5?$AAF?$AAa?$AAi?$AAl?$AAe?$AAd?$AA?5?$AAt?$AAo?$AA?5?$AAs?$AAe?$AAt?$AA?5?$AAC?$AAE?$AAT?$AAh?$AAr?$AAe?$AAa?$AAd?$AAP?$AAr?$AAi?$AAo?$AAr?$AAi?$AAt@ 10004c90     s3c6410_hsmmc1_lib:sdhc.obj
 0001:00003cd8       ??_C@_1CI@JFNDBLFG@?$AA?$CF?$AAs?$AA?5?$AAT?$AAh?$AAr?$AAe?$AAa?$AAd?$AA?5?$AAS?$AAt?$AAa?$AAr?$AAt?$AAi?$AAn?$AAg?$AA?6?$AA?$AA@ 10004cd8     s3c6410_hsmmc1_lib:sdhc.obj
 0001:00003d00       ??_C@_1CA@KGBKOKK@?$AAC?$AAS?$AAD?$AAH?$AAC?$AAB?$AAa?$AAs?$AAe?$AA?3?$AA?3?$AAI?$AAS?$AAT?$AA?3?$AA?$AA@ 10004d00     s3c6410_hsmmc1_lib:sdhc.obj
 0001:00003d20       ??_C@_1FA@NEOPNNHD@?$AA?$CF?$AAs?$AA?5?$AAT?$AAh?$AAe?$AAr?$AAe?$AA?5?$AAw?$AAe?$AAr?$AAe?$AA?5?$AAn?$AAo?$AAt?$AA?5?$AAa?$AAn?$AAy?$AA?5?$AAr?$AAe?$AAp?$AAo?$AAr?$AAt?$AAe?$AAd?$AA?5?$AAs@ 10004d20     s3c6410_hsmmc1_lib:sdhc.obj
 0001:00003d70       ??_C@_1DO@MBGLMEAH@?$AAC?$AAS?$AAD?$AAH?$AAC?$AAB?$AAa?$AAs?$AAe?$AA?3?$AA?3?$AAD?$AAe?$AAt?$AAe?$AAr?$AAm?$AAi?$AAn?$AAe?$AAS?$AAl?$AAo?$AAt?$AAC?$AAo?$AAu?$AAn?$AAt?$AA?3?$AA?$AA@ 10004d70     s3c6410_hsmmc1_lib:sdhc.obj
 0001:00003db0       ??_C@_1CG@EICLCGPB@?$AAO?$AAb?$AAj?$AAe?$AAc?$AAt?$AAC?$AAr?$AAe?$AAa?$AAt?$AAi?$AAo?$AAn?$AAP?$AAr?$AAo?$AAc?$AA?$AA@ 10004db0     s3c6410_hsmmc1_lib:sdhc.obj
 0001:00003dd8       ??_C@_17DJMMGLBL@?$AAD?$AAl?$AAl?$AA?$AA@ 10004dd8     s3c6410_hsmmc1_lib:sdhc.obj
 0001:00003de0       ??_C@_1CE@LNHBIFGC@?$AAS?$AAD?$AAH?$AAC?$AAI?$AAn?$AAi?$AAt?$AAi?$AAa?$AAl?$AAi?$AAz?$AAe?$AA?9?$AA?9?$AA?6?$AA?$AA@ 10004de0     s3c6410_hsmmc1_lib:sdhc.obj
 0001:00003e04       ??_C@_1CE@KNEHGPPI@?$AAS?$AAD?$AAH?$AAC?$AAI?$AAn?$AAi?$AAt?$AAi?$AAa?$AAl?$AAi?$AAz?$AAe?$AA?$CL?$AA?$CL?$AA?6?$AA?$AA@ 10004e04     s3c6410_hsmmc1_lib:sdhc.obj
 0001:00003e28       ??_C@_1CI@KDNDCANC@?$AAS?$AAD?$AAH?$AAC?$AAD?$AAe?$AAi?$AAn?$AAi?$AAt?$AAi?$AAa?$AAl?$AAi?$AAz?$AAe?$AA?9?$AA?9?$AA?6?$AA?$AA@ 10004e28     s3c6410_hsmmc1_lib:sdhc.obj
 0001:00003e50       ??_C@_1CI@LDOFMKEI@?$AAS?$AAD?$AAH?$AAC?$AAD?$AAe?$AAi?$AAn?$AAi?$AAt?$AAi?$AAa?$AAl?$AAi?$AAz?$AAe?$AA?$CL?$AA?$CL?$AA?6?$AA?$AA@ 10004e50     s3c6410_hsmmc1_lib:sdhc.obj
 0001:00003e78       ??_7CSDHCSlotBaseDMA@@6B@  10004e78     s3c6410_hsmmc1_lib:sdhcdma.obj
 0001:00003e98       ??_C@_1MC@MOKKBFPK@?$AAC?$AA?3?$AA?2?$AAW?$AAI?$AAN?$AAC?$AAE?$AA6?$AA0?$AA0?$AA?2?$AAP?$AAL?$AAA?$AAT?$AAF?$AAO?$AAR?$AAM?$AA?2?$AAT?$AAe?$AAn?$AAB?$AAy?$AAT?$AAe?$AAn?$AA6?$AA4?$AA1@ 10004e98     s3c6410_hsmmc1_lib:sdhcdma.obj
 0001:00003f60       ??_C@_1GK@IHOJANJO@?$AAC?$AAS?$AAD?$AAH?$AAC?$AAS?$AAl?$AAo?$AAt?$AAB?$AAa?$AAs?$AAe?$AA3?$AA2?$AAB?$AAi?$AAt?$AAA?$AAD?$AAM?$AAA?$AA2?$AA?3?$AAC?$AAr?$AAe?$AAa?$AAt?$AAe?$AA?5?$AAD@ 10004f60     s3c6410_hsmmc1_lib:sdhcdma.obj
 0001:00003fcc       ??_7CSDHCSlotBase32BitADMA2@@6B@ 10004fcc     s3c6410_hsmmc1_lib:sdhcdma.obj
 0001:00003fe8       ??_C@_1FA@MIGAFGFB@?$AAA?$AAD?$AAM?$AAA?$AA?5?$AAE?$AAr?$AAo?$AAr?$AAr?$AA?5?$AAS?$AAt?$AAa?$AAt?$AAu?$AAs?$AA?5?$AA0?$AAx?$AA?$CF?$AAx?$AA?3?$AA?5?$AAR?$AAe?$AAf?$AAe?$AAr?$AA?5?$AAt?$AAo@ 10004fe8     s3c6410_hsmmc1_lib:sdhcdma.obj
 0001:00004038       ??_C@_1DM@FNIHPPGH@?$AAS?$AAD?$AAC?$AAa?$AAr?$AAd?$AA?3?$AA?5?$AA?9?$AAS?$AAD?$AAI?$AAn?$AAi?$AAt?$AAi?$AAa?$AAl?$AAi?$AAz?$AAe?$AAC?$AAa?$AAr?$AAd?$AAL?$AAi?$AAb?$AA?6?$AA?$AA@ 10005038     sdcardlib:SDMemApi.obj
 0001:00004078       ??_C@_1IM@LALKNDPP@?$AAD?$AA?3?$AA?2?$AAy?$AAa?$AAm?$AAa?$AAf?$AAp?$AA?9?$AA1?$AA?2?$AAp?$AAu?$AAb?$AAl?$AAi?$AAc?$AA?2?$AAC?$AAO?$AAM?$AAM?$AAO?$AAN?$AA?2?$AAo?$AAa?$AAk?$AA?2?$AAd?$AAr@ 10005078     sdcardlib:SDMemApi.obj
 0001:00004104       ??_C@_1DM@KBHHGOCL@?$AAS?$AAD?$AAC?$AAa?$AAr?$AAd?$AA?3?$AA?5?$AA?$CL?$AAS?$AAD?$AAI?$AAn?$AAi?$AAt?$AAi?$AAa?$AAl?$AAi?$AAz?$AAe?$AAC?$AAa?$AAr?$AAd?$AAL?$AAi?$AAb?$AA?6?$AA?$AA@ 10005104     sdcardlib:SDMemApi.obj
 0001:00004140       ??_C@_1EA@IHEJNKEP@?$AAS?$AAD?$AAC?$AAa?$AAr?$AAd?$AA?3?$AA?5?$AA?9?$AAS?$AAD?$AAD?$AAe?$AAi?$AAn?$AAi?$AAt?$AAi?$AAa?$AAl?$AAi?$AAz?$AAe?$AAC?$AAa?$AAr?$AAd?$AAL?$AAi?$AAb?$AA?6?$AA?$AA@ 10005140     sdcardlib:SDMemApi.obj
 0001:00004180       ??_C@_1EA@KONLAIH@?$AAS?$AAD?$AAC?$AAa?$AAr?$AAd?$AA?3?$AA?5?$AA?$CL?$AAS?$AAD?$AAD?$AAe?$AAi?$AAn?$AAi?$AAt?$AAi?$AAa?$AAl?$AAi?$AAz?$AAe?$AAC?$AAa?$AAr?$AAd?$AAL?$AAi?$AAb?$AA?6?$AA?$AA@ 10005180     sdcardlib:SDMemApi.obj
 0001:000041c0       ??_C@_1EA@PKMJLCFO@?$AAS?$AAD?$AAC?$AAa?$AAr?$AAd?$AA?3?$AA?5?$AA?9?$AAA?$AAl?$AAl?$AAo?$AAc?$AAa?$AAt?$AAe?$AAM?$AAe?$AAm?$AAo?$AAr?$AAy?$AAW?$AAi?$AAt?$AAh?$AAT?$AAa?$AAg?$AA?6?$AA?$AA@ 100051c0     sdcardlib:SDMemApi.obj
 0001:00004200       ??_C@_1EA@HHGNNIJG@?$AAS?$AAD?$AAC?$AAa?$AAr?$AAd?$AA?3?$AA?5?$AA?$CL?$AAA?$AAl?$AAl?$AAo?$AAc?$AAa?$AAt?$AAe?$AAM?$AAe?$AAm?$AAo?$AAr?$AAy?$AAW?$AAi?$AAt?$AAh?$AAT?$AAa?$AAg?$AA?6?$AA?$AA@ 10005200     sdcardlib:SDMemApi.obj
 0001:00004240       ??_C@_1CO@CLLLMKPH@?$AAS?$AAD?$AAC?$AAa?$AAr?$AAd?$AA?3?$AA?5?$AA?9?$AAS?$AAD?$AAF?$AAr?$AAe?$AAe?$AAM?$AAe?$AAm?$AAo?$AAr?$AAy?$AA?6?$AA?$AA@ 10005240     sdcardlib:SDMemApi.obj
 0001:00004270       ??_C@_1CO@KCPJIAMH@?$AAS?$AAD?$AAC?$AAa?$AAr?$AAd?$AA?3?$AA?5?$AA?$CL?$AAS?$AAD?$AAF?$AAr?$AAe?$AAe?$AAM?$AAe?$AAm?$AAo?$AAr?$AAy?$AA?6?$AA?$AA@ 10005270     sdcardlib:SDMemApi.obj
 0001:000042a0       ??_C@_1DE@PNKBABJK@?$AAS?$AAD?$AAC?$AAa?$AAr?$AAd?$AA?3?$AA?5?$AA?9?$AAS?$AAD?$AAD?$AAe?$AAl?$AAe?$AAt?$AAe?$AAM?$AAe?$AAm?$AAL?$AAi?$AAs?$AAt?$AA?6?$AA?$AA@ 100052a0     sdcardlib:SDMemApi.obj
 0001:000042d8       ??_C@_1FI@EAJLBJMA@?$AAS?$AAD?$AAC?$AAa?$AAr?$AAd?$AA?3?$AA?5?$AAS?$AAD?$AAD?$AAe?$AAl?$AAe?$AAt?$AAe?$AAM?$AAe?$AAm?$AAL?$AAi?$AAs?$AAt?$AA?3?$AA?5?$AAI?$AAn?$AAv?$AAa?$AAl?$AAi?$AAd@ 100052d8     sdcardlib:SDMemApi.obj
 0001:00004330       ??_C@_1DE@DEGBPGGG@?$AAS?$AAD?$AAC?$AAa?$AAr?$AAd?$AA?3?$AA?5?$AA?$CL?$AAS?$AAD?$AAD?$AAe?$AAl?$AAe?$AAt?$AAe?$AAM?$AAe?$AAm?$AAL?$AAi?$AAs?$AAt?$AA?6?$AA?$AA@ 10005330     sdcardlib:SDMemApi.obj
 0001:00004364       ??_C@_1DK@IALNNOED@?$AAS?$AAD?$AAC?$AAa?$AAr?$AAd?$AA?3?$AA?5?$AA?9?$AAS?$AAD?$AAC?$AAr?$AAe?$AAa?$AAt?$AAe?$AAM?$AAe?$AAm?$AAo?$AAr?$AAy?$AAL?$AAi?$AAs?$AAt?$AA?6?$AA?$AA@ 10005364     sdcardlib:SDMemApi.obj
 0001:000043a0       ??_C@_1HG@PLCNBJGG@?$AAS?$AAD?$AAC?$AAa?$AAr?$AAd?$AA?3?$AA?5?$AAS?$AAD?$AAC?$AAr?$AAe?$AAa?$AAt?$AAe?$AAM?$AAe?$AAm?$AAo?$AAr?$AAy?$AAL?$AAi?$AAs?$AAt?$AA?5?$AA?9?$AA?5?$AAF?$AAa?$AAi@ 100053a0     sdcardlib:SDMemApi.obj
 0001:00004418       ??_C@_1JG@BHCAHMBD@?$AAS?$AAD?$AAC?$AAa?$AAr?$AAd?$AA?3?$AA?5?$AAW?$AAa?$AAr?$AAn?$AAi?$AAn?$AAg?$AA?3?$AA?5?$AAP?$AAl?$AAe?$AAa?$AAs?$AAe?$AA?5?$AAc?$AAa?$AAl?$AAl?$AA?5?$AAS?$AAD?$AAI@ 10005418     sdcardlib:SDMemApi.obj
 0001:000044b0       ??_C@_1DK@PAMKMIKF@?$AAS?$AAD?$AAC?$AAa?$AAr?$AAd?$AA?3?$AA?5?$AA?$CL?$AAS?$AAD?$AAC?$AAr?$AAe?$AAa?$AAt?$AAe?$AAM?$AAe?$AAm?$AAo?$AAr?$AAy?$AAL?$AAi?$AAs?$AAt?$AA?6?$AA?$AA@ 100054b0     sdcardlib:SDMemApi.obj
 0001:000044ec       ??_C@_1DE@PHIIFMNP@?$AAS?$AAD?$AAC?$AAa?$AAr?$AAd?$AA?3?$AA?5?$AA?9?$AAS?$AAD?$AAF?$AAr?$AAe?$AAe?$AAT?$AAo?$AAM?$AAe?$AAm?$AAL?$AAi?$AAs?$AAt?$AA?6?$AA?$AA@ 100054ec     sdcardlib:SDMemApi.obj
 0001:00004520       ??_C@_1FI@FMGJDFFO@?$AAS?$AAD?$AAC?$AAa?$AAr?$AAd?$AA?3?$AA?5?$AAS?$AAD?$AAF?$AAr?$AAe?$AAe?$AAT?$AAo?$AAM?$AAe?$AAm?$AAL?$AAi?$AAs?$AAt?$AA?3?$AA?5?$AAI?$AAn?$AAv?$AAa?$AAl?$AAi?$AAd@ 10005520     sdcardlib:SDMemApi.obj
 0001:00004578       ??_C@_1DE@DOEIKLCD@?$AAS?$AAD?$AAC?$AAa?$AAr?$AAd?$AA?3?$AA?5?$AA?$CL?$AAS?$AAD?$AAF?$AAr?$AAe?$AAe?$AAT?$AAo?$AAM?$AAe?$AAm?$AAL?$AAi?$AAs?$AAt?$AA?6?$AA?$AA@ 10005578     sdcardlib:SDMemApi.obj
 0001:000045b0       ??_C@_1EA@MGFGENGM@?$AAS?$AAD?$AAC?$AAa?$AAr?$AAd?$AA?3?$AA?5?$AA?9?$AAS?$AAD?$AAA?$AAl?$AAl?$AAo?$AAc?$AAa?$AAt?$AAe?$AAF?$AAr?$AAo?$AAm?$AAM?$AAe?$AAm?$AAL?$AAi?$AAs?$AAt?$AA?6?$AA?$AA@ 100055b0     sdcardlib:SDMemApi.obj
 0001:000045f0       ??_C@_1GE@ECPANGPG@?$AAS?$AAD?$AAC?$AAa?$AAr?$AAd?$AA?3?$AA?5?$AAS?$AAD?$AAA?$AAl?$AAl?$AAo?$AAc?$AAa?$AAt?$AAe?$AAF?$AAr?$AAo?$AAm?$AAM?$AAe?$AAm?$AAL?$AAi?$AAs?$AAt?$AA?3?$AA?5?$AAI@ 100055f0     sdcardlib:SDMemApi.obj
 0001:00004658       ??_C@_1EA@ELPCCHKE@?$AAS?$AAD?$AAC?$AAa?$AAr?$AAd?$AA?3?$AA?5?$AA?$CL?$AAS?$AAD?$AAA?$AAl?$AAl?$AAo?$AAc?$AAa?$AAt?$AAe?$AAF?$AAr?$AAo?$AAm?$AAM?$AAe?$AAm?$AAL?$AAi?$AAs?$AAt?$AA?6?$AA?$AA@ 10005658     sdcardlib:SDMemApi.obj
 0001:00004698       ??_C@_1GM@OLKIPJNB@?$AAD?$AA?3?$AA?2?$AAy?$AAa?$AAm?$AAa?$AAf?$AAp?$AA?9?$AA1?$AA?2?$AAp?$AAu?$AAb?$AAl?$AAi?$AAc?$AA?2?$AAc?$AAo?$AAm?$AAm?$AAo?$AAn?$AA?2?$AAo?$AAa?$AAk?$AA?2?$AAi?$AAn@ 10005698     sdcardlib:SDMemApi.obj
 0001:00004708       ??_C@_1II@GMHCLLNI@?$AA?5?$AAE?$AAX?$AAC?$AAE?$AAP?$AAT?$AAI?$AAO?$AAN?$AA_?$AAA?$AAC?$AAC?$AAE?$AAS?$AAS?$AA_?$AAV?$AAI?$AAO?$AAL?$AAA?$AAT?$AAI?$AAO?$AAN?$AA?5?$AAr?$AAa?$AAi?$AAs@ 10005708     sdcardlib:SDDebug.obj
 0001:00004790       ??_C@_1HA@BGPDKPFE@?$AA?5?$AA?5?$AA?5?$AA?5?$AA?5?$AA?5?$AA?5?$AA?5?$AAW?$AAr?$AAi?$AAt?$AAe?$AA?5?$AAA?$AAc?$AAc?$AAe?$AAs?$AAs?$AA?5?$AAE?$AAx?$AAc?$AAe?$AAp?$AAt?$AAi?$AAo?$AAn?$AAe?$AAd@ 10005790     sdcardlib:SDDebug.obj
 0001:00004800       ??_C@_1GO@LIPPKMGO@?$AA?5?$AA?5?$AA?5?$AA?5?$AA?5?$AA?5?$AA?5?$AA?5?$AAR?$AAe?$AAa?$AAd?$AA?5?$AAA?$AAc?$AAc?$AAe?$AAs?$AAs?$AA?5?$AAE?$AAx?$AAc?$AAe?$AAp?$AAt?$AAi?$AAo?$AAn?$AAe?$AAd?$AA?5@ 10005800     sdcardlib:SDDebug.obj
 0001:00004870       ??_C@_1DK@CNMPAAFJ@?$AA?5?$AA?5?$AA?5?$AA?5?$AA?5?$AA?5?$AA?5?$AA?5?$AAE?$AAx?$AAc?$AAe?$AAp?$AAt?$AAi?$AAo?$AAn?$AA?3?$AA?5?$AAU?$AAN?$AAK?$AAN?$AAO?$AAW?$AAN?$AA?5?$AA?6?$AA?$AA@ 10005870     sdcardlib:SDDebug.obj
 0001:000048b0       ??_C@_1FM@BABDDJHM@?$AA?5?$AA?5?$AA?5?$AA?5?$AA?5?$AA?5?$AA?5?$AA?5?$AAE?$AAx?$AAc?$AAe?$AAp?$AAt?$AAi?$AAo?$AAn?$AA?3?$AA?5?$AAE?$AAX?$AAC?$AAE?$AAP?$AAT?$AAI?$AAO?$AAN?$AA_?$AAI?$AAN?$AAV@ 100058b0     sdcardlib:SDDebug.obj
 0001:00004910       ??_C@_1FE@FKGKNFOP@?$AA?5?$AA?5?$AA?5?$AA?5?$AA?5?$AA?5?$AA?5?$AA?5?$AAE?$AAx?$AAc?$AAe?$AAp?$AAt?$AAi?$AAo?$AAn?$AA?3?$AA?5?$AAE?$AAX?$AAC?$AAE?$AAP?$AAT?$AAI?$AAO?$AAN?$AA_?$AAG?$AAU?$AAA@ 10005910     sdcardlib:SDDebug.obj
 0001:00004968       ??_C@_1GG@EOOLNNB@?$AA?5?$AA?5?$AA?5?$AA?5?$AA?5?$AA?5?$AA?5?$AA?5?$AAE?$AAx?$AAc?$AAe?$AAp?$AAt?$AAi?$AAo?$AAn?$AA?3?$AA?5?$AAE?$AAX?$AAC?$AAE?$AAP?$AAT?$AAI?$AAO?$AAN?$AA_?$AAI?$AAN?$AAV@ 10005968     sdcardlib:SDDebug.obj
 0001:000049d0       ??_C@_1FM@DAEFKFAP@?$AA?5?$AA?5?$AA?5?$AA?5?$AA?5?$AA?5?$AA?5?$AA?5?$AAE?$AAx?$AAc?$AAe?$AAp?$AAt?$AAi?$AAo?$AAn?$AA?3?$AA?5?$AAE?$AAX?$AAC?$AAE?$AAP?$AAT?$AAI?$AAO?$AAN?$AA_?$AAS?$AAT?$AAA@ 100059d0     sdcardlib:SDDebug.obj
 0001:00004a30       ??_C@_1HA@NODJFEFD@?$AA?5?$AA?5?$AA?5?$AA?5?$AA?5?$AA?5?$AA?5?$AA?5?$AAE?$AAx?$AAc?$AAe?$AAp?$AAt?$AAi?$AAo?$AAn?$AA?3?$AA?5?$AAE?$AAX?$AAC?$AAE?$AAP?$AAT?$AAI?$AAO?$AAN?$AA_?$AAN?$AAO?$AAN@ 10005a30     sdcardlib:SDDebug.obj
 0001:00004aa0       ??_C@_1GG@OHPADMDK@?$AA?5?$AA?5?$AA?5?$AA?5?$AA?5?$AA?5?$AA?5?$AA?5?$AAE?$AAx?$AAc?$AAe?$AAp?$AAt?$AAi?$AAo?$AAn?$AA?3?$AA?5?$AAE?$AAX?$AAC?$AAE?$AAP?$AAT?$AAI?$AAO?$AAN?$AA_?$AAI?$AAL?$AAL@ 10005aa0     sdcardlib:SDDebug.obj
 0001:00004b08       ??_C@_1FK@HMKLGOCN@?$AA?5?$AA?5?$AA?5?$AA?5?$AA?5?$AA?5?$AA?5?$AA?5?$AAE?$AAx?$AAc?$AAe?$AAp?$AAt?$AAi?$AAo?$AAn?$AA?3?$AA?5?$AAE?$AAX?$AAC?$AAE?$AAP?$AAT?$AAI?$AAO?$AAN?$AA_?$AAI?$AAN?$AA_@ 10005b08     sdcardlib:SDDebug.obj
 0001:00004b68       ??_C@_1GA@IHGOLIHL@?$AA?5?$AA?5?$AA?5?$AA?5?$AA?5?$AA?5?$AA?5?$AA?5?$AAE?$AAx?$AAc?$AAe?$AAp?$AAt?$AAi?$AAo?$AAn?$AA?3?$AA?5?$AAE?$AAX?$AAC?$AAE?$AAP?$AAT?$AAI?$AAO?$AAN?$AA_?$AAP?$AAR?$AAI@ 10005b68     sdcardlib:SDDebug.obj
 0001:00004bc8       ??_C@_1FI@BCFEANND@?$AA?5?$AA?5?$AA?5?$AA?5?$AA?5?$AA?5?$AA?5?$AA?5?$AAE?$AAx?$AAc?$AAe?$AAp?$AAt?$AAi?$AAo?$AAn?$AA?3?$AA?5?$AAE?$AAX?$AAC?$AAE?$AAP?$AAT?$AAI?$AAO?$AAN?$AA_?$AAI?$AAN?$AAT@ 10005bc8     sdcardlib:SDDebug.obj
 0001:00004c20       ??_C@_1GE@PJCCPNIC@?$AA?5?$AA?5?$AA?5?$AA?5?$AA?5?$AA?5?$AA?5?$AA?5?$AAE?$AAx?$AAc?$AAe?$AAp?$AAt?$AAi?$AAo?$AAn?$AA?3?$AA?5?$AAE?$AAX?$AAC?$AAE?$AAP?$AAT?$AAI?$AAO?$AAN?$AA_?$AAI?$AAN?$AAT@ 10005c20     sdcardlib:SDDebug.obj
 0001:00004c88       ??_C@_1FK@PFDOHDMA@?$AA?5?$AA?5?$AA?5?$AA?5?$AA?5?$AA?5?$AA?5?$AA?5?$AAE?$AAx?$AAc?$AAe?$AAp?$AAt?$AAi?$AAo?$AAn?$AA?3?$AA?5?$AAE?$AAX?$AAC?$AAE?$AAP?$AAT?$AAI?$AAO?$AAN?$AA_?$AAF?$AAL?$AAT@ 10005c88     sdcardlib:SDDebug.obj
 0001:00004ce8       ??_C@_1FO@KLJPJDBD@?$AA?5?$AA?5?$AA?5?$AA?5?$AA?5?$AA?5?$AA?5?$AA?5?$AAE?$AAx?$AAc?$AAe?$AAp?$AAt?$AAi?$AAo?$AAn?$AA?3?$AA?5?$AAE?$AAX?$AAC?$AAE?$AAP?$AAT?$AAI?$AAO?$AAN?$AA_?$AAF?$AAL?$AAT@ 10005ce8     sdcardlib:SDDebug.obj
 0001:00004d48       ??_C@_1FI@JMGLEANA@?$AA?5?$AA?5?$AA?5?$AA?5?$AA?5?$AA?5?$AA?5?$AA?5?$AAE?$AAx?$AAc?$AAe?$AAp?$AAt?$AAi?$AAo?$AAn?$AA?3?$AA?5?$AAE?$AAX?$AAC?$AAE?$AAP?$AAT?$AAI?$AAO?$AAN?$AA_?$AAF?$AAL?$AAT@ 10005d48     sdcardlib:SDDebug.obj
 0001:00004da0       ??_C@_1GK@PFCJLJFD@?$AA?5?$AA?5?$AA?5?$AA?5?$AA?5?$AA?5?$AA?5?$AA?5?$AAE?$AAx?$AAc?$AAe?$AAp?$AAt?$AAi?$AAo?$AAn?$AA?3?$AA?5?$AAE?$AAX?$AAC?$AAE?$AAP?$AAT?$AAI?$AAO?$AAN?$AA_?$AAF?$AAL?$AAT@ 10005da0     sdcardlib:SDDebug.obj
 0001:00004e10       ??_C@_1GE@IFHGPJDI@?$AA?5?$AA?5?$AA?5?$AA?5?$AA?5?$AA?5?$AA?5?$AA?5?$AAE?$AAx?$AAc?$AAe?$AAp?$AAt?$AAi?$AAo?$AAn?$AA?3?$AA?5?$AAE?$AAX?$AAC?$AAE?$AAP?$AAT?$AAI?$AAO?$AAN?$AA_?$AAF?$AAL?$AAT@ 10005e10     sdcardlib:SDDebug.obj
 0001:00004e78       ??_C@_1GE@KEAPHJPC@?$AA?5?$AA?5?$AA?5?$AA?5?$AA?5?$AA?5?$AA?5?$AA?5?$AAE?$AAx?$AAc?$AAe?$AAp?$AAt?$AAi?$AAo?$AAn?$AA?3?$AA?5?$AAE?$AAX?$AAC?$AAE?$AAP?$AAT?$AAI?$AAO?$AAN?$AA_?$AAF?$AAL?$AAT@ 10005e78     sdcardlib:SDDebug.obj
 0001:00004ee0       ??_C@_1GI@FODJCDCC@?$AA?5?$AA?5?$AA?5?$AA?5?$AA?5?$AA?5?$AA?5?$AA?5?$AAE?$AAx?$AAc?$AAe?$AAp?$AAt?$AAi?$AAo?$AAn?$AA?3?$AA?5?$AAE?$AAX?$AAC?$AAE?$AAP?$AAT?$AAI?$AAO?$AAN?$AA_?$AAF?$AAL?$AAT@ 10005ee0     sdcardlib:SDDebug.obj
 0001:00004f48       ??_C@_1GK@BIDJEADM@?$AA?5?$AA?5?$AA?5?$AA?5?$AA?5?$AA?5?$AA?5?$AA?5?$AAE?$AAx?$AAc?$AAe?$AAp?$AAt?$AAi?$AAo?$AAn?$AA?3?$AA?5?$AAE?$AAX?$AAC?$AAE?$AAP?$AAT?$AAI?$AAO?$AAN?$AA_?$AAA?$AAR?$AAR@ 10005f48     sdcardlib:SDDebug.obj
 0001:00004fb8       ??_C@_1FG@FAMEFIJC@?$AA?5?$AA?5?$AA?5?$AA?5?$AA?5?$AA?5?$AA?5?$AA?5?$AAE?$AAx?$AAc?$AAe?$AAp?$AAt?$AAi?$AAo?$AAn?$AA?3?$AA?5?$AAE?$AAX?$AAC?$AAE?$AAP?$AAT?$AAI?$AAO?$AAN?$AA_?$AAS?$AAI?$AAN@ 10005fb8     sdcardlib:SDDebug.obj
 0001:00005010       ??_C@_1FE@LHIOIAHH@?$AA?5?$AA?5?$AA?5?$AA?5?$AA?5?$AA?5?$AA?5?$AA?5?$AAE?$AAx?$AAc?$AAe?$AAp?$AAt?$AAi?$AAo?$AAn?$AA?3?$AA?5?$AAE?$AAX?$AAC?$AAE?$AAP?$AAT?$AAI?$AAO?$AAN?$AA_?$AAB?$AAR?$AAE@ 10006010     sdcardlib:SDDebug.obj
 0001:00005068       ??_C@_1GK@NIJAGIMI@?$AA?5?$AA?5?$AA?5?$AA?5?$AA?5?$AA?5?$AA?5?$AA?5?$AAE?$AAx?$AAc?$AAe?$AAp?$AAt?$AAi?$AAo?$AAn?$AA?3?$AA?5?$AAE?$AAX?$AAC?$AAE?$AAP?$AAT?$AAI?$AAO?$AAN?$AA_?$AAD?$AAA?$AAT@ 10006068     sdcardlib:SDDebug.obj
 0001:000050d8       ??_C@_1GA@IMOMELNN@?$AA?5?$AA?5?$AA?5?$AA?5?$AA?5?$AA?5?$AA?5?$AA?5?$AAE?$AAx?$AAc?$AAe?$AAp?$AAt?$AAi?$AAo?$AAn?$AA?3?$AA?5?$AAE?$AAX?$AAC?$AAE?$AAP?$AAT?$AAI?$AAO?$AAN?$AA_?$AAA?$AAC?$AAC@ 100060d8     sdcardlib:SDDebug.obj
 0001:00005138       ??_C@_1LA@GNONOPLI@?$AAS?$AAD?$AAB?$AAu?$AAs?$AAD?$AAr?$AAi?$AAv?$AAe?$AAr?$AA?3?$AA?5?$AAE?$AAx?$AAc?$AAe?$AAp?$AAt?$AAi?$AAo?$AAn?$AA?5?$AAc?$AAa?$AAu?$AAg?$AAh?$AAt?$AA?5?$AAE?$AAx@ 10006138     sdcardlib:SDDebug.obj
 0001:000051e8       ??_C@_1JI@EFCALCGP@?$AAS?$AAD?$AAP?$AAe?$AAr?$AAf?$AAo?$AAr?$AAm?$AAS?$AAa?$AAf?$AAe?$AAC?$AAo?$AAp?$AAy?$AA?5?$AA?$CI?$AAD?$AAe?$AAs?$AAt?$AA?3?$AA?5?$AA0?$AAx?$AA?$CF?$AA0?$AA8?$AAX?$AA?$CJ@ 100061e8     sdcardlib:SDDebug.obj
 0001:00005280       ??_C@_1IK@CDNCAPCF@?$AAD?$AA?3?$AA?2?$AAy?$AAa?$AAm?$AAa?$AAf?$AAp?$AA?9?$AA1?$AA?2?$AAp?$AAu?$AAb?$AAl?$AAi?$AAc?$AA?2?$AAC?$AAO?$AAM?$AAM?$AAO?$AAN?$AA?2?$AAo?$AAa?$AAk?$AA?2?$AAd?$AAr@ 10006280     sdcardlib:SDDebug.obj
 0001:00005310       ??_C@_1EO@NDAHAEDP@?$AAS?$AAD?$AAC?$AAa?$AAr?$AAd?$AAL?$AAi?$AAb?$AA?3?$AA?5?$AAE?$AAx?$AAc?$AAe?$AAp?$AAt?$AAi?$AAo?$AAn?$AA?5?$AAi?$AAn?$AA?5?$AAS?$AAD?$AAO?$AAu?$AAt?$AAp?$AAu?$AAB@ 10006310     sdcardlib:SDDebug.obj
 0001:00005360       ??_C@_17MJEANDKP@?$AA?$CF?$AAs?$AA?6?$AA?$AA@ 10006360     sdcardlib:SDDebug.obj
 0001:00005368       ??_C@_17MEDFOIMI@?$AA?5?$AA?5?$AA?5?$AA?$AA@ 10006368     sdcardlib:SDDebug.obj
 0001:00005370       ??_C@_1M@OLEMGGOE@?$AA?$CF?$AA0?$AA2?$AAX?$AA?5?$AA?$AA@ 10006370     sdcardlib:SDDebug.obj
 0001:0000537c       ??_C@_1BE@DCNBFMAB@?$AA?5?$AA0?$AAx?$AA?$CF?$AA0?$AA8?$AAX?$AA?5?$AA?5?$AA?$AA@ 1000637c     sdcardlib:SDDebug.obj
 0001:00005390       ??_C@_1FC@CNHMKNPP@?$AAS?$AAD?$AAO?$AAu?$AAt?$AAp?$AAu?$AAt?$AAB?$AAu?$AAf?$AAf?$AAe?$AAr?$AA?3?$AA?5?$AA0?$AAx?$AA?$CF?$AA0?$AA8?$AAX?$AA?5?$AA?0?$AA?5?$AAS?$AAi?$AAz?$AAe?$AA?3?$AA?5?$AA?$CF@ 10006390     sdcardlib:SDDebug.obj
 0001:000053e8       ??_C@_1LE@CEKDGLLA@?$AA?9?$AA?9?$AA?9?$AA?9?$AA?9?$AA?9?$AA?9?$AA?9?$AA?9?$AA?9?$AA?9?$AA?9?$AA?9?$AA?9?$AA?9?$AA?9?$AA?9?$AA?9?$AA?9?$AA?9?$AA?9?$AA?9?$AA?9?$AA?9?$AA?9?$AA?9?$AA?9?$AA?9?$AA?9?$AA?9?$AA?9?$AA?9@ 100063e8     sdcardlib:SDDebug.obj
 0001:000054a0       ??_C@_1GE@HBHOBMJ@?$AAS?$AAD?$AAR?$AAe?$AAg?$AAi?$AAs?$AAt?$AAe?$AAr?$AAC?$AAl?$AAi?$AAe?$AAn?$AAt?$AA?3?$AA?5?$AAF?$AAa?$AAi?$AAl?$AAe?$AAd?$AA?5?$AAt?$AAo?$AA?5?$AAg?$AAe?$AAt?$AA?5@ 100064a0     sdcardlib:SDCardApiStubs.obj
 0001:00005508       ??_C@_1JI@HDJKNAIK@?$AAD?$AA?3?$AA?2?$AAy?$AAa?$AAm?$AAa?$AAf?$AAp?$AA?9?$AA1?$AA?2?$AAp?$AAu?$AAb?$AAl?$AAi?$AAc?$AA?2?$AAC?$AAO?$AAM?$AAM?$AAO?$AAN?$AA?2?$AAo?$AAa?$AAk?$AA?2?$AAd?$AAr@ 10006508     sdcardlib:SDCardApiStubs.obj
 0001:000055a0       ??_C@_1HC@CCFLKHGC@?$AAd?$AA?3?$AA?2?$AAy?$AAz?$AAk?$AAi?$AAq?$AAf?$AAe?$AA?2?$AAp?$AAr?$AAi?$AAv?$AAa?$AAt?$AAe?$AA?2?$AAw?$AAi?$AAn?$AAc?$AAe?$AAo?$AAs?$AA?2?$AAC?$AAO?$AAR?$AAE?$AAO@ 100065a0     sdcardlib:utilmem.obj
 0001:00005618       ??_C@_1HE@MNAIPFCF@?$AAd?$AA?3?$AA?2?$AAy?$AAz?$AAk?$AAi?$AAq?$AAf?$AAe?$AA?2?$AAp?$AAr?$AAi?$AAv?$AAa?$AAt?$AAe?$AA?2?$AAw?$AAi?$AAn?$AAc?$AAe?$AAo?$AAs?$AA?2?$AAC?$AAO?$AAR?$AAE?$AAO@ 10006618     sdcardlib:utilmemf.obj
 0001:00005690       ??_C@_1FK@OFJPBPFD@?$AAd?$AA?3?$AA?2?$AAy?$AAz?$AAk?$AAi?$AAq?$AAf?$AAe?$AA?2?$AAp?$AAu?$AAb?$AAl?$AAi?$AAc?$AA?2?$AAc?$AAo?$AAm?$AAm?$AAo?$AAn?$AA?2?$AAs?$AAd?$AAk?$AA?2?$AAi?$AAn?$AAc@ 10006690     sdcardlib:utilmemf.obj
 0001:000056ec       ??_7SVSTree@@6B@           100066ec     sdcardlib:utilmemf.obj
 0001:000056fc       ??_7SVSEnumClass@@6B@      100066fc     sdcardlib:utilmemf.obj
 0001:00005710       ??_C@_1HI@GJBOOHGA@?$AAB?$AAu?$AAs?$AAI?$AAo?$AA?5?$AAf?$AAo?$AAr?$AA?5?$AAS?$AAD?$AAR?$AAe?$AAg?$AAi?$AAs?$AAt?$AAe?$AAr?$AAC?$AAl?$AAi?$AAe?$AAn?$AAt?$AA_?$AA_?$AAX?$AA?3?$AA?5?$AAF@ 10006710     sdcardlib:busacc.obj
 0001:00005788       ??_C@_1IG@KNCDAMMP@?$AAB?$AAu?$AAs?$AAI?$AAo?$AA?5?$AAf?$AAo?$AAr?$AA?5?$AAS?$AAD?$AAS?$AAy?$AAn?$AAc?$AAh?$AAr?$AAo?$AAn?$AAo?$AAu?$AAs?$AAB?$AAu?$AAs?$AAR?$AAe?$AAq?$AAu?$AAe?$AAs@ 10006788     sdcardlib:busacc.obj
 0001:00005810       ??_C@_1GM@PAOFIFOM@?$AAS?$AAD?$AAB?$AAu?$AAs?$AAR?$AAe?$AAq?$AAu?$AAe?$AAs?$AAt?$AAR?$AAe?$AAs?$AAp?$AAo?$AAn?$AAs?$AAe?$AA_?$AA_?$AAX?$AA?3?$AA?5?$AAF?$AAa?$AAi?$AAl?$AAe?$AAd?$AA?3@ 10006810     sdcardlib:busacc.obj
 0001:00005880       ??_C@_1IA@CIBMOFCE@?$AAB?$AAu?$AAs?$AAI?$AAo?$AA?5?$AAf?$AAo?$AAr?$AA?5?$AAS?$AAD?$AAB?$AAu?$AAs?$AAR?$AAe?$AAq?$AAu?$AAe?$AAs?$AAt?$AAR?$AAe?$AAs?$AAp?$AAo?$AAn?$AAs?$AAe?$AA_?$AA_@ 10006880     sdcardlib:busacc.obj
 0001:00005900       ??_C@_1HA@IJKGFFPM@?$AAB?$AAu?$AAs?$AAI?$AAo?$AA?5?$AAf?$AAo?$AAr?$AA?5?$AAS?$AAD?$AAB?$AAu?$AAs?$AAR?$AAe?$AAq?$AAu?$AAe?$AAs?$AAt?$AA_?$AA_?$AAX?$AA?3?$AA?5?$AAF?$AAa?$AAi?$AAl?$AAe@ 10006900     sdcardlib:busacc.obj
 0001:00005970       ??_C@_1HM@HHAOJEME@?$AAB?$AAu?$AAs?$AAI?$AAo?$AA?5?$AAf?$AAo?$AAr?$AA?5?$AAS?$AAD?$AAC?$AAa?$AAn?$AAc?$AAe?$AAl?$AAB?$AAu?$AAs?$AAR?$AAe?$AAq?$AAu?$AAe?$AAs?$AAt?$AA_?$AA_?$AAX?$AA?3@ 10006970     sdcardlib:busacc.obj
 0001:000059f0       ??_C@_1HI@OPHKAJHO@?$AAB?$AAu?$AAs?$AAI?$AAo?$AA?5?$AAf?$AAo?$AAr?$AA?5?$AAS?$AAD?$AAF?$AAr?$AAe?$AAe?$AAB?$AAu?$AAs?$AAR?$AAe?$AAq?$AAu?$AAe?$AAs?$AAt?$AA_?$AA_?$AAX?$AA?3?$AA?5?$AAF@ 100069f0     sdcardlib:busacc.obj
 0001:00005a68       ??_C@_1HG@PFEJGILM@?$AAB?$AAu?$AAs?$AAI?$AAo?$AA?5?$AAf?$AAo?$AAr?$AA?5?$AAS?$AAD?$AAC?$AAa?$AAr?$AAd?$AAI?$AAn?$AAf?$AAo?$AAQ?$AAu?$AAe?$AAr?$AAy?$AA_?$AA_?$AAX?$AA?3?$AA?5?$AAF?$AAa@ 10006a68     sdcardlib:busacc.obj
 0001:00005ae0       ??_C@_1IM@NOMNMOBB@?$AAB?$AAu?$AAs?$AAI?$AAo?$AA?5?$AAf?$AAo?$AAr?$AA?5?$AAS?$AAD?$AAR?$AAe?$AAa?$AAd?$AAW?$AAr?$AAi?$AAt?$AAe?$AAR?$AAe?$AAg?$AAi?$AAs?$AAt?$AAe?$AAr?$AAs?$AAD?$AAi@ 10006ae0     sdcardlib:busacc.obj
 0001:00005b70       ??_C@_1IA@CLANCPLA@?$AAB?$AAu?$AAs?$AAI?$AAo?$AA?5?$AAf?$AAo?$AAr?$AA?5?$AAS?$AAD?$AAI?$AAO?$AAC?$AAo?$AAn?$AAn?$AAe?$AAc?$AAt?$AAI?$AAn?$AAt?$AAe?$AAr?$AAr?$AAu?$AAp?$AAt?$AA_?$AA_@ 10006b70     sdcardlib:busacc.obj
 0001:00005bf0       ??_C@_1IG@IHCPJIGO@?$AAB?$AAu?$AAs?$AAI?$AAo?$AA?5?$AAf?$AAo?$AAr?$AA?5?$AAS?$AAD?$AAI?$AAO?$AAD?$AAi?$AAs?$AAc?$AAo?$AAn?$AAn?$AAe?$AAc?$AAt?$AAI?$AAn?$AAt?$AAe?$AAr?$AAr?$AAu?$AAp@ 10006bf0     sdcardlib:busacc.obj
 0001:00005c78       ??_C@_1HI@DDPJLEDO@?$AAB?$AAu?$AAs?$AAI?$AAo?$AA?5?$AAf?$AAo?$AAr?$AA?5?$AAS?$AAD?$AAS?$AAe?$AAt?$AAC?$AAa?$AAr?$AAd?$AAF?$AAe?$AAa?$AAt?$AAu?$AAr?$AAe?$AA_?$AA_?$AAX?$AA?3?$AA?5?$AAF@ 10006c78     sdcardlib:busacc.obj
 0001:00005cf0       ??_C@_1DK@DAPDOICG@?$AAA?$AAs?$AAs?$AAe?$AAr?$AAt?$AA?5?$AAb?$AAr?$AAo?$AAk?$AAe?$AAn?$AA?5?$AAi?$AAn?$AA?5?$AA?$CF?$AAs?$AA?5?$AAl?$AAi?$AAn?$AAe?$AA?5?$AA?$CF?$AAd?$AA?6?$AA?$AA@ 10006cf0     sdcardlib:svsutil.obj
 0001:00005d30       ??_C@_1HE@EELBLLPN@?$AAd?$AA?3?$AA?2?$AAy?$AAz?$AAk?$AAi?$AAq?$AAf?$AAe?$AA?2?$AAp?$AAr?$AAi?$AAv?$AAa?$AAt?$AAe?$AA?2?$AAw?$AAi?$AAn?$AAc?$AAe?$AAo?$AAs?$AA?2?$AAC?$AAO?$AAR?$AAE?$AAO@ 10006d30     sdcardlib:utiltree.obj
 0001:00005da8       ??_C@_1GE@JPPCAFMN@?$AAS?$AAD?$AAH?$AAC?$AAD?$AAI?$AAn?$AAi?$AAt?$AAi?$AAa?$AAl?$AAi?$AAz?$AAe?$AAH?$AAC?$AAL?$AAi?$AAb?$AA?3?$AA?5?$AAF?$AAa?$AAi?$AAl?$AAe?$AAd?$AA?5?$AAt?$AAo?$AA?5@ 10006da8     sdhclib:SDHCLib.obj
 0001:00005e10       ??_C@_1IG@IOBAOGKG@?$AAD?$AA?3?$AA?2?$AAy?$AAa?$AAm?$AAa?$AAf?$AAp?$AA?9?$AA1?$AA?2?$AAp?$AAu?$AAb?$AAl?$AAi?$AAc?$AA?2?$AAC?$AAO?$AAM?$AAM?$AAO?$AAN?$AA?2?$AAo?$AAa?$AAk?$AA?2?$AAd?$AAr@ 10006e10     sdhclib:SDHCLib.obj
 0001:00005ec4       ??_ECSDHCSlotBase@@UAAPAXI@Z 10006ec4 f i s3c6410_hsmmc.obj
 0001:00005f5c       ??_H@YAXPAXIHP6APAX0@Z@Z   10006f5c f i s3c6410_hsmmc.obj
 0001:00005fac       ??_I@YAXPAXIHP6AX0@Z@Z     10006fac f i s3c6410_hsmmc.obj
 0001:00006014       ??0CSDHControllerCh1@@QAA@XZ 10007014 f   s3c6410_hsmmc.obj
 0001:00006088       ?Init@CSDHControllerCh1@@UAAHPBG@Z 10007088 f   s3c6410_hsmmc.obj
 0001:00006104       ?PowerUp@CSDHControllerCh1@@UAAXXZ 10007104 f   s3c6410_hsmmc.obj
 0001:00006164       CreateHSMMCHCCh1Object     10007164 f   s3c6410_hsmmc.obj
 0001:000061c4       ?DestroyHSMMCHCCh1Object@CSDHControllerCh1@@SAXPAVCSDHCBase@@@Z 100071c4 f   s3c6410_hsmmc.obj
 0001:00006274       ?InitClkPwr@CSDHControllerCh1@@IAAHXZ 10007274 f   s3c6410_hsmmc.obj
 0001:00006398       ?InitGPIO@CSDHControllerCh1@@IAAHXZ 10007398 f   s3c6410_hsmmc.obj
 0001:000065a8       ?InitHSMMC@CSDHControllerCh1@@IAAHXZ 100075a8 f   s3c6410_hsmmc.obj
 0001:000066a0       ?InitCh@CSDHControllerCh1@@IAAHXZ 100076a0 f   s3c6410_hsmmc.obj
 0001:00006734       ?CardDetectThread@CSDHControllerCh1@@MAAKXZ 10007734 f   s3c6410_hsmmc.obj
 0001:00006844       ?InitializeHardware@CSDHControllerCh1@@MAAHXZ 10007844 f   s3c6410_hsmmc.obj
 0001:00006904       ?Start@CSDHControllerCh1@@UAAJXZ 10007904 f   s3c6410_hsmmc.obj
 0001:00006bec       ?EnableCardDetectInterrupt@CSDHControllerCh1@@IAAHXZ 10007bec f   s3c6410_hsmmc.obj
 0001:00006c6c       ?CancelIoHandler@CSDHCBase@@UAAEKPAU_SD_BUS_REQUEST@@@Z 10007c6c f i s3c6410_hsmmc.obj
 0001:00006cd0       ?BusRequestHandler@CSDHCBase@@UAAJKPAU_SD_BUS_REQUEST@@@Z 10007cd0 f i s3c6410_hsmmc.obj
 0001:00006da4       ?IOControl@CSDHCBase@@UAAKKPAEK0KPAK@Z 10007da4 f i s3c6410_hsmmc.obj
 0001:00006dcc       ?AllocateSlotObjects@CSDHCBase@@MAAPAVCSDHCSlotBase@@K@Z 10007dcc f i s3c6410_hsmmc.obj
 0001:00006f10       ?GetSlot@CSDHCBase@@MAAPAVCSDHCSlotBase@@K@Z 10007f10 f i s3c6410_hsmmc.obj
 0001:00006fe0       ?Lock@CSDHCBase@@MAAXXZ    10007fe0 f i s3c6410_hsmmc.obj
 0001:00007008       ?Unlock@CSDHCBase@@MAAXXZ  10008008 f i s3c6410_hsmmc.obj
 0001:00007030       ?CheckSlotCount@CSDHCBase@@KAHK@Z 10008030 f i s3c6410_hsmmc.obj
 0001:00007084       ?ValidateSlotCount@CSDHCBase@@MAAXXZ 10008084 f i s3c6410_hsmmc.obj
 0001:000070f8       ?GetDestructionProc@CSDHControllerCh1@@UAAP6AXPAVCSDHCBase@@@ZXZ 100080f8 f i s3c6410_hsmmc.obj
 0001:00007124       ??_ECSDHControllerCh1@@UAAPAXI@Z 10008124 f i s3c6410_hsmmc.obj
 0001:00007124       ??_GCSDHControllerCh1@@UAAPAXI@Z 10008124 f i s3c6410_hsmmc.obj
 0001:00007168       ??1CSDHControllerCh1@@UAA@XZ 10008168 f i s3c6410_hsmmc.obj
 0001:00007194       GetCurrentThread           10008194 f i s3c6410_hsmmc.obj
 0001:000071ac       ?ISTStub@CSDHCBase@@KAKPAX@Z 100081ac f i s3c6410_hsmmc.obj
 0001:000071fc       ?SD_CardDetectThread@CSDHControllerCh1@@KAKPAV1@@Z 100081fc f i s3c6410_hsmmc.obj
 0001:00007244       DllEntry                   10008244 f   s3c6410_hsmmc1_lib:sdhcmain.obj
 0001:000072f0       HSC_PreDeinit              100082f0 f   s3c6410_hsmmc1_lib:sdhcmain.obj
 0001:000073a0       HSC_Deinit                 100083a0 f   s3c6410_hsmmc1_lib:sdhcmain.obj
 0001:00007478       HSC_Init                   10008478 f   s3c6410_hsmmc1_lib:sdhcmain.obj
 0001:00007600       HSC_Open                   10008600 f   s3c6410_hsmmc1_lib:sdhcmain.obj
 0001:00007630       HSC_Close                  10008630 f   s3c6410_hsmmc1_lib:sdhcmain.obj
 0001:00007660       HSC_PowerDown              10008660 f   s3c6410_hsmmc1_lib:sdhcmain.obj
 0001:000076a0       HSC_PowerUp                100086a0 f   s3c6410_hsmmc1_lib:sdhcmain.obj
 0001:000076e0       HSC_IOControl              100086e0 f   s3c6410_hsmmc1_lib:sdhcmain.obj
 0001:000077f4       ??0CSDHCSlotBase@@QAA@XZ   100087f4 f   s3c6410_hsmmc1_lib:sdhcslot.obj
 0001:00007b34       ??1CSDHCSlotBase@@UAA@XZ   10008b34 f   s3c6410_hsmmc1_lib:sdhcslot.obj
 0001:00007bcc       ?Init@CSDHCSlotBase@@UAAHKPCEPAU_SDCARD_HC_CONTEXT@@KPAXW4_INTERFACE_TYPE@@KPAVCReg@@@Z 10008bcc f   s3c6410_hsmmc1_lib:sdhcslot.obj
 0001:000081e4       ?Start@CSDHCSlotBase@@UAAJXZ 100091e4 f   s3c6410_hsmmc1_lib:sdhcslot.obj
 0001:000082d4       ?Stop@CSDHCSlotBase@@UAAJXZ 100092d4 f   s3c6410_hsmmc1_lib:sdhcslot.obj
 0001:000083c4       ?GetSlotInfo@CSDHCSlotBase@@MAAJPAU_SDCARD_HC_SLOT_INFO@@@Z 100093c4 f   s3c6410_hsmmc1_lib:sdhcslot.obj
 0001:00008590       ?SlotOptionHandler@CSDHCSlotBase@@UAAJW4_SD_SLOT_OPTION_CODE@@PAXK@Z 10009590 f   s3c6410_hsmmc1_lib:sdhcslot.obj
 0001:00009008       ?DetermineMaxClockRate@CSDHCSlotBase@@MAAKXZ 1000a008 f   s3c6410_hsmmc1_lib:sdhcslot.obj
 0001:00009178       ?DetermineMaxBlockLen@CSDHCSlotBase@@MAAKXZ 1000a178 f   s3c6410_hsmmc1_lib:sdhcslot.obj
 0001:00009248       ?DetermineTimeoutControl@CSDHCSlotBase@@MAAKXZ 1000a248 f   s3c6410_hsmmc1_lib:sdhcslot.obj
 0001:000092cc       ?DetermineWakeupSources@CSDHCSlotBase@@MAAKXZ 1000a2cc f   s3c6410_hsmmc1_lib:sdhcslot.obj
 0001:00009394       ?SetVoltage@CSDHCSlotBase@@MAAXK@Z 1000a394 f   s3c6410_hsmmc1_lib:sdhcslot.obj
 0001:0000952c       ?SetInterface@CSDHCSlotBase@@MAAXPAU_SD_CARD_INTERFACE_EX@@@Z 1000a52c f   s3c6410_hsmmc1_lib:sdhcslot.obj
 0001:0000984c       ?SetPowerState@CSDHCSlotBase@@MAAXW4_CEDEVICE_POWER_STATE@@@Z 1000a84c f   s3c6410_hsmmc1_lib:sdhcslot.obj
 0001:00009930       ?PowerDown@CSDHCSlotBase@@UAAXXZ 1000a930 f   s3c6410_hsmmc1_lib:sdhcslot.obj
 0001:00009ac8       ?PowerUp@CSDHCSlotBase@@UAAXXZ 1000aac8 f   s3c6410_hsmmc1_lib:sdhcslot.obj
 0001:00009c30       ?BusRequestHandler@CSDHCSlotBase@@UAAJPAU_SD_BUS_REQUEST@@@Z 1000ac30 f   s3c6410_hsmmc1_lib:sdhcslot.obj
 0001:0000a084       ?SubmitBusRequestHandler@CSDHCSlotBase@@MAAJPAU_SD_BUS_REQUEST@@@Z 1000b084 f   s3c6410_hsmmc1_lib:sdhcslot.obj
 0001:0000aac0       ?PollingForCommandComplete@CSDHCSlotBase@@MAAHXZ 1000bac0 f   s3c6410_hsmmc1_lib:sdhcslot.obj
 0001:0000ad1c       ?EnableSDIOInterrupts@CSDHCSlotBase@@MAAXH@Z 1000bd1c f   s3c6410_hsmmc1_lib:sdhcslot.obj
 0001:0000add8       ?HandleInterrupt@CSDHCSlotBase@@UAAXW4_SDSLOT_INT_TYPE@@@Z 1000bdd8 f   s3c6410_hsmmc1_lib:sdhcslot.obj
 0001:0000b478       ?IsCardPresent@CSDHCSlotBase@@MAAHXZ 1000c478 f   s3c6410_hsmmc1_lib:sdhcslot.obj
 0001:0000b588       ?HandleRemoval@CSDHCSlotBase@@MAAXH@Z 1000c588 f   s3c6410_hsmmc1_lib:sdhcslot.obj
 0001:0000bb5c       ?HandleInsertion@CSDHCSlotBase@@MAAXXZ 1000cb5c f   s3c6410_hsmmc1_lib:sdhcslot.obj
 0001:0000bff0       ?HandleCommandComplete@CSDHCSlotBase@@MAAHXZ 1000cff0 f   s3c6410_hsmmc1_lib:sdhcslot.obj
 0001:0000c300       ?HandleErrors@CSDHCSlotBase@@MAAXXZ 1000d300 f   s3c6410_hsmmc1_lib:sdhcslot.obj
 0001:0000ca50       ?HandleTransferDone@CSDHCSlotBase@@MAAXXZ 1000da50 f   s3c6410_hsmmc1_lib:sdhcslot.obj
 0001:0000cc14       ?HandleReadReady@CSDHCSlotBase@@MAAXXZ 1000dc14 f   s3c6410_hsmmc1_lib:sdhcslot.obj
 0001:0000d060       ?HandleWriteReady@CSDHCSlotBase@@MAAXXZ 1000e060 f   s3c6410_hsmmc1_lib:sdhcslot.obj
 0001:0000d488       ?AllocPhysBuffer@CSDHCSlotBase@@MAAPAXIPAK@Z 1000e488 f   s3c6410_hsmmc1_lib:sdhcslot.obj
 0001:0000d500       ?FreePhysBuffer@CSDHCSlotBase@@MAAXPAX@Z 1000e500 f   s3c6410_hsmmc1_lib:sdhcslot.obj
 0001:0000d5b4       ?SetHardwarePowerState@CSDHCSlotBase@@MAAXW4_CEDEVICE_POWER_STATE@@@Z 1000e5b4 f   s3c6410_hsmmc1_lib:sdhcslot.obj
 0001:0000db14       ?DoEnableSDIOInterrupts@CSDHCSlotBase@@MAAXH@Z 1000eb14 f   s3c6410_hsmmc1_lib:sdhcslot.obj
 0001:0000dc20       ?SoftwareReset@CSDHCSlotBase@@MAAHE@Z 1000ec20 f   s3c6410_hsmmc1_lib:sdhcslot.obj
 0001:0000dd08       ?EnableLED@CSDHCSlotBase@@MAAXH@Z 1000ed08 f   s3c6410_hsmmc1_lib:sdhcslot.obj
 0001:0000dd84       ?IndicateSlotStateChange@CSDHCSlotBase@@MAAXW4_SD_SLOT_EVENT@@@Z 1000ed84 f   s3c6410_hsmmc1_lib:sdhcslot.obj
 0001:0000ddbc       ?GetAndLockCurrentRequest@CSDHCSlotBase@@MAAPAU_SD_BUS_REQUEST@@XZ 1000edbc f   s3c6410_hsmmc1_lib:sdhcslot.obj
 0001:0000de08       ?PowerUpDown@CSDHCSlotBase@@MAAXHH@Z 1000ee08 f   s3c6410_hsmmc1_lib:sdhcslot.obj
 0001:0000de44       ?IndicateBusRequestComplete@CSDHCSlotBase@@MAAXPAU_SD_BUS_REQUEST@@J@Z 1000ee44 f   s3c6410_hsmmc1_lib:sdhcslot.obj
 0001:0000e014       ?DetermineCommandPolling@CSDHCSlotBase@@MAAHXZ 1000f014 f   s3c6410_hsmmc1_lib:sdhcslot.obj
 0001:0000e0bc       ?SetClockRate@CSDHCSlotBase@@MAAXPAK@Z 1000f0bc f   s3c6410_hsmmc1_lib:sdhcslot.obj
 0001:0000e3b0       ?SDClockOn@CSDHCSlotBase@@MAAXXZ 1000f3b0 f   s3c6410_hsmmc1_lib:sdhcslot.obj
 0001:0000e4d8       ?SDClockOff@CSDHCSlotBase@@MAAXXZ 1000f4d8 f   s3c6410_hsmmc1_lib:sdhcslot.obj
 0001:0000e504       ?DetermineVddWindows@CSDHCSlotBase@@MAAKXZ 1000f504 f   s3c6410_hsmmc1_lib:sdhcslot.obj
 0001:0000e53c       ?GetDesiredVddWindow@CSDHCSlotBase@@MAAKXZ 1000f53c f   s3c6410_hsmmc1_lib:sdhcslot.obj
 0001:0000e618       ?GetMaxVddWindow@CSDHCSlotBase@@MAAKXZ 1000f618 f   s3c6410_hsmmc1_lib:sdhcslot.obj
 0001:0000e6f4       ?IsWriteProtected@CSDHCSlotBase@@MAAHXZ 1000f6f4 f   s3c6410_hsmmc1_lib:sdhcslot.obj
 0001:0000e74c       ?SlotAllocDMABuffer@CSDHCSlotBase@@MAAPAXKPAT_LARGE_INTEGER@@E@Z 1000f74c f   s3c6410_hsmmc1_lib:sdhcslot.obj
 0001:0000e7dc       ?SlotFreeDMABuffer@CSDHCSlotBase@@MAAHKT_LARGE_INTEGER@@PAXE@Z 1000f7dc f   s3c6410_hsmmc1_lib:sdhcslot.obj
 0001:0000e878       ?Validate@CSDHCSlotBase@@MAAXXZ 1000f878 f   s3c6410_hsmmc1_lib:sdhcslot.obj
 0001:0000ea88       ?DumpRegisters@CSDHCSlotBase@@MAAXXZ 1000fa88 f   s3c6410_hsmmc1_lib:sdhcslot.obj
 0001:0000f784       ?GetPowerState@CSDHCSlotBase@@UAA?AW4_CEDEVICE_POWER_STATE@@XZ 10010784 f i s3c6410_hsmmc1_lib:sdhcslot.obj
 0001:0000f7b4       ?GetPowerUpRequirement@CSDHCSlotBase@@UAA?AW4_CEDEVICE_POWER_STATE@@XZ 100107b4 f i s3c6410_hsmmc1_lib:sdhcslot.obj
 0001:0000f7e4       ?NeedsServicing@CSDHCSlotBase@@UAAHXZ 100107e4 f i s3c6410_hsmmc1_lib:sdhcslot.obj
 0001:0000f81c       ?GetCapabilities@CSDHCSlotBase@@MAA?AT__SSDHC_CAPABILITIES@@XZ 1001081c f i s3c6410_hsmmc1_lib:sdhcslot.obj
 0001:0000f86c       ?GetSDHCVersion@CSDHCSlotBase@@MAA?AT__SSDHC_VERSION@@XZ 1001086c f i s3c6410_hsmmc1_lib:sdhcslot.obj
 0001:0000f8c4       ?GetPowerSupplyRampUpMs@CSDHCSlotBase@@MAAKXZ 100108c4 f i s3c6410_hsmmc1_lib:sdhcslot.obj
 0001:0000f90c       ?ValueDW@CReg@@QAAKPBGK@Z  1001090c f i s3c6410_hsmmc1_lib:sdhcslot.obj
 0001:0000f97c       ?ReadWord@CSDHCSlotBase@@IAAGK@Z 1001097c f i s3c6410_hsmmc1_lib:sdhcslot.obj
 0001:0000f9bc       ?ReadDword@CSDHCSlotBase@@IAAKK@Z 100109bc f i s3c6410_hsmmc1_lib:sdhcslot.obj
 0001:0000f9f4       ?SetInterruptEvent@CSDHCSlotBase@@MAAXXZ 100109f4 f i s3c6410_hsmmc1_lib:sdhcslot.obj
 0001:0000fa18       ?IsOK@CReg@@QAAHXZ         10010a18 f i s3c6410_hsmmc1_lib:sdhcslot.obj
 0001:0000fa64       ?WriteByte@CSDHCSlotBase@@IAAXKE@Z 10010a64 f i s3c6410_hsmmc1_lib:sdhcslot.obj
 0001:0000fa88       ?WriteWord@CSDHCSlotBase@@IAAXKG@Z 10010a88 f i s3c6410_hsmmc1_lib:sdhcslot.obj
 0001:0000faac       ?ReadByte@CSDHCSlotBase@@IAAEK@Z 10010aac f i s3c6410_hsmmc1_lib:sdhcslot.obj
 0001:0000fae4       ?WriteDword@CSDHCSlotBase@@IAAXKK@Z 10010ae4 f i s3c6410_hsmmc1_lib:sdhcslot.obj
 0001:0000fb08       ?TransferIsSDIOAbort@@YAHPAU_SD_BUS_REQUEST@@@Z 10010b08 f i s3c6410_hsmmc1_lib:sdhcslot.obj
 0001:0000fbd4       SetEvent                   10010bd4 f i s3c6410_hsmmc1_lib:sdhcslot.obj
 0001:0000fc0c       ??0CSDHCSlotBaseSDMA@@QAA@AAVCSDHCSlotBase@@@Z 10010c0c f i s3c6410_hsmmc1_lib:sdhcslot.obj
 0001:0000fca8       ?IsDMACompleted@CSDHCSlotBaseDMA@@UAAHXZ 10010ca8 f i s3c6410_hsmmc1_lib:sdhcslot.obj
 0001:0000fcf8       ?DmaSelectBit@CSDHCSlotBaseSDMA@@UAAEXZ 10010cf8 f i s3c6410_hsmmc1_lib:sdhcslot.obj
 0001:0000fd20       ??_ECSDHCSlotBaseSDMA@@UAAPAXI@Z 10010d20 f i s3c6410_hsmmc1_lib:sdhcslot.obj
[...]
 0001:0001ae98       ?InitializeMembers@SVSTree@@IAAXXZ 1001be98 f i sdcardlib:utilmemf.obj
 0001:0001aefc       ?EnumStart@SVSTree@@UAAKXZ 1001befc f i sdcardlib:utilmemf.obj
 0001:0001af30       ?Min@SVSTree@@QAAPAVSVSTNode@@XZ 1001bf30 f i sdcardlib:utilmemf.obj
 0001:0001afc0       ?EnumNext@SVSTree@@UAAKK@Z 1001bfc0 f i sdcardlib:utilmemf.obj
 0001:0001aff8       ?Next@SVSTree@@QAAPAVSVSTNode@@PAV2@@Z 1001bff8 f i sdcardlib:utilmemf.obj
 0001:0001b118       ?EnumGetData@SVSTree@@UAAPAXK@Z 1001c118 f i sdcardlib:utilmemf.obj
 0001:0001b14c       ?EnumGetKey@SVSTree@@UAAKK@Z 1001c14c f i sdcardlib:utilmemf.obj
 0001:0001b180       ?GetKey@SVSTree@@SAKPAVSVSTNode@@@Z 1001c180 f i sdcardlib:utilmemf.obj
 0001:0001b1ac       ??0SVSEnumClass@@QAA@XZ    1001c1ac f i sdcardlib:utilmemf.obj
 0001:0001b1e4       ??_GSVSTree@@QAAPAXI@Z     1001c1e4 f i sdcardlib:utilmemf.obj
 0001:0001b228       ??3SVSAllocClass@@SAXPAX@Z 1001c228 f i sdcardlib:utilmemf.obj
 0001:0001b260       ??1SVSTree@@QAA@XZ         1001c260 f i sdcardlib:utilmemf.obj
 0001:0001b2e4       ?Empty@SVSTree@@QAAXXZ     1001c2e4 f i sdcardlib:utilmemf.obj
 0001:0001b33c       ?DeleteSubtree@SVSTree@@IAAXPAVSVSTNode@@@Z 1001c33c f i sdcardlib:utilmemf.obj
 0001:0001b3a8       ?CreateSDBusAcess@@YAPAVSDBusAccess@@PBG@Z 1001c3a8 f   sdcardlib:busacc.obj
 0001:0001b4b4       ??0SDBusAccess@@QAA@PBG@Z  1001c4b4 f   sdcardlib:busacc.obj
 0001:0001b608       ??1SDBusAccess@@QAA@XZ     1001c608 f   sdcardlib:busacc.obj
 0001:0001b664       ?Init@SDBusAccess@@QAAHXZ  1001c664 f   sdcardlib:busacc.obj
 0001:0001b6c8       ?SDBusCallback@SDBusAccess@@CAHKPAXK0KPAKPAU_OVERLAPPED@@@Z 1001c6c8 f   sdcardlib:busacc.obj
 0001:0001b8e8       ?SDRegisterClient__X@SDBusAccess@@CAJPAX0PAU_SDCARD_CLIENT_REGISTRATION_INFO@@@Z 1001c8e8 f   sdcardlib:busacc.obj
 0001:0001ba64       ?SDSynchronousBusRequest__X@SDBusAccess@@CAJPAXEKW4SD_TRANSFER_CLASS@@W4_SD_RESPONSE_TYPE@@PAU_SD_COMMAND_RESPONSE@@KKPAEKKPAU__PHYS_BUFF_LIST@@@Z 1001ca64 f   sdcardlib:busacc.obj
 0001:0001bbf4       ?SDBusRequestResponse__X@SDBusAccess@@CAJPAXPAU_SD_COMMAND_RESPONSE@@@Z 1001cbf4 f   sdcardlib:busacc.obj
 0001:0001bd40       ?SDBusRequest__X@SDBusAccess@@CAJPAXEKW4SD_TRANSFER_CLASS@@W4_SD_RESPONSE_TYPE@@KKPAEP6AX0PAU_SD_BUS_REQUEST@@0K@ZKPAPAU4@KKPAU__PHYS_BUFF_LIST@@@Z 1001cd40 f   sdcardlib:busacc.obj
 0001:0001bef8       ?SDCancelBusRequest__X@SDBusAccess@@CAEPAU_SD_BUS_REQUEST@@@Z 1001cef8 f   sdcardlib:busacc.obj
 0001:0001bff4       ?SDFreeBusRequest__X@SDBusAccess@@CAXPAU_SD_BUS_REQUEST@@@Z 1001cff4 f   sdcardlib:busacc.obj
 0001:0001c0c8       ?SDCardInfoQuery__X@SDBusAccess@@CAJPAXW4SD_INFO_TYPE@@0K@Z 1001d0c8 f   sdcardlib:busacc.obj
 0001:0001c1f4       ?SDReadWriteRegistersDirect__X@SDBusAccess@@CAJPAXW4SD_IO_TRANSFER_TYPE@@EKEPAEK@Z 1001d1f4 f   sdcardlib:busacc.obj
 0001:0001c348       ?SDGetTuple__X@SDBusAccess@@CAJPAXEPAEPAKH@Z 1001d348 f   sdcardlib:busacc.obj
 0001:0001c4c4       ?SDIOConnectInterrupt__X@SDBusAccess@@CAJPAXP6AJ00@Z@Z 1001d4c4 f   sdcardlib:busacc.obj
 0001:0001c600       ?SDIODisconnectInterrupt__X@SDBusAccess@@CAXPAX@Z 1001d600 f   sdcardlib:busacc.obj
 0001:0001c6d4       ?SDSetCardFeature__X@SDBusAccess@@CAJPAXW4SD_SET_FEATURE_TYPE@@0K@Z 1001d6d4 f   sdcardlib:busacc.obj
 0001:0001c810       SDBusGetClientFunctions    1001d810 f   sdcardlib:busacc.obj
 0001:0001c89c       GetBusAccessHandle         1001d89c f   sdcardlib:busacc.obj
 0001:0001c8f4       ??_GSDBusAccess@@QAAPAXI@Z 1001d8f4 f i sdcardlib:busacc.obj
 0001:0001c938       ?GetCallbackHandle@SDBusAccess@@QAAPAXXZ 1001d938 f i sdcardlib:busacc.obj
 0001:0001c968       ?GetBusAccessHandle@SDBusAccess@@QAAPAXXZ 1001d968 f i sdcardlib:busacc.obj
 0001:0001ca28       svsutil_AssertBroken       1001da28 f   sdcardlib:svsutil.obj
 0001:0001ca84       svsutil_wcsdup             1001da84 f   sdcardlib:svsutil.obj
 0001:0001cb24       svsutil_strdup             1001db24 f   sdcardlib:svsutil.obj
 0001:0001cbbc       svsutil_OpenAndReadFile    1001dbbc f   sdcardlib:svsutil.obj
 0001:0001cdb8       ?svsutil_ReportEventPrintf@@YAHPAXGPAGZZ 1001ddb8 f   sdcardlib:svsutil.obj
 0001:0001ced0       ?svsutil_ReportEventPrintfRC@@YAHPAXPAUHINSTANCE__@@KGZZ 1001ded0 f   sdcardlib:svsutil.obj
 0001:0001d028       ??$_vsnwprintf_s@$0IA@@@YAHAAY0IA@GIPBGPAD@Z 1001e028 f i sdcardlib:svsutil.obj
 0001:0001d070       svsutil_GetTree            1001e070 f   sdcardlib:utiltree.obj
 0001:0001d0a4       svsutil_EmptyTree          1001e0a4 f   sdcardlib:utiltree.obj
 0001:0001d0f8       svsutil_EmptyTreeWithCallback 1001e0f8 f   sdcardlib:utiltree.obj
 0001:0001d160       svsutil_DestroyTree        1001e160 f   sdcardlib:utiltree.obj
 0001:0001d1ec       svsutil_NextTreeNode       1001e1ec f   sdcardlib:utiltree.obj
 0001:0001d260       svsutil_PrevTreeNode       1001e260 f   sdcardlib:utiltree.obj
 0001:0001d2d4       svsutil_MinTreeNode        1001e2d4 f   sdcardlib:utiltree.obj
 0001:0001d338       svsutil_MaxTreeNode        1001e338 f   sdcardlib:utiltree.obj
 0001:0001d39c       svsutil_LocateTreeNode     1001e39c f   sdcardlib:utiltree.obj
 0001:0001d404       svsutil_LocateLeftNeighborNode 1001e404 f   sdcardlib:utiltree.obj
 0001:0001d46c       ?svsutil_LocateRightNeighborNode@@YAPAVSVSTNode@@PAVSVSTree@@K@Z 1001e46c f   sdcardlib:utiltree.obj
 0001:0001d4d4       svsutil_TreeToArray        1001e4d4 f   sdcardlib:utiltree.obj
 0001:0001d53c       svsutil_GetTreeSize        1001e53c f   sdcardlib:utiltree.obj
 0001:0001d5a0       svsutil_InsertTreeNode     1001e5a0 f   sdcardlib:utiltree.obj
 0001:0001d60c       svsutil_DeleteTreeNode     1001e60c f   sdcardlib:utiltree.obj
 0001:0001d680       svsutil_GetTreeNodeData    1001e680 f   sdcardlib:utiltree.obj
 0001:0001d6e4       svsutil_GetTreeNodeKey     1001e6e4 f   sdcardlib:utiltree.obj
 0001:0001d748       svsutil_CompactTree        1001e748 f   sdcardlib:utiltree.obj
 0001:0001d79c       ?Insert@SVSTree@@QAAPAVSVSTNode@@KPAX@Z 1001e79c f   sdcardlib:utiltree.obj
 0001:0001db44       ?DeleteFixup@SVSTree@@IAAXPAVSVSTNode@@@Z 1001eb44 f   sdcardlib:utiltree.obj
 0001:0001df34       ?Delete@SVSTree@@QAAPAXPAVSVSTNode@@@Z 1001ef34 f   sdcardlib:utiltree.obj
 0001:0001e334       ?RBTreeIntegrity@SVSTree@@IAAXXZ 1001f334 f   sdcardlib:utiltree.obj
 0001:0001e750       ?CheckBlackHeight@SVSTree@@IAAHPAVSVSTNode@@@Z 1001f750 f   sdcardlib:utiltree.obj
 0001:0001e990       ?InTree@SVSTree@@IAAHPAVSVSTNode@@@Z 1001f990 f   sdcardlib:utiltree.obj
 0001:0001ea28       ?Empty@SVSTree@@QAAXP6AXPAX0@Z0@Z 1001fa28 f i sdcardlib:utiltree.obj
 0001:0001ea88       ?DeleteSubtree@SVSTree@@IAAXPAVSVSTNode@@P6AXPAX1@Z1@Z 1001fa88 f i sdcardlib:utiltree.obj
 0001:0001eb20       ?Max@SVSTree@@QAAPAVSVSTNode@@XZ 1001fb20 f i sdcardlib:utiltree.obj
 0001:0001ebb0       ?Locate@SVSTree@@QAAPAVSVSTNode@@K@Z 1001fbb0 f i sdcardlib:utiltree.obj
 0001:0001ec74       ?LocateRightNeighbor@SVSTree@@QAAPAVSVSTNode@@K@Z 1001fc74 f i sdcardlib:utiltree.obj
 0001:0001eda4       ?ToArray@SVSTree@@QAAIPAPAX@Z 1001fda4 f i sdcardlib:utiltree.obj
 0001:0001ede8       ?SubtreeToArray@SVSTree@@IAAIPAVSVSTNode@@AAPAPAX@Z 1001fde8 f i sdcardlib:utiltree.obj
 0001:0001eef4       ?Size@SVSTree@@QAAIXZ      1001fef4 f i sdcardlib:utiltree.obj
 0001:0001ef24       ?Compact@SVSTree@@QAAXXZ   1001ff24 f i sdcardlib:utiltree.obj
 0001:0001ef48       ?TreeInsert@SVSTree@@IAAXPAVSVSTNode@@@Z 1001ff48 f i sdcardlib:utiltree.obj
 0001:0001f078       ?LeftRotate@SVSTree@@IAAXPAVSVSTNode@@@Z 10020078 f i sdcardlib:utiltree.obj
 0001:0001f1b4       ?RightRotate@SVSTree@@IAAXPAVSVSTNode@@@Z 100201b4 f i sdcardlib:utiltree.obj
 0001:0001f2f0       SDHCDInitializeHCLib       100202f0 f   sdhclib:SDHCLib.obj
 0001:0001f5ac       SDHCDDeinitializeHCLib     100205ac f   sdhclib:SDHCLib.obj
 0001:0001f5c4       SDHCDAllocateContext       100205c4 f   sdhclib:SDHCLib.obj
 0001:0001f67c       SDHCDDeleteContext         1002067c f   sdhclib:SDHCLib.obj
 0001:0001f6f8       SDHCDRegisterHostController 100206f8 f   sdhclib:SDHCLib.obj
 0001:0001f784       SDHCDDeregisterHostController 10020784 f   sdhclib:SDHCLib.obj
 0001:0001f810       SDHCDIndicateSlotStateChange 10020810 f   sdhclib:SDHCLib.obj
 0001:0001f894       SDHCDIndicateBusRequestComplete 10020894 f   sdhclib:SDHCLib.obj
 0001:0001f918       SDHCDUnlockRequest         10020918 f   sdhclib:SDHCLib.obj
 0001:0001f998       SDHCDGetAndLockCurrentRequest 10020998 f   sdhclib:SDHCLib.obj
 0001:0001fa28       SDHCDPowerUpDown           10020a28 f   sdhclib:SDHCLib.obj
 0001:0001fab0       SDHCDGetHCFunctions        10020ab0 f   sdbus2:SDBus.dll
 0001:0001fac0       BusIoControl               10020ac0 f   ceddk:CEDDK.dll
 0001:0001fad0       CeDriverMapCallbackFunction 10020ad0 f   ceddk:CEDDK.dll
 0001:0001fae0       InterlockedDecrement       10020ae0 f   coredll:COREDLL.dll
 0001:0001faf0       InterlockedIncrement       10020af0 f   coredll:COREDLL.dll
 0001:0001fb00       DeleteCriticalSection      10020b00 f   coredll:COREDLL.dll
 0001:0001fb10       InitializeCriticalSection  10020b10 f   coredll:COREDLL.dll
 0001:0001fb20       InterlockedCompareExchange 10020b20 f   coredll:COREDLL.dll
 0001:0001fb30       OutputDebugStringW         10020b30 f   coredll:COREDLL.dll
 0001:0001fb40       GetLastError               10020b40 f   coredll:COREDLL.dll
 0001:0001fb50       InterlockedExchange        10020b50 f   coredll:COREDLL.dll
 0001:0001fb60       ReadFile                   10020b60 f   coredll:COREDLL.dll
 0001:0001fb70       GetFileSize                10020b70 f   coredll:COREDLL.dll
 0001:0001fb80       CreateFileW                10020b80 f   coredll:COREDLL.dll
 0001:0001fb90       ReportEventW               10020b90 f   coredll:COREDLL.dll
 0001:0001fba0       LoadStringW                10020ba0 f   coredll:COREDLL.dll
 0001:0001fbb0       __GSHandlerCheck_SEH       10020bb0 f   corelib0:gshandlerseh.obj
 0001:0001fc38       _vsnwprintf                10020c38 f   corelib1:COREDLL.dll
 0001:0001fc48       wcscat                     10020c48 f   corelib1:COREDLL.dll
 0001:0001fc58       wcscpy                     10020c58 f   corelib1:COREDLL.dll
 0001:0001fc68       swprintf                   10020c68 f   corelib1:COREDLL.dll
 0001:0001fc78       malloc                     10020c78 f   corelib1:COREDLL.dll
 0001:0001fc88       realloc                    10020c88 f   corelib1:COREDLL.dll
 0001:0001fc98       free                       10020c98 f   corelib1:COREDLL.dll
 0001:0001fca8       wcslen                     10020ca8 f   corelib1:COREDLL.dll
 0001:0001fcb8       strlen                     10020cb8 f   corelib1:COREDLL.dll
 0001:0001fcc8       _vsnwprintf_s              10020cc8 f   corelib1:COREDLL.dll
 0001:0001fd60       __IMPORT_DESCRIPTOR_CEDDK  10020d60     ceddk:CEDDK.dll
 0001:0001fd74       __IMPORT_DESCRIPTOR_COREDLL 10020d74     coredll:COREDLL.dll
 0001:0001fd88       __IMPORT_DESCRIPTOR_SDBus  10020d88     sdbus2:SDBus.dll
 0001:0001fd9c       __NULL_IMPORT_DESCRIPTOR   10020d9c     ceddk:CEDDK.dll
 0002:00000000       __imp_MmUnmapIoSpace       10022000     ceddk:CEDDK.dll
 0002:00000004       __imp_MmMapIoSpace         10022004     ceddk:CEDDK.dll
 0002:00000008       __imp_OALDMAAllocBuffer    10022008     ceddk:CEDDK.dll
 0002:0000000c       __imp_OALDMAFreeBuffer     1002200c     ceddk:CEDDK.dll
 0002:00000010       __imp_CloseBusAccessHandle 10022010     ceddk:CEDDK.dll
 0002:00000014       __imp_CreateBusAccessHandle 10022014     ceddk:CEDDK.dll
 0002:00000018       __imp_BusTransBusAddrToVirtual 10022018     ceddk:CEDDK.dll
 0002:0000001c       __imp_BusTransBusAddrToStatic 1002201c     ceddk:CEDDK.dll
 0002:00000020       __imp_SetDevicePowerState  10022020     ceddk:CEDDK.dll
 0002:00000024       __imp_DMACloseBuffer       10022024     ceddk:CEDDK.dll
 0002:00000028       __imp_DMAGetBufferPhysAddr 10022028     ceddk:CEDDK.dll
 0002:0000002c       __imp_DMAOpenBuffer        1002202c     ceddk:CEDDK.dll
 0002:00000030       __imp_BusIoControl         10022030     ceddk:CEDDK.dll
 0002:00000034       __imp_CeDriverMapCallbackFunction 10022034     ceddk:CEDDK.dll
 0002:00000038       \177CEDDK_NULL_THUNK_DATA  10022038     ceddk:CEDDK.dll
 0002:0000003c       __imp_LeaveCriticalSection 1002203c     coredll:COREDLL.dll
 0002:00000040       __imp_InterruptDone        10022040     coredll:COREDLL.dll
 0002:00000044       __imp_WaitForSingleObject  10022044     coredll:COREDLL.dll
 0002:00000048       __imp_CeSetThreadPriority  10022048     coredll:COREDLL.dll
 0002:0000004c       __imp_KernelIoControl      1002204c     coredll:COREDLL.dll
 0002:00000050       __imp_SetInterruptEvent    10022050     coredll:COREDLL.dll
 0002:00000054       __imp_CreateThread         10022054     coredll:COREDLL.dll
 0002:00000058       __imp_InterruptInitialize  10022058     coredll:COREDLL.dll
 0002:0000005c       __imp_CreateEventW         1002205c     coredll:COREDLL.dll
 0002:00000060       __imp_DisableThreadLibraryCalls 10022060     coredll:COREDLL.dll
 0002:00000064       __imp_RegisterDbgZones     10022064     coredll:COREDLL.dll
 0002:00000068       __imp_SetLastError         10022068     coredll:COREDLL.dll
 0002:0000006c       __imp_RegQueryValueExW     1002206c     coredll:COREDLL.dll
 0002:00000070       __imp_Sleep                10022070     coredll:COREDLL.dll
 0002:00000074       __imp_CloseHandle          10022074     coredll:COREDLL.dll
 0002:00000078       __imp_GetTickCount         10022078     coredll:COREDLL.dll
 0002:0000007c       __imp_EventModify          1002207c     coredll:COREDLL.dll
 0002:00000080       __imp_AllocPhysMem         10022080     coredll:COREDLL.dll
 0002:00000084       __imp_EnterCriticalSection 10022084     coredll:COREDLL.dll
 0002:00000088       __imp_LocalFree            10022088     coredll:COREDLL.dll
 0002:0000008c       __imp_RegCloseKey          1002208c     coredll:COREDLL.dll
 0002:00000090       __imp_LocalAlloc           10022090     coredll:COREDLL.dll
 0002:00000094       __imp_OpenDeviceKey        10022094     coredll:COREDLL.dll
 0002:00000098       __imp_RegOpenKeyExW        10022098     coredll:COREDLL.dll
 0002:0000009c       __imp_InterruptDisable     1002209c     coredll:COREDLL.dll
 0002:000000a0       __imp_KernelLibIoControl   100220a0     coredll:COREDLL.dll
 0002:000000a4       __imp_LoadIntChainHandler  100220a4     coredll:COREDLL.dll
 0002:000000a8       __imp_DDKReg_GetIsrInfo    100220a8     coredll:COREDLL.dll
 0002:000000ac       __imp_DDKReg_GetWindowInfo 100220ac     coredll:COREDLL.dll
 0002:000000b0       __imp_FreeIntChainHandler  100220b0     coredll:COREDLL.dll
 0002:000000b4       __imp_FreeLibrary          100220b4     coredll:COREDLL.dll
 0002:000000b8       __imp_GetProcAddressW      100220b8     coredll:COREDLL.dll
 0002:000000bc       __imp_LoadLibraryW         100220bc     coredll:COREDLL.dll
 0002:000000c0       __imp_UnlockPages          100220c0     coredll:COREDLL.dll
 0002:000000c4       __imp_CacheRangeFlush      100220c4     coredll:COREDLL.dll
 0002:000000c8       __imp_LockPages            100220c8     coredll:COREDLL.dll
 0002:000000cc       __imp_CeSafeCopyMemory     100220cc     coredll:COREDLL.dll
 0002:000000d0       __imp_??3@YAXPAX@Z         100220d0     corelib1:COREDLL.dll
 0002:000000d4       __imp_??2@YAPAXI@Z         100220d4     corelib1:COREDLL.dll
 0002:000000d8       __imp_memcpy               100220d8     corelib1:COREDLL.dll
 0002:000000dc       __imp_memset               100220dc     corelib1:COREDLL.dll
 0002:000000e0       __imp___rt_udiv            100220e0     corelib1:COREDLL.dll
 0002:000000e4       __imp___C_specific_handler 100220e4     corelib1:COREDLL.dll
 0002:000000e8       __imp__purecall            100220e8     corelib1:COREDLL.dll
 0002:000000ec       __imp_wcsncpy              100220ec     corelib1:COREDLL.dll
 0002:000000f0       __imp___security_gen_cookie2 100220f0     corelib1:COREDLL.dll
 0002:000000f4       __imp___report_gsfailure   100220f4     corelib1:COREDLL.dll
 0002:000000f8       __imp_strlen               100220f8     corelib1:COREDLL.dll
 0002:000000fc       __imp_wcslen               100220fc     corelib1:COREDLL.dll
 0002:00000100       __imp_NKDbgPrintfW         10022100     coredll:COREDLL.dll
 0002:00000104       __imp_FreePhysMem          10022104     coredll:COREDLL.dll
 0002:00000108       __imp_InterlockedDecrement 10022108     coredll:COREDLL.dll
 0002:0000010c       __imp_InterlockedIncrement 1002210c     coredll:COREDLL.dll
 0002:00000110       __imp_DeleteCriticalSection 10022110     coredll:COREDLL.dll
 0002:00000114       __imp_InitializeCriticalSection 10022114     coredll:COREDLL.dll
 0002:00000118       __imp_InterlockedCompareExchange 10022118     coredll:COREDLL.dll
 0002:0000011c       __imp_OutputDebugStringW   1002211c     coredll:COREDLL.dll
 0002:00000120       __imp_GetLastError         10022120     coredll:COREDLL.dll
 0002:00000124       __imp_InterlockedExchange  10022124     coredll:COREDLL.dll
 0002:00000128       __imp_ReadFile             10022128     coredll:COREDLL.dll
 0002:0000012c       __imp_GetFileSize          1002212c     coredll:COREDLL.dll
 0002:00000130       __imp_CreateFileW          10022130     coredll:COREDLL.dll
 0002:00000134       __imp_ReportEventW         10022134     coredll:COREDLL.dll
 0002:00000138       __imp_LoadStringW          10022138     coredll:COREDLL.dll
 0002:0000013c       __imp__vsnwprintf          1002213c     corelib1:COREDLL.dll
 0002:00000140       __imp_wcscat               10022140     corelib1:COREDLL.dll
 0002:00000144       __imp_wcscpy               10022144     corelib1:COREDLL.dll
 0002:00000148       __imp_swprintf             10022148     corelib1:COREDLL.dll
 0002:0000014c       __imp_malloc               1002214c     corelib1:COREDLL.dll
 0002:00000150       __imp_realloc              10022150     corelib1:COREDLL.dll
 0002:00000154       __imp_free                 10022154     corelib1:COREDLL.dll
 0002:00000158       __imp__vsnwprintf_s        10022158     corelib1:COREDLL.dll
 0002:0000015c       \177COREDLL_NULL_THUNK_DATA 1002215c     coredll:COREDLL.dll
 0002:00000160       __imp_SDHCDGetHCFunctions  10022160     sdbus2:SDBus.dll
 0002:00000164       \177SDBus_NULL_THUNK_DATA  10022164     sdbus2:SDBus.dll
 0002:00000168       ?HostControllerName@@3PBGB 10022168     s3c6410_hsmmc.obj
 0002:00000170       dpCurSettings              10022170     s3c6410_hsmmc1_lib:sdhcmain.obj
 0002:000005b4       __security_cookie          100225b4     corelib0:seccinit.obj
 0002:000005b8       __security_cookie_complement 100225b8     corelib0:seccinit.obj
 0002:000005bc       g_SDClientApiFunctions     100225bc     sdcardlib:SDCardApiStubs.obj
 0002:000005f0       g_funcAlloc                100225f0     sdcardlib:utilmem.obj
 0002:000005f4       g_funcFree                 100225f4     sdcardlib:utilmem.obj
 0002:000005f8       g_funcRealloc              100225f8     sdcardlib:utilmem.obj
 0002:000005fc       g_funcDebugOut             100225fc     sdcardlib:svsutil.obj
 0002:00000614       g_pvAllocData              10022614     sdcardlib:utilmem.obj
 0002:00000618       g_pvFreeData               10022618     sdcardlib:utilmem.obj
 0002:00000630       ?g_pSDBusAccess@@3PAVSDBusAccess@@A 10022630     sdcardlib:busacc.obj
 0002:00000634       g_pvDebugData              10022634     sdcardlib:svsutil.obj

 entry point at        0001:00007244

 Static symbols

 0001:0000b9c0       ?DumpRequest@@YAXPAU_SD_BUS_REQUEST@@K@Z 1000c9c0 f   s3c6410_hsmmc1_lib:sdhcslot.obj
 0001:000170e4       ?InitCardLib@@YAHXZ        100180e4 f   sdcardlib:SDMemApi.obj
 0001:00017258       ?DeinitCardLib@@YAHXZ      10018258 f   sdcardlib:SDMemApi.obj
 0001:0001a1bc       ?svsutil_CompactFixed_Worker@@YAXPAUFixedMemDescr@@@Z 1001b1bc f   sdcardlib:utilmemf.obj
 0001:0001c9a0       ?svsutil_DebugOut@@YAHPAXPAGZZ 1001d9a0 f   sdcardlib:svsutil.obj
