 s3c6410_ohci2

 Timestamp is 531ec5fa (Tue Mar 11 16:14:50 2014)

 Preferred load address is 10000000

 Start         Length     Name                   Class
 0001:00000000 00000004H .CRT$XCA                CODE
 0001:00000004 00000004H .CRT$XCZ                CODE
 0001:00000008 00000004H .CRT$XIA                CODE
 0001:0000000c 00000004H .CRT$XIZ                CODE
 0001:00000010 00000004H .CRT$XPA                CODE
 0001:00000014 00000004H .CRT$XPZ                CODE
 0001:00000018 00000004H .CRT$XTA                CODE
 0001:0000001c 00000004H .CRT$XTZ                CODE
 0001:00000020 0000d42eH .rdata                  CODE
 0001:0000d450 0000002aH .rdata$debug            CODE
 0001:0000d47c 0002ad38H .text                   CODE
 0001:000381b4 00000168H .xdata                  CODE
 0001:0003831c 00000028H .idata$2                CODE
 0001:00038344 00000014H .idata$3                CODE
 0001:00038358 00000134H .idata$4                CODE
 0001:0003848c 00000016H .idata$6                CODE
 0001:000384b0 00000100H .edata                  CODE
 0002:00000000 00000134H .idata$5                DATA
 0002:00000138 00000718H .data                   DATA
 0002:00000850 00000034H .bss                    DATA
 0003:00000000 00000dc0H .pdata                  DATA

  Address         Publics by Value              Rva+Base       Lib:Object

 0000:00000000       ___safe_se_handler_count   00000000     <absolute>
 0000:00000000       ___safe_se_handler_table   00000000     <absolute>
 0001:00000000       __xc_a                     10001000     corelib0:crt0init.obj
 0001:00000004       __xc_z                     10001004     corelib0:crt0init.obj
 0001:00000008       __xi_a                     10001008     corelib0:crt0init.obj
 0001:0000000c       __xi_z                     1000100c     corelib0:crt0init.obj
 0001:00000010       __xp_a                     10001010     corelib0:crt0init.obj
 0001:00000014       __xp_z                     10001014     corelib0:crt0init.obj
 0001:00000018       __xt_a                     10001018     corelib0:crt0init.obj
 0001:0000001c       __xt_z                     1000101c     corelib0:crt0init.obj
 0001:00000048       ??_C@_1EO@EFLCGDMD@?$AAO?$AAH?$AAC?$AAD?$AA?3?$AA?5?$AAi?$AAo?$AAP?$AAo?$AAr?$AAt?$AAB?$AAa?$AAs?$AAe?$AA?5?$AA0?$AAx?$AA?$CF?$AAX?$AA?0?$AA?5?$AAp?$AAo?$AAr?$AAt?$AAB?$AAa?$AAs?$AAe?$AA?5@ 10001048     s3c6410_ohci.obj
 0001:00000098       ??_C@_1FE@IAAJDEEC@?$AAO?$AAH?$AAC?$AAD?$AA?3?$AA?5?$AAi?$AAo?$AAP?$AAh?$AAy?$AAs?$AAi?$AAc?$AAa?$AAl?$AAB?$AAa?$AAs?$AAe?$AA?5?$AA0?$AAx?$AA?$CF?$AAX?$AA?0?$AA?5?$AAI?$AAo?$AAS?$AAp?$AAa@ 10001098     s3c6410_ohci.obj
 0001:000000f0       ??_C@_1EK@MBOLAMJD@?$AAO?$AAH?$AAC?$AAD?$AA?3?$AA?5?$AAF?$AAa?$AAi?$AAl?$AAe?$AAd?$AA?5?$AAT?$AAr?$AAa?$AAn?$AAs?$AAB?$AAu?$AAs?$AAA?$AAd?$AAd?$AAr?$AAT?$AAo?$AAV?$AAi?$AAr?$AAt?$AAu@ 100010f0     s3c6410_ohci.obj
 0001:00000140       ??_C@_1FA@CAEELLA@?$AA?$FL?$AAU?$AAS?$AAB?$AAH?$AA?3?$AAE?$AAR?$AAR?$AA?$FN?$AA?5?$AA?9?$AA?9?$AAI?$AAn?$AAi?$AAt?$AAi?$AAa?$AAl?$AAi?$AAz?$AAe?$AAO?$AAH?$AAC?$AAI?$AA?$CI?$AA?$CJ?$AA?5?$AA?3?$AA?5@ 10001140     s3c6410_ohci.obj
 0001:00000190       ??_C@_1GK@GCBEIODK@?$AA?$FL?$AAU?$AAS?$AAB?$AAH?$AA?3?$AAI?$AAN?$AAF?$AA?$FN?$AA?5?$AAI?$AAn?$AAi?$AAt?$AAi?$AAa?$AAl?$AAi?$AAz?$AAe?$AAO?$AAH?$AAC?$AAI?$AA?$CI?$AA?$CJ?$AA?5?$AA?3?$AA?5?$AAU?$AAS@ 10001190     s3c6410_ohci.obj
 0001:000001fc       ??_C@_1BM@KKKMKIHE@?$AAH?$AAc?$AAd?$AAC?$AAa?$AAp?$AAa?$AAb?$AAi?$AAl?$AAi?$AAt?$AAy?$AA?$AA@ 100011fc     s3c6410_ohci.obj
 0001:00000218       ??_C@_1FA@DPHEKBML@?$AAO?$AAH?$AAC?$AAD?$AA?3?$AA?5?$AAK?$AAe?$AAr?$AAn?$AAe?$AAl?$AAL?$AAi?$AAb?$AAI?$AAo?$AAC?$AAo?$AAn?$AAt?$AAr?$AAo?$AAl?$AA?5?$AAc?$AAa?$AAl?$AAl?$AA?5?$AAf?$AAa@ 10001218     s3c6410_ohci.obj
 0001:00000268       ??_C@_1EI@LOJCLMFL@?$AAO?$AAH?$AAC?$AAD?$AA?3?$AA?5?$AAF?$AAa?$AAi?$AAl?$AAe?$AAd?$AA?5?$AAT?$AAr?$AAa?$AAn?$AAs?$AAB?$AAu?$AAs?$AAA?$AAd?$AAd?$AAr?$AAT?$AAo?$AAS?$AAt?$AAa?$AAt?$AAi@ 10001268     s3c6410_ohci.obj
 0001:000002b0       ??_C@_1II@CDOFHEL@?$AAO?$AAH?$AAC?$AAD?$AA?3?$AA?5?$AAI?$AAn?$AAs?$AAt?$AAa?$AAl?$AAl?$AAe?$AAd?$AA?5?$AAI?$AAS?$AAR?$AA?5?$AAh?$AAa?$AAn?$AAd?$AAl?$AAe?$AAr?$AA?0?$AA?5?$AAD?$AAl?$AAl@ 100012b0     s3c6410_ohci.obj
 0001:00000338       ??_C@_1EK@FIHEAHPG@?$AAO?$AAH?$AAC?$AAD?$AA?3?$AA?5?$AAC?$AAo?$AAu?$AAl?$AAd?$AAn?$AA?8?$AAt?$AA?5?$AAi?$AAn?$AAs?$AAt?$AAa?$AAl?$AAl?$AA?5?$AAI?$AAS?$AAR?$AA?5?$AAh?$AAa?$AAn?$AAd?$AAl@ 10001338     s3c6410_ohci.obj
 0001:00000388       ??_C@_1BAK@KPHFPFKN@?$AAO?$AAH?$AAC?$AAD?$AA?3?$AA?5?$AAR?$AAe?$AAa?$AAd?$AA?5?$AAc?$AAo?$AAn?$AAf?$AAi?$AAg?$AA?5?$AAf?$AAr?$AAo?$AAm?$AA?5?$AAr?$AAe?$AAg?$AAi?$AAs?$AAt?$AAr?$AAy?$AA?3@ 10001388     s3c6410_ohci.obj
 0001:00000494       ??_C@_15LIBIHNCL@?$AAN?$AAO?$AA?$AA@ 10001494     s3c6410_ohci.obj
 0001:0000049c       ??_C@_17FGJJPDOI@?$AAY?$AAE?$AAS?$AA?$AA@ 1000149c     s3c6410_ohci.obj
 0001:000004a8       ??_C@_1IM@DHHKPKKF@?$AAI?$AAn?$AAi?$AAt?$AAi?$AAa?$AAl?$AAi?$AAz?$AAe?$AAO?$AAH?$AAC?$AAI?$AA?3?$AAD?$AAD?$AAK?$AAR?$AAe?$AAg?$AA_?$AAG?$AAe?$AAt?$AAW?$AAi?$AAn?$AAd?$AAo?$AAw?$AAI@ 100014a8     s3c6410_ohci.obj
 0001:00000538       ??_C@_1HG@LAGNOEAE@?$AAI?$AAn?$AAi?$AAt?$AAi?$AAa?$AAl?$AAi?$AAz?$AAe?$AAO?$AAH?$AAC?$AAI?$AA?3?$AAG?$AAe?$AAt?$AAR?$AAe?$AAg?$AAi?$AAs?$AAt?$AAr?$AAy?$AAC?$AAo?$AAn?$AAf?$AAi?$AAg@ 10001538     s3c6410_ohci.obj
 0001:000005b0       ??_C@_1GK@KLPDGBCC@?$AA?$FL?$AAU?$AAS?$AAB?$AAH?$AA?3?$AAE?$AAR?$AAR?$AA?$FN?$AA?5?$AAI?$AAn?$AAi?$AAt?$AAi?$AAa?$AAl?$AAi?$AAz?$AAe?$AAO?$AAH?$AAC?$AAI?$AA?$CI?$AA?$CJ?$AA?5?$AA?3?$AA?5?$AAM?$AAm@ 100015b0     s3c6410_ohci.obj
 0001:0000061c       ??_C@_1CC@NPEFILDH@?$AAP?$AAh?$AAy?$AAs?$AAi?$AAc?$AAa?$AAl?$AAP?$AAa?$AAg?$AAe?$AAS?$AAi?$AAz?$AAe?$AA?$AA@ 1000161c     s3c6410_ohci.obj
 0001:00000640       ??_C@_1GK@JFHJGEKH@?$AA?$CB?$AAU?$AAH?$AAC?$AAD?$AA?3?$AAG?$AAe?$AAt?$AAR?$AAe?$AAg?$AAi?$AAs?$AAt?$AAr?$AAy?$AAC?$AAo?$AAn?$AAf?$AAi?$AAg?$AA?5?$AAR?$AAe?$AAg?$AAO?$AAp?$AAe?$AAn?$AAK@ 10001640     s3c6410_ohci.obj
 0001:000006ac       ??_C@_1DK@JPBDFEOB@?$AAD?$AAE?$AAV?$AAI?$AAC?$AAE?$AA_?$AAC?$AAO?$AAN?$AAF?$AAI?$AAG?$AA_?$AAS?$AAT?$AAA?$AAT?$AAU?$AAS?$AA_?$AAI?$AAN?$AAV?$AAA?$AAL?$AAI?$AAD?$AA?$AA@ 100016ac     hcdlib:hcddrv.obj
 0001:000006e8       ??_C@_1DE@IMCKALLA@?$AAD?$AAE?$AAV?$AAI?$AAC?$AAE?$AA_?$AAC?$AAO?$AAN?$AAF?$AAI?$AAG?$AA_?$AAS?$AAT?$AAA?$AAT?$AAU?$AAS?$AA_?$AAD?$AAO?$AAN?$AAE?$AA?$AA@ 100016e8     hcdlib:hcddrv.obj
 0001:0000071c       ??_C@_1DI@CEGNOBAM@?$AAD?$AAE?$AAV?$AAI?$AAC?$AAE?$AA_?$AAC?$AAO?$AAN?$AAF?$AAI?$AAG?$AA_?$AAS?$AAT?$AAA?$AAT?$AAU?$AAS?$AA_?$AAF?$AAA?$AAI?$AAL?$AAE?$AAD?$AA?$AA@ 1000171c     hcdlib:hcddrv.obj
 0001:00000758       ??_C@_1HO@PGHDEMEK@?$AAD?$AAE?$AAV?$AAI?$AAC?$AAE?$AA_?$AAC?$AAO?$AAN?$AAF?$AAI?$AAG?$AA_?$AAS?$AAT?$AAA?$AAT?$AAU?$AAS?$AA_?$AAS?$AAI?$AAG?$AAN?$AAA?$AAL?$AA_?$AAN?$AAE?$AAW?$AA_@ 10001758     hcdlib:hcddrv.obj
 0001:000007d8       ??_C@_1II@FBBOBKGN@?$AAD?$AAE?$AAV?$AAI?$AAC?$AAE?$AA_?$AAC?$AAO?$AAN?$AAF?$AAI?$AAG?$AA_?$AAS?$AAT?$AAA?$AAT?$AAU?$AAS?$AA_?$AAI?$AAN?$AAS?$AAE?$AAR?$AAT?$AA_?$AAN?$AAE?$AAW?$AA_@ 100017d8     hcdlib:hcddrv.obj
 0001:00000860       ??_C@_1FC@LCLFDJDO@?$AAD?$AAE?$AAV?$AAI?$AAC?$AAE?$AA_?$AAC?$AAO?$AAN?$AAF?$AAI?$AAG?$AA_?$AAS?$AAT?$AAA?$AAT?$AAU?$AAS?$AA_?$AAC?$AAR?$AAE?$AAA?$AAT?$AAE?$AA_?$AAN?$AAE?$AAW?$AA_@ 10001860     hcdlib:hcddrv.obj
 0001:000008b8       ??_C@_1EI@COKEBMOE@?$AAD?$AAE?$AAV?$AAI?$AAC?$AAE?$AA_?$AAC?$AAO?$AAN?$AAF?$AAI?$AAG?$AA_?$AAS?$AAT?$AAA?$AAT?$AAU?$AAS?$AA_?$AAC?$AAR?$AAE?$AAA?$AAT?$AAE?$AA_?$AAN?$AAE?$AAW?$AA_@ 100018b8     hcdlib:hcddrv.obj
 0001:00000900       ??_C@_1GG@HPGGGHKI@?$AAD?$AAE?$AAV?$AAI?$AAC?$AAE?$AA_?$AAC?$AAO?$AAN?$AAF?$AAI?$AAG?$AA_?$AAS?$AAT?$AAA?$AAT?$AAU?$AAS?$AA_?$AAS?$AAC?$AAH?$AAE?$AAD?$AAU?$AAL?$AAI?$AAN?$AAG?$AA_@ 10001900     hcdlib:hcddrv.obj
 0001:00000968       ??_C@_1HG@KPBCOGEF@?$AAD?$AAE?$AAV?$AAI?$AAC?$AAE?$AA_?$AAC?$AAO?$AAN?$AAF?$AAI?$AAG?$AA_?$AAS?$AAT?$AAA?$AAT?$AAU?$AAS?$AA_?$AAS?$AAC?$AAH?$AAE?$AAD?$AAU?$AAL?$AAI?$AAN?$AAG?$AA_@ 10001968     hcdlib:hcddrv.obj
 0001:000009e0       ??_C@_1FG@CFFAAPDL@?$AAD?$AAE?$AAV?$AAI?$AAC?$AAE?$AA_?$AAC?$AAO?$AAN?$AAF?$AAI?$AAG?$AA_?$AAS?$AAT?$AAA?$AAT?$AAU?$AAS?$AA_?$AAS?$AAC?$AAH?$AAE?$AAD?$AAU?$AAL?$AAI?$AAN?$AAG?$AA_@ 100019e0     hcdlib:hcddrv.obj
 0001:00000a38       ??_C@_1GA@NDHJOKMM@?$AAD?$AAE?$AAV?$AAI?$AAC?$AAE?$AA_?$AAC?$AAO?$AAN?$AAF?$AAI?$AAG?$AA_?$AAS?$AAT?$AAA?$AAT?$AAU?$AAS?$AA_?$AAD?$AAE?$AAT?$AAE?$AAR?$AAM?$AAI?$AAN?$AAE?$AA_?$AAC@ 10001a38     hcdlib:hcddrv.obj
 0001:00000a98       ??_C@_1GM@JADKDKDC@?$AAD?$AAE?$AAV?$AAI?$AAC?$AAE?$AA_?$AAC?$AAO?$AAN?$AAF?$AAI?$AAG?$AA_?$AAS?$AAT?$AAA?$AAT?$AAU?$AAS?$AA_?$AAS?$AAC?$AAH?$AAE?$AAD?$AAU?$AAL?$AAI?$AAN?$AAG?$AA_@ 10001a98     hcdlib:hcddrv.obj
 0001:00000b08       ??_C@_1HM@NPLCKJLH@?$AAD?$AAE?$AAV?$AAI?$AAC?$AAE?$AA_?$AAC?$AAO?$AAN?$AAF?$AAI?$AAG?$AA_?$AAS?$AAT?$AAA?$AAT?$AAU?$AAS?$AA_?$AAS?$AAC?$AAH?$AAE?$AAD?$AAU?$AAL?$AAI?$AAN?$AAG?$AA_@ 10001b08     hcdlib:hcddrv.obj
 0001:00000b88       ??_C@_1HE@MEMGEMJJ@?$AAD?$AAE?$AAV?$AAI?$AAC?$AAE?$AA_?$AAC?$AAO?$AAN?$AAF?$AAI?$AAG?$AA_?$AAS?$AAT?$AAA?$AAT?$AAU?$AAS?$AA_?$AAS?$AAE?$AAT?$AAU?$AAP?$AA_?$AAC?$AAO?$AAN?$AAF?$AAI@ 10001b88     hcdlib:hcddrv.obj
 0001:00000c00       ??_C@_1GM@BCHKIAPP@?$AAD?$AAE?$AAV?$AAI?$AAC?$AAE?$AA_?$AAC?$AAO?$AAN?$AAF?$AAI?$AAG?$AA_?$AAS?$AAT?$AAA?$AAT?$AAU?$AAS?$AA_?$AAS?$AAC?$AAH?$AAE?$AAD?$AAU?$AAL?$AAI?$AAN?$AAG?$AA_@ 10001c00     hcdlib:hcddrv.obj
 0001:00000c70       ??_C@_1HM@FNPCBDHK@?$AAD?$AAE?$AAV?$AAI?$AAC?$AAE?$AA_?$AAC?$AAO?$AAN?$AAF?$AAI?$AAG?$AA_?$AAS?$AAT?$AAA?$AAT?$AAU?$AAS?$AA_?$AAS?$AAC?$AAH?$AAE?$AAD?$AAU?$AAL?$AAI?$AAN?$AAG?$AA_@ 10001c70     hcdlib:hcddrv.obj
 0001:00000cf0       ??_C@_1EI@BBOOKHNN@?$AAD?$AAE?$AAV?$AAI?$AAC?$AAE?$AA_?$AAC?$AAO?$AAN?$AAF?$AAI?$AAG?$AA_?$AAS?$AAT?$AAA?$AAT?$AAU?$AAS?$AA_?$AAL?$AAE?$AAA?$AAV?$AAE?$AA_?$AAA?$AAD?$AAD?$AAR?$AAE@ 10001cf0     hcdlib:hcddrv.obj
 0001:00000d38       ??_C@_1FI@LGLHPFAK@?$AAD?$AAE?$AAV?$AAI?$AAC?$AAE?$AA_?$AAC?$AAO?$AAN?$AAF?$AAI?$AAG?$AA_?$AAS?$AAT?$AAA?$AAT?$AAU?$AAS?$AA_?$AAS?$AAC?$AAH?$AAE?$AAD?$AAU?$AAL?$AAI?$AAN?$AAG?$AA_@ 10001d38     hcdlib:hcddrv.obj
 0001:00000d90       ??_C@_1HG@BLNLBKIO@?$AAD?$AAE?$AAV?$AAI?$AAC?$AAE?$AA_?$AAC?$AAO?$AAN?$AAF?$AAI?$AAG?$AA_?$AAS?$AAT?$AAA?$AAT?$AAU?$AAS?$AA_?$AAS?$AAC?$AAH?$AAE?$AAD?$AAU?$AAL?$AAI?$AAN?$AAG?$AA_@ 10001d90     hcdlib:hcddrv.obj
 0001:00000e08       ??_C@_1FG@NMCKCJLL@?$AAD?$AAE?$AAV?$AAI?$AAC?$AAE?$AA_?$AAC?$AAO?$AAN?$AAF?$AAI?$AAG?$AA_?$AAS?$AAT?$AAA?$AAT?$AAU?$AAS?$AA_?$AAR?$AAE?$AAS?$AAE?$AAT?$AA_?$AAA?$AAN?$AAD?$AA_?$AAE@ 10001e08     hcdlib:hcddrv.obj
 0001:00000e60       ??_C@_1EI@KNOIBOPH@?$AAD?$AAE?$AAV?$AAI?$AAC?$AAE?$AA_?$AAC?$AAO?$AAN?$AAF?$AAI?$AAG?$AA_?$AAS?$AAT?$AAA?$AAT?$AAU?$AAS?$AA_?$AAU?$AAS?$AAI?$AAN?$AAG?$AA_?$AAA?$AAD?$AAD?$AAR?$AAE@ 10001e60     hcdlib:hcddrv.obj
 0001:00000ea8       ??_C@_1FI@COMJHLEF@?$AAD?$AAE?$AAV?$AAI?$AAC?$AAE?$AA_?$AAC?$AAO?$AAN?$AAF?$AAI?$AAG?$AA_?$AAS?$AAT?$AAA?$AAT?$AAU?$AAS?$AA_?$AAO?$AAP?$AAE?$AAN?$AAI?$AAN?$AAG?$AA_?$AAE?$AAN?$AAD@ 10001ea8     hcdlib:hcddrv.obj
 0001:00000f00       ??_C@_1DA@JAPEOLC@?$AAH?$AAC?$AAD?$AA?5?$AAd?$AAr?$AAi?$AAv?$AAe?$AAr?$AA?5?$AAD?$AAL?$AAL?$AA?5?$AAa?$AAt?$AAt?$AAa?$AAc?$AAh?$AA?$AN?$AA?6?$AA?$AA@ 10001f00     hcdlib:hcddrv.obj
 0001:00000f30       ??_C@_1FK@FNONLNGN@?$AA?$CF?$AAs?$AA?3?$AA?5?$AAD?$AAE?$AAB?$AAU?$AAG?$AAC?$AAH?$AAK?$AA?5?$AAf?$AAa?$AAi?$AAl?$AAe?$AAd?$AA?5?$AAi?$AAn?$AA?5?$AAf?$AAi?$AAl?$AAe?$AA?5?$AA?$CF?$AAs?$AA?5?$AAa@ 10001f30     hcdlib:hcddrv.obj
 0001:00000f8c       ??_C@_1BA@LEPJIIOK@?$AAU?$AAn?$AAk?$AAn?$AAo?$AAw?$AAn?$AA?$AA@ 10001f8c     hcdlib:hcddrv.obj
 0001:00000fa0       ??_C@_1IC@DKENFALH@?$AAd?$AA?3?$AA?2?$AAy?$AAz?$AAk?$AAi?$AAq?$AAf?$AAe?$AA?2?$AAp?$AAu?$AAb?$AAl?$AAi?$AAc?$AA?2?$AAC?$AAO?$AAM?$AAM?$AAO?$AAN?$AA?2?$AAo?$AAa?$AAk?$AA?2?$AAd?$AAr?$AAi@ 10001fa0     hcdlib:hcddrv.obj
 0001:00001028       ??_C@_1GE@DHLLLPOC@?$AAH?$AAC?$AAD?$AA?$CB?$AAH?$AAC?$AAD?$AA_?$AAI?$AAn?$AAi?$AAt?$AA?5?$AAR?$AAe?$AAg?$AAQ?$AAu?$AAe?$AAr?$AAy?$AAV?$AAa?$AAl?$AAu?$AAe?$AAE?$AAx?$AA?$CI?$AA?$CF?$AAs?$AA?2@ 10002028     hcdlib:hcddrv.obj
 0001:0000108c       ??_C@_17KACEIPNC@?$AAK?$AAe?$AAy?$AA?$AA@ 1000208c     hcdlib:hcddrv.obj
 0001:00001098       ??_C@_1FK@BNJFLLEF@?$AAH?$AAC?$AAD?$AA?$CB?$AAH?$AAC?$AAD?$AA_?$AAI?$AAn?$AAi?$AAt?$AA?5?$AAR?$AAe?$AAg?$AAO?$AAp?$AAe?$AAn?$AAK?$AAe?$AAy?$AAE?$AAx?$AA?$CI?$AA?$CF?$AAs?$AA?$CJ?$AA?5?$AAr?$AAe@ 10002098     hcdlib:hcddrv.obj
 0001:000010f4       ??_C@_1BO@MHNNBHCL@?$AAH?$AAC?$AAD?$AA?$CB?$AAH?$AAC?$AAD?$AA_?$AAI?$AAn?$AAi?$AAt?$AA?$AN?$AA?6?$AA?$AA@ 100020f4     hcdlib:hcddrv.obj
 0001:00001114       ??_C@_1BI@BHLBGEOK@?$AAP?$AAr?$AAi?$AAo?$AAr?$AAi?$AAt?$AAy?$AA2?$AA5?$AA6?$AA?$AA@ 10002114     hcdlib:hcddrv.obj
 0001:0000112c       ??_C@_1CE@NJOCNLCM@?$AAH?$AAC?$AAD?$AA?3?$AA?5?$AAH?$AAC?$AAD?$AA_?$AAD?$AAe?$AAi?$AAn?$AAi?$AAt?$AA?$AN?$AA?6?$AA?$AA@ 1000212c     hcdlib:hcddrv.obj
 0001:00001150       ??_7CHcd@@6B@              10002150     hcdlib:hcd.obj
 0001:000011a0       ??_C@_1GG@IMKOLEF@?$AA?9?$AAC?$AAH?$AAc?$AAd?$AA?3?$AA?3?$AAO?$AAp?$AAe?$AAn?$AAP?$AAi?$AAp?$AAe?$AA?5?$AAf?$AAo?$AAr?$AA?5?$AAa?$AAd?$AAd?$AAr?$AAe?$AAs?$AAs?$AA?5?$AA?$CF?$AAd?$AA?0?$AA?5@ 100021a0     hcdlib:hcd.obj
 0001:00001208       ??_C@_1EO@POAKMOKK@?$AA?$CL?$AAC?$AAH?$AAc?$AAd?$AA?3?$AA?3?$AAO?$AAp?$AAe?$AAn?$AAP?$AAi?$AAp?$AAe?$AA?5?$AAf?$AAo?$AAr?$AA?5?$AAd?$AAe?$AAv?$AAi?$AAc?$AAe?$AA?5?$AAo?$AAn?$AA?5?$AAa?$AAd@ 10002208     hcdlib:hcd.obj
 0001:00001258       ??_C@_1II@BLHGDNFM@?$AA?9?$AAC?$AAH?$AAc?$AAd?$AA?3?$AA?3?$AAC?$AAl?$AAo?$AAs?$AAe?$AAP?$AAi?$AAp?$AAe?$AA?5?$AA?9?$AA?5?$AAa?$AAd?$AAd?$AAr?$AAe?$AAs?$AAs?$AA?5?$AA?$DN?$AA?5?$AA?$CF?$AAd?$AA?0@ 10002258     hcdlib:hcd.obj
 0001:000012e0       ??_C@_1GC@NJMEDGCO@?$AA?$CL?$AAC?$AAH?$AAc?$AAd?$AA?3?$AA?3?$AAC?$AAl?$AAo?$AAs?$AAe?$AAP?$AAi?$AAp?$AAe?$AA?5?$AA?9?$AA?5?$AAa?$AAd?$AAd?$AAr?$AAe?$AAs?$AAs?$AA?5?$AA?$DN?$AA?5?$AA?$CF?$AAd?$AA?0@ 100022e0     hcdlib:hcd.obj
 0001:00001348       ??_C@_1FC@IHEAIAGM@?$AA?9?$AAC?$AAH?$AAc?$AAd?$AA?3?$AA?3?$AAI?$AAs?$AAs?$AAu?$AAe?$AAT?$AAr?$AAa?$AAn?$AAs?$AAf?$AAe?$AAr?$AA?5?$AA?9?$AA?5?$AAr?$AAe?$AAt?$AAu?$AAr?$AAi?$AAn?$AAg?$AA?5@ 10002348     hcdlib:hcd.obj
 0001:000013a0       ??_C@_1PM@ELCLLPLD@?$AA?$CL?$AAC?$AAH?$AAc?$AAd?$AA?3?$AA?3?$AAI?$AAs?$AAs?$AAu?$AAe?$AAT?$AAr?$AAa?$AAn?$AAs?$AAf?$AAe?$AAr?$AA?5?$AA?9?$AA?5?$AAa?$AAd?$AAd?$AAr?$AAe?$AAs?$AAs?$AA?5?$AA?$DN@ 100023a0     hcdlib:hcd.obj
 0001:000014a0       ??_C@_1JA@FCGAMPLO@?$AA?9?$AAC?$AAH?$AAc?$AAd?$AA?3?$AA?3?$AAA?$AAb?$AAo?$AAr?$AAt?$AAT?$AAr?$AAa?$AAn?$AAs?$AAf?$AAe?$AAr?$AA?5?$AA?9?$AA?5?$AAa?$AAd?$AAd?$AAr?$AAe?$AAs?$AAs?$AA?5?$AA?$DN@ 100024a0     hcdlib:hcd.obj
 0001:00001530       ??_C@_1JC@PLEKCCMG@?$AA?$CL?$AAC?$AAH?$AAc?$AAd?$AA?3?$AA?3?$AAA?$AAb?$AAo?$AAr?$AAt?$AAT?$AAr?$AAa?$AAn?$AAs?$AAf?$AAe?$AAr?$AA?5?$AA?9?$AA?5?$AAa?$AAd?$AAd?$AAr?$AAe?$AAs?$AAs?$AA?5?$AA?$DN@ 10002530     hcdlib:hcd.obj
 0001:000015c8       ??_C@_1KE@LBCAOHB@?$AA?9?$AAC?$AAH?$AAc?$AAd?$AA?3?$AA?3?$AAI?$AAs?$AAP?$AAi?$AAp?$AAe?$AAH?$AAa?$AAl?$AAt?$AAe?$AAd?$AA?5?$AA?9?$AA?5?$AAa?$AAd?$AAd?$AAr?$AAe?$AAs?$AAs?$AA?5?$AA?$DN?$AA?5@ 100025c8     hcdlib:hcd.obj
 0001:00001670       ??_C@_1GI@FPOGNJBG@?$AA?$CL?$AAC?$AAH?$AAc?$AAd?$AA?3?$AA?3?$AAI?$AAs?$AAP?$AAi?$AAp?$AAe?$AAH?$AAa?$AAl?$AAt?$AAe?$AAd?$AA?5?$AA?9?$AA?5?$AAa?$AAd?$AAd?$AAr?$AAe?$AAs?$AAs?$AA?5?$AA?$DN?$AA?5@ 10002670     hcdlib:hcd.obj
 0001:000016d8       ??_C@_1II@FAPMMDIC@?$AA?9?$AAC?$AAH?$AAc?$AAd?$AA?3?$AA?3?$AAR?$AAe?$AAs?$AAe?$AAt?$AAP?$AAi?$AAp?$AAe?$AA?5?$AA?9?$AA?5?$AAa?$AAd?$AAd?$AAr?$AAe?$AAs?$AAs?$AA?5?$AA?$DN?$AA?5?$AA?$CF?$AAd?$AA?0@ 100026d8     hcdlib:hcd.obj
 0001:00001760       ??_C@_1GC@CCBOPNIE@?$AA?$CL?$AAC?$AAH?$AAc?$AAd?$AA?3?$AA?3?$AAR?$AAe?$AAs?$AAe?$AAt?$AAP?$AAi?$AAp?$AAe?$AA?5?$AA?9?$AA?5?$AAa?$AAd?$AAd?$AAr?$AAe?$AAs?$AAs?$AA?5?$AA?$DN?$AA?5?$AA?$CF?$AAd?$AA?0@ 10002760     hcdlib:hcd.obj
 0001:000017c8       ??_C@_1HA@DBAOPMNC@?$AA?9?$AAC?$AAH?$AAc?$AAd?$AA?3?$AA?3?$AAD?$AAi?$AAs?$AAa?$AAb?$AAl?$AAe?$AAD?$AAe?$AAv?$AAi?$AAc?$AAe?$AA?5?$AA?9?$AA?5?$AAa?$AAd?$AAd?$AAr?$AAe?$AAs?$AAs?$AA?5?$AA?$DN@ 100027c8     hcdlib:hcd.obj
 0001:00001838       ??_C@_1GC@CKNGPFE@?$AA?$CL?$AAC?$AAH?$AAc?$AAd?$AA?3?$AA?3?$AAD?$AAi?$AAs?$AAa?$AAb?$AAl?$AAe?$AAD?$AAe?$AAv?$AAi?$AAc?$AAe?$AA?5?$AA?9?$AA?5?$AAa?$AAd?$AAd?$AAr?$AAe?$AAs?$AAs?$AA?5?$AA?$DN@ 10002838     hcdlib:hcd.obj
 0001:000018a0       ??_C@_1IM@FNOGFBBE@?$AA?9?$AAC?$AAH?$AAc?$AAd?$AA?3?$AA?3?$AAS?$AAu?$AAs?$AAp?$AAe?$AAn?$AAd?$AAR?$AAe?$AAs?$AAu?$AAm?$AAe?$AA?5?$AA?9?$AA?5?$AAa?$AAd?$AAd?$AAr?$AAe?$AAs?$AAs?$AA?5?$AA?$DN@ 100028a0     hcdlib:hcd.obj
 0001:00001930       ??_C@_1GK@JHFDANOI@?$AA?$CL?$AAC?$AAH?$AAc?$AAd?$AA?3?$AA?3?$AAS?$AAu?$AAs?$AAp?$AAe?$AAn?$AAd?$AAR?$AAe?$AAs?$AAu?$AAm?$AAe?$AA?5?$AA?9?$AA?5?$AAa?$AAd?$AAd?$AAr?$AAe?$AAs?$AAs?$AA?5?$AA?$DN@ 10002930     hcdlib:hcd.obj
 0001:000019a0       ??_C@_1KA@FJCCGHGB@?$AAC?$AAP?$AAh?$AAy?$AAs?$AAM?$AAe?$AAm?$AA?5?$AA?5?$AAN?$AAo?$AAr?$AAm?$AAa?$AAl?$AA?5?$AAA?$AAl?$AAl?$AAo?$AAc?$AA?5?$AAR?$AAe?$AAg?$AAi?$AAo?$AAn?$AA?5?$AAP?$AAh@ 100029a0     hcdlib:cphysmem.obj
 0001:00001a40       ??_C@_1KA@PJOEMMCM@?$AAC?$AAP?$AAh?$AAy?$AAs?$AAM?$AAe?$AAm?$AA?5?$AAH?$AAi?$AAg?$AAh?$AAP?$AAr?$AAi?$AA?5?$AAA?$AAl?$AAl?$AAo?$AAc?$AA?5?$AAR?$AAe?$AAg?$AAi?$AAo?$AAn?$AA?5?$AAP?$AAh@ 10002a40     hcdlib:cphysmem.obj
 0001:00001ae0       ??_C@_1KA@JBKPJKEP@?$AAC?$AAP?$AAh?$AAy?$AAs?$AAM?$AAe?$AAm?$AA?5?$AAS?$AAp?$AAe?$AAc?$AAi?$AAa?$AAl?$AA?5?$AAA?$AAl?$AAl?$AAo?$AAc?$AA?5?$AAR?$AAe?$AAg?$AAi?$AAo?$AAn?$AA?5?$AAP?$AAh@ 10002ae0     hcdlib:cphysmem.obj
 0001:00001b80       ??_C@_1KA@PIBOCLFE@?$AAC?$AAP?$AAh?$AAy?$AAs?$AAM?$AAe?$AAm?$AA?5?$AA?5?$AA?5?$AAT?$AAo?$AAt?$AAa?$AAl?$AA?5?$AAA?$AAl?$AAl?$AAo?$AAc?$AA?5?$AAR?$AAe?$AAg?$AAi?$AAo?$AAn?$AA?5?$AAP?$AAh@ 10002b80     hcdlib:cphysmem.obj
 0001:00001c20       ??_C@_1FA@ICCPJKCO@?$AAA?$AAl?$AAl?$AAo?$AAc?$AAa?$AAt?$AAi?$AAn?$AAg?$AA?5?$AAD?$AAM?$AAA?$AA?5?$AAb?$AAu?$AAf?$AAf?$AAe?$AAr?$AA?5?$AAf?$AAr?$AAo?$AAm?$AA?5?$AAs?$AAy?$AAs?$AAt?$AAe@ 10002c20     hcdlib:cphysmem.obj
 0001:00001c70       ??_C@_1EA@LENIGCOC@?$AAD?$AAM?$AAA?$AA?5?$AAb?$AAu?$AAf?$AAf?$AAe?$AAr?$AA?5?$AAp?$AAa?$AAs?$AAs?$AAe?$AAd?$AA?5?$AAi?$AAn?$AA?5?$AAf?$AAr?$AAo?$AAm?$AA?5?$AAP?$AAD?$AAD?$AA?$AN?$AA?6?$AA?$AA@ 10002c70     hcdlib:cphysmem.obj
 0001:00001cb0       ??_C@_1IG@NNFGCPBO@?$AAd?$AA?3?$AA?2?$AAy?$AAz?$AAk?$AAi?$AAq?$AAf?$AAe?$AA?2?$AAp?$AAu?$AAb?$AAl?$AAi?$AAc?$AA?2?$AAC?$AAO?$AAM?$AAM?$AAO?$AAN?$AA?2?$AAo?$AAa?$AAk?$AA?2?$AAd?$AAr?$AAi@ 10002cb0     hcdlib:cphysmem.obj
 0001:00001d38       ??_C@_1GE@MMCCLEGJ@?$AAC?$AAP?$AAh?$AAy?$AAs?$AAM?$AAe?$AAm?$AA?5?$AAI?$AAn?$AAi?$AAt?$AA?5?$AA?3?$AA?5?$AAH?$AAi?$AAg?$AAh?$AAP?$AAr?$AAi?$AA?5?$AAF?$AAr?$AAe?$AAe?$AA?5?$AAH?$AAe?$AAa@ 10002d38     hcdlib:cphysmem.obj
 0001:00001d9c       ??_C@_1CE@NLPJGAMO@?$AAF?$AAr?$AAe?$AAe?$AA?5?$AAH?$AAi?$AAg?$AAh?$AA?5?$AAP?$AAr?$AAi?$AA?5?$AAM?$AAe?$AAm?$AA?$AA@ 10002d9c     hcdlib:cphysmem.obj
 0001:00001dc0       ??_C@_1FO@GMLOFHA@?$AAC?$AAP?$AAh?$AAy?$AAs?$AAM?$AAe?$AAm?$AA?5?$AAI?$AAn?$AAi?$AAt?$AA?5?$AA?3?$AA?5?$AAM?$AAa?$AAi?$AAn?$AA?5?$AAF?$AAr?$AAe?$AAe?$AA?5?$AAH?$AAe?$AAa?$AAp?$AA?5?$AAN@ 10002dc0     hcdlib:cphysmem.obj
 0001:00001e20       ??_C@_1CC@BENCJCHP@?$AAF?$AAr?$AAe?$AAe?$AA?5?$AAL?$AAo?$AAw?$AA?5?$AAP?$AAr?$AAi?$AA?5?$AAM?$AAe?$AAm?$AA?$AA@ 10002e20     hcdlib:cphysmem.obj
 0001:00001e48       ??_C@_1JM@GLIPFLD@?$AAC?$AAP?$AAh?$AAy?$AAs?$AAM?$AAe?$AAm?$AA?5?$AAI?$AAn?$AAi?$AAt?$AA?5?$AA?3?$AA?5?$AAH?$AAi?$AAg?$AAh?$AAP?$AAr?$AAi?$AAF?$AAr?$AAe?$AAe?$AAL?$AAi?$AAs?$AAt?$AAH@ 10002e48     hcdlib:cphysmem.obj
 0001:00001ee8       ??_C@_1IA@BJAEEMDH@?$AAC?$AAP?$AAh?$AAy?$AAs?$AAM?$AAe?$AAm?$AA?5?$AAI?$AAn?$AAi?$AAt?$AA?5?$AA?3?$AA?5?$AAF?$AAr?$AAe?$AAe?$AAL?$AAi?$AAs?$AAt?$AAH?$AAe?$AAa?$AAd?$AA?5?$AA?$DN?$AA?5?$AA0@ 10002ee8     hcdlib:cphysmem.obj
 0001:00001f68       ??_C@_1FI@PMOPNGBB@?$AAC?$AAP?$AAh?$AAy?$AAs?$AAM?$AAe?$AAm?$AA?5?$AAI?$AAn?$AAi?$AAt?$AA?5?$AA?3?$AA?5?$AAN?$AAo?$AAd?$AAe?$AAF?$AAr?$AAe?$AAe?$AAL?$AAi?$AAs?$AAt?$AAH?$AAe?$AAa?$AAd@ 10002f68     hcdlib:cphysmem.obj
 0001:00001fc0       ??_C@_1FG@KBIHBEP@?$AAC?$AAP?$AAh?$AAy?$AAs?$AAM?$AAe?$AAm?$AA?5?$AAV?$AAa?$AAl?$AAi?$AAd?$AAa?$AAt?$AAe?$AAH?$AAe?$AAa?$AAp?$AAs?$AA?5?$AA?3?$AA?5?$AAN?$AAo?$AAd?$AAe?$AAs?$AA?5?$AAF@ 10002fc0     hcdlib:cphysmem.obj
 0001:00002018       ??_C@_1HE@BKCBJCLG@?$AAC?$AAP?$AAh?$AAy?$AAs?$AAM?$AAe?$AAm?$AA?5?$AAV?$AAa?$AAl?$AAi?$AAd?$AAa?$AAt?$AAe?$AAH?$AAe?$AAa?$AAp?$AAs?$AA?5?$AA?3?$AA?5?$AAI?$AAn?$AAv?$AAa?$AAl?$AAi?$AAd@ 10003018     hcdlib:cphysmem.obj
 0001:00002090       ??_C@_1HI@EIJALODG@?$AAC?$AAP?$AAh?$AAy?$AAs?$AAM?$AAe?$AAm?$AA?5?$AAV?$AAa?$AAl?$AAi?$AAd?$AAa?$AAt?$AAe?$AAH?$AAe?$AAa?$AAp?$AAs?$AA?5?$AA?3?$AA?5?$AAW?$AAe?$AA?8?$AAv?$AAe?$AA?5?$AAl@ 10003090     hcdlib:cphysmem.obj
 0001:00002108       ??_C@_1IK@IOHNCDME@?$AAC?$AAP?$AAh?$AAy?$AAs?$AAM?$AAe?$AAm?$AA?5?$AAV?$AAa?$AAl?$AAi?$AAd?$AAa?$AAt?$AAe?$AAH?$AAe?$AAa?$AAp?$AAs?$AA?5?$AA?3?$AA?5?$AAF?$AAr?$AAe?$AAe?$AAS?$AAi?$AAz@ 10003108     hcdlib:cphysmem.obj
 0001:00002198       ??_C@_1GO@BBFMJBGE@?$AAC?$AAP?$AAh?$AAy?$AAs?$AAM?$AAe?$AAm?$AA?5?$AAV?$AAa?$AAl?$AAi?$AAd?$AAa?$AAt?$AAe?$AAH?$AAe?$AAa?$AAp?$AAs?$AA?5?$AA?3?$AA?5?$AAI?$AAn?$AAv?$AAa?$AAl?$AAi?$AAd@ 10003198     hcdlib:cphysmem.obj
 0001:00002208       ??_C@_1JM@FJJCMIHE@?$AAI?$AAn?$AAU?$AAs?$AAe?$AAL?$AAi?$AAs?$AAt?$AA?$CI?$AAp?$AAr?$AAi?$AA?5?$AA?$DN?$AA?5?$AA?$CF?$AAd?$AA?$CJ?$AA?5?$AA?3?$AA?5?$AAp?$AAN?$AAo?$AAd?$AAe?$AA?5?$AAs?$AAi?$AAz?$AAe@ 10003208     hcdlib:cphysmem.obj
 0001:000022a8       ??_C@_1GM@JDBBEPGD@?$AAC?$AAP?$AAh?$AAy?$AAs?$AAM?$AAe?$AAm?$AA?5?$AAV?$AAa?$AAl?$AAi?$AAd?$AAa?$AAt?$AAe?$AAH?$AAe?$AAa?$AAp?$AAs?$AA?5?$AA?3?$AA?5?$AAI?$AAn?$AAv?$AAa?$AAl?$AAi?$AAd@ 100032a8     hcdlib:cphysmem.obj
 0001:00002318       ??_C@_1HE@LFOBKGBN@?$AAC?$AAP?$AAh?$AAy?$AAs?$AAM?$AAe?$AAm?$AA?5?$AAV?$AAa?$AAl?$AAi?$AAd?$AAa?$AAt?$AAe?$AAH?$AAe?$AAa?$AAp?$AAs?$AA?5?$AA?3?$AA?5?$AAF?$AAr?$AAe?$AAe?$AA?5?$AAL?$AAi@ 10003318     hcdlib:cphysmem.obj
 0001:00002390       ??_C@_1JK@ENFIOHDK@?$AAF?$AAr?$AAe?$AAe?$AAL?$AAi?$AAs?$AAt?$AA?$CI?$AAp?$AAr?$AAi?$AA?5?$AA?$DN?$AA?5?$AA?$CF?$AAd?$AA?$CJ?$AA?5?$AA?3?$AA?5?$AAp?$AAN?$AAo?$AAd?$AAe?$AA?5?$AAs?$AAi?$AAz?$AAe?$AA?5@ 10003390     hcdlib:cphysmem.obj
 0001:00002430       ??_C@_1IC@KPOFODEL@?$AAd?$AA?3?$AA?2?$AAy?$AAz?$AAk?$AAi?$AAq?$AAf?$AAe?$AA?2?$AAp?$AAu?$AAb?$AAl?$AAi?$AAc?$AA?2?$AAc?$AAo?$AAm?$AAm?$AAo?$AAn?$AA?2?$AAo?$AAa?$AAk?$AA?2?$AAd?$AAr?$AAi@ 10003430     hcdlib:cphysmem.obj
 0001:000024b4       ??_C@_1BK@HELANJJ@?$AAD?$AAe?$AAf?$AAa?$AAu?$AAl?$AAt?$AA?5?$AAD?$AAe?$AAs?$AAc?$AA?$AA@ 100034b4     hcdlib:cphysmem.obj
 0001:000024d0       ??_C@_1BK@DHHEGMON@?$AAD?$AAe?$AAl?$AAe?$AAt?$AAe?$AAd?$AA?5?$AAN?$AAo?$AAd?$AAe?$AA?$AA@ 100034d0     hcdlib:cphysmem.obj
 0001:000024f0       ??_C@_1FO@DKILOPHK@?$AAC?$AAP?$AAh?$AAy?$AAs?$AAM?$AAe?$AAm?$AA?5?$AAA?$AAl?$AAl?$AAo?$AAc?$AAa?$AAt?$AAe?$AAM?$AAe?$AAm?$AAo?$AAr?$AAy?$AA?5?$AA?3?$AA?5?$AAb?$AAS?$AAp?$AAe?$AAc?$AAi@ 100034f0     hcdlib:cphysmem.obj
 0001:00002550       ??_C@_1JG@MNOBEEOD@?$AAC?$AAP?$AAh?$AAy?$AAs?$AAM?$AAe?$AAm?$AA?5?$AAA?$AAl?$AAl?$AAo?$AAc?$AAa?$AAt?$AAe?$AAM?$AAe?$AAm?$AAo?$AAr?$AAy?$AA?5?$AA?3?$AA?5?$AAP?$AAA?$AA?5?$AA?$DN?$AA?5?$AA0@ 10003550     hcdlib:cphysmem.obj
 0001:000025e8       ??_C@_1FM@OOLOAMIO@?$AAC?$AAP?$AAh?$AAy?$AAs?$AAM?$AAe?$AAm?$AA?5?$AAA?$AAl?$AAl?$AAo?$AAc?$AAa?$AAt?$AAe?$AAM?$AAe?$AAm?$AAo?$AAr?$AAy?$AA?5?$AA?3?$AA?5?$AAN?$AAo?$AA?5?$AAm?$AAe?$AAm@ 100035e8     hcdlib:cphysmem.obj
 0001:00002648       ??_C@_1HA@LDBHCAGE@?$AAC?$AAP?$AAh?$AAy?$AAs?$AAM?$AAe?$AAm?$AA?3?$AA?5?$AAH?$AAe?$AAa?$AAp?$AA?5?$AAp?$AAr?$AAi?$AA?5?$AA?$DN?$AA?5?$AA?$CF?$AAd?$AA?5?$AAb?$AAe?$AAf?$AAo?$AAr?$AAe?$AA?5?$AAa@ 10003648     hcdlib:cphysmem.obj
 0001:000026b8       ??_C@_1FK@GOKAFDHN@?$AAA?$AAl?$AAl?$AAo?$AAc?$AAa?$AAt?$AAe?$AAM?$AAe?$AAm?$AAo?$AAr?$AAy?$AA?5?$AAD?$AAe?$AAs?$AAc?$AA?5?$AA?$DN?$AA?5?$AA?$CF?$AAs?$AA?3?$AA?5?$AA?$CI?$AAr?$AAo?$AAu?$AAn?$AAd@ 100036b8     hcdlib:cphysmem.obj
 0001:00002718       ??_C@_1GC@CLHBJKAN@?$AAC?$AAP?$AAh?$AAy?$AAs?$AAM?$AAe?$AAm?$AA?3?$AA?5?$AAH?$AAe?$AAa?$AAp?$AA?5?$AAp?$AAr?$AAi?$AA?5?$AA?$DN?$AA?5?$AA?$CF?$AAd?$AA?5?$AAa?$AAf?$AAt?$AAe?$AAr?$AA?5?$AAf?$AAr@ 10003718     hcdlib:cphysmem.obj
 0001:0000277c       ??_C@_1BK@BIHKKMPG@?$AAF?$AAr?$AAe?$AAe?$AAd?$AA?5?$AAM?$AAe?$AAm?$AAo?$AAr?$AAy?$AA?$AA@ 1000377c     hcdlib:cphysmem.obj
 0001:00002798       ??_C@_1IO@GHNBCJEB@?$AAC?$AAP?$AAh?$AAy?$AAs?$AAM?$AAe?$AAm?$AA?5?$AAF?$AAr?$AAe?$AAe?$AAM?$AAe?$AAm?$AAo?$AAr?$AAy?$AA?5?$AA?3?$AA?5?$AAP?$AAA?$AA?5?$AA?$DN?$AA?5?$AA0?$AAx?$AA?$CF?$AA0?$AA8@ 10003798     hcdlib:cphysmem.obj
 0001:00002828       ??_C@_1GE@CAKPDPGE@?$AAC?$AAP?$AAh?$AAy?$AAs?$AAM?$AAe?$AAm?$AA?3?$AA?5?$AAH?$AAe?$AAa?$AAp?$AA?5?$AAp?$AAr?$AAi?$AA?5?$AA?$DN?$AA?5?$AA?$CF?$AAd?$AA?5?$AAb?$AAe?$AAf?$AAo?$AAr?$AAe?$AA?5?$AAf@ 10003828     hcdlib:cphysmem.obj
 0001:00002890       ??_C@_1EA@JHPLNJAE@?$AA?9?$AAC?$AAD?$AAe?$AAv?$AAi?$AAc?$AAe?$AA?3?$AA?3?$AAI?$AAn?$AAi?$AAt?$AAi?$AAa?$AAl?$AAi?$AAz?$AAe?$AA?0?$AA?5?$AAs?$AAu?$AAc?$AAc?$AAe?$AAs?$AAs?$AA?$CB?$AA?6?$AA?$AA@ 10003890     hcdlib:cdevice.obj
 0001:000028d0       ??_C@_1GO@JGJHIIIJ@?$AA?9?$AAC?$AAD?$AAe?$AAv?$AAi?$AAc?$AAe?$AA?3?$AA?3?$AAI?$AAn?$AAi?$AAt?$AAi?$AAa?$AAl?$AAi?$AAz?$AAe?$AA?5?$AA?9?$AA?5?$AAC?$AAo?$AAu?$AAl?$AAd?$AA?5?$AAn?$AAo?$AAt@ 100038d0     hcdlib:cdevice.obj
 0001:00002940       ??_C@_1CO@MCCAIHAO@?$AAH?$AAc?$AAd?$AAS?$AAe?$AAl?$AAe?$AAc?$AAt?$AAC?$AAo?$AAn?$AAf?$AAi?$AAg?$AAu?$AAr?$AAa?$AAt?$AAi?$AAo?$AAn?$AA?$AA@ 10003940     hcdlib:cdevice.obj
 0001:00002970       ??_C@_1DC@HKGGOMPG@?$AAH?$AAc?$AAd?$AAD?$AAe?$AAv?$AAi?$AAc?$AAe?$AAS?$AAu?$AAs?$AAp?$AAe?$AAn?$AAd?$AAe?$AAR?$AAe?$AAs?$AAu?$AAm?$AAe?$AAd?$AA?$AA@ 10003970     hcdlib:cdevice.obj
 0001:000029a4       ??_C@_1CE@KAKNBFJP@?$AAH?$AAc?$AAd?$AAD?$AAe?$AAv?$AAi?$AAc?$AAe?$AAD?$AAe?$AAt?$AAa?$AAc?$AAh?$AAe?$AAd?$AA?$AA@ 100039a4     hcdlib:cdevice.obj
 0001:000029c8       ??_C@_1CE@MBINLHH@?$AAH?$AAc?$AAd?$AAD?$AAe?$AAv?$AAi?$AAc?$AAe?$AAA?$AAt?$AAt?$AAa?$AAc?$AAh?$AAe?$AAd?$AA?$AA@ 100039c8     hcdlib:cdevice.obj
 0001:000029ec       ??_C@_1BE@NANPENDH@?$AAH?$AAc?$AAd?$AAA?$AAt?$AAt?$AAa?$AAc?$AAh?$AA?$AA@ 100039ec     hcdlib:cdevice.obj
 0001:00002a00       ??_C@_1GC@NHBDHMML@?$AA?9?$AAC?$AAD?$AAe?$AAv?$AAi?$AAc?$AAe?$AA?3?$AA?3?$AAI?$AAn?$AAi?$AAt?$AAi?$AAa?$AAl?$AAi?$AAz?$AAe?$AA?5?$AA?9?$AA?5?$AAC?$AAo?$AAu?$AAl?$AAd?$AA?5?$AAn?$AAo?$AAt@ 10003a00     hcdlib:cdevice.obj
 0001:00002a64       ??_C@_1BC@MPAIGMIO@?$AAU?$AAS?$AAB?$AAD?$AA?4?$AAD?$AAL?$AAL?$AA?$AA@ 10003a64     hcdlib:cdevice.obj
 0001:00002a78       ??_C@_1IE@IMGGLKFF@?$AAd?$AA?3?$AA?2?$AAy?$AAz?$AAk?$AAi?$AAq?$AAf?$AAe?$AA?2?$AAp?$AAu?$AAb?$AAl?$AAi?$AAc?$AA?2?$AAC?$AAO?$AAM?$AAM?$AAO?$AAN?$AA?2?$AAo?$AAa?$AAk?$AA?2?$AAd?$AAr?$AAi@ 10003a78     hcdlib:cdevice.obj
 0001:00002afc       ??_C@_1DI@FHCICPGN@?$AA?$CL?$AAC?$AAD?$AAe?$AAv?$AAi?$AAc?$AAe?$AAG?$AAl?$AAo?$AAb?$AAa?$AAl?$AA?3?$AA?3?$AAI?$AAn?$AAi?$AAt?$AAi?$AAa?$AAl?$AAi?$AAz?$AAe?$AA?6?$AA?$AA@ 10003afc     hcdlib:cdevice.obj
 0001:00002b34       ??_C@_1DA@LHFPLNDP@?$AA?9?$AAC?$AAD?$AAe?$AAv?$AAi?$AAc?$AAe?$AA?3?$AA?3?$AAD?$AAe?$AAI?$AAn?$AAi?$AAt?$AAi?$AAa?$AAl?$AAi?$AAz?$AAe?$AA?6?$AA?$AA@ 10003b34     hcdlib:cdevice.obj
 0001:00002b64       ??_C@_1BE@MDMBICMJ@?$AAH?$AAc?$AAd?$AAD?$AAe?$AAt?$AAa?$AAc?$AAh?$AA?$AA@ 10003b64     hcdlib:cdevice.obj
 0001:00002b78       ??_C@_1DA@DKPLNHPH@?$AA?$CL?$AAC?$AAD?$AAe?$AAv?$AAi?$AAc?$AAe?$AA?3?$AA?3?$AAD?$AAe?$AAI?$AAn?$AAi?$AAt?$AAi?$AAa?$AAl?$AAi?$AAz?$AAe?$AA?6?$AA?$AA@ 10003b78     hcdlib:cdevice.obj
 0001:00002ba8       ??_C@_1HO@NEAGMBBN@?$AA?9?$AAC?$AAD?$AAe?$AAv?$AAi?$AAc?$AAe?$AA?3?$AA?3?$AAR?$AAe?$AAs?$AAe?$AAr?$AAv?$AAe?$AAA?$AAd?$AAd?$AAr?$AAe?$AAs?$AAs?$AA?0?$AA?5?$AAr?$AAe?$AAt?$AAu?$AAr?$AAn@ 10003ba8     hcdlib:cdevice.obj
 0001:00002c28       ??_C@_1EA@FINECAO@?$AA?$CL?$AAC?$AAD?$AAe?$AAv?$AAi?$AAc?$AAe?$AAG?$AAl?$AAo?$AAb?$AAa?$AAl?$AA?3?$AA?3?$AAR?$AAe?$AAs?$AAe?$AAr?$AAv?$AAe?$AAA?$AAd?$AAd?$AAr?$AAe?$AAs?$AAs?$AA?6?$AA?$AA@ 10003c28     hcdlib:cdevice.obj
 0001:00002c68       ??_C@_1EM@JAIJPGKI@?$AA?9?$AAC?$AAD?$AAe?$AAv?$AAi?$AAc?$AAe?$AA?3?$AA?3?$AAF?$AAr?$AAe?$AAe?$AAA?$AAd?$AAd?$AAr?$AAe?$AAs?$AAs?$AA?5?$AA?9?$AA?5?$AAa?$AAd?$AAd?$AAr?$AAe?$AAs?$AAs?$AA?5@ 10003c68     hcdlib:cdevice.obj
 0001:00002cb8       ??_C@_1FI@GOMGBLHC@?$AA?$CL?$AAC?$AAD?$AAe?$AAv?$AAi?$AAc?$AAe?$AAG?$AAl?$AAo?$AAb?$AAa?$AAl?$AA?3?$AA?3?$AAF?$AAr?$AAe?$AAe?$AAA?$AAd?$AAd?$AAr?$AAe?$AAs?$AAs?$AA?5?$AA?9?$AA?5?$AAa?$AAd@ 10003cb8     hcdlib:cdevice.obj
 0001:00002d10       ??_C@_1CG@MCANFPKD@?$AA?9?$AAC?$AAD?$AAe?$AAv?$AAi?$AAc?$AAe?$AA?3?$AA?3?$AAC?$AAD?$AAe?$AAv?$AAi?$AAc?$AAe?$AA?6?$AA?$AA@ 10003d10     hcdlib:cdevice.obj
 0001:00002d38       ??_C@_1CG@FJNNFPGN@?$AA?$CL?$AAC?$AAD?$AAe?$AAv?$AAi?$AAc?$AAe?$AA?3?$AA?3?$AAC?$AAD?$AAe?$AAv?$AAi?$AAc?$AAe?$AA?6?$AA?$AA@ 10003d38     hcdlib:cdevice.obj
 0001:00002d60       ??_7CDevice@@6B@           10003d60     hcdlib:cdevice.obj
 0001:00002d9c       ??_C@_1CI@EJOBNDNG@?$AA?9?$AAC?$AAD?$AAe?$AAv?$AAi?$AAc?$AAe?$AA?3?$AA?3?$AA?$HO?$AAC?$AAD?$AAe?$AAv?$AAi?$AAc?$AAe?$AA?6?$AA?$AA@ 10003d9c     hcdlib:cdevice.obj
 0001:00002dc4       ??_C@_1CI@BMJILCMG@?$AA?$CL?$AAC?$AAD?$AAe?$AAv?$AAi?$AAc?$AAe?$AA?3?$AA?3?$AA?$HO?$AAC?$AAD?$AAe?$AAv?$AAi?$AAc?$AAe?$AA?6?$AA?$AA@ 10003dc4     hcdlib:cdevice.obj
 0001:00002df0       ??_C@_1IK@BBOLADBJ@?$AA?9?$AAC?$AAD?$AAe?$AAv?$AAi?$AAc?$AAe?$AA?3?$AA?3?$AAC?$AAr?$AAe?$AAa?$AAt?$AAe?$AAU?$AAs?$AAb?$AAC?$AAo?$AAn?$AAf?$AAi?$AAg?$AAu?$AAr?$AAa?$AAt?$AAi?$AAo?$AAn@ 10003df0     hcdlib:cdevice.obj
 0001:00002e80       ??_C@_1HE@OBCNJEAP@?$AA?9?$AAC?$AAD?$AAe?$AAv?$AAi?$AAc?$AAe?$AA?3?$AA?3?$AAC?$AAr?$AAe?$AAa?$AAt?$AAe?$AAU?$AAs?$AAb?$AAC?$AAo?$AAn?$AAf?$AAi?$AAg?$AAu?$AAr?$AAa?$AAt?$AAi?$AAo?$AAn@ 10003e80     hcdlib:cdevice.obj
 0001:00002ef8       ??_C@_1FG@PLHAINKD@?$AA?$CL?$AAC?$AAD?$AAe?$AAv?$AAi?$AAc?$AAe?$AA?3?$AA?3?$AAC?$AAr?$AAe?$AAa?$AAt?$AAe?$AAU?$AAs?$AAb?$AAC?$AAo?$AAn?$AAf?$AAi?$AAg?$AAu?$AAr?$AAa?$AAt?$AAi?$AAo?$AAn@ 10003ef8     hcdlib:cdevice.obj
 0001:00002f50       ??_C@_1FG@CKPOJHLM@?$AA?9?$AAC?$AAD?$AAe?$AAv?$AAi?$AAc?$AAe?$AA?3?$AA?3?$AAD?$AAe?$AAl?$AAe?$AAt?$AAe?$AAU?$AAs?$AAb?$AAC?$AAo?$AAn?$AAf?$AAi?$AAg?$AAu?$AAr?$AAa?$AAt?$AAi?$AAo?$AAn@ 10003f50     hcdlib:cdevice.obj
 0001:00002fa8       ??_C@_1FG@MDKEDGEC@?$AA?$CL?$AAC?$AAD?$AAe?$AAv?$AAi?$AAc?$AAe?$AA?3?$AA?3?$AAD?$AAe?$AAl?$AAe?$AAt?$AAe?$AAU?$AAs?$AAb?$AAC?$AAo?$AAn?$AAf?$AAi?$AAg?$AAu?$AAr?$AAa?$AAt?$AAi?$AAo?$AAn@ 10003fa8     hcdlib:cdevice.obj
 0001:00003000       ??_C@_1HI@HLMBKNMH@?$AA?9?$AAC?$AAD?$AAe?$AAv?$AAi?$AAc?$AAe?$AA?$CI?$AA?$CF?$AAs?$AA?5?$AAt?$AAi?$AAe?$AAr?$AA?5?$AA?$CF?$AAd?$AA?$CJ?$AA?3?$AA?3?$AAA?$AAl?$AAl?$AAo?$AAc?$AAa?$AAt?$AAe?$AAP?$AAi@ 10004000     hcdlib:cdevice.obj
 0001:00003078       ??_C@_1GK@EPJKGPON@?$AAC?$AAD?$AAe?$AAv?$AAi?$AAc?$AAe?$AA?$CI?$AA?$CF?$AAs?$AA?5?$AAt?$AAi?$AAe?$AAr?$AA?5?$AA?$CF?$AAd?$AA?$CJ?$AA?3?$AA?3?$AAA?$AAl?$AAl?$AAo?$AAc?$AAa?$AAt?$AAe?$AAP?$AAi?$AAp@ 10004078     hcdlib:cdevice.obj
 0001:000030e8       ??_C@_1JE@NPCBHKBA@?$AAC?$AAD?$AAe?$AAv?$AAi?$AAc?$AAe?$AA?$CI?$AA?$CF?$AAs?$AA?5?$AAt?$AAi?$AAe?$AAr?$AA?5?$AA?$CF?$AAd?$AA?$CJ?$AA?3?$AA?3?$AAA?$AAl?$AAl?$AAo?$AAc?$AAa?$AAt?$AAe?$AAP?$AAi?$AAp@ 100040e8     hcdlib:cdevice.obj
 0001:00003180       ??_C@_1FC@EIACOBNP@?$AA?$CL?$AAC?$AAD?$AAe?$AAv?$AAi?$AAc?$AAe?$AA?$CI?$AA?$CF?$AAs?$AA?5?$AAt?$AAi?$AAe?$AAr?$AA?5?$AA?$CF?$AAd?$AA?$CJ?$AA?3?$AA?3?$AAA?$AAl?$AAl?$AAo?$AAc?$AAa?$AAt?$AAe?$AAP?$AAi@ 10004180     hcdlib:cdevice.obj
 0001:000031d8       ??_C@_1IA@LJFJLBFJ@?$AAC?$AAH?$AAu?$AAb?$AA?$CI?$AA?$CF?$AAs?$AA?5?$AAt?$AAi?$AAe?$AAr?$AA?5?$AA?$CF?$AAd?$AA?$CJ?$AA?3?$AA?3?$AAD?$AAi?$AAs?$AAa?$AAb?$AAl?$AAe?$AAD?$AAe?$AAv?$AAi?$AAc?$AAe?$AA?5@ 100041d8     hcdlib:cdevice.obj
 0001:00003258       ??_C@_1KC@CMBFBEHD@?$AA?9?$AAC?$AAH?$AAu?$AAb?$AA?$CI?$AA?$CF?$AAs?$AA?5?$AAt?$AAi?$AAe?$AAr?$AA?5?$AA?$CF?$AAd?$AA?$CJ?$AA?3?$AA?3?$AAS?$AAu?$AAs?$AAp?$AAe?$AAn?$AAd?$AAR?$AAe?$AAs?$AAu?$AAm?$AAe@ 10004258     hcdlib:cdevice.obj
 0001:00003300       ??_C@_1IA@DMLFEMLF@?$AA?$CL?$AAC?$AAH?$AAu?$AAb?$AA?$CI?$AA?$CF?$AAs?$AA?5?$AAt?$AAi?$AAe?$AAr?$AA?5?$AA?$CF?$AAd?$AA?$CJ?$AA?3?$AA?3?$AAS?$AAu?$AAs?$AAp?$AAe?$AAn?$AAd?$AAR?$AAe?$AAs?$AAu?$AAm?$AAe@ 10004300     hcdlib:cdevice.obj
 0001:00003380       ??_C@_1DK@MGILKFGP@?$AA?9?$AAD?$AAu?$AAm?$AAp?$AA?5?$AAU?$AAS?$AAB?$AA_?$AAD?$AAE?$AAV?$AAI?$AAC?$AAE?$AA_?$AAD?$AAE?$AAS?$AAC?$AAR?$AAI?$AAP?$AAT?$AAO?$AAR?$AA?6?$AA?$AA@ 10004380     hcdlib:cdevice.obj
 0001:000033bc       ??_C@_1DM@HKEDEOHI@?$AA?7?$AAb?$AAN?$AAu?$AAm?$AAC?$AAo?$AAn?$AAf?$AAi?$AAg?$AAu?$AAr?$AAa?$AAt?$AAi?$AAo?$AAn?$AAs?$AA?5?$AA?$DN?$AA?5?$AA0?$AAx?$AA?$CF?$AA0?$AA2?$AAx?$AA?6?$AA?$AA@ 100043bc     hcdlib:cdevice.obj
 0001:000033f8       ??_C@_1DC@KFEMFLN@?$AA?7?$AAi?$AAS?$AAe?$AAr?$AAi?$AAa?$AAl?$AAN?$AAu?$AAm?$AAb?$AAe?$AAr?$AA?5?$AA?$DN?$AA?5?$AA0?$AAx?$AA?$CF?$AA0?$AA2?$AAx?$AA?6?$AA?$AA@ 100043f8     hcdlib:cdevice.obj
 0001:0000342c       ??_C@_1CI@KLPGHDHJ@?$AA?7?$AAi?$AAP?$AAr?$AAo?$AAd?$AAu?$AAc?$AAt?$AA?5?$AA?$DN?$AA?5?$AA0?$AAx?$AA?$CF?$AA0?$AA2?$AAx?$AA?6?$AA?$AA@ 1000442c     hcdlib:cdevice.obj
 0001:00003454       ??_C@_1DC@GGENBBGM@?$AA?7?$AAi?$AAM?$AAa?$AAn?$AAu?$AAf?$AAa?$AAc?$AAt?$AAu?$AAr?$AAe?$AAr?$AA?5?$AA?$DN?$AA?5?$AA0?$AAx?$AA?$CF?$AA0?$AA2?$AAx?$AA?6?$AA?$AA@ 10004454     hcdlib:cdevice.obj
 0001:00003488       ??_C@_1CK@PABHMLCI@?$AA?7?$AAb?$AAc?$AAd?$AAD?$AAe?$AAv?$AAi?$AAc?$AAe?$AA?5?$AA?$DN?$AA?5?$AA0?$AAx?$AA?$CF?$AA0?$AA4?$AAx?$AA?6?$AA?$AA@ 10004488     hcdlib:cdevice.obj
 0001:000034b4       ??_C@_1CK@POCACHBF@?$AA?7?$AAi?$AAd?$AAP?$AAr?$AAo?$AAd?$AAu?$AAc?$AAt?$AA?5?$AA?$DN?$AA?5?$AA0?$AAx?$AA?$CF?$AA0?$AA4?$AAx?$AA?6?$AA?$AA@ 100044b4     hcdlib:cdevice.obj
 0001:000034e0       ??_C@_1CI@DKBCNBPN@?$AA?7?$AAi?$AAd?$AAV?$AAe?$AAn?$AAd?$AAo?$AAr?$AA?5?$AA?$DN?$AA?5?$AA0?$AAx?$AA?$CF?$AA0?$AA4?$AAx?$AA?6?$AA?$AA@ 100044e0     hcdlib:cdevice.obj
 0001:00003508       ??_C@_1DG@DNBBNAFE@?$AA?7?$AAb?$AAM?$AAa?$AAx?$AAP?$AAa?$AAc?$AAk?$AAe?$AAt?$AAS?$AAi?$AAz?$AAe?$AA0?$AA?5?$AA?$DN?$AA?5?$AA0?$AAx?$AA?$CF?$AA0?$AA2?$AAx?$AA?6?$AA?$AA@ 10004508     hcdlib:cdevice.obj
 0001:00003540       ??_C@_1DG@ILHCOCOC@?$AA?7?$AAb?$AAD?$AAe?$AAv?$AAi?$AAc?$AAe?$AAP?$AAr?$AAo?$AAt?$AAo?$AAc?$AAo?$AAl?$AA?5?$AA?$DN?$AA?5?$AA0?$AAx?$AA?$CF?$AA0?$AA2?$AAx?$AA?6?$AA?$AA@ 10004540     hcdlib:cdevice.obj
 0001:00003578       ??_C@_1DG@ECOHLBJB@?$AA?7?$AAb?$AAD?$AAe?$AAv?$AAi?$AAc?$AAe?$AAS?$AAu?$AAb?$AAC?$AAl?$AAa?$AAs?$AAs?$AA?5?$AA?$DN?$AA?5?$AA0?$AAx?$AA?$CF?$AA0?$AA2?$AAx?$AA?6?$AA?$AA@ 10004578     hcdlib:cdevice.obj
 0001:000035b0       ??_C@_1DA@OGADBMKG@?$AA?7?$AAb?$AAD?$AAe?$AAv?$AAi?$AAc?$AAe?$AAC?$AAl?$AAa?$AAs?$AAs?$AA?5?$AA?$DN?$AA?5?$AA0?$AAx?$AA?$CF?$AA0?$AA2?$AAx?$AA?6?$AA?$AA@ 100045b0     hcdlib:cdevice.obj
 0001:000035e0       ??_C@_1CE@KILHOIAM@?$AA?7?$AAb?$AAc?$AAd?$AAU?$AAS?$AAB?$AA?5?$AA?$DN?$AA?5?$AA0?$AAx?$AA?$CF?$AA0?$AA4?$AAx?$AA?6?$AA?$AA@ 100045e0     hcdlib:cdevice.obj
 0001:00003604       ??_C@_1DG@KKACGDHH@?$AA?7?$AAb?$AAD?$AAe?$AAs?$AAc?$AAr?$AAi?$AAp?$AAt?$AAo?$AAr?$AAT?$AAy?$AAp?$AAe?$AA?5?$AA?$DN?$AA?5?$AA0?$AAx?$AA?$CF?$AA0?$AA2?$AAx?$AA?6?$AA?$AA@ 10004604     hcdlib:cdevice.obj
 0001:0000363c       ??_C@_1CG@HCKNJKHJ@?$AA?7?$AAb?$AAL?$AAe?$AAn?$AAg?$AAt?$AAh?$AA?5?$AA?$DN?$AA?5?$AA0?$AAx?$AA?$CF?$AA0?$AA2?$AAx?$AA?6?$AA?$AA@ 1000463c     hcdlib:cdevice.obj
 0001:00003664       ??_C@_1DK@KDGIICEE@?$AA?$CL?$AAD?$AAu?$AAm?$AAp?$AA?5?$AAU?$AAS?$AAB?$AA_?$AAD?$AAE?$AAV?$AAI?$AAC?$AAE?$AA_?$AAD?$AAE?$AAS?$AAC?$AAR?$AAI?$AAP?$AAT?$AAO?$AAR?$AA?6?$AA?$AA@ 10004664     hcdlib:cdevice.obj
 0001:000036a0       ??_C@_1EI@GPGKHEHH@?$AA?9?$AAD?$AAu?$AAm?$AAp?$AA?5?$AAU?$AAS?$AAB?$AA_?$AAC?$AAO?$AAN?$AAF?$AAI?$AAG?$AAU?$AAR?$AAA?$AAT?$AAI?$AAO?$AAN?$AA_?$AAD?$AAE?$AAS?$AAC?$AAR?$AAI?$AAP?$AAT@ 100046a0     hcdlib:cdevice.obj
 0001:000036e8       ??_C@_1CI@BHMCOMDM@?$AA?7?$AAM?$AAa?$AAx?$AAP?$AAo?$AAw?$AAe?$AAr?$AA?5?$AA?$DN?$AA?5?$AA0?$AAx?$AA?$CF?$AA0?$AA2?$AAx?$AA?6?$AA?$AA@ 100046e8     hcdlib:cdevice.obj
 0001:00003710       ??_C@_1EI@OGFINNGI@?$AA?7?$AA?7?$AAb?$AAm?$AAA?$AAt?$AAt?$AAr?$AAi?$AAb?$AAu?$AAt?$AAe?$AAs?$AA?0?$AA?5?$AAR?$AAe?$AAm?$AAo?$AAt?$AAe?$AA?5?$AAW?$AAa?$AAk?$AAe?$AAu?$AAp?$AA?5?$AA?$DN?$AA?5@ 10004710     hcdlib:cdevice.obj
 0001:00003758       ??_C@_1EG@JGMNAAKF@?$AA?7?$AA?7?$AAb?$AAm?$AAA?$AAt?$AAt?$AAr?$AAi?$AAb?$AAu?$AAt?$AAe?$AAs?$AA?0?$AA?5?$AAS?$AAe?$AAl?$AAf?$AA?5?$AAP?$AAo?$AAw?$AAe?$AAr?$AAe?$AAd?$AA?5?$AA?$DN?$AA?5?$AA?$CF@ 10004758     hcdlib:cdevice.obj
 0001:000037a0       ??_C@_1EE@FIOJAKAP@?$AA?7?$AA?7?$AAb?$AAm?$AAA?$AAt?$AAt?$AAr?$AAi?$AAb?$AAu?$AAt?$AAe?$AAs?$AA?0?$AA?5?$AAB?$AAu?$AAs?$AA?5?$AAP?$AAo?$AAw?$AAe?$AAr?$AAe?$AAd?$AA?5?$AA?$DN?$AA?5?$AA?$CF?$AAd@ 100047a0     hcdlib:cdevice.obj
 0001:000037e4       ??_C@_1DA@LCDJCEML@?$AA?7?$AAb?$AAm?$AAA?$AAt?$AAt?$AAr?$AAi?$AAb?$AAu?$AAt?$AAe?$AAs?$AA?5?$AA?$DN?$AA?5?$AA0?$AAx?$AA?$CF?$AA0?$AA2?$AAx?$AA?6?$AA?$AA@ 100047e4     hcdlib:cdevice.obj
 0001:00003814       ??_C@_1DE@DPPBJEKC@?$AA?7?$AAi?$AAC?$AAo?$AAn?$AAf?$AAi?$AAg?$AAu?$AAr?$AAa?$AAt?$AAi?$AAo?$AAn?$AA?5?$AA?$DN?$AA?5?$AA0?$AAx?$AA?$CF?$AA0?$AA2?$AAx?$AA?6?$AA?$AA@ 10004814     hcdlib:cdevice.obj
 0001:00003848       ??_C@_1DO@IEJMMIGI@?$AA?7?$AAb?$AAC?$AAo?$AAn?$AAf?$AAi?$AAg?$AAu?$AAr?$AAa?$AAt?$AAi?$AAo?$AAn?$AAV?$AAa?$AAl?$AAu?$AAe?$AA?5?$AA?$DN?$AA?5?$AA0?$AAx?$AA?$CF?$AA0?$AA2?$AAx?$AA?6?$AA?$AA@ 10004848     hcdlib:cdevice.obj
 0001:00003888       ??_C@_1DE@CEAKMJHK@?$AA?7?$AAb?$AAN?$AAu?$AAm?$AAI?$AAn?$AAt?$AAe?$AAr?$AAf?$AAa?$AAc?$AAe?$AAs?$AA?5?$AA?$DN?$AA?5?$AA0?$AAx?$AA?$CF?$AA0?$AA2?$AAx?$AA?6?$AA?$AA@ 10004888     hcdlib:cdevice.obj
 0001:000038bc       ??_C@_1DA@BIBJMFOD@?$AA?7?$AAw?$AAT?$AAo?$AAt?$AAa?$AAl?$AAL?$AAe?$AAn?$AAg?$AAt?$AAh?$AA?5?$AA?$DN?$AA?5?$AA0?$AAx?$AA?$CF?$AA0?$AA4?$AAx?$AA?6?$AA?$AA@ 100048bc     hcdlib:cdevice.obj
 0001:000038f0       ??_C@_1EI@DNLDJBIN@?$AA?$CL?$AAD?$AAu?$AAm?$AAp?$AA?5?$AAU?$AAS?$AAB?$AA_?$AAC?$AAO?$AAN?$AAF?$AAI?$AAG?$AAU?$AAR?$AAA?$AAT?$AAI?$AAO?$AAN?$AA_?$AAD?$AAE?$AAS?$AAC?$AAR?$AAI?$AAP?$AAT@ 100048f0     hcdlib:cdevice.obj
 0001:00003938       ??_C@_1EA@GKDHLAHP@?$AA?9?$AAD?$AAu?$AAm?$AAp?$AA?5?$AAU?$AAS?$AAB?$AA_?$AAI?$AAN?$AAT?$AAE?$AAR?$AAF?$AAA?$AAC?$AAE?$AA_?$AAD?$AAE?$AAS?$AAC?$AAR?$AAI?$AAP?$AAT?$AAO?$AAR?$AA?6?$AA?$AA@ 10004938     hcdlib:cdevice.obj
 0001:00003978       ??_C@_1CM@MOJHGEFA@?$AA?7?$AAi?$AAI?$AAn?$AAt?$AAe?$AAr?$AAf?$AAa?$AAc?$AAe?$AA?5?$AA?$DN?$AA?5?$AA0?$AAx?$AA?$CF?$AA0?$AA2?$AAx?$AA?6?$AA?$AA@ 10004978     hcdlib:cdevice.obj
 0001:000039a4       ??_C@_1DM@NGGHHJBN@?$AA?7?$AAb?$AAI?$AAn?$AAt?$AAe?$AAr?$AAf?$AAa?$AAc?$AAe?$AAP?$AAr?$AAo?$AAt?$AAo?$AAc?$AAo?$AAl?$AA?5?$AA?$DN?$AA?5?$AA0?$AAx?$AA?$CF?$AA0?$AA2?$AAx?$AA?6?$AA?$AA@ 100049a4     hcdlib:cdevice.obj
 0001:000039e0       ??_C@_1DM@BPPCCKGO@?$AA?7?$AAb?$AAI?$AAn?$AAt?$AAe?$AAr?$AAf?$AAa?$AAc?$AAe?$AAS?$AAu?$AAb?$AAC?$AAl?$AAa?$AAs?$AAs?$AA?5?$AA?$DN?$AA?5?$AA0?$AAx?$AA?$CF?$AA0?$AA2?$AAx?$AA?6?$AA?$AA@ 100049e0     hcdlib:cdevice.obj
 0001:00003a1c       ??_C@_1DG@GGHLMIAK@?$AA?7?$AAb?$AAI?$AAn?$AAt?$AAe?$AAr?$AAf?$AAa?$AAc?$AAe?$AAC?$AAl?$AAa?$AAs?$AAs?$AA?5?$AA?$DN?$AA?5?$AA0?$AAx?$AA?$CF?$AA0?$AA2?$AAx?$AA?6?$AA?$AA@ 10004a1c     hcdlib:cdevice.obj
 0001:00003a54       ??_C@_1DC@PJPDJIP@?$AA?7?$AAb?$AAN?$AAu?$AAm?$AAE?$AAn?$AAd?$AAp?$AAo?$AAi?$AAn?$AAt?$AAs?$AA?5?$AA?$DN?$AA?5?$AA0?$AAx?$AA?$CF?$AA0?$AA2?$AAx?$AA?6?$AA?$AA@ 10004a54     hcdlib:cdevice.obj
 0001:00003a88       ??_C@_1DK@MJEAGMPA@?$AA?7?$AAb?$AAA?$AAl?$AAt?$AAe?$AAr?$AAn?$AAa?$AAt?$AAe?$AAS?$AAe?$AAt?$AAt?$AAi?$AAn?$AAg?$AA?5?$AA?$DN?$AA?5?$AA0?$AAx?$AA?$CF?$AA0?$AA2?$AAx?$AA?6?$AA?$AA@ 10004a88     hcdlib:cdevice.obj
 0001:00003ac4       ??_C@_1DI@OBBAOB@?$AA?7?$AAb?$AAI?$AAn?$AAt?$AAe?$AAr?$AAf?$AAa?$AAc?$AAe?$AAN?$AAu?$AAm?$AAb?$AAe?$AAr?$AA?5?$AA?$DN?$AA?5?$AA0?$AAx?$AA?$CF?$AA0?$AA2?$AAx?$AA?6?$AA?$AA@ 10004ac4     hcdlib:cdevice.obj
 0001:00003b00       ??_C@_1EA@POGLFBID@?$AA?$CL?$AAD?$AAu?$AAm?$AAp?$AA?5?$AAU?$AAS?$AAB?$AA_?$AAI?$AAN?$AAT?$AAE?$AAR?$AAF?$AAA?$AAC?$AAE?$AA_?$AAD?$AAE?$AAS?$AAC?$AAR?$AAI?$AAP?$AAT?$AAO?$AAR?$AA?6?$AA?$AA@ 10004b00     hcdlib:cdevice.obj
 0001:00003b40       ??_C@_1DO@PFLJDGOH@?$AA?9?$AAD?$AAu?$AAm?$AAp?$AA?5?$AAU?$AAS?$AAB?$AA_?$AAE?$AAN?$AAD?$AAP?$AAO?$AAI?$AAN?$AAT?$AA_?$AAD?$AAE?$AAS?$AAC?$AAR?$AAI?$AAP?$AAT?$AAO?$AAR?$AA?6?$AA?$AA@ 10004b40     hcdlib:cdevice.obj
 0001:00003b80       ??_C@_1CK@LLJPEFDK@?$AA?7?$AAb?$AAI?$AAn?$AAt?$AAe?$AAr?$AAv?$AAa?$AAl?$AA?5?$AA?$DN?$AA?5?$AA0?$AAx?$AA?$CF?$AA0?$AA2?$AAx?$AA?6?$AA?$AA@ 10004b80     hcdlib:cdevice.obj
 0001:00003bac       ??_C@_1DE@FKEFDAJI@?$AA?7?$AAw?$AAM?$AAa?$AAx?$AAP?$AAa?$AAc?$AAk?$AAe?$AAt?$AAS?$AAi?$AAz?$AAe?$AA?5?$AA?$DN?$AA?5?$AA0?$AAx?$AA?$CF?$AA0?$AA4?$AAx?$AA?6?$AA?$AA@ 10004bac     hcdlib:cdevice.obj
 0001:00003be0       ??_C@_1EI@IBEEEFHL@?$AA?7?$AA?7?$AAb?$AAm?$AAA?$AAt?$AAt?$AAr?$AAi?$AAb?$AAu?$AAt?$AAe?$AAs?$AA?0?$AA?5?$AAe?$AAn?$AAd?$AAp?$AAo?$AAi?$AAn?$AAt?$AA?5?$AAt?$AAy?$AAp?$AAe?$AA?5?$AA?$DN?$AA?5@ 10004be0     hcdlib:cdevice.obj
 0001:00003c28       ??_C@_1EI@JPGNKMBJ@?$AA?7?$AA?7?$AAb?$AAE?$AAn?$AAd?$AAp?$AAo?$AAi?$AAn?$AAt?$AAA?$AAd?$AAd?$AAr?$AAe?$AAs?$AAs?$AA?0?$AA?5?$AAd?$AAi?$AAr?$AAe?$AAc?$AAt?$AAi?$AAo?$AAn?$AA?5?$AA?$DN?$AA?5@ 10004c28     hcdlib:cdevice.obj
 0001:00003c70       ??_C@_17HCEMPBGG@?$AAO?$AAU?$AAT?$AA?$AA@ 10004c70     hcdlib:cdevice.obj
 0001:00003c78       ??_C@_15BNKBCKPG@?$AAI?$AAN?$AA?$AA@ 10004c78     hcdlib:cdevice.obj
 0001:00003c80       ??_C@_1EK@FBMFPAGP@?$AA?7?$AA?7?$AAb?$AAE?$AAn?$AAd?$AAp?$AAo?$AAi?$AAn?$AAt?$AAA?$AAd?$AAd?$AAr?$AAe?$AAs?$AAs?$AA?0?$AA?5?$AAe?$AAn?$AAd?$AAp?$AAo?$AAi?$AAn?$AAt?$AA?5?$AA?$CD?$AA?5?$AA?$DN@ 10004c80     hcdlib:cdevice.obj
 0001:00003ccc       ??_C@_1DI@MCPDKGOI@?$AA?7?$AAb?$AAE?$AAn?$AAd?$AAp?$AAo?$AAi?$AAn?$AAt?$AAA?$AAd?$AAd?$AAr?$AAe?$AAs?$AAs?$AA?5?$AA?$DN?$AA?5?$AA0?$AAx?$AA?$CF?$AA0?$AA2?$AAx?$AA?6?$AA?$AA@ 10004ccc     hcdlib:cdevice.obj
 0001:00003d04       ??_C@_1DO@PHADHLEF@?$AA?$CL?$AAD?$AAu?$AAm?$AAp?$AA?5?$AAU?$AAS?$AAB?$AA_?$AAE?$AAN?$AAD?$AAP?$AAO?$AAI?$AAN?$AAT?$AA_?$AAD?$AAE?$AAS?$AAC?$AAR?$AAI?$AAP?$AAT?$AAO?$AAR?$AA?6?$AA?$AA@ 10004d04     hcdlib:cdevice.obj
 0001:00003d44       ??_C@_1BA@FCLNFMPO@?$AAC?$AAO?$AAN?$AAT?$AAR?$AAO?$AAL?$AA?$AA@ 10004d44     hcdlib:cdevice.obj
 0001:00003d54       ??_C@_1BI@EGKNLPFO@?$AAI?$AAS?$AAO?$AAC?$AAH?$AAR?$AAO?$AAN?$AAO?$AAU?$AAS?$AA?$AA@ 10004d54     hcdlib:cdevice.obj
 0001:00003d6c       ??_C@_19KPHDKIJN@?$AAB?$AAU?$AAL?$AAK?$AA?$AA@ 10004d6c     hcdlib:cdevice.obj
 0001:00003d78       ??_C@_1BE@HPDKKJEA@?$AAI?$AAN?$AAT?$AAE?$AAR?$AAR?$AAU?$AAP?$AAT?$AA?$AA@ 10004d78     hcdlib:cdevice.obj
 0001:00003d90       ??_C@_1EC@KLPCLDKE@?$AA?9?$AAD?$AAu?$AAm?$AAp?$AA?5?$AAe?$AAx?$AAt?$AAe?$AAn?$AAd?$AAe?$AAd?$AA?5?$AAb?$AAy?$AAt?$AAe?$AAs?$AA?0?$AA?5?$AAs?$AAi?$AAz?$AAe?$AA?5?$AA?$DN?$AA?5?$AA?$CF?$AAd?$AA?6@ 10004d90     hcdlib:cdevice.obj
 0001:00003dd4       ??_C@_1DE@GIBFNBPI@?$AA?7?$AAB?$AAy?$AAt?$AAe?$AAs?$AA?5?$AA?$CF?$AAd?$AA?5?$AAt?$AAo?$AA?5?$AA?$CF?$AAd?$AA?5?$AA?$DN?$AA?5?$AA0?$AAx?$AA?$CF?$AA0?$AA8?$AAx?$AA?6?$AA?$AA@ 10004dd4     hcdlib:cdevice.obj
 0001:00003e08       ??_C@_1EC@MEPGFLKH@?$AA?$CL?$AAD?$AAu?$AAm?$AAp?$AA?5?$AAe?$AAx?$AAt?$AAe?$AAn?$AAd?$AAe?$AAd?$AA?5?$AAb?$AAy?$AAt?$AAe?$AAs?$AA?0?$AA?5?$AAs?$AAi?$AAz?$AAe?$AA?5?$AA?$DN?$AA?5?$AA?$CF?$AAd?$AA?6@ 10004e08     hcdlib:cdevice.obj
 0001:00003e4c       ??_C@_1BK@DEBFAAFC@?$AA?9?$AAC?$AAH?$AAu?$AAb?$AA?3?$AA?3?$AAC?$AAH?$AAu?$AAb?$AA?6?$AA?$AA@ 10004e4c     hcdlib:cdevice.obj
 0001:00003e68       ??_C@_1BK@LMLNNOD@?$AA?$CL?$AAC?$AAH?$AAu?$AAb?$AA?3?$AA?3?$AAC?$AAH?$AAu?$AAb?$AA?6?$AA?$AA@ 10004e68     hcdlib:cdevice.obj
 0001:00003e88       ??_7CHub@@6B@              10004e88     hcdlib:cdevice.obj
 0001:00003ee8       ??_C@_1FK@LOPDGCEF@?$AAC?$AAH?$AAu?$AAb?$AA?$CI?$AA?$CF?$AAs?$AA?5?$AAt?$AAi?$AAe?$AAr?$AA?5?$AA?$CF?$AAd?$AA?$CJ?$AA?3?$AA?3?$AA?5?$AAR?$AAe?$AAs?$AAu?$AAm?$AAe?$AAN?$AAo?$AAt?$AAi?$AAf?$AAi?$AAc@ 10004ee8     hcdlib:cdevice.obj
 0001:00003f44       ??_C@_1BM@IFFKMHML@?$AA?9?$AAC?$AAH?$AAu?$AAb?$AA?3?$AA?3?$AA?$HO?$AAC?$AAH?$AAu?$AAb?$AA?6?$AA?$AA@ 10004f44     hcdlib:cdevice.obj
 0001:00003f60       ??_C@_1BM@IAOGMJIF@?$AA?$CL?$AAC?$AAH?$AAu?$AAb?$AA?3?$AA?3?$AA?$HO?$AAC?$AAH?$AAu?$AAb?$AA?6?$AA?$AA@ 10004f60     hcdlib:cdevice.obj
 0001:00003f80       ??_C@_1IO@PBDBAMLH@?$AA?9?$AAC?$AAH?$AAu?$AAb?$AA?$CI?$AA?$CF?$AAs?$AA?5?$AAt?$AAi?$AAe?$AAr?$AA?5?$AA?$CF?$AAd?$AA?$CJ?$AA?3?$AA?3?$AAH?$AAu?$AAb?$AAS?$AAt?$AAa?$AAt?$AAu?$AAs?$AAC?$AAh?$AAa?$AAn@ 10004f80     hcdlib:cdevice.obj
 0001:00004010       ??_C@_1IM@FADCMJIB@?$AAC?$AAH?$AAu?$AAb?$AA?$CI?$AA?$CF?$AAs?$AA?5?$AAt?$AAi?$AAe?$AAr?$AA?5?$AA?$CF?$AAd?$AA?$CJ?$AA?3?$AA?3?$AAH?$AAu?$AAb?$AAS?$AAt?$AAa?$AAt?$AAu?$AAs?$AAC?$AAh?$AAa?$AAn?$AAg@ 10005010     hcdlib:cdevice.obj
 0001:000040a0       ??_C@_1KC@HAEJMCEO@?$AAC?$AAH?$AAu?$AAb?$AA?$CI?$AA?$CF?$AAs?$AA?5?$AAt?$AAi?$AAe?$AAr?$AA?5?$AA?$CF?$AAd?$AA?$CJ?$AA?3?$AA?3?$AAH?$AAu?$AAb?$AAS?$AAt?$AAa?$AAt?$AAu?$AAs?$AAC?$AAh?$AAa?$AAn?$AAg@ 100050a0     hcdlib:cdevice.obj
 0001:00004148       ??_C@_1IM@EDNNMFKN@?$AAC?$AAH?$AAu?$AAb?$AA?$CI?$AA?$CF?$AAs?$AA?5?$AAt?$AAi?$AAe?$AAr?$AA?5?$AA?$CF?$AAd?$AA?$CJ?$AA?3?$AA?3?$AAH?$AAu?$AAb?$AAS?$AAt?$AAa?$AAt?$AAu?$AAs?$AAC?$AAh?$AAa?$AAn?$AAg@ 10005148     hcdlib:cdevice.obj
 0001:000041d8       ??_C@_1PM@EEDHHKA@?$AAC?$AAH?$AAu?$AAb?$AA?$CI?$AA?$CF?$AAs?$AA?5?$AAt?$AAi?$AAe?$AAr?$AA?5?$AA?$CF?$AAd?$AA?$CJ?$AA?3?$AA?3?$AAH?$AAu?$AAb?$AAS?$AAt?$AAa?$AAt?$AAu?$AAs?$AAC?$AAh?$AAa?$AAn?$AAg@ 100051d8     hcdlib:cdevice.obj
 0001:000042d8       ??_C@_1KK@GDICOEKP@?$AAC?$AAH?$AAu?$AAb?$AA?$CI?$AA?$CF?$AAs?$AA?5?$AAt?$AAi?$AAe?$AAr?$AA?5?$AA?$CF?$AAd?$AA?$CJ?$AA?3?$AA?3?$AAH?$AAu?$AAb?$AAS?$AAt?$AAa?$AAt?$AAu?$AAs?$AAC?$AAh?$AAa?$AAn?$AAg@ 100052d8     hcdlib:cdevice.obj
 0001:00004388       ??_C@_1IM@DCJHGIOD@?$AAC?$AAH?$AAu?$AAb?$AA?$CI?$AAt?$AAi?$AAe?$AAr?$AA?5?$AA?$CF?$AAd?$AA?$CJ?$AA?3?$AA?3?$AAH?$AAu?$AAb?$AAS?$AAt?$AAa?$AAt?$AAu?$AAs?$AAC?$AAh?$AAa?$AAn?$AAg?$AAe?$AAT?$AAh@ 10005388     hcdlib:cdevice.obj
 0001:00004418       ??_C@_1JI@MHBMAJKN@?$AAC?$AAH?$AAu?$AAb?$AA?$CI?$AA?$CF?$AAs?$AA?5?$AAt?$AAi?$AAe?$AAr?$AA?5?$AA?$CF?$AAd?$AA?$CJ?$AA?3?$AA?3?$AAH?$AAu?$AAb?$AAS?$AAt?$AAa?$AAt?$AAu?$AAs?$AAC?$AAh?$AAa?$AAn?$AAg@ 10005418     hcdlib:cdevice.obj
 0001:000044b0       ??_C@_1GG@KLDEFPJM@?$AAC?$AAH?$AAu?$AAb?$AA?$CI?$AA?$CF?$AAs?$AA?5?$AAt?$AAi?$AAe?$AAr?$AA?5?$AA?$CF?$AAd?$AA?$CJ?$AA?3?$AA?3?$AA?5?$AAS?$AAu?$AAs?$AAp?$AAe?$AAn?$AAd?$AA?5?$AAD?$AAe?$AAv?$AAi?$AAc@ 100054b0     hcdlib:cdevice.obj
 0001:00004518       ??_C@_19JDHDJODM@?$AAF?$AAA?$AAI?$AAL?$AA?$AA@ 10005518     hcdlib:cdevice.obj
 0001:00004524       ??_C@_1BA@JFDCMKFN@?$AAS?$AAu?$AAc?$AAc?$AAe?$AAs?$AAs?$AA?$AA@ 10005524     hcdlib:cdevice.obj
 0001:00004538       ??_C@_1FE@KFAAOPKI@?$AA?$CL?$AAC?$AAH?$AAu?$AAb?$AA?$CI?$AA?$CF?$AAs?$AA?5?$AAt?$AAi?$AAe?$AAr?$AA?5?$AA?$CF?$AAd?$AA?$CJ?$AA?3?$AA?3?$AAH?$AAu?$AAb?$AAS?$AAt?$AAa?$AAt?$AAu?$AAs?$AAC?$AAh?$AAa?$AAn@ 10005538     hcdlib:cdevice.obj
 0001:0000458c       ??_C@_1DE@MOJKKNGE@?$AA?9?$AAD?$AAu?$AAm?$AAp?$AA?5?$AAU?$AAS?$AAB?$AA_?$AAH?$AAU?$AAB?$AA_?$AAD?$AAE?$AAS?$AAC?$AAR?$AAI?$AAP?$AAT?$AAO?$AAR?$AA?6?$AA?$AA@ 1000558c     hcdlib:cdevice.obj
 0001:000045c0       ??_C@_1FI@FKNCEHEA@?$AA?7?$AAP?$AAo?$AAr?$AAt?$AAP?$AAw?$AAr?$AAC?$AAt?$AAr?$AAl?$AAM?$AAa?$AAs?$AAk?$AA?5?$AAb?$AAi?$AAt?$AAm?$AAa?$AAs?$AAk?$AA?5?$AAb?$AAy?$AAt?$AAe?$AA?5?$AA?$CD?$AA?$CF@ 100055c0     hcdlib:cdevice.obj
 0001:00004618       ??_C@_1FI@MBOKINON@?$AA?7?$AAD?$AAe?$AAv?$AAi?$AAc?$AAe?$AAR?$AAe?$AAm?$AAo?$AAv?$AAa?$AAb?$AAl?$AAe?$AA?5?$AAb?$AAi?$AAt?$AAm?$AAa?$AAs?$AAk?$AA?5?$AAb?$AAy?$AAt?$AAe?$AA?5?$AA?$CD?$AA?$CF@ 10005618     hcdlib:cdevice.obj
 0001:00004670       ??_C@_1DM@OFIEHLKD@?$AA?7?$AAb?$AAH?$AAu?$AAb?$AAC?$AAo?$AAn?$AAt?$AAr?$AAo?$AAl?$AAC?$AAu?$AAr?$AAr?$AAe?$AAn?$AAt?$AA?5?$AA?$DN?$AA?5?$AA0?$AAx?$AA?$CF?$AA0?$AA2?$AAx?$AA?6?$AA?$AA@ 10005670     hcdlib:cdevice.obj
 0001:000046ac       ??_C@_1DO@EHMENOCN@?$AA?7?$AAb?$AAP?$AAo?$AAw?$AAe?$AAr?$AAO?$AAn?$AAT?$AAo?$AAP?$AAo?$AAw?$AAe?$AAr?$AAG?$AAo?$AAo?$AAd?$AA?5?$AA?$DN?$AA?5?$AA0?$AAx?$AA?$CF?$AA0?$AA2?$AAx?$AA?6?$AA?$AA@ 100056ac     hcdlib:cdevice.obj
 0001:000046f0       ??_C@_1GO@KACOCAAE@?$AA?7?$AA?7?$AAw?$AAH?$AAu?$AAb?$AAC?$AAh?$AAa?$AAr?$AAa?$AAc?$AAt?$AAe?$AAr?$AAi?$AAs?$AAt?$AAi?$AAc?$AAs?$AA?0?$AA?5?$AAG?$AAl?$AAo?$AAb?$AAa?$AAl?$AA?5?$AAO?$AAv@ 100056f0     hcdlib:cdevice.obj
 0001:00004760       ??_C@_1HG@HEBEECEK@?$AA?7?$AA?7?$AAw?$AAH?$AAu?$AAb?$AAC?$AAh?$AAa?$AAr?$AAa?$AAc?$AAt?$AAe?$AAr?$AAi?$AAs?$AAt?$AAi?$AAc?$AAs?$AA?0?$AA?5?$AAI?$AAn?$AAd?$AAi?$AAv?$AAi?$AAd?$AAu?$AAa@ 10005760     hcdlib:cdevice.obj
 0001:000047d8       ??_C@_1GG@PLOBHGPD@?$AA?7?$AA?7?$AAw?$AAH?$AAu?$AAb?$AAC?$AAh?$AAa?$AAr?$AAa?$AAc?$AAt?$AAe?$AAr?$AAi?$AAs?$AAt?$AAi?$AAc?$AAs?$AA?0?$AA?5?$AAN?$AAo?$AA?5?$AAO?$AAv?$AAe?$AAr?$AA?5?$AAC@ 100057d8     hcdlib:cdevice.obj
 0001:00004840       ??_C@_1GO@LIJLDPEK@?$AA?7?$AA?7?$AAw?$AAH?$AAu?$AAb?$AAC?$AAh?$AAa?$AAr?$AAa?$AAc?$AAt?$AAe?$AAr?$AAi?$AAs?$AAt?$AAi?$AAc?$AAs?$AA?0?$AA?5?$AAH?$AAu?$AAb?$AA?5?$AA?$CF?$AAs?$AA?5?$AAp?$AAa@ 10005840     hcdlib:cdevice.obj
 0001:000048b0       ??_C@_1O@EDGFPFDG@?$AAI?$AAS?$AA?5?$AAN?$AAO?$AAT?$AA?$AA@ 100058b0     hcdlib:cdevice.obj
 0001:000048c0       ??_C@_15LPNCKFLE@?$AAI?$AAS?$AA?$AA@ 100058c0     hcdlib:cdevice.obj
 0001:000048c8       ??_C@_1GI@CCLJDJKA@?$AA?7?$AA?7?$AAw?$AAH?$AAu?$AAb?$AAC?$AAh?$AAa?$AAr?$AAa?$AAc?$AAt?$AAe?$AAr?$AAi?$AAs?$AAt?$AAi?$AAc?$AAs?$AA?0?$AA?5?$AAG?$AAa?$AAn?$AAg?$AAe?$AAd?$AA?5?$AAP?$AAo@ 100058c8     hcdlib:cdevice.obj
 0001:00004930       ??_C@_1HA@PJFBNNAO@?$AA?7?$AA?7?$AAw?$AAH?$AAu?$AAb?$AAC?$AAh?$AAa?$AAr?$AAa?$AAc?$AAt?$AAe?$AAr?$AAi?$AAs?$AAt?$AAi?$AAc?$AAs?$AA?0?$AA?5?$AAI?$AAn?$AAd?$AAi?$AAv?$AAi?$AAd?$AAu?$AAa@ 10005930     hcdlib:cdevice.obj
 0001:000049a0       ??_C@_1GA@PJHGAPML@?$AA?7?$AA?7?$AAw?$AAH?$AAu?$AAb?$AAC?$AAh?$AAa?$AAr?$AAa?$AAc?$AAt?$AAe?$AAr?$AAi?$AAs?$AAt?$AAi?$AAc?$AAs?$AA?0?$AA?5?$AAN?$AAo?$AA?5?$AAP?$AAo?$AAr?$AAt?$AA?5?$AAP@ 100059a0     hcdlib:cdevice.obj
 0001:00004a00       ??_C@_1DO@IFBHLDNF@?$AA?7?$AAw?$AAH?$AAu?$AAb?$AAC?$AAh?$AAa?$AAr?$AAa?$AAc?$AAt?$AAe?$AAr?$AAi?$AAs?$AAt?$AAi?$AAc?$AAs?$AA?5?$AA?$DN?$AA?5?$AA0?$AAx?$AA?$CF?$AA0?$AA4?$AAx?$AA?6?$AA?$AA@ 10005a00     hcdlib:cdevice.obj
 0001:00004a40       ??_C@_1DE@FPJADFAL@?$AA?7?$AAb?$AAN?$AAu?$AAm?$AAb?$AAe?$AAr?$AAO?$AAf?$AAP?$AAo?$AAr?$AAt?$AAs?$AA?5?$AA?$DN?$AA?5?$AA0?$AAx?$AA?$CF?$AA0?$AA2?$AAx?$AA?6?$AA?$AA@ 10005a40     hcdlib:cdevice.obj
 0001:00004a74       ??_C@_1DK@CKNMLPCA@?$AA?7?$AAb?$AAD?$AAe?$AAs?$AAc?$AAr?$AAi?$AAp?$AAt?$AAo?$AAr?$AAL?$AAe?$AAn?$AAg?$AAt?$AAh?$AA?5?$AA?$DN?$AA?5?$AA0?$AAx?$AA?$CF?$AA0?$AA2?$AAx?$AA?6?$AA?$AA@ 10005a74     hcdlib:cdevice.obj
 0001:00004ab0       ??_C@_1DE@GBEBKDAL@?$AA?$CL?$AAD?$AAu?$AAm?$AAp?$AA?5?$AAU?$AAS?$AAB?$AA_?$AAH?$AAU?$AAB?$AA_?$AAD?$AAE?$AAS?$AAC?$AAR?$AAI?$AAP?$AAT?$AAO?$AAR?$AA?6?$AA?$AA@ 10005ab0     hcdlib:cdevice.obj
 0001:00004ae8       ??_C@_1JK@CIKNMDOB@?$AA?9?$AAC?$AAH?$AAu?$AAb?$AA?$CI?$AA?$CF?$AAs?$AA?5?$AAt?$AAi?$AAe?$AAr?$AA?5?$AA?$CF?$AAd?$AA?$CJ?$AA?3?$AA?3?$AAA?$AAt?$AAt?$AAa?$AAc?$AAh?$AAD?$AAe?$AAv?$AAi?$AAc?$AAe?$AA?5@ 10005ae8     hcdlib:cdevice.obj
 0001:00004b88       ??_C@_1JM@PDNHGEJD@?$AAC?$AAH?$AAu?$AAb?$AA?$CI?$AA?$CF?$AAs?$AA?5?$AAt?$AAi?$AAe?$AAr?$AA?5?$AA?$CF?$AAd?$AA?$CJ?$AA?3?$AA?3?$AAA?$AAt?$AAt?$AAa?$AAc?$AAh?$AAD?$AAe?$AAv?$AAi?$AAc?$AAe?$AA?5?$AA?9@ 10005b88     hcdlib:cdevice.obj
 0001:00004c28       ??_C@_1II@HDIFDMNL@?$AA?$CB?$AAU?$AAS?$AAB?$AA?5?$AAw?$AAa?$AAr?$AAn?$AAi?$AAn?$AAg?$AA?3?$AA?5?$AAc?$AAa?$AAn?$AAn?$AAo?$AAt?$AA?5?$AAa?$AAt?$AAt?$AAa?$AAc?$AAh?$AA?5?$AAh?$AAi?$AAg?$AAh@ 10005c28     hcdlib:cdevice.obj
 0001:00004cb0       ??_C@_1HE@DLPCNLDH@?$AA?$CB?$AAC?$AAH?$AAu?$AAb?$AA?3?$AA?3?$AAA?$AAt?$AAt?$AAa?$AAc?$AAh?$AAD?$AAe?$AAv?$AAi?$AAc?$AAe?$AA?5?$AAw?$AAa?$AAr?$AAn?$AAi?$AAn?$AAg?$AA?3?$AA?5?$AAi?$AAn?$AAv@ 10005cb0     hcdlib:cdevice.obj
 0001:00004d28       ??_C@_1IK@GIJBMIGK@?$AAC?$AAH?$AAu?$AAb?$AA?$CI?$AA?$CF?$AAs?$AA?5?$AAt?$AAi?$AAe?$AAr?$AA?5?$AA?$CF?$AAd?$AA?$CJ?$AA?3?$AA?3?$AAA?$AAt?$AAt?$AAa?$AAc?$AAh?$AAD?$AAe?$AAv?$AAi?$AAc?$AAe?$AA?5?$AA?9@ 10005d28     hcdlib:cdevice.obj
 0001:00004db8       ??_C@_1IA@JDFOHPNL@?$AAC?$AAH?$AAu?$AAb?$AA?$CI?$AA?$CF?$AAs?$AA?5?$AAt?$AAi?$AAe?$AAr?$AA?5?$AA?$CF?$AAd?$AA?$CJ?$AA?3?$AA?3?$AAA?$AAt?$AAt?$AAa?$AAc?$AAh?$AAD?$AAe?$AAv?$AAi?$AAc?$AAe?$AA?5?$AA?9@ 10005db8     hcdlib:cdevice.obj
 0001:00004e38       ??_C@_1HK@HGAGGCPB@?$AAU?$AAS?$AAB?$AA?5?$AAs?$AAp?$AAe?$AAc?$AAi?$AAf?$AAi?$AAc?$AAa?$AAt?$AAi?$AAo?$AAn?$AA?5?$AAd?$AAo?$AAe?$AAs?$AA?5?$AAn?$AAo?$AAt?$AA?5?$AAa?$AAl?$AAl?$AAo?$AAw@ 10005e38     hcdlib:cdevice.obj
 0001:00004eb8       ??_C@_1OG@CLMEBJJO@?$AAC?$AAH?$AAu?$AAb?$AA?$CI?$AA?$CF?$AAs?$AA?5?$AAt?$AAi?$AAe?$AAr?$AA?5?$AA?$CF?$AAd?$AA?$CJ?$AA?3?$AA?3?$AAA?$AAt?$AAt?$AAa?$AAc?$AAh?$AAD?$AAe?$AAv?$AAi?$AAc?$AAe?$AA?5?$AA?9@ 10005eb8     hcdlib:cdevice.obj
 0001:00004fa0       ??_C@_1GK@PECGIBIC@?$AAC?$AAH?$AAu?$AAb?$AA?$CI?$AA?$CF?$AAs?$AA?5?$AAt?$AAi?$AAe?$AAr?$AA?5?$AA?$CF?$AAd?$AA?$CJ?$AA?3?$AA?3?$AAA?$AAt?$AAt?$AAa?$AAc?$AAh?$AAD?$AAe?$AAv?$AAi?$AAc?$AAe?$AA?5?$AA?9@ 10005fa0     hcdlib:cdevice.obj
 0001:00005010       ??_C@_1KE@DPIGKHEM@?$AAC?$AAH?$AAu?$AAb?$AA?$CI?$AA?$CF?$AAs?$AA?5?$AAt?$AAi?$AAe?$AAr?$AA?5?$AA?$CF?$AAd?$AA?$CJ?$AA?3?$AA?3?$AAA?$AAt?$AAt?$AAa?$AAc?$AAh?$AAD?$AAe?$AAv?$AAi?$AAc?$AAe?$AA?5?$AA?9@ 10006010     hcdlib:cdevice.obj
 0001:000050b8       ??_C@_1JA@MNHJHALK@?$AAC?$AAH?$AAu?$AAb?$AA?$CI?$AA?$CF?$AAs?$AA?5?$AAt?$AAi?$AAe?$AAr?$AA?5?$AA?$CF?$AAd?$AA?$CJ?$AA?3?$AA?3?$AAA?$AAt?$AAt?$AAa?$AAc?$AAh?$AAD?$AAe?$AAv?$AAi?$AAc?$AAe?$AA?5?$AA?9@ 100060b8     hcdlib:cdevice.obj
 0001:00005148       ??_C@_1KE@HOICJLME@?$AAC?$AAH?$AAu?$AAb?$AA?$CI?$AA?$CF?$AAs?$AA?5?$AAt?$AAi?$AAe?$AAr?$AA?5?$AA?$CF?$AAd?$AA?$CJ?$AA?3?$AA?3?$AAA?$AAt?$AAt?$AAa?$AAc?$AAh?$AAD?$AAe?$AAv?$AAi?$AAc?$AAe?$AA?5?$AA?9@ 10006148     hcdlib:cdevice.obj
 0001:000051f0       ??_C@_1HK@JHNJCLMB@?$AAC?$AAH?$AAu?$AAb?$AA?$CI?$AA?$CF?$AAs?$AA?5?$AAt?$AAi?$AAe?$AAr?$AA?5?$AA?$CF?$AAd?$AA?$CJ?$AA?3?$AA?3?$AAA?$AAt?$AAt?$AAa?$AAc?$AAh?$AAD?$AAe?$AAv?$AAi?$AAc?$AAe?$AA?5?$AA?9@ 100061f0     hcdlib:cdevice.obj
 0001:0000526c       ??_C@_1BA@EOKOFGEP@?$AAI?$AAn?$AAv?$AAa?$AAl?$AAi?$AAd?$AA?$AA@ 1000626c     hcdlib:cdevice.obj
 0001:00005280       ??_C@_1IA@KFCHKPBM@?$AAC?$AAH?$AAu?$AAb?$AA?$CI?$AA?$CF?$AAs?$AA?5?$AAt?$AAi?$AAe?$AAr?$AA?5?$AA?$CF?$AAd?$AA?$CJ?$AA?3?$AA?3?$AAA?$AAt?$AAt?$AAa?$AAc?$AAh?$AAD?$AAe?$AAv?$AAi?$AAc?$AAe?$AA?5?$AA?9@ 10006280     hcdlib:cdevice.obj
 0001:00005300       ??_C@_1HO@NDPINIP@?$AA?$CL?$AAC?$AAH?$AAu?$AAb?$AA?$CI?$AA?$CF?$AAs?$AA?5?$AAt?$AAi?$AAe?$AAr?$AA?5?$AA?$CF?$AAd?$AA?$CJ?$AA?3?$AA?3?$AAA?$AAt?$AAt?$AAa?$AAc?$AAh?$AAD?$AAe?$AAv?$AAi?$AAc?$AAe?$AA?5@ 10006300     hcdlib:cdevice.obj
 0001:00005380       ??_C@_1MC@LPCKHMID@?$AA?9?$AAC?$AAH?$AAu?$AAb?$AA?$CI?$AA?$CF?$AAs?$AA?5?$AAt?$AAi?$AAe?$AAr?$AA?5?$AA?$CF?$AAd?$AA?$CJ?$AA?3?$AA?3?$AAG?$AAe?$AAt?$AAD?$AAe?$AAs?$AAc?$AAr?$AAi?$AAp?$AAt?$AAo?$AAr@ 10006380     hcdlib:cdevice.obj
 0001:00005448       ??_C@_1GO@EDOMJKIM@?$AAC?$AAH?$AAu?$AAb?$AA?3?$AA?3?$AAG?$AAe?$AAt?$AAD?$AAe?$AAs?$AAc?$AAr?$AAi?$AAp?$AAt?$AAo?$AAr?$AA?5?$AA?9?$AA?5?$AAf?$AAo?$AAr?$AAc?$AAi?$AAn?$AAg?$AA?5?$AAd?$AAe@ 10006448     hcdlib:cdevice.obj
 0001:000054b8       ??_C@_1KG@BKBBKGNO@?$AA?$CL?$AAC?$AAH?$AAu?$AAb?$AA?$CI?$AA?$CF?$AAs?$AA?5?$AAt?$AAi?$AAe?$AAr?$AA?5?$AA?$CF?$AAd?$AA?$CJ?$AA?3?$AA?3?$AAG?$AAe?$AAt?$AAD?$AAe?$AAs?$AAc?$AAr?$AAi?$AAp?$AAt?$AAo?$AAr@ 100064b8     hcdlib:cdevice.obj
 0001:00005560       ??_C@_1EK@MGLFNGOH@?$AA?9?$AAC?$AAH?$AAu?$AAb?$AA?3?$AA?3?$AAD?$AAe?$AAt?$AAa?$AAc?$AAh?$AAD?$AAo?$AAw?$AAn?$AAs?$AAt?$AAr?$AAe?$AAa?$AAm?$AAD?$AAe?$AAv?$AAi?$AAc?$AAe?$AAT?$AAh?$AAr@ 10006560     hcdlib:cdevice.obj
 0001:000055b0       ??_C@_1EK@PIIGJLPO@?$AA?$CL?$AAC?$AAH?$AAu?$AAb?$AA?3?$AA?3?$AAD?$AAe?$AAt?$AAa?$AAc?$AAh?$AAD?$AAo?$AAw?$AAn?$AAs?$AAt?$AAr?$AAe?$AAa?$AAm?$AAD?$AAe?$AAv?$AAi?$AAc?$AAe?$AAT?$AAh?$AAr@ 100065b0     hcdlib:cdevice.obj
 0001:00005600       ??_C@_1FK@JCHPMIB@?$AA?9?$AAC?$AAH?$AAu?$AAb?$AA?$CI?$AA?$CF?$AAs?$AA?5?$AAt?$AAi?$AAe?$AAr?$AA?5?$AA?$CF?$AAd?$AA?$CJ?$AA?3?$AA?3?$AAD?$AAe?$AAt?$AAa?$AAc?$AAh?$AAD?$AAe?$AAv?$AAi?$AAc?$AAe?$AA?5@ 10006600     hcdlib:cdevice.obj
 0001:00005660       ??_C@_1JO@KEOKNAIJ@?$AAC?$AAH?$AAu?$AAb?$AA?$CI?$AA?$CF?$AAs?$AA?5?$AAt?$AAi?$AAe?$AAr?$AA?5?$AA?$CF?$AAd?$AA?$CJ?$AA?3?$AA?3?$AAD?$AAe?$AAt?$AAa?$AAc?$AAh?$AAD?$AAe?$AAv?$AAi?$AAc?$AAe?$AA?5?$AA?9@ 10006660     hcdlib:cdevice.obj
 0001:00005700       ??_C@_1KA@GJGBLDNJ@?$AAC?$AAH?$AAu?$AAb?$AA?$CI?$AA?$CF?$AAs?$AA?5?$AAt?$AAi?$AAe?$AAr?$AA?5?$AA?$CF?$AAd?$AA?$CJ?$AA?3?$AA?3?$AAD?$AAe?$AAt?$AAa?$AAc?$AAh?$AAD?$AAe?$AAv?$AAi?$AAc?$AAe?$AA?5?$AA?9@ 10006700     hcdlib:cdevice.obj
 0001:000057a0       ??_C@_1LE@IKHCBIJE@?$AAC?$AAH?$AAu?$AAb?$AA?$CI?$AA?$CF?$AAs?$AA?5?$AAt?$AAi?$AAe?$AAr?$AA?5?$AA?$CF?$AAd?$AA?$CJ?$AA?3?$AA?3?$AAD?$AAe?$AAt?$AAa?$AAc?$AAh?$AAD?$AAe?$AAv?$AAi?$AAc?$AAe?$AA?5?$AA?9@ 100067a0     hcdlib:cdevice.obj
 0001:00005858       ??_C@_1FK@COKGEFEA@?$AA?$CL?$AAC?$AAH?$AAu?$AAb?$AA?$CI?$AA?$CF?$AAs?$AA?5?$AAt?$AAi?$AAe?$AAr?$AA?5?$AA?$CF?$AAd?$AA?$CJ?$AA?3?$AA?3?$AAD?$AAe?$AAt?$AAa?$AAc?$AAh?$AAD?$AAe?$AAv?$AAi?$AAc?$AAe?$AA?5@ 10006858     hcdlib:cdevice.obj
 0001:000058b8       ??_C@_1HG@LCNIGFBM@?$AA?9?$AAC?$AAH?$AAu?$AAb?$AA?$CI?$AA?$CF?$AAs?$AA?5?$AAt?$AAi?$AAe?$AAr?$AA?5?$AA?$CF?$AAd?$AA?$CJ?$AA?3?$AA?3?$AAA?$AAl?$AAl?$AAo?$AAc?$AAa?$AAt?$AAe?$AAD?$AAe?$AAv?$AAi?$AAc@ 100068b8     hcdlib:cdevice.obj
 0001:00005930       ??_C@_1GI@EFDHBKMO@?$AAC?$AAH?$AAu?$AAb?$AA?$CI?$AA?$CF?$AAs?$AA?5?$AAt?$AAi?$AAe?$AAr?$AA?5?$AA?$CF?$AAd?$AA?$CJ?$AA?3?$AA?3?$AAA?$AAl?$AAl?$AAo?$AAc?$AAa?$AAt?$AAe?$AAD?$AAe?$AAv?$AAi?$AAc?$AAe@ 10006930     hcdlib:cdevice.obj
 0001:00005998       ??_C@_1JG@OMFLLIOP@?$AAC?$AAH?$AAu?$AAb?$AA?$CI?$AA?$CF?$AAs?$AA?5?$AAt?$AAi?$AAe?$AAr?$AA?5?$AA?$CF?$AAd?$AA?$CJ?$AA?3?$AA?3?$AAA?$AAl?$AAl?$AAo?$AAc?$AAa?$AAt?$AAe?$AAD?$AAe?$AAv?$AAi?$AAc?$AAe@ 10006998     hcdlib:cdevice.obj
 0001:00005a30       ??_C@_1FA@JGCFOODP@?$AA?$CL?$AAC?$AAH?$AAu?$AAb?$AA?$CI?$AA?$CF?$AAs?$AA?5?$AAt?$AAi?$AAe?$AAr?$AA?5?$AA?$CF?$AAd?$AA?$CJ?$AA?3?$AA?3?$AAA?$AAl?$AAl?$AAo?$AAc?$AAa?$AAt?$AAe?$AAD?$AAe?$AAv?$AAi?$AAc@ 10006a30     hcdlib:cdevice.obj
 0001:00005a80       ??_C@_1EC@CBKBJNBG@?$AA?9?$AAC?$AAH?$AAu?$AAb?$AA?$CI?$AA?$CF?$AAs?$AA?5?$AAt?$AAi?$AAe?$AAr?$AA?5?$AA?$CF?$AAd?$AA?$CJ?$AA?3?$AA?3?$AAH?$AAa?$AAn?$AAd?$AAl?$AAe?$AAD?$AAe?$AAt?$AAa?$AAc?$AAh?$AA?6@ 10006a80     hcdlib:cdevice.obj
 0001:00005ac8       ??_C@_1IO@KODAFMJG@?$AAC?$AAH?$AAu?$AAb?$AA?$CI?$AA?$CF?$AAs?$AA?5?$AAt?$AAi?$AAe?$AAr?$AA?5?$AA?$CF?$AAd?$AA?$CJ?$AA?3?$AA?3?$AAH?$AAa?$AAn?$AAd?$AAl?$AAe?$AAD?$AAe?$AAt?$AAa?$AAc?$AAh?$AA?5?$AA?9@ 10006ac8     hcdlib:cdevice.obj
 0001:00005b58       ??_C@_1KO@JIKLHMFD@?$AAC?$AAH?$AAu?$AAb?$AA?$CI?$AA?$CF?$AAs?$AA?5?$AAt?$AAi?$AAe?$AAr?$AA?5?$AA?$CF?$AAd?$AA?$CJ?$AA?3?$AA?3?$AAH?$AAa?$AAn?$AAd?$AAl?$AAe?$AAD?$AAe?$AAt?$AAa?$AAc?$AAh?$AA?5?$AA?9@ 10006b58     hcdlib:cdevice.obj
 0001:00005c08       ??_C@_1EC@EOKFHFBF@?$AA?$CL?$AAC?$AAH?$AAu?$AAb?$AA?$CI?$AA?$CF?$AAs?$AA?5?$AAt?$AAi?$AAe?$AAr?$AA?5?$AA?$CF?$AAd?$AA?$CJ?$AA?3?$AA?3?$AAH?$AAa?$AAn?$AAd?$AAl?$AAe?$AAD?$AAe?$AAt?$AAa?$AAc?$AAh?$AA?6@ 10006c08     hcdlib:cdevice.obj
 0001:00005c50       ??_C@_1JI@CNCNJHBH@?$AA?9?$AAC?$AAH?$AAu?$AAb?$AA?$CI?$AA?$CF?$AAs?$AA?5?$AAt?$AAi?$AAe?$AAr?$AA?5?$AA?$CF?$AAd?$AA?$CJ?$AA?3?$AA?3?$AAO?$AAp?$AAe?$AAn?$AAP?$AAi?$AAp?$AAe?$AA?5?$AA?9?$AA?5?$AAa?$AAd@ 10006c50     hcdlib:cdevice.obj
 0001:00005ce8       ??_C@_1FI@NOMFGBIN@?$AA?$CL?$AAC?$AAH?$AAu?$AAb?$AA?$CI?$AA?$CF?$AAs?$AA?5?$AAt?$AAi?$AAe?$AAr?$AA?5?$AA?$CF?$AAd?$AA?$CJ?$AA?3?$AA?3?$AAO?$AAp?$AAe?$AAn?$AAP?$AAi?$AAp?$AAe?$AA?5?$AA?9?$AA?5?$AAa?$AAd@ 10006ce8     hcdlib:cdevice.obj
 0001:00005d40       ??_C@_1LK@NCLHEMJN@?$AA?9?$AAC?$AAH?$AAu?$AAb?$AA?$CI?$AA?$CF?$AAs?$AA?5?$AAt?$AAi?$AAe?$AAr?$AA?5?$AA?$CF?$AAd?$AA?$CJ?$AA?3?$AA?3?$AAC?$AAl?$AAo?$AAs?$AAe?$AAP?$AAi?$AAp?$AAe?$AA?5?$AA?9?$AA?5?$AAa@ 10006d40     hcdlib:cdevice.obj
 0001:00005e00       ??_C@_1HK@EABKNNKI@?$AA?$CL?$AAC?$AAH?$AAu?$AAb?$AA?$CI?$AA?$CF?$AAs?$AA?5?$AAt?$AAi?$AAe?$AAr?$AA?5?$AA?$CF?$AAd?$AA?$CJ?$AA?3?$AA?3?$AAC?$AAl?$AAo?$AAs?$AAe?$AAP?$AAi?$AAp?$AAe?$AA?5?$AA?9?$AA?5?$AAa@ 10006e00     hcdlib:cdevice.obj
 0001:00005e80       ??_C@_1LE@GMNJJOHD@?$AA?9?$AAC?$AAH?$AAu?$AAb?$AA?$CI?$AA?$CF?$AAs?$AA?5?$AAt?$AAi?$AAe?$AAr?$AA?5?$AA?$CF?$AAd?$AA?$CJ?$AA?3?$AA?3?$AAI?$AAs?$AAs?$AAu?$AAe?$AAT?$AAr?$AAa?$AAn?$AAs?$AAf?$AAe?$AAr@ 10006e80     hcdlib:cdevice.obj
 0001:00005f38       ??_C@_1HG@PCAFGNMO@?$AA?$CL?$AAC?$AAH?$AAu?$AAb?$AA?$CI?$AA?$CF?$AAs?$AA?5?$AAt?$AAi?$AAe?$AAr?$AA?5?$AA?$CF?$AAd?$AA?$CJ?$AA?3?$AA?3?$AAI?$AAs?$AAs?$AAu?$AAe?$AAT?$AAr?$AAa?$AAn?$AAs?$AAf?$AAe?$AAr@ 10006f38     hcdlib:cdevice.obj
 0001:00005fb0       ??_C@_1MC@IKDLAGGE@?$AA?9?$AAC?$AAH?$AAu?$AAb?$AA?$CI?$AA?$CF?$AAs?$AA?5?$AAt?$AAi?$AAe?$AAr?$AA?5?$AA?$CF?$AAd?$AA?$CJ?$AA?3?$AA?3?$AAA?$AAb?$AAo?$AAr?$AAt?$AAT?$AAr?$AAa?$AAn?$AAs?$AAf?$AAe?$AAr@ 10006fb0     hcdlib:cdevice.obj
 0001:00006078       ??_C@_1IC@DBAPCDPC@?$AA?$CL?$AAC?$AAH?$AAu?$AAb?$AA?$CI?$AA?$CF?$AAs?$AA?5?$AAt?$AAi?$AAe?$AAr?$AA?5?$AA?$CF?$AAd?$AA?$CJ?$AA?3?$AA?3?$AAA?$AAb?$AAo?$AAr?$AAt?$AAT?$AAr?$AAa?$AAn?$AAs?$AAf?$AAe?$AAr@ 10007078     hcdlib:cdevice.obj
 0001:00006100       ??_C@_1LG@INJELGGL@?$AA?9?$AAC?$AAH?$AAu?$AAb?$AA?$CI?$AA?$CF?$AAs?$AA?5?$AAt?$AAi?$AAe?$AAr?$AA?5?$AA?$CF?$AAd?$AA?$CJ?$AA?3?$AA?3?$AAI?$AAs?$AAP?$AAi?$AAp?$AAe?$AAH?$AAa?$AAl?$AAt?$AAe?$AAd?$AA?5@ 10007100     hcdlib:cdevice.obj
 0001:000061b8       ??_C@_1IA@PMECJFMI@?$AA?$CL?$AAC?$AAH?$AAu?$AAb?$AA?$CI?$AA?$CF?$AAs?$AA?5?$AAt?$AAi?$AAe?$AAr?$AA?5?$AA?$CF?$AAd?$AA?$CJ?$AA?3?$AA?3?$AAI?$AAs?$AAP?$AAi?$AAp?$AAe?$AAH?$AAa?$AAl?$AAt?$AAe?$AAd?$AA?5@ 100071b8     hcdlib:cdevice.obj
 0001:00006238       ??_C@_1LK@IPKBCNF@?$AA?9?$AAC?$AAH?$AAu?$AAb?$AA?$CI?$AA?$CF?$AAs?$AA?5?$AAt?$AAi?$AAe?$AAr?$AA?5?$AA?$CF?$AAd?$AA?$CJ?$AA?3?$AA?3?$AAR?$AAe?$AAs?$AAe?$AAt?$AAP?$AAi?$AAp?$AAe?$AA?5?$AA?9?$AA?5?$AAa@ 10007238     hcdlib:cdevice.obj
 0001:000062f8       ??_C@_1HK@LLMABGAC@?$AA?$CL?$AAC?$AAH?$AAu?$AAb?$AA?$CI?$AA?$CF?$AAs?$AA?5?$AAt?$AAi?$AAe?$AAr?$AA?5?$AA?$CF?$AAd?$AA?$CJ?$AA?3?$AA?3?$AAR?$AAe?$AAs?$AAe?$AAt?$AAP?$AAi?$AAp?$AAe?$AA?5?$AA?9?$AA?5?$AAa@ 100072f8     hcdlib:cdevice.obj
 0001:00006378       ??_C@_1KC@LNNECAFE@?$AA?9?$AAC?$AAH?$AAu?$AAb?$AA?$CI?$AA?$CF?$AAs?$AA?5?$AAt?$AAi?$AAe?$AAr?$AA?5?$AA?$CF?$AAd?$AA?$CJ?$AA?3?$AA?3?$AAD?$AAi?$AAs?$AAa?$AAb?$AAl?$AAe?$AAD?$AAe?$AAv?$AAi?$AAc?$AAe@ 10007378     hcdlib:cdevice.obj
 0001:00006420       ??_C@_1IC@KFLGBCAH@?$AA?$CL?$AAC?$AAH?$AAu?$AAb?$AA?$CI?$AA?$CF?$AAs?$AA?5?$AAt?$AAi?$AAe?$AAr?$AA?5?$AA?$CF?$AAd?$AA?$CJ?$AA?3?$AA?3?$AAD?$AAi?$AAs?$AAa?$AAb?$AAl?$AAe?$AAD?$AAe?$AAv?$AAi?$AAc?$AAe@ 10007420     hcdlib:cdevice.obj
 0001:000064a8       ??_C@_1LE@MMIJLBC@?$AA?9?$AAC?$AAH?$AAu?$AAb?$AA?$CI?$AA?$CF?$AAs?$AA?5?$AAt?$AAi?$AAe?$AAr?$AA?5?$AA?$CF?$AAd?$AA?$CJ?$AA?3?$AA?3?$AAD?$AAi?$AAs?$AAa?$AAb?$AAl?$AAe?$AAO?$AAf?$AAf?$AAS?$AAt?$AAr@ 100074a8     hcdlib:cdevice.obj
 0001:00006560       ??_C@_1JE@OBFLIFJ@?$AA?$CL?$AAC?$AAH?$AAu?$AAb?$AA?$CI?$AA?$CF?$AAs?$AA?5?$AAt?$AAi?$AAe?$AAr?$AA?5?$AA?$CF?$AAd?$AA?$CJ?$AA?3?$AA?3?$AAD?$AAi?$AAs?$AAa?$AAb?$AAl?$AAe?$AAO?$AAf?$AAf?$AAS?$AAt?$AAr@ 10007560     hcdlib:cdevice.obj
 0001:000065f4       ??_C@_1CK@CJNCFJE@?$AA?9?$AAC?$AAR?$AAo?$AAo?$AAt?$AAH?$AAu?$AAb?$AA?3?$AA?3?$AAC?$AAR?$AAo?$AAo?$AAt?$AAH?$AAu?$AAb?$AA?6?$AA?$AA@ 100075f4     hcdlib:cdevice.obj
 0001:00006620       ??_C@_1CK@HCOKDDHC@?$AA?$CL?$AAC?$AAR?$AAo?$AAo?$AAt?$AAH?$AAu?$AAb?$AA?3?$AA?3?$AAC?$AAR?$AAo?$AAo?$AAt?$AAH?$AAu?$AAb?$AA?6?$AA?$AA@ 10007620     hcdlib:cdevice.obj
 0001:00006650       ??_7CRootHub@@6B@          10007650     hcdlib:cdevice.obj
 0001:000066b0       ??_C@_19LFKAPJKP@?$AAR?$AAo?$AAo?$AAt?$AA?$AA@ 100076b0     hcdlib:cdevice.obj
 0001:000066bc       ??_C@_1CM@NAKEALML@?$AA?9?$AAC?$AAR?$AAo?$AAo?$AAt?$AAH?$AAu?$AAb?$AA?3?$AA?3?$AA?$HO?$AAC?$AAR?$AAo?$AAo?$AAt?$AAH?$AAu?$AAb?$AA?6?$AA?$AA@ 100076bc     hcdlib:cdevice.obj
 0001:000066e8       ??_C@_1CM@CMFEJKIH@?$AA?$CL?$AAC?$AAR?$AAo?$AAo?$AAt?$AAH?$AAu?$AAb?$AA?3?$AA?3?$AA?$HO?$AAC?$AAR?$AAo?$AAo?$AAt?$AAH?$AAu?$AAb?$AA?6?$AA?$AA@ 100076e8     hcdlib:cdevice.obj
 0001:00006718       ??_C@_1GK@HHCFCMBC@?$AA?9?$AAC?$AAR?$AAo?$AAo?$AAt?$AAH?$AAu?$AAb?$AA?3?$AA?3?$AAE?$AAn?$AAt?$AAe?$AAr?$AAO?$AAp?$AAe?$AAr?$AAa?$AAt?$AAi?$AAo?$AAn?$AAa?$AAl?$AAS?$AAt?$AAa?$AAt?$AAe@ 10007718     hcdlib:cdevice.obj
 0001:00006788       ??_C@_1EE@PDDHPKNI@?$AA?$CL?$AAC?$AAR?$AAo?$AAo?$AAt?$AAH?$AAu?$AAb?$AA?3?$AA?3?$AAE?$AAn?$AAt?$AAe?$AAr?$AAO?$AAp?$AAe?$AAr?$AAa?$AAt?$AAi?$AAo?$AAn?$AAa?$AAl?$AAS?$AAt?$AAa?$AAt?$AAe@ 10007788     hcdlib:cdevice.obj
 0001:000067cc       ??_C@_1DK@ICPLBLCC@?$AA?9?$AAC?$AAR?$AAo?$AAo?$AAt?$AAH?$AAu?$AAb?$AA?3?$AA?3?$AAP?$AAo?$AAw?$AAe?$AAr?$AAA?$AAl?$AAl?$AAH?$AAu?$AAb?$AAP?$AAo?$AAr?$AAt?$AAs?$AA?6?$AA?$AA@ 100077cc     hcdlib:cdevice.obj
 0001:00006808       ??_C@_1DK@OHBIDMAJ@?$AA?$CL?$AAC?$AAR?$AAo?$AAo?$AAt?$AAH?$AAu?$AAb?$AA?3?$AA?3?$AAP?$AAo?$AAw?$AAe?$AAr?$AAA?$AAl?$AAl?$AAH?$AAu?$AAb?$AAP?$AAo?$AAr?$AAt?$AAs?$AA?6?$AA?$AA@ 10007808     hcdlib:cdevice.obj
 0001:00006848       ??_C@_1HO@ELFNBANG@?$AA?9?$AAC?$AAR?$AAo?$AAo?$AAt?$AAH?$AAu?$AAb?$AA?3?$AA?3?$AAW?$AAa?$AAi?$AAt?$AAF?$AAo?$AAr?$AAP?$AAo?$AAr?$AAt?$AAS?$AAt?$AAa?$AAt?$AAu?$AAs?$AAC?$AAh?$AAa?$AAn@ 10007848     hcdlib:cdevice.obj
 0001:000068c8       ??_C@_1KE@EONMBKOM@?$AAC?$AAR?$AAo?$AAo?$AAt?$AAH?$AAu?$AAb?$AA?3?$AA?3?$AAW?$AAa?$AAi?$AAt?$AAF?$AAo?$AAr?$AAP?$AAo?$AAr?$AAt?$AAS?$AAt?$AAa?$AAt?$AAu?$AAs?$AAC?$AAh?$AAa?$AAn?$AAg@ 100078c8     hcdlib:cdevice.obj
 0001:00006970       ??_C@_1EI@OICCPODJ@?$AA?$CL?$AAC?$AAR?$AAo?$AAo?$AAt?$AAH?$AAu?$AAb?$AA?3?$AA?3?$AAW?$AAa?$AAi?$AAt?$AAF?$AAo?$AAr?$AAP?$AAo?$AAr?$AAt?$AAS?$AAt?$AAa?$AAt?$AAu?$AAs?$AAC?$AAh?$AAa?$AAn@ 10007970     hcdlib:cdevice.obj
 0001:000069b8       ??_C@_1GI@PFLBEDL@?$AA?9?$AAC?$AAR?$AAo?$AAo?$AAt?$AAH?$AAu?$AAb?$AA?3?$AA?3?$AAG?$AAe?$AAt?$AAS?$AAt?$AAa?$AAt?$AAu?$AAs?$AA?5?$AA?9?$AA?5?$AAp?$AAo?$AAr?$AAt?$AA?5?$AA?$DN?$AA?5?$AA?$CF?$AAd@ 100079b8     hcdlib:cdevice.obj
 0001:00006a20       ??_C@_1EE@HPELNOPH@?$AA?$CL?$AAC?$AAR?$AAo?$AAo?$AAt?$AAH?$AAu?$AAb?$AA?3?$AA?3?$AAG?$AAe?$AAt?$AAS?$AAt?$AAa?$AAt?$AAu?$AAs?$AA?5?$AA?9?$AA?5?$AAp?$AAo?$AAr?$AAt?$AA?5?$AA?$DN?$AA?5?$AA?$CF?$AAd@ 10007a20     hcdlib:cdevice.obj
 0001:00006a68       ??_C@_1HC@FCGCEEHM@?$AA?9?$AAC?$AAR?$AAo?$AAo?$AAt?$AAH?$AAu?$AAb?$AA?3?$AA?3?$AAR?$AAe?$AAs?$AAe?$AAt?$AAA?$AAn?$AAd?$AAE?$AAn?$AAa?$AAb?$AAl?$AAe?$AAP?$AAo?$AAr?$AAt?$AA?5?$AA?9?$AA?5@ 10007a68     hcdlib:cdevice.obj
 0001:00006ae0       ??_C@_1FG@FLAJCBDG@?$AA?$CL?$AAC?$AAR?$AAo?$AAo?$AAt?$AAH?$AAu?$AAb?$AA?3?$AA?3?$AAR?$AAe?$AAs?$AAe?$AAt?$AAA?$AAn?$AAd?$AAE?$AAn?$AAa?$AAb?$AAl?$AAe?$AAP?$AAo?$AAr?$AAt?$AA?5?$AA?9?$AA?5@ 10007ae0     hcdlib:cdevice.obj
 0001:00006b38       ??_C@_1EI@ICHPNEPH@?$AA?9?$AAC?$AAR?$AAo?$AAo?$AAt?$AAH?$AAu?$AAb?$AA?3?$AA?3?$AAD?$AAi?$AAs?$AAa?$AAb?$AAl?$AAe?$AAP?$AAo?$AAr?$AAt?$AA?5?$AA?9?$AA?5?$AAp?$AAo?$AAr?$AAt?$AA?5?$AA?$DN?$AA?5@ 10007b38     hcdlib:cdevice.obj
 0001:00006b80       ??_C@_1EI@NAKGDBAN@?$AA?$CL?$AAC?$AAR?$AAo?$AAo?$AAt?$AAH?$AAu?$AAb?$AA?3?$AA?3?$AAD?$AAi?$AAs?$AAa?$AAb?$AAl?$AAe?$AAP?$AAo?$AAr?$AAt?$AA?5?$AA?9?$AA?5?$AAp?$AAo?$AAr?$AAt?$AA?5?$AA?$DN?$AA?5@ 10007b80     hcdlib:cdevice.obj
 0001:00006bc8       ??_C@_1LM@CFDGEKIP@?$AA?9?$AAC?$AAR?$AAo?$AAo?$AAt?$AAH?$AAu?$AAb?$AA?3?$AA?3?$AAS?$AAe?$AAt?$AAO?$AAr?$AAC?$AAl?$AAe?$AAa?$AAr?$AAF?$AAe?$AAa?$AAt?$AAu?$AAr?$AAe?$AA?5?$AA?9?$AA?5?$AAp@ 10007bc8     hcdlib:cdevice.obj
 0001:00006c88       ??_C@_1KG@NIOCCNL@?$AAC?$AAR?$AAo?$AAo?$AAt?$AAH?$AAu?$AAb?$AA?3?$AA?3?$AAS?$AAe?$AAt?$AAO?$AAr?$AAC?$AAl?$AAe?$AAa?$AAr?$AAF?$AAe?$AAa?$AAt?$AAu?$AAr?$AAe?$AA?5?$AA?9?$AA?5?$AAp?$AAo@ 10007c88     hcdlib:cdevice.obj
 0001:00006d30       ??_C@_1JI@LGGIGNLA@?$AA?$CL?$AAC?$AAR?$AAo?$AAo?$AAt?$AAH?$AAu?$AAb?$AA?3?$AA?3?$AAS?$AAe?$AAt?$AAO?$AAr?$AAC?$AAl?$AAe?$AAa?$AAr?$AAF?$AAe?$AAa?$AAt?$AAu?$AAr?$AAe?$AA?5?$AA?9?$AA?5?$AAp@ 10007d30     hcdlib:cdevice.obj
 0001:00006dc8       ??_C@_1KC@PIANFNPN@?$AA?9?$AAC?$AAH?$AAu?$AAb?$AA?$CI?$AA?$CF?$AAs?$AA?5?$AAt?$AAi?$AAe?$AAr?$AA?5?$AA?$CF?$AAd?$AA?$CJ?$AA?3?$AA?3?$AAO?$AAT?$AAG?$AAS?$AAw?$AAi?$AAt?$AAc?$AAh?$AAR?$AAo?$AAl?$AAe@ 10007dc8     hcdlib:cdevice.obj
 0001:00006e70       ??_C@_1GG@IGGMMAAG@?$AA?$CL?$AAC?$AAH?$AAu?$AAb?$AA?$CI?$AA?$CF?$AAs?$AA?5?$AAt?$AAi?$AAe?$AAr?$AA?5?$AA?$CF?$AAd?$AA?$CJ?$AA?3?$AA?3?$AAO?$AAT?$AAG?$AAS?$AAw?$AAi?$AAt?$AAc?$AAh?$AAR?$AAo?$AAl?$AAe@ 10007e70     hcdlib:cdevice.obj
 0001:00006ed8       ??_C@_1DK@BLICMNOB@?$AA?9?$AAC?$AAE?$AAx?$AAt?$AAe?$AAr?$AAn?$AAa?$AAl?$AAH?$AAu?$AAb?$AA?3?$AA?3?$AAC?$AAE?$AAx?$AAt?$AAe?$AAr?$AAn?$AAa?$AAl?$AAH?$AAu?$AAb?$AA?6?$AA?$AA@ 10007ed8     hcdlib:cdevice.obj
 0001:00006f14       ??_C@_1DK@HOGBOKMK@?$AA?$CL?$AAC?$AAE?$AAx?$AAt?$AAe?$AAr?$AAn?$AAa?$AAl?$AAH?$AAu?$AAb?$AA?3?$AA?3?$AAC?$AAE?$AAx?$AAt?$AAe?$AAr?$AAn?$AAa?$AAl?$AAH?$AAu?$AAb?$AA?6?$AA?$AA@ 10007f14     hcdlib:cdevice.obj
 0001:00006f50       ??_7CExternalHub@@6B@      10007f50     hcdlib:cdevice.obj
 0001:00006fb0       ??_C@_1BC@KMFBFJEN@?$AAE?$AAx?$AAt?$AAe?$AAr?$AAn?$AAa?$AAl?$AA?$AA@ 10007fb0     hcdlib:cdevice.obj
 0001:00006fc4       ??_C@_1DM@KMIKFLE@?$AA?9?$AAC?$AAE?$AAx?$AAt?$AAe?$AAr?$AAn?$AAa?$AAl?$AAH?$AAu?$AAb?$AA?3?$AA?3?$AA?$HO?$AAC?$AAE?$AAx?$AAt?$AAe?$AAr?$AAn?$AAa?$AAl?$AAH?$AAu?$AAb?$AA?6?$AA?$AA@ 10007fc4     hcdlib:cdevice.obj
 0001:00007000       ??_C@_1DM@NJLCIIFF@?$AA?$CL?$AAC?$AAE?$AAx?$AAt?$AAe?$AAr?$AAn?$AAa?$AAl?$AAH?$AAu?$AAb?$AA?3?$AA?3?$AA?$HO?$AAC?$AAE?$AAx?$AAt?$AAe?$AAr?$AAn?$AAa?$AAl?$AAH?$AAu?$AAb?$AA?6?$AA?$AA@ 10008000     hcdlib:cdevice.obj
 0001:00007040       ??_C@_1HC@GNNHIEFI@?$AA?9?$AAC?$AAE?$AAx?$AAt?$AAe?$AAr?$AAn?$AAa?$AAl?$AAH?$AAu?$AAb?$AA?3?$AA?3?$AAE?$AAn?$AAt?$AAe?$AAr?$AAO?$AAp?$AAe?$AAr?$AAa?$AAt?$AAi?$AAo?$AAn?$AAa?$AAl?$AAS@ 10008040     hcdlib:cdevice.obj
 0001:000070b8       ??_C@_1EM@MEILKMHH@?$AA?$CL?$AAC?$AAE?$AAx?$AAt?$AAe?$AAr?$AAn?$AAa?$AAl?$AAH?$AAu?$AAb?$AA?3?$AA?3?$AAE?$AAn?$AAt?$AAe?$AAr?$AAO?$AAp?$AAe?$AAr?$AAa?$AAt?$AAi?$AAo?$AAn?$AAa?$AAl?$AAS@ 100080b8     hcdlib:cdevice.obj
 0001:00007108       ??_C@_1FM@NDFPLGFL@?$AA?9?$AAC?$AAE?$AAx?$AAt?$AAe?$AAr?$AAn?$AAa?$AAl?$AAH?$AAu?$AAb?$AA?3?$AA?3?$AAP?$AAo?$AAw?$AAe?$AAr?$AAA?$AAl?$AAl?$AAH?$AAu?$AAb?$AAP?$AAo?$AAr?$AAt?$AAs?$AA?0@ 10008108     hcdlib:cdevice.obj
 0001:00007168       ??_C@_1FE@CAIBHEOA@?$AAC?$AAE?$AAx?$AAt?$AAe?$AAr?$AAn?$AAa?$AAl?$AAH?$AAu?$AAb?$AA?3?$AA?3?$AAP?$AAo?$AAw?$AAe?$AAr?$AAA?$AAl?$AAl?$AAH?$AAu?$AAb?$AAP?$AAo?$AAr?$AAt?$AAs?$AA?5?$AA?9@ 10008168     hcdlib:cdevice.obj
 0001:000071c0       ??_C@_1EC@EIEJHPIH@?$AA?$CL?$AAC?$AAE?$AAx?$AAt?$AAe?$AAr?$AAn?$AAa?$AAl?$AAH?$AAu?$AAb?$AA?3?$AA?3?$AAP?$AAo?$AAw?$AAe?$AAr?$AAA?$AAl?$AAl?$AAH?$AAu?$AAb?$AAP?$AAo?$AAr?$AAt?$AAs?$AA?6@ 100081c0     hcdlib:cdevice.obj
 0001:00007208       ??_C@_1JI@EPAIPDFE@?$AA?9?$AAC?$AAE?$AAx?$AAt?$AAe?$AAr?$AAn?$AAa?$AAl?$AA?3?$AA?3?$AAG?$AAe?$AAt?$AAS?$AAt?$AAa?$AAt?$AAu?$AAs?$AAC?$AAh?$AAa?$AAn?$AAg?$AAe?$AAB?$AAi?$AAt?$AAm?$AAa@ 10008208     hcdlib:cdevice.obj
 0001:000072a0       ??_C@_1HO@KALJIFCJ@?$AAC?$AAE?$AAx?$AAt?$AAe?$AAr?$AAn?$AAa?$AAl?$AAH?$AAu?$AAb?$AA?3?$AA?3?$AAG?$AAe?$AAt?$AAS?$AAt?$AAa?$AAt?$AAu?$AAs?$AAC?$AAh?$AAa?$AAn?$AAg?$AAe?$AAB?$AAi?$AAt@ 100082a0     hcdlib:cdevice.obj
 0001:00007320       ??_C@_1EM@DBCILMDF@?$AA?$CL?$AAC?$AAE?$AAx?$AAt?$AAe?$AAr?$AAn?$AAa?$AAl?$AAH?$AAu?$AAb?$AA?3?$AA?3?$AAG?$AAe?$AAt?$AAS?$AAt?$AAa?$AAt?$AAu?$AAs?$AAC?$AAh?$AAa?$AAn?$AAg?$AAe?$AAB?$AAi@ 10008320     hcdlib:cdevice.obj
 0001:00007370       ??_C@_1JC@JNLMDHLK@?$AA?9?$AAC?$AAE?$AAx?$AAt?$AAe?$AAr?$AAn?$AAa?$AAl?$AA?3?$AA?3?$AAW?$AAa?$AAi?$AAt?$AAF?$AAo?$AAr?$AAP?$AAo?$AAr?$AAt?$AAS?$AAt?$AAa?$AAt?$AAu?$AAs?$AAC?$AAh?$AAa@ 10008370     hcdlib:cdevice.obj
 0001:00007408       ??_C@_1FA@GFNGOBND@?$AA?$CL?$AAC?$AAE?$AAx?$AAt?$AAe?$AAr?$AAn?$AAa?$AAl?$AAH?$AAu?$AAb?$AA?3?$AA?3?$AAW?$AAa?$AAi?$AAt?$AAF?$AAo?$AAr?$AAP?$AAo?$AAr?$AAt?$AAS?$AAt?$AAa?$AAt?$AAu?$AAs@ 10008408     hcdlib:cdevice.obj
 0001:00007458       ??_C@_1HA@HBNEJOAD@?$AA?9?$AAC?$AAE?$AAx?$AAt?$AAe?$AAr?$AAn?$AAa?$AAl?$AAH?$AAu?$AAb?$AA?3?$AA?3?$AAG?$AAe?$AAt?$AAS?$AAt?$AAa?$AAt?$AAu?$AAs?$AA?5?$AA?9?$AA?5?$AAp?$AAo?$AAr?$AAt?$AA?5@ 10008458     hcdlib:cdevice.obj
 0001:000074c8       ??_C@_1EM@EIPHIIFI@?$AA?$CL?$AAC?$AAE?$AAx?$AAt?$AAe?$AAr?$AAn?$AAa?$AAl?$AAH?$AAu?$AAb?$AA?3?$AA?3?$AAG?$AAe?$AAt?$AAS?$AAt?$AAa?$AAt?$AAu?$AAs?$AA?5?$AA?9?$AA?5?$AAp?$AAo?$AAr?$AAt?$AA?5@ 100084c8     hcdlib:cdevice.obj
 0001:00007518       ??_C@_1HK@OMHBDAGB@?$AA?9?$AAC?$AAE?$AAx?$AAt?$AAe?$AAr?$AAn?$AAa?$AAl?$AAH?$AAu?$AAb?$AA?3?$AA?3?$AAR?$AAe?$AAs?$AAe?$AAt?$AAA?$AAn?$AAd?$AAE?$AAn?$AAa?$AAb?$AAl?$AAe?$AAP?$AAo?$AAr@ 10008518     hcdlib:cdevice.obj
 0001:00007598       ??_C@_1JC@GLHNDCHK@?$AA?9?$AAC?$AAE?$AAx?$AAt?$AAe?$AAr?$AAn?$AAa?$AAl?$AAH?$AAu?$AAb?$AA?3?$AA?3?$AAR?$AAe?$AAs?$AAe?$AAt?$AAA?$AAn?$AAd?$AAE?$AAn?$AAa?$AAb?$AAl?$AAe?$AAP?$AAo?$AAr@ 10008598     hcdlib:cdevice.obj
 0001:00007630       ??_C@_1FO@OOBJEFHK@?$AA?$CL?$AAC?$AAE?$AAx?$AAt?$AAe?$AAr?$AAn?$AAa?$AAl?$AAH?$AAu?$AAb?$AA?3?$AA?3?$AAR?$AAe?$AAs?$AAe?$AAt?$AAA?$AAn?$AAd?$AAE?$AAn?$AAa?$AAb?$AAl?$AAe?$AAP?$AAo?$AAr@ 10008630     hcdlib:cdevice.obj
 0001:00007690       ??_C@_1FA@BFIDHOJJ@?$AA?9?$AAC?$AAE?$AAx?$AAt?$AAe?$AAr?$AAn?$AAa?$AAl?$AAH?$AAu?$AAb?$AA?3?$AA?3?$AAD?$AAi?$AAs?$AAa?$AAb?$AAl?$AAe?$AAP?$AAo?$AAr?$AAt?$AA?5?$AA?9?$AA?5?$AAp?$AAo?$AAr@ 10008690     hcdlib:cdevice.obj
 0001:000076e0       ??_C@_1FA@FNFCCOOH@?$AA?$CL?$AAC?$AAE?$AAx?$AAt?$AAe?$AAr?$AAn?$AAa?$AAl?$AAH?$AAu?$AAb?$AA?3?$AA?3?$AAD?$AAi?$AAs?$AAa?$AAb?$AAl?$AAe?$AAP?$AAo?$AAr?$AAt?$AA?5?$AA?9?$AA?5?$AAp?$AAo?$AAr@ 100086e0     hcdlib:cdevice.obj
 0001:00007730       ??_C@_1ME@IBBEICDF@?$AA?9?$AAC?$AAE?$AAx?$AAt?$AAe?$AAr?$AAn?$AAa?$AAl?$AAH?$AAu?$AAb?$AA?3?$AA?3?$AAS?$AAe?$AAt?$AAO?$AAr?$AAC?$AAl?$AAe?$AAa?$AAr?$AAF?$AAe?$AAa?$AAt?$AAu?$AAr?$AAe@ 10008730     hcdlib:cdevice.obj
 0001:000077f8       ??_C@_1KO@NCFBBEAA@?$AAC?$AAE?$AAx?$AAt?$AAe?$AAr?$AAn?$AAa?$AAl?$AAH?$AAu?$AAb?$AA?3?$AA?3?$AAS?$AAe?$AAt?$AAO?$AAr?$AAC?$AAl?$AAe?$AAa?$AAr?$AAF?$AAe?$AAa?$AAt?$AAu?$AAr?$AAe?$AA?5@ 100087f8     hcdlib:cdevice.obj
 0001:000078a8       ??_C@_1KA@EIDHOGBK@?$AA?$CL?$AAC?$AAE?$AAx?$AAt?$AAe?$AAr?$AAn?$AAa?$AAl?$AAH?$AAu?$AAb?$AA?3?$AA?3?$AAS?$AAe?$AAt?$AAO?$AAr?$AAC?$AAl?$AAe?$AAa?$AAr?$AAF?$AAe?$AAa?$AAt?$AAu?$AAr?$AAe@ 100088a8     hcdlib:cdevice.obj
 0001:00007948       ??_C@_1HE@OGFLIABG@?$AA?9?$AAC?$AAE?$AAx?$AAt?$AAe?$AAr?$AAn?$AAa?$AAl?$AAH?$AAu?$AAb?$AA?3?$AA?3?$AAS?$AAe?$AAt?$AAO?$AAr?$AAC?$AAl?$AAe?$AAa?$AAr?$AAR?$AAe?$AAm?$AAo?$AAt?$AAe?$AAW@ 10008948     hcdlib:cdevice.obj
 0001:000079c0       ??_C@_1GG@EJGBKNJ@?$AA?$CL?$AAC?$AAE?$AAx?$AAt?$AAe?$AAr?$AAn?$AAa?$AAl?$AAH?$AAu?$AAb?$AA?3?$AA?3?$AAS?$AAe?$AAt?$AAO?$AAr?$AAC?$AAl?$AAe?$AAa?$AAr?$AAR?$AAe?$AAm?$AAo?$AAt?$AAe?$AAW@ 100089c0     hcdlib:cdevice.obj
 0001:00007a28       ??_C@_1EA@HAHMHPPG@?$AA?9?$AAC?$AAF?$AAu?$AAn?$AAc?$AAt?$AAi?$AAo?$AAn?$AA?$CI?$AAt?$AAi?$AAe?$AAr?$AA?5?$AA?$CF?$AAd?$AA?$CJ?$AA?3?$AA?3?$AAC?$AAF?$AAu?$AAn?$AAc?$AAt?$AAi?$AAo?$AAn?$AA?6?$AA?$AA@ 10008a28     hcdlib:cdevice.obj
 0001:00007a68       ??_C@_1EA@OECAJOAK@?$AA?$CL?$AAC?$AAF?$AAu?$AAn?$AAc?$AAt?$AAi?$AAo?$AAn?$AA?$CI?$AAt?$AAi?$AAe?$AAr?$AA?5?$AA?$CF?$AAd?$AA?$CJ?$AA?3?$AA?3?$AAC?$AAF?$AAu?$AAn?$AAc?$AAt?$AAi?$AAo?$AAn?$AA?6?$AA?$AA@ 10008a68     hcdlib:cdevice.obj
 0001:00007aa8       ??_7CFunction@@6B@         10008aa8     hcdlib:cdevice.obj
 0001:00007ae4       ??_C@_1BC@IDPNFFME@?$AAF?$AAu?$AAn?$AAc?$AAt?$AAi?$AAo?$AAn?$AA?$AA@ 10008ae4     hcdlib:cdevice.obj
 0001:00007af8       ??_C@_1EC@FBEPJHCP@?$AA?9?$AAC?$AAF?$AAu?$AAn?$AAc?$AAt?$AAi?$AAo?$AAn?$AA?$CI?$AAt?$AAi?$AAe?$AAr?$AA?5?$AA?$CF?$AAd?$AA?$CJ?$AA?3?$AA?3?$AA?$HO?$AAC?$AAF?$AAu?$AAn?$AAc?$AAt?$AAi?$AAo?$AAn?$AA?6@ 10008af8     hcdlib:cdevice.obj
 0001:00007b40       ??_C@_1EC@DOELHPCM@?$AA?$CL?$AAC?$AAF?$AAu?$AAn?$AAc?$AAt?$AAi?$AAo?$AAn?$AA?$CI?$AAt?$AAi?$AAe?$AAr?$AA?5?$AA?$CF?$AAd?$AA?$CJ?$AA?3?$AA?3?$AA?$HO?$AAC?$AAF?$AAu?$AAn?$AAc?$AAt?$AAi?$AAo?$AAn?$AA?6@ 10008b40     hcdlib:cdevice.obj
 0001:00007b88       ??_C@_1HO@CKKHIFHP@?$AA?9?$AAC?$AAF?$AAu?$AAn?$AAc?$AAt?$AAi?$AAo?$AAn?$AA?$CI?$AAt?$AAi?$AAe?$AAr?$AA?5?$AA?$CF?$AAd?$AA?$CJ?$AA?3?$AA?3?$AAE?$AAn?$AAt?$AAe?$AAr?$AAO?$AAp?$AAe?$AAr?$AAa?$AAt@ 10008b88     hcdlib:cdevice.obj
 0001:00007c08       ??_C@_1GI@DBLMBFBL@?$AAC?$AAF?$AAu?$AAn?$AAc?$AAt?$AAi?$AAo?$AAn?$AA?$CI?$AAt?$AAi?$AAe?$AAr?$AA?5?$AA?$CF?$AAd?$AA?$CJ?$AA?3?$AA?3?$AAE?$AAn?$AAt?$AAe?$AAr?$AAO?$AAp?$AAe?$AAr?$AAa?$AAt?$AAi@ 10008c08     hcdlib:cdevice.obj
 0001:00007c70       ??_C@_1GE@OKHKLFOB@?$AAS?$AAE?$AAT?$AA?5?$AAF?$AAE?$AAA?$AAT?$AAU?$AAR?$AAE?$AA?5?$AAU?$AAS?$AAB?$AA_?$AAF?$AAE?$AAA?$AAT?$AAU?$AAR?$AAE?$AA_?$AAB?$AA_?$AAH?$AAN?$AAP?$AA_?$AAE?$AAN@ 10008c70     hcdlib:cdevice.obj
 0001:00007cd8       ??_C@_1FI@PNNALGEC@?$AA?$CL?$AAC?$AAF?$AAu?$AAn?$AAc?$AAt?$AAi?$AAo?$AAn?$AA?$CI?$AAt?$AAi?$AAe?$AAr?$AA?5?$AA?$CF?$AAd?$AA?$CJ?$AA?3?$AA?3?$AAE?$AAn?$AAt?$AAe?$AAr?$AAO?$AAp?$AAe?$AAr?$AAa?$AAt@ 10008cd8     hcdlib:cdevice.obj
 0001:00007d30       ??_C@_1JM@IKMNJOMD@?$AA?9?$AAC?$AAF?$AAu?$AAn?$AAc?$AAt?$AAi?$AAo?$AAn?$AA?$CI?$AAt?$AAi?$AAe?$AAr?$AA?5?$AA?$CF?$AAd?$AA?$CJ?$AA?3?$AA?3?$AAO?$AAp?$AAe?$AAn?$AAP?$AAi?$AAp?$AAe?$AA?5?$AA?9?$AA?5@ 10008d30     hcdlib:cdevice.obj
 0001:00007dd0       ??_C@_1IK@MOOEIMIB@?$AAC?$AAF?$AAu?$AAn?$AAc?$AAt?$AAi?$AAo?$AAn?$AA?$CI?$AAt?$AAi?$AAe?$AAr?$AA?5?$AA?$CF?$AAd?$AA?$CJ?$AA?3?$AA?3?$AAO?$AAp?$AAe?$AAn?$AAP?$AAi?$AAp?$AAe?$AA?5?$AA?9?$AA?5?$AAo@ 10008dd0     hcdlib:cdevice.obj
 0001:00007e60       ??_C@_1KM@JACIJAAL@?$AAC?$AAF?$AAu?$AAn?$AAc?$AAt?$AAi?$AAo?$AAn?$AA?$CI?$AAt?$AAi?$AAe?$AAr?$AA?5?$AA?$CF?$AAd?$AA?$CJ?$AA?3?$AA?3?$AAO?$AAp?$AAe?$AAn?$AAP?$AAi?$AAp?$AAe?$AA?5?$AA?9?$AA?5?$AAa@ 10008e60     hcdlib:cdevice.obj
 0001:00007f10       ??_C@_1ME@KAFNGAIE@?$AAC?$AAF?$AAu?$AAn?$AAc?$AAt?$AAi?$AAo?$AAn?$AA?$CI?$AAt?$AAi?$AAe?$AAr?$AA?5?$AA?$CF?$AAd?$AA?$CJ?$AA?3?$AA?3?$AAO?$AAp?$AAe?$AAn?$AAP?$AAi?$AAp?$AAe?$AA?5?$AA?9?$AA?5?$AAe@ 10008f10     hcdlib:cdevice.obj
 0001:00007fd8       ??_C@_1FM@LHKAGABP@?$AA?$CL?$AAC?$AAF?$AAu?$AAn?$AAc?$AAt?$AAi?$AAo?$AAn?$AA?$CI?$AAt?$AAi?$AAe?$AAr?$AA?5?$AA?$CF?$AAd?$AA?$CJ?$AA?3?$AA?3?$AAO?$AAp?$AAe?$AAn?$AAP?$AAi?$AAp?$AAe?$AA?5?$AA?9?$AA?5@ 10008fd8     hcdlib:cdevice.obj
 0001:00008038       ??_C@_1LE@CFCEGCI@?$AA?9?$AAC?$AAF?$AAu?$AAn?$AAc?$AAt?$AAi?$AAo?$AAn?$AA?$CI?$AAt?$AAi?$AAe?$AAr?$AA?5?$AA?$CF?$AAd?$AA?$CJ?$AA?3?$AA?3?$AAC?$AAl?$AAo?$AAs?$AAe?$AAP?$AAi?$AAp?$AAe?$AA?5?$AA?9@ 10009038     hcdlib:cdevice.obj
 0001:000080f0       ??_C@_1KG@MIBBGHMA@?$AAC?$AAF?$AAu?$AAn?$AAc?$AAt?$AAi?$AAo?$AAn?$AA?$CI?$AAt?$AAi?$AAe?$AAr?$AA?5?$AA?$CF?$AAd?$AA?$CJ?$AA?3?$AA?3?$AAC?$AAl?$AAo?$AAs?$AAe?$AAP?$AAi?$AAp?$AAe?$AA?5?$AA?9?$AA?5@ 100090f0     hcdlib:cdevice.obj
 0001:00008198       ??_C@_1IA@LNBOPBH@?$AAC?$AAF?$AAu?$AAn?$AAc?$AAt?$AAi?$AAo?$AAn?$AA?$CI?$AAt?$AAi?$AAe?$AAr?$AA?5?$AA?$CF?$AAd?$AA?$CJ?$AA?3?$AA?3?$AAC?$AAl?$AAo?$AAs?$AAe?$AAP?$AAi?$AAp?$AAe?$AA?5?$AA?9?$AA?5@ 10009198     hcdlib:cdevice.obj
 0001:00008218       ??_C@_1HE@FILFIPFM@?$AA?$CL?$AAC?$AAF?$AAu?$AAn?$AAc?$AAt?$AAi?$AAo?$AAn?$AA?$CI?$AAt?$AAi?$AAe?$AAr?$AA?5?$AA?$CF?$AAd?$AA?$CJ?$AA?3?$AA?3?$AAC?$AAl?$AAo?$AAs?$AAe?$AAP?$AAi?$AAp?$AAe?$AA?5?$AA?9@ 10009218     hcdlib:cdevice.obj
 0001:00008290       ??_C@_1IK@JNPJLHDE@?$AA?9?$AAC?$AAF?$AAu?$AAn?$AAc?$AAt?$AAi?$AAo?$AAn?$AA?$CI?$AAt?$AAi?$AAe?$AAr?$AA?5?$AA?$CF?$AAd?$AA?$CJ?$AA?3?$AA?3?$AAI?$AAs?$AAs?$AAu?$AAe?$AAT?$AAr?$AAa?$AAn?$AAs?$AAf@ 10009290     hcdlib:cdevice.obj
[...]
 0001:00030b64       ?SetNextTransfer@CTransfer@@QAAPAV1@PAV1@@Z 10031b64 f i ohcdmdd2:cpipe.obj
 0001:00030bac       ?GetTDQueueHeadPhys@TDQueue@@QBAKXZ 10031bac f i ohcdmdd2:cpipe.obj
 0001:00030c1c       ?GetFirstError@CTransfer@@QAAKXZ 10031c1c f i ohcdmdd2:cpipe.obj
 0001:00030c4c       ?GetTDQueueTailPhysAddr@TDQueue@@QBAKXZ 10031c4c f i ohcdmdd2:cpipe.obj
 0001:00030cbc       ?GetTDQueueHead@TDQueue@@QBAPAU_TD@@XZ 10031cbc f i ohcdmdd2:cpipe.obj
 0001:00030d2c       ?GetType@CBulkPipe@@UAA?AW4PIPE_TYPE@@XZ 10031d2c f i ohcdmdd2:cpipe.obj
 0001:00030d54       ?GetPipeType@CBulkPipe@@UBAPBGXZ 10031d54 f i ohcdmdd2:cpipe.obj
 0001:00030d80       ??_ECBulkPipe@@UAAPAXI@Z   10031d80 f i ohcdmdd2:cpipe.obj
 0001:00030d80       ??_GCBulkPipe@@UAAPAXI@Z   10031d80 f i ohcdmdd2:cpipe.obj
 0001:00030dc4       ?IsTDQueueFull@TDQueue@@QBAHXZ 10031dc4 f i ohcdmdd2:cpipe.obj
 0001:00030e30       ?IncIndex@TDQueue@@QBAKK@Z 10031e30 f i ohcdmdd2:cpipe.obj
 0001:00030e90       ?GetType@CControlPipe@@UAA?AW4PIPE_TYPE@@XZ 10031e90 f i ohcdmdd2:cpipe.obj
 0001:00030eb8       ?GetPipeType@CControlPipe@@UBAPBGXZ 10031eb8 f i ohcdmdd2:cpipe.obj
 0001:00030ee8       ??_ECControlPipe@@UAAPAXI@Z 10031ee8 f i ohcdmdd2:cpipe.obj
 0001:00030ee8       ??_GCControlPipe@@UAAPAXI@Z 10031ee8 f i ohcdmdd2:cpipe.obj
 0001:00030f2c       ?QueueReInit@TDQueue@@QAAHK@Z 10031f2c f i ohcdmdd2:cpipe.obj
 0001:00030fb0       ?GetMaxTDDataSize@TDQueue@@QBAKXZ 10031fb0 f i ohcdmdd2:cpipe.obj
 0001:00030fe0       ?GetType@CInterruptPipe@@UAA?AW4PIPE_TYPE@@XZ 10031fe0 f i ohcdmdd2:cpipe.obj
 0001:00031008       ?GetPipeType@CInterruptPipe@@UBAPBGXZ 10032008 f i ohcdmdd2:cpipe.obj
 0001:00031038       ??_GCInterruptPipe@@UAAPAXI@Z 10032038 f i ohcdmdd2:cpipe.obj
 0001:00031038       ??_ECInterruptPipe@@UAAPAXI@Z 10032038 f i ohcdmdd2:cpipe.obj
 0001:0003107c       ?GetType@CIsochronousPipe@@UAA?AW4PIPE_TYPE@@XZ 1003207c f i ohcdmdd2:cpipe.obj
 0001:000310a4       ?GetTdSize@CIsochronousPipe@@UBA?BHXZ 100320a4 f i ohcdmdd2:cpipe.obj
 0001:000310cc       ?GetPipeType@CIsochronousPipe@@UBAPBGXZ 100320cc f i ohcdmdd2:cpipe.obj
 0001:000310fc       ??_ECIsochronousPipe@@UAAPAXI@Z 100320fc f i ohcdmdd2:cpipe.obj
 0001:000310fc       ??_GCIsochronousPipe@@UAAPAXI@Z 100320fc f i ohcdmdd2:cpipe.obj
 0001:00031140       ?GetITDQueueHeadPhys@ITDQueue@@QBAKXZ 10032140 f i ohcdmdd2:cpipe.obj
 0001:000311b0       ?GetSTransfer@CITransfer@@QAAPAUSTRANSFER@@XZ 100321b0 f i ohcdmdd2:cpipe.obj
 0001:000311d8       ?SetNextTransfer@CITransfer@@QAAPAV1@PAV1@@Z 100321d8 f i ohcdmdd2:cpipe.obj
 0001:00031220       ??_GCITransfer@@QAAPAXI@Z  10032220 f i ohcdmdd2:cpipe.obj
 0001:00031264       ??1CITransfer@@QAA@XZ      10032264 f i ohcdmdd2:cpipe.obj
 0001:000312cc       ?IsStartQueue@CITransfer@@QBAHXZ 100322cc f i ohcdmdd2:cpipe.obj
 0001:0003131c       ?GetNextTransfer@CITransfer@@QBAPAV1@XZ 1003231c f i ohcdmdd2:cpipe.obj
 0001:0003134c       ?IsCompleteQueue@CITransfer@@QBAHXZ 1003234c f i ohcdmdd2:cpipe.obj
 0001:000313a8       ?IsITDQueueFull@ITDQueue@@QBAHXZ 100323a8 f i ohcdmdd2:cpipe.obj
 0001:00031414       ?IncIndex@ITDQueue@@QBAKK@Z 10032414 f i ohcdmdd2:cpipe.obj
 0001:00031474       ?GetITDQueueTailPhysAddr@ITDQueue@@QBAKXZ 10032474 f i ohcdmdd2:cpipe.obj
 0001:000314e4       ?GetITDQueueHead@ITDQueue@@QBAPAU_ITD@@XZ 100324e4 f i ohcdmdd2:cpipe.obj
 0001:00031554       ??0CHW@@QAA@SAEKQAVCPhysMem@@PAX@Z 10032554 f   ohcdmdd2:chw.obj
 0001:000316f4       ??1CHW@@UAA@XZ             100326f4 f   ohcdmdd2:chw.obj
 0001:00031734       ?Initialize@CHW@@UAAHXZ    10032734 f   ohcdmdd2:chw.obj
 0001:00032238       ?DeInitialize@CHW@@UAAXXZ  10033238 f   ohcdmdd2:chw.obj
 0001:00032438       ?EnterOperationalState@CHW@@QAAXXZ 10033438 f   ohcdmdd2:chw.obj
 0001:0003253c       ?StopHostController@CHW@@QAAXXZ 1003353c f   ohcdmdd2:chw.obj
 0001:000325c0       ?ListControl@CHW@@QAAXKHH@Z 100335c0 f   ohcdmdd2:chw.obj
 0001:00032898       ?CeResumeThreadStub@CHW@@CAKPAX@Z 10033898 f   ohcdmdd2:chw.obj
 0001:000328cc       ?CeResumeThread@CHW@@AAAKXZ 100338cc f   ohcdmdd2:chw.obj
 0001:00032abc       ?PowerMgmtCallback@CHW@@UAAXH@Z 10033abc f   ohcdmdd2:chw.obj
 0001:00032b98       ?SuspendHC@CHW@@UAAHXZ     10033b98 f   ohcdmdd2:chw.obj
 0001:00032c6c       ?SuspendHostController@CHW@@AAAXXZ 10033c6c f   ohcdmdd2:chw.obj
 0001:00032cc0       ?ResumeHostController@CHW@@AAAXXZ 10033cc0 f   ohcdmdd2:chw.obj
 0001:00032d38       ?SetCapability@CHW@@UAAKK@Z 10033d38 f   ohcdmdd2:chw.obj
 0001:00032f80       ?UsbInterruptThreadStub@CHW@@CAKPAX@Z 10033f80 f   ohcdmdd2:chw.obj
 0001:00032fb4       ?UsbInterruptThread@CHW@@AAAKXZ 10033fb4 f   ohcdmdd2:chw.obj
 0001:000333cc       ?UpdateFrameCounter@CHW@@AAAXXZ 100343cc f   ohcdmdd2:chw.obj
 0001:000334c4       ?GetFrameNumber@CHW@@UAAHPAK@Z 100344c4 f   ohcdmdd2:chw.obj
 0001:00033524       ?WaitOneFrame@CHW@@QAAHXZ  10034524 f   ohcdmdd2:chw.obj
 0001:00033618       ?GetFrameLength@CHW@@UAAHPAG@Z 10034618 f   ohcdmdd2:chw.obj
 0001:00033670       ?SetFrameLength@CHW@@UAAHPAXG@Z 10034670 f   ohcdmdd2:chw.obj
 0001:000336a0       ?StopAdjustingFrame@CHW@@UAAHXZ 100346a0 f   ohcdmdd2:chw.obj
 0001:000336d8       ?UsbAdjustFrameLengthThreadStub@CHW@@CAKPAX@Z 100346d8 f   ohcdmdd2:chw.obj
 0001:0003370c       ?UsbAdjustFrameLengthThread@CHW@@AAAKXZ 1003470c f   ohcdmdd2:chw.obj
 0001:00033778       ?DidPortStatusChange@CHW@@UAAHE@Z 10034778 f   ohcdmdd2:chw.obj
 0001:000337d0       ?GetPortStatus@CHW@@UAAHEAAU_USB_HUB_AND_PORT_STATUS@@@Z 100347d0 f   ohcdmdd2:chw.obj
 0001:00033d64       ?GetRootHubDescriptor@CHW@@QAAXAAU_USB_HUB_DESCRIPTOR@@@Z 10034d64 f   ohcdmdd2:chw.obj
 0001:000340bc       ?RootHubFeature@CHW@@UAAHEEG@Z 100350bc f   ohcdmdd2:chw.obj
 0001:00034334       ?ResetAndEnablePort@CHW@@UAAHE@Z 10035334 f   ohcdmdd2:chw.obj
 0001:000345b4       ?DisablePort@CHW@@UAAXE@Z  100355b4 f   ohcdmdd2:chw.obj
 0001:000345f0       ?WaitForPortStatusChange@CHW@@UAAHPAX@Z 100355f0 f   ohcdmdd2:chw.obj
 0001:000346c8       ?DumpAllRegisters@CHW@@CAXXZ 100356c8 f   ohcdmdd2:chw.obj
 0001:00034770       ?SignalCheckForDoneTransfers@CHW@@UAAXK@Z 10035770 f i ohcdmdd2:chw.obj
 0001:000347c8       ??_GCHW@@UAAPAXI@Z         100357c8 f i ohcdmdd2:chw.obj
 0001:000347c8       ??_ECHW@@UAAPAXI@Z         100357c8 f i ohcdmdd2:chw.obj
 0001:00034814       ??0CTransfer@@QAA@QAVCQueuedPipe@@USTRANSFER@@PAV0@@Z 10035814 f   ohcdmdd2:Transfer.obj
 0001:000349ec       ?ScheduleTD@CTransfer@@QAAHXZ 100359ec f   ohcdmdd2:Transfer.obj
 0001:0003510c       ?DoneTD@CTransfer@@QAAHXZ  1003610c f   ohcdmdd2:Transfer.obj
 0001:000357c0       ?Canceled@CTransfer@@QAAHXZ 100367c0 f   ohcdmdd2:Transfer.obj
 0001:00035908       ??0TDQueue@@QAA@QAVCPhysMem@@KK@Z 10036908 f   ohcdmdd2:Transfer.obj
 0001:000359bc       ??1TDQueue@@QAA@XZ         100369bc f   ohcdmdd2:Transfer.obj
 0001:000359d8       ?QueueDeInit@TDQueue@@QAAXXZ 100369d8 f   ohcdmdd2:Transfer.obj
 0001:00035aa4       ?QueueInit@TDQueue@@QAAHXZ 10036aa4 f   ohcdmdd2:Transfer.obj
 0001:00035e2c       ?QueueDisable@TDQueue@@QAAHXZ 10036e2c f   ohcdmdd2:Transfer.obj
 0001:00035ef4       ?InitTDQueueTailTD@TDQueue@@QAAHPAVCTransfer@@PAVCQueuedPipe@@EKGKKH@Z 10036ef4 f   ohcdmdd2:Transfer.obj
 0001:000362a4       ??0CITransfer@@QAA@QAVCIsochronousPipe@@USTRANSFER@@PAV0@@Z 100372a4 f   ohcdmdd2:Transfer.obj
 0001:000363bc       ?ScheduleITD@CITransfer@@QAAHXZ 100373bc f   ohcdmdd2:Transfer.obj
 0001:000367f4       ?DoneITD@CITransfer@@QAAHXZ 100377f4 f   ohcdmdd2:Transfer.obj
 0001:00036eec       ?Canceled@CITransfer@@QAAHXZ 10037eec f   ohcdmdd2:Transfer.obj
 0001:0003703c       ?CheckFrame@CITransfer@@QBAHG@Z 1003803c f   ohcdmdd2:Transfer.obj
 0001:00037194       ??0ITDQueue@@QAA@QAVCPhysMem@@KK@Z 10038194 f   ohcdmdd2:Transfer.obj
 0001:000372fc       ??1ITDQueue@@QAA@XZ        100382fc f   ohcdmdd2:Transfer.obj
 0001:00037318       ?QueueDeInit@ITDQueue@@QAAXXZ 10038318 f   ohcdmdd2:Transfer.obj
 0001:000373e4       ?QueueInit@ITDQueue@@QAAHXZ 100383e4 f   ohcdmdd2:Transfer.obj
 0001:00037720       ?QueueDisable@ITDQueue@@QAAHXZ 10038720 f   ohcdmdd2:Transfer.obj
 0001:000377e8       ?InitITDQueueTailITD@ITDQueue@@QAAHPAVCITransfer@@PAVCIsochronousPipe@@GGPBKEKK@Z 100387e8 f   ohcdmdd2:Transfer.obj
 0001:00037c4c       ?AdvanceTDQueueTail@TDQueue@@QAAHXZ 10038c4c f i ohcdmdd2:Transfer.obj
 0001:00037cc4       ?GetTDQueueTailBufferVirtAddr@TDQueue@@QBAPAEXZ 10038cc4 f i ohcdmdd2:Transfer.obj
 0001:00037d3c       ?AdvanceTDQueueHead@TDQueue@@QAAHXZ 10038d3c f i ohcdmdd2:Transfer.obj
 0001:00037db4       ?IsTDQueueEmpty@TDQueue@@QBAHXZ 10038db4 f i ohcdmdd2:Transfer.obj
 0001:00037e10       ?GetTDQueueHeadBufferVirtAddr@TDQueue@@QBAPAEXZ 10038e10 f i ohcdmdd2:Transfer.obj
 0001:00037e88       ?GetED@CPipe@@QAAPAU_ED@@XZ 10038e88 f i ohcdmdd2:Transfer.obj
 0001:00037eb8       ?AdvanceITDQueueTail@ITDQueue@@QAAHXZ 10038eb8 f i ohcdmdd2:Transfer.obj
 0001:00037f30       ?GetITDQueueTailBufferVirtAddr@ITDQueue@@QBAPAEXZ 10038f30 f i ohcdmdd2:Transfer.obj
 0001:00037fa8       ?GetFrameNumberPerITD@ITDQueue@@QBAKXZ 10038fa8 f i ohcdmdd2:Transfer.obj
 0001:00037fd8       ?AdvanceITDQueueHead@ITDQueue@@QAAHXZ 10038fd8 f i ohcdmdd2:Transfer.obj
 0001:00038050       ?IsITDQueueEmpty@ITDQueue@@QBAHXZ 10039050 f i ohcdmdd2:Transfer.obj
 0001:000380ac       ?GetITDQueueHeadBufferVirtAddr@ITDQueue@@QBAPAEXZ 100390ac f i ohcdmdd2:Transfer.obj
 0001:00038124       InterlockedExchange        10039124 f   coredll:COREDLL.dll
 0001:00038134       TerminateProcess           10039134 f   coredll:COREDLL.dll
 0001:00038144       InterlockedCompareExchange 10039144 f   coredll:COREDLL.dll
 0001:00038154       InterruptInitialize        10039154 f   coredll:COREDLL.dll
 0001:00038164       InterruptDisable           10039164 f   coredll:COREDLL.dll
 0001:00038174       SetInterruptEvent          10039174 f   coredll:COREDLL.dll
 0001:00038184       KernelIoControl            10039184 f   coredll:COREDLL.dll
 0001:00038194       InterruptDone              10039194 f   coredll:COREDLL.dll
 0001:000381a4       __rt_sdiv                  100391a4 f   corelib1:COREDLL.dll
 0001:0003831c       __IMPORT_DESCRIPTOR_COREDLL 1003931c     coredll:COREDLL.dll
 0001:00038330       __IMPORT_DESCRIPTOR_CEDDK  10039330     ceddk:CEDDK.dll
 0001:00038344       __NULL_IMPORT_DESCRIPTOR   10039344     coredll:COREDLL.dll
 0002:00000000       __imp_CloseBusAccessHandle 1003a000     ceddk:CEDDK.dll
 0002:00000004       __imp_BusIoControl         1003a004     ceddk:CEDDK.dll
 0002:00000008       __imp_BusChildIoControl    1003a008     ceddk:CEDDK.dll
 0002:0000000c       __imp_MmMapIoSpace         1003a00c     ceddk:CEDDK.dll
 0002:00000010       __imp_BusTransBusAddrToStatic 1003a010     ceddk:CEDDK.dll
 0002:00000014       __imp_HalAllocateCommonBuffer 1003a014     ceddk:CEDDK.dll
 0002:00000018       __imp_MmUnmapIoSpace       1003a018     ceddk:CEDDK.dll
 0002:0000001c       __imp_HalFreeCommonBuffer  1003a01c     ceddk:CEDDK.dll
 0002:00000020       __imp_CreateBusAccessHandle 1003a020     ceddk:CEDDK.dll
 0002:00000024       __imp_BusTransBusAddrToVirtual 1003a024     ceddk:CEDDK.dll
 0002:00000028       \177CEDDK_NULL_THUNK_DATA  1003a028     ceddk:CEDDK.dll
 0002:0000002c       __imp_DisableThreadLibraryCalls 1003a02c     coredll:COREDLL.dll
 0002:00000030       __imp_RegisterDbgZones     1003a030     coredll:COREDLL.dll
 0002:00000034       __imp_LeaveCriticalSection 1003a034     coredll:COREDLL.dll
 0002:00000038       __imp_EnterCriticalSection 1003a038     coredll:COREDLL.dll
 0002:0000003c       __imp_OpenDeviceKey        1003a03c     coredll:COREDLL.dll
 0002:00000040       __imp_SetLastError         1003a040     coredll:COREDLL.dll
 0002:00000044       __imp_CreateEventW         1003a044     coredll:COREDLL.dll
 0002:00000048       __imp_AllocPhysMem         1003a048     coredll:COREDLL.dll
 0002:0000004c       __imp_LocalAlloc           1003a04c     coredll:COREDLL.dll
 0002:00000050       __imp_FreePhysMem          1003a050     coredll:COREDLL.dll
 0002:00000054       __imp_CloseHandle          1003a054     coredll:COREDLL.dll
 0002:00000058       __imp_LocalFree            1003a058     coredll:COREDLL.dll
 0002:0000005c       __imp_WaitForSingleObject  1003a05c     coredll:COREDLL.dll
 0002:00000060       __imp_RegOpenKeyExW        1003a060     coredll:COREDLL.dll
 0002:00000064       __imp_EventModify          1003a064     coredll:COREDLL.dll
 0002:00000068       __imp_GetProcAddressW      1003a068     coredll:COREDLL.dll
 0002:0000006c       __imp_LoadDriver           1003a06c     coredll:COREDLL.dll
 0002:00000070       __imp_FreeLibrary          1003a070     coredll:COREDLL.dll
 0002:00000074       __imp_Sleep                1003a074     coredll:COREDLL.dll
 0002:00000078       __imp_CeGetThreadPriority  1003a078     coredll:COREDLL.dll
 0002:0000007c       __imp_CeSetThreadPriority  1003a07c     coredll:COREDLL.dll
 0002:00000080       __imp_CreateThread         1003a080     coredll:COREDLL.dll
 0002:00000084       __imp_WaitForMultipleObjects 1003a084     coredll:COREDLL.dll
 0002:00000088       __imp___GetUserKData       1003a088     coredll:COREDLL.dll
 0002:0000008c       __imp_RaiseException       1003a08c     coredll:COREDLL.dll
 0002:00000090       __imp_DDKReg_GetWindowInfo 1003a090     coredll:COREDLL.dll
 0002:00000094       __imp_NKDbgPrintfW         1003a094     coredll:COREDLL.dll
 0002:00000098       __imp_DDKReg_GetIsrInfo    1003a098     coredll:COREDLL.dll
 0002:0000009c       __imp_LoadIntChainHandler  1003a09c     coredll:COREDLL.dll
 0002:000000a0       __imp_KernelLibIoControl   1003a0a0     coredll:COREDLL.dll
 0002:000000a4       __imp_RegQueryValueExW     1003a0a4     coredll:COREDLL.dll
 0002:000000a8       __imp_RegCloseKey          1003a0a8     coredll:COREDLL.dll
 0002:000000ac       __imp_FreeIntChainHandler  1003a0ac     coredll:COREDLL.dll
 0002:000000b0       __imp_InitializeCriticalSection 1003a0b0     coredll:COREDLL.dll
 0002:000000b4       __imp_DeleteCriticalSection 1003a0b4     coredll:COREDLL.dll
 0002:000000b8       __imp_GetTickCount         1003a0b8     coredll:COREDLL.dll
 0002:000000bc       __imp_memcpy               1003a0bc     corelib1:COREDLL.dll
 0002:000000c0       __imp_free                 1003a0c0     corelib1:COREDLL.dll
 0002:000000c4       __imp_malloc               1003a0c4     corelib1:COREDLL.dll
 0002:000000c8       __imp_wcsncpy              1003a0c8     corelib1:COREDLL.dll
 0002:000000cc       __imp___rt_udiv            1003a0cc     corelib1:COREDLL.dll
 0002:000000d0       __imp_??2@YAPAXI@Z         1003a0d0     corelib1:COREDLL.dll
 0002:000000d4       __imp_??3@YAXPAX@Z         1003a0d4     corelib1:COREDLL.dll
 0002:000000d8       __imp__purecall            1003a0d8     corelib1:COREDLL.dll
 0002:000000dc       __imp_memset               1003a0dc     corelib1:COREDLL.dll
 0002:000000e0       __imp_wcscpy               1003a0e0     corelib1:COREDLL.dll
 0002:000000e4       __imp_wcslen               1003a0e4     corelib1:COREDLL.dll
 0002:000000e8       __imp_??_V@YAXPAX@Z        1003a0e8     corelib1:COREDLL.dll
 0002:000000ec       __imp_??_U@YAPAXI@Z        1003a0ec     corelib1:COREDLL.dll
 0002:000000f0       __imp_memcmp               1003a0f0     corelib1:COREDLL.dll
 0002:000000f4       __imp___C_specific_handler 1003a0f4     corelib1:COREDLL.dll
 0002:000000f8       __imp__XcptFilter          1003a0f8     corelib1:COREDLL.dll
 0002:000000fc       __imp___security_gen_cookie2 1003a0fc     corelib1:COREDLL.dll
 0002:00000100       __imp___report_gsfailure   1003a100     corelib1:COREDLL.dll
 0002:00000104       __imp_realloc              1003a104     corelib1:COREDLL.dll
 0002:00000108       __imp__msize               1003a108     corelib1:COREDLL.dll
 0002:0000010c       __imp_InterlockedExchange  1003a10c     coredll:COREDLL.dll
 0002:00000110       __imp_TerminateProcess     1003a110     coredll:COREDLL.dll
 0002:00000114       __imp_InterlockedCompareExchange 1003a114     coredll:COREDLL.dll
 0002:00000118       __imp_InterruptInitialize  1003a118     coredll:COREDLL.dll
 0002:0000011c       __imp_InterruptDisable     1003a11c     coredll:COREDLL.dll
 0002:00000120       __imp_SetInterruptEvent    1003a120     coredll:COREDLL.dll
 0002:00000124       __imp_KernelIoControl      1003a124     coredll:COREDLL.dll
 0002:00000128       __imp_InterruptDone        1003a128     coredll:COREDLL.dll
 0002:0000012c       __imp___rt_sdiv            1003a12c     corelib1:COREDLL.dll
 0002:00000130       \177COREDLL_NULL_THUNK_DATA 1003a130     coredll:COREDLL.dll
 0002:00000190       dpCurSettings              1003a190     hcdlib:hcddrv.obj
 0002:000005d4       ?gc_HcdFuncs@@3U_HCD_FUNCS@@A 1003a5d4     hcdlib:hcddrv.obj
 0002:000006c8       ?cszDeviceType@?1??GetDeviceType@CRootHub@@EBAPBGXZ@4PBGB 1003a6c8     hcdlib:cdevice.obj
 0002:000006cc       ?cszDeviceType@?1??GetDeviceType@CExternalHub@@EBAPBGXZ@4PBGB 1003a6cc     hcdlib:cdevice.obj
 0002:000006d0       ?cszDeviceType@?1??GetDeviceType@CFunction@@EBAPBGXZ@4PBGB 1003a6d0     hcdlib:cdevice.obj
 0002:000006d4       __security_cookie          1003a6d4     corelib0:seccinit.obj
 0002:000006d8       __security_cookie_complement 1003a6d8     corelib0:seccinit.obj
 0002:00000790       ?cszPipeType@?1??GetPipeType@CControlPipe@@UBAPBGXZ@4PBGB 1003a790     ohcdmdd2:cpipe.obj
 0002:00000794       ?cszPipeType@?1??GetPipeType@CInterruptPipe@@UBAPBGXZ@4PBGB 1003a794     ohcdmdd2:cpipe.obj
 0002:00000798       ?cszPipeType@?1??GetPipeType@CIsochronousPipe@@UBAPBGXZ@4PBGB 1003a798     ohcdmdd2:cpipe.obj
 0002:00000850       g_pSysConReg               1003a850     s3c6410_ohci.obj
 0002:00000854       g_IstThreadPriority        1003a854     hcdlib:hcddrv.obj
 0002:00000858       ?g_CSection@@3UCRITICAL_SECTION@@A 1003a858     hcdlib:hcddrv.obj
 0002:0000086c       g_dwContext                1003a86c     hcdlib:hcddrv.obj
 0002:00000870       _exitflag                  1003a870     corelib0:cexit.obj
 0002:00000874       __onexitend                1003a874     <common>
 0002:00000878       __onexitbegin              1003a878     <common>
 0002:0000087c       g_pcsExit                  1003a87c     <common>
 0002:00000880       _pRawDllMain               1003a880     <common>

 entry point at        0001:000260f0

 Static symbols

 0001:0000d7a0       InitializeOHCI             1000e7a0 f   s3c6410_ohci.obj
 0001:0000e280       GetRegistryPhysicalMemSize 1000f280 f   s3c6410_ohci.obj
 0001:0000eaa8       HcdGetFrameNumber          1000faa8 f   hcdlib:hcddrv.obj
 0001:0000eafc       HcdGetFrameLength          1000fafc f   hcdlib:hcddrv.obj
 0001:0000eb50       HcdSetFrameLength          1000fb50 f   hcdlib:hcddrv.obj
 0001:0000eba8       HcdStopAdjustingFrame      1000fba8 f   hcdlib:hcddrv.obj
 0001:0000ebf8       HcdOpenPipe                1000fbf8 f   hcdlib:hcddrv.obj
 0001:0000ec40       HcdClosePipe               1000fc40 f   hcdlib:hcddrv.obj
 0001:0000ec84       HcdResetPipe               1000fc84 f   hcdlib:hcddrv.obj
 0001:0000ecc8       HcdIsPipeHalted            1000fcc8 f   hcdlib:hcddrv.obj
 0001:0000ed10       HcdIssueTransfer           1000fd10 f   hcdlib:hcddrv.obj
 0001:0000edd0       HcdAbortTransfer           1000fdd0 f   hcdlib:hcddrv.obj
 0001:0000ee28       HcdDisableDevice           1000fe28 f   hcdlib:hcddrv.obj
 0001:0000ee80       HcdSuspendResume           1000fe80 f   hcdlib:hcddrv.obj
 0001:0000f508       ?GetInterruptThreadPriority@@YAKPAG@Z 10010508 f   hcdlib:hcddrv.obj
 0001:00026144       _DllMainCRTStartupHelper   10027144 f   corelib0:pegdmain.obj
 0001:000264cc       doexit                     100274cc f   corelib0:cexit.obj
 0001:00026788       lockexit                   10027788 f   corelib0:onexit.obj
 0001:00026824       unlockexit                 10027824 f   corelib0:onexit.obj
 0001:00026850       _onexit_nolock             10027850 f   corelib0:onexit.obj
