 s3c6410_disp

 Timestamp is 531ec5f2 (Tue Mar 11 16:14:42 2014)

 Preferred load address is 10000000

 Start         Length     Name                   Class
 0001:00000000 00000004H .CRT$XCA                CODE
 0001:00000004 00000014H .CRT$XCU                CODE
 0001:00000018 00000004H .CRT$XCZ                CODE
 0001:0000001c 00000004H .CRT$XIA                CODE
 0001:00000020 00000004H .CRT$XIZ                CODE
 0001:00000024 00000004H .CRT$XPA                CODE
 0001:00000028 00000004H .CRT$XPZ                CODE
 0001:0000002c 00000004H .CRT$XTA                CODE
 0001:00000030 00000004H .CRT$XTZ                CODE
 0001:00000040 0000eb3eH .rdata                  CODE
 0001:0000eb80 00000029H .rdata$debug            CODE
 0001:0000ebc0 00066b54H .text                   CODE
 0001:00075714 00000088H .text$yc                CODE
 0001:000757a0 00000124H .xdata                  CODE
 0001:000758c4 00000028H .idata$2                CODE
 0001:000758ec 00000014H .idata$3                CODE
 0001:00075900 00000160H .idata$4                CODE
 0001:00075a60 00000016H .idata$6                CODE
 0001:00075a80 0000005cH .edata                  CODE
 0002:00000000 00003a14H fastmem                 CODE
 0003:00000000 00000160H .idata$5                DATA
 0003:00000160 0000c470H .data                   DATA
 0003:0000c5d0 00003f04H .bss                    DATA
 0004:00000000 000014f8H .pdata                  DATA

  Address         Publics by Value              Rva+Base       Lib:Object

 0000:00000000       ___safe_se_handler_table   00000000     <absolute>
 0000:00000000       ___safe_se_handler_count   00000000     <absolute>
 0001:00000000       __xc_a                     10001000     corelib0:crt0init.obj
 0001:00000018       __xc_z                     10001018     corelib0:crt0init.obj
 0001:0000001c       __xi_a                     1000101c     corelib0:crt0init.obj
 0001:00000020       __xi_z                     10001020     corelib0:crt0init.obj
 0001:00000024       __xp_a                     10001024     corelib0:crt0init.obj
 0001:00000028       __xp_z                     10001028     corelib0:crt0init.obj
 0001:0000002c       __xt_a                     1000102c     corelib0:crt0init.obj
 0001:00000030       __xt_z                     10001030     corelib0:crt0init.obj
 0001:0000005c       ??_C@_1CG@CNEDOJAJ@?$AA?$FL?$AAD?$AAI?$AAS?$AAP?$AAD?$AAR?$AAV?$AA?$FN?$AA?5?$AA?9?$AA?9?$AA?$CF?$AAs?$AA?$CI?$AA?$CJ?$AA?6?$AA?$AN?$AA?$AA@ 1000105c     display_main.obj
 0001:00000088       ??_C@_1HA@IKINNJPN@?$AAP?$AAr?$AAi?$AAm?$AAa?$AAr?$AAy?$AA?5?$AAS?$AAc?$AAr?$AAe?$AAe?$AAn?$AAW?$AAi?$AAd?$AAt?$AAh?$AA?3?$AA?$CF?$AAd?$AA?0?$AA?5?$AAS?$AAc?$AAr?$AAe?$AAe?$AAn?$AAH?$AAe@ 10001088     display_main.obj
 0001:000000f8       ??_C@_1KK@JJAHCJIP@?$AAm?$AA_?$AAn?$AAS?$AAc?$AAr?$AAe?$AAe?$AAn?$AAW?$AAi?$AAd?$AAt?$AAh?$AA?3?$AA?$CF?$AAd?$AA?0?$AA?5?$AAm?$AA_?$AAn?$AAS?$AAc?$AAr?$AAe?$AAe?$AAn?$AAH?$AAe?$AAi?$AAg@ 100010f8     display_main.obj
 0001:000001a8       ??_C@_1HK@DGKBNPLB@?$AA?$FL?$AAD?$AAI?$AAS?$AAP?$AAD?$AAR?$AAV?$AA?3?$AAE?$AAR?$AAR?$AA?$FN?$AA?5?$AA?$CF?$AAs?$AA?$CI?$AA?$CJ?$AA?5?$AA?3?$AA?5?$AAm?$AA_?$AAp?$AAP?$AAr?$AAi?$AAm?$AAa?$AAr?$AAy?$AAS@ 100011a8     display_main.obj
 0001:00000228       ??_C@_1FO@CNCHBHN@?$AA?$FL?$AAD?$AAI?$AAS?$AAP?$AAD?$AAR?$AAV?$AA?3?$AAE?$AAR?$AAR?$AA?$FN?$AA?5?$AA?$CF?$AAs?$AA?$CI?$AA?$CJ?$AA?5?$AA?3?$AA?5?$AAI?$AAn?$AAi?$AAt?$AAi?$AAa?$AAl?$AAi?$AAz?$AAe?$AAD@ 10001228     display_main.obj
 0001:00000288       ??_C@_1IE@HEDMDFPH@?$AA?$FL?$AAD?$AAI?$AAS?$AAP?$AAD?$AAR?$AAV?$AA?3?$AAE?$AAR?$AAR?$AA?$FN?$AA?5?$AAI?$AAn?$AAi?$AAt?$AAi?$AAa?$AAl?$AAi?$AAz?$AAe?$AAI?$AAn?$AAt?$AAe?$AAr?$AAr?$AAu?$AAp@ 10001288     display_main.obj
 0001:00000310       ??_C@_1HG@JJJCNGAN@?$AA?$FL?$AAD?$AAI?$AAS?$AAP?$AAD?$AAR?$AAV?$AA?3?$AAE?$AAR?$AAR?$AA?$FN?$AA?5?$AAI?$AAn?$AAi?$AAt?$AAi?$AAa?$AAl?$AAi?$AAz?$AAe?$AAI?$AAn?$AAt?$AAe?$AAr?$AAr?$AAu?$AAp@ 10001310     display_main.obj
 0001:00000388       ??_C@_1HE@IEEFDHBK@?$AA?$FL?$AAD?$AAI?$AAS?$AAP?$AAD?$AAR?$AAV?$AA?3?$AAE?$AAR?$AAR?$AA?$FN?$AA?5?$AA?$CF?$AAs?$AA?$CI?$AA?$CJ?$AA?5?$AA?3?$AA?5?$AA2?$AAD?$AA?5?$AAA?$AAc?$AAc?$AAe?$AAl?$AAe?$AAr?$AAa@ 10001388     display_main.obj
 0001:00000400       ??_C@_1FI@MJLHMGLJ@?$AA?$FL?$AAD?$AAI?$AAS?$AAP?$AAD?$AAR?$AAV?$AA?3?$AAE?$AAR?$AAR?$AA?$FN?$AA?5?$AA?$CF?$AAs?$AA?$CI?$AA?$CJ?$AA?5?$AA?3?$AA?5?$AAA?$AAl?$AAl?$AAo?$AAc?$AAR?$AAe?$AAs?$AAo?$AAu?$AAr@ 10001400     display_main.obj
 0001:00000458       ??_C@_1CI@PCCJEDJ@?$AA?$FL?$AAD?$AAI?$AAS?$AAP?$AAD?$AAR?$AAV?$AA1?$AA?$FN?$AA?5?$AA?$CL?$AA?$CL?$AA?$CF?$AAs?$AA?$CI?$AA?$CJ?$AA?6?$AA?$AN?$AA?$AA@ 10001458     display_main.obj
 0001:00000480       ??_C@_1DC@KBBLBLDK@?$AAS?$AA3?$AAC?$AA6?$AA4?$AA1?$AA0?$AAD?$AAi?$AAs?$AAp?$AA?3?$AA?3?$AAS?$AA3?$AAC?$AA6?$AA4?$AA1?$AA0?$AAD?$AAi?$AAs?$AAp?$AA?$AA@ 10001480     display_main.obj
 0001:000004b8       ??_C@_1JM@MPFAJAOO@?$AA?$FL?$AAD?$AAI?$AAS?$AAP?$AAD?$AAR?$AAV?$AA1?$AA?$FN?$AA?5?$AAE?$AAr?$AAr?$AAo?$AAr?$AA?5?$AAg?$AAe?$AAt?$AAt?$AAi?$AAn?$AAg?$AA?5?$AAD?$AAi?$AAs?$AAp?$AAl?$AAa?$AAy@ 100014b8     display_main.obj
 0001:00000558       ??_C@_1FA@OJFPBCMB@?$AA?$FL?$AAD?$AAI?$AAS?$AAP?$AAD?$AAR?$AAV?$AA1?$AA?$FN?$AA?5?$AAd?$AAi?$AAs?$AAp?$AAl?$AAa?$AAy?$AA?5?$AAd?$AAr?$AAi?$AAv?$AAe?$AAr?$AA?5?$AAd?$AAi?$AAs?$AAp?$AAl?$AAa@ 10001558     display_main.obj
 0001:000005a8       ??_7S3C6410Disp@@6B@       100015a8     display_main.obj
 0001:000006e8       ??_C@_1HM@DDPJMAPH@?$AA?$FL?$AAD?$AAI?$AAS?$AAP?$AAD?$AAR?$AAV?$AA?3?$AAE?$AAR?$AAR?$AA?$FN?$AA?5?$AAD?$AAe?$AAi?$AAn?$AAi?$AAt?$AAI?$AAn?$AAt?$AAe?$AAr?$AAr?$AAu?$AAp?$AAt?$AA?$CI?$AA?$CJ?$AA?5@ 100016e8     display_main.obj
 0001:00000764       ??_C@_1CG@HAKODMGI@?$AA?$FL?$AAD?$AAI?$AAS?$AAP?$AAD?$AAR?$AAV?$AA?$FN?$AA?5?$AA?$CL?$AA?$CL?$AA?$CF?$AAs?$AA?$CI?$AA?$CJ?$AA?6?$AA?$AN?$AA?$AA@ 10001764     display_main.obj
 0001:0000078c       ??_C@_1DE@BAGAPFLO@?$AAS?$AA3?$AAC?$AA6?$AA4?$AA1?$AA0?$AAD?$AAi?$AAs?$AAp?$AA?3?$AA?3?$AA?$HO?$AAS?$AA3?$AAC?$AA6?$AA4?$AA1?$AA0?$AAD?$AAi?$AAs?$AAp?$AA?$AA@ 1000178c     display_main.obj
 0001:000007c0       ??_C@_1PK@PMPPGEAM@?$AAL?$AAV?$AA?3?$AA?$CF?$AAd?$AA?0?$AA?5?$AAH?$AAW?$AA?3?$AA?$CF?$AAd?$AA?0?$AA?5?$AAB?$AAi?$AAt?$AAB?$AAl?$AAt?$AA?3?$AA?$CF?$AAd?$AA?0?$AA?5?$AAL?$AAi?$AAn?$AAe?$AA?3?$AA?$CF?$AAd@ 100017c0     display_main.obj
 0001:000008bc       ??_C@_1CC@ENIONJME@?$AA?$FL?$AAD?$AAI?$AAS?$AAP?$AAD?$AAR?$AAV?$AA?$FN?$AA?5?$AA?$CF?$AAs?$AA?$CI?$AA?$CJ?$AA?6?$AA?$AN?$AA?$AA@ 100018bc     display_main.obj
 0001:000008e0       ??_C@_1EI@JFBAPJAO@?$AAS?$AA3?$AAC?$AA6?$AA4?$AA1?$AA0?$AAD?$AAi?$AAs?$AAp?$AA?3?$AA?3?$AAG?$AAe?$AAt?$AAP?$AAh?$AAy?$AAs?$AAi?$AAc?$AAa?$AAl?$AAV?$AAi?$AAd?$AAe?$AAo?$AAM?$AAe?$AAm@ 100018e0     display_main.obj
 0001:00000928       ??_C@_1EG@JACNMOHF@?$AAS?$AA3?$AAC?$AA6?$AA4?$AA1?$AA0?$AAD?$AAi?$AAs?$AAp?$AA?3?$AA?3?$AAG?$AAe?$AAt?$AAV?$AAi?$AAr?$AAt?$AAu?$AAa?$AAl?$AAV?$AAi?$AAd?$AAe?$AAo?$AAM?$AAe?$AAm?$AAo@ 10001928     display_main.obj
 0001:00000970       ??_C@_1O@FNMHAKGK@?$AA?$CF?$AAs?$AA?$CI?$AA?$CJ?$AA?$AN?$AA?6?$AA?$AA@ 10001970     display_main.obj
 0001:00000980       ??_C@_1CO@PBLLHANJ@?$AAS?$AA3?$AAC?$AA6?$AA4?$AA1?$AA0?$AAD?$AAi?$AAs?$AAp?$AA?3?$AA?3?$AAI?$AAn?$AAD?$AAi?$AAs?$AAp?$AAl?$AAa?$AAy?$AA?$AA@ 10001980     display_main.obj
 0001:000009b0       ??_C@_1CM@HGKPNPOB@?$AAS?$AA3?$AAC?$AA6?$AA4?$AA1?$AA0?$AAD?$AAi?$AAs?$AAp?$AA?3?$AA?3?$AAI?$AAn?$AAV?$AAB?$AAl?$AAa?$AAn?$AAk?$AA?$AA@ 100019b0     display_main.obj
 0001:000009dc       ??_C@_1DA@KFAJDHKL@?$AAS?$AA3?$AAC?$AA6?$AA4?$AA1?$AA0?$AAD?$AAi?$AAs?$AAp?$AA?3?$AA?3?$AAS?$AAe?$AAt?$AAP?$AAa?$AAl?$AAe?$AAt?$AAt?$AAe?$AA?$AA@ 100019dc     display_main.obj
 0001:00000a10       ??_C@_1GI@LKGKGLBE@?$AAD?$AAi?$AAs?$AAp?$AAl?$AAa?$AAy?$AA?5?$AAG?$AAe?$AAt?$AAG?$AAa?$AAm?$AAe?$AAX?$AAI?$AAn?$AAf?$AAo?$AA?3?$AA?5?$AAC?$AAe?$AAC?$AAl?$AAo?$AAs?$AAe?$AAC?$AAa?$AAl@ 10001a10     display_main.obj
 0001:00000a78       ??_C@_1GG@LOLPCEEE@?$AA?$FL?$AAD?$AAI?$AAS?$AAP?$AAD?$AAR?$AAV?$AA?3?$AAE?$AAR?$AAR?$AA?$FN?$AA?5?$AAG?$AAe?$AAt?$AAG?$AAa?$AAm?$AAe?$AAX?$AAI?$AAn?$AAf?$AAo?$AA?$CI?$AA?$CJ?$AA?5?$AA?3?$AA?5?$AAI@ 10001a78     display_main.obj
 0001:00000ae0       ??_C@_1GG@NLHOCOBH@?$AAD?$AAi?$AAs?$AAp?$AAl?$AAa?$AAy?$AA?5?$AAG?$AAe?$AAt?$AAG?$AAa?$AAm?$AAe?$AAX?$AAI?$AAn?$AAf?$AAo?$AA?3?$AA?5?$AAC?$AAe?$AAO?$AAp?$AAe?$AAn?$AAC?$AAa?$AAl?$AAl@ 10001ae0     display_main.obj
 0001:00000b48       ??_C@_1DE@IDKIFIAL@?$AAS?$AA3?$AAC?$AA6?$AA4?$AA1?$AA0?$AAD?$AAi?$AAs?$AAp?$AA?3?$AA?3?$AAG?$AAe?$AAt?$AAG?$AAa?$AAm?$AAe?$AAX?$AAI?$AAn?$AAf?$AAo?$AA?$AA@ 10001b48     display_main.obj
 0001:00000b80       ??_C@_1HA@KIGNJOOC@?$AA?$FL?$AAD?$AAI?$AAS?$AAP?$AAD?$AAR?$AAV?$AA?3?$AAE?$AAR?$AAR?$AA?$FN?$AA?5?$AAG?$AAe?$AAt?$AAR?$AAa?$AAw?$AAF?$AAr?$AAa?$AAm?$AAe?$AAB?$AAu?$AAf?$AAf?$AAe?$AAr?$AA?$CI@ 10001b80     display_main.obj
 0001:00000bf0       ??_C@_1LG@PKBCKBDN@?$AA?$FL?$AAD?$AAI?$AAS?$AAP?$AAD?$AAR?$AAV?$AA?3?$AAI?$AAN?$AAF?$AA?$FN?$AA?5?$AAG?$AAe?$AAt?$AAR?$AAa?$AAw?$AAF?$AAr?$AAa?$AAm?$AAe?$AAB?$AAu?$AAf?$AAf?$AAe?$AAr?$AA?$CI@ 10001bf0     display_main.obj
 0001:00000ca8       ??_C@_1HA@IGKOKMOO@?$AAD?$AAi?$AAs?$AAp?$AAl?$AAa?$AAy?$AA?5?$AAG?$AAe?$AAt?$AAR?$AAa?$AAw?$AAF?$AAr?$AAa?$AAm?$AAe?$AAB?$AAu?$AAf?$AAf?$AAe?$AAr?$AA?3?$AA?5?$AAC?$AAe?$AAO?$AAp?$AAe@ 10001ca8     display_main.obj
 0001:00000d18       ??_C@_1DO@MOCKGKOE@?$AAS?$AA3?$AAC?$AA6?$AA4?$AA1?$AA0?$AAD?$AAi?$AAs?$AAp?$AA?3?$AA?3?$AAG?$AAe?$AAt?$AAR?$AAa?$AAw?$AAF?$AAr?$AAa?$AAm?$AAe?$AAB?$AAu?$AAf?$AAf?$AAe?$AAr?$AA?$AA@ 10001d18     display_main.obj
 0001:00000d58       ??_C@_1II@JBKOFEOC@?$AA?$FL?$AAD?$AAI?$AAS?$AAP?$AAD?$AAR?$AAV?$AA?3?$AAE?$AAR?$AAR?$AA?$FN?$AA?5?$AAD?$AAr?$AAv?$AAE?$AAs?$AAc?$AAa?$AAp?$AAe?$AA?$CI?$AA?$CJ?$AA?5?$AA?3?$AA?5?$AAD?$AAR?$AAV?$AAE@ 10001d58     display_main.obj
 0001:00000de0       ??_C@_1FG@ENKEKPDJ@?$AA?$FL?$AAD?$AAI?$AAS?$AAP?$AAD?$AAR?$AAV?$AA?$FN?$AA?5?$AAD?$AAr?$AAv?$AAE?$AAs?$AAc?$AAa?$AAp?$AAe?$AA?$CI?$AA?$CJ?$AA?5?$AA?3?$AA?5?$AAD?$AAR?$AAV?$AAE?$AAS?$AAC?$AA_?$AAG@ 10001de0     display_main.obj
 0001:00000e38       ??_C@_1HO@GBECNCAK@?$AA?$FL?$AAD?$AAI?$AAS?$AAP?$AAD?$AAR?$AAV?$AA?3?$AAE?$AAR?$AAR?$AA?$FN?$AA?5?$AAD?$AAr?$AAv?$AAE?$AAs?$AAc?$AAa?$AAp?$AAe?$AA?$CI?$AA?$CJ?$AA?5?$AA?3?$AA?5?$AAI?$AAO?$AAC?$AAT@ 10001e38     display_main.obj
 0001:00000eb8       ??_C@_1FE@FPHLFKMK@?$AA?$FL?$AAD?$AAI?$AAS?$AAP?$AAD?$AAR?$AAV?$AA?$FN?$AA?5?$AAD?$AAr?$AAv?$AAE?$AAs?$AAc?$AAa?$AAp?$AAe?$AA?$CI?$AA?$CJ?$AA?5?$AA?3?$AA?5?$AAI?$AAO?$AAC?$AAT?$AAL?$AA_?$AAP?$AAO@ 10001eb8     display_main.obj
 0001:00000f10       ??_C@_1HO@NEEIBKDD@?$AA?$FL?$AAD?$AAI?$AAS?$AAP?$AAD?$AAR?$AAV?$AA?3?$AAE?$AAR?$AAR?$AA?$FN?$AA?5?$AAD?$AAr?$AAv?$AAE?$AAs?$AAc?$AAa?$AAp?$AAe?$AA?$CI?$AA?$CJ?$AA?5?$AA?3?$AA?5?$AAI?$AAO?$AAC?$AAT@ 10001f10     display_main.obj
 0001:00000f90       ??_C@_1GG@MKGGBJFL@?$AA?$FL?$AAD?$AAI?$AAS?$AAP?$AAD?$AAR?$AAV?$AA?3?$AAE?$AAR?$AAR?$AA?$FN?$AA?5?$AAD?$AAr?$AAv?$AAE?$AAs?$AAc?$AAa?$AAp?$AAe?$AA?$CI?$AA?$CJ?$AA?5?$AA?3?$AA?5?$AAI?$AAO?$AAC?$AAT@ 10001f90     display_main.obj
 0001:00000ff8       ??_C@_1FO@MLDGEENC@?$AA?$FL?$AAD?$AAI?$AAS?$AAP?$AAD?$AAR?$AAV?$AA?$FN?$AA?5?$AAD?$AAr?$AAv?$AAE?$AAs?$AAc?$AAa?$AAp?$AAe?$AA?$CI?$AA?$CJ?$AA?5?$AA?3?$AA?5?$AAI?$AAO?$AAC?$AAT?$AAL?$AA_?$AAP?$AAO@ 10001ff8     display_main.obj
 0001:00001058       ??_C@_1FE@FAGFIMEJ@?$AA?$FL?$AAD?$AAI?$AAS?$AAP?$AAD?$AAR?$AAV?$AA?$FN?$AA?5?$AAD?$AAr?$AAv?$AAE?$AAs?$AAc?$AAa?$AAp?$AAe?$AA?$CI?$AA?$CJ?$AA?5?$AA?3?$AA?5?$AAI?$AAO?$AAC?$AAT?$AAL?$AA_?$AAP?$AAO@ 10002058     display_main.obj
 0001:000010b0       ??_C@_1IC@HCHKHHNJ@?$AA?$FL?$AAD?$AAI?$AAS?$AAP?$AAD?$AAR?$AAV?$AA?3?$AAE?$AAR?$AAR?$AA?$FN?$AA?5?$AAD?$AAr?$AAv?$AAE?$AAs?$AAc?$AAa?$AAp?$AAe?$AA?$CI?$AA?$CJ?$AA?5?$AA?3?$AA?5?$AAI?$AAO?$AAC?$AAT@ 100020b0     display_main.obj
 0001:00001138       ??_C@_1GK@LOOKHGIC@?$AA?$FL?$AAD?$AAI?$AAS?$AAP?$AAD?$AAR?$AAV?$AA?3?$AAE?$AAR?$AAR?$AA?$FN?$AA?5?$AAD?$AAr?$AAv?$AAE?$AAs?$AAc?$AAa?$AAp?$AAe?$AA?$CI?$AA?$CJ?$AA?5?$AA?3?$AA?5?$AAI?$AAO?$AAC?$AAT@ 10002138     display_main.obj
 0001:000011a8       ??_C@_1FI@CDCDEDOC@?$AA?$FL?$AAD?$AAI?$AAS?$AAP?$AAD?$AAR?$AAV?$AA?$FN?$AA?5?$AAD?$AAr?$AAv?$AAE?$AAs?$AAc?$AAa?$AAp?$AAe?$AA?$CI?$AA?$CJ?$AA?5?$AA?3?$AA?5?$AAI?$AAO?$AAC?$AAT?$AAL?$AA_?$AAP?$AAO@ 100021a8     display_main.obj
 0001:00001200       ??_C@_1JA@PAGCOII@?$AA?$FL?$AAD?$AAI?$AAS?$AAP?$AAD?$AAR?$AAV?$AA?3?$AAE?$AAR?$AAR?$AA?$FN?$AA?5?$AAD?$AAr?$AAv?$AAE?$AAs?$AAc?$AAa?$AAp?$AAe?$AA?$CI?$AA?$CJ?$AA?5?$AA?3?$AA?5?$AAI?$AAO?$AAC?$AAT@ 10002200     display_main.obj
 0001:00001290       ??_C@_1GG@LNLMMDKK@?$AA?$FL?$AAD?$AAI?$AAS?$AAP?$AAD?$AAR?$AAV?$AA?$FN?$AA?5?$AAD?$AAr?$AAv?$AAE?$AAs?$AAc?$AAa?$AAp?$AAe?$AA?$CI?$AA?$CJ?$AA?5?$AA?3?$AA?5?$AAI?$AAO?$AAC?$AAT?$AAL?$AA_?$AAP?$AAO@ 10002290     display_main.obj
 0001:000012f8       ??_C@_1GM@BBKEENCA@?$AA?$FL?$AAD?$AAI?$AAS?$AAP?$AAD?$AAR?$AAV?$AA?3?$AAE?$AAR?$AAR?$AA?$FN?$AA?5?$AAD?$AAr?$AAv?$AAE?$AAs?$AAc?$AAa?$AAp?$AAe?$AA?$CI?$AA?$CJ?$AA?5?$AA?3?$AA?5?$AAG?$AAE?$AAT?$AAP@ 100022f8     display_main.obj
 0001:00001368       ??_C@_1FK@GNMDDKBE@?$AA?$FL?$AAD?$AAI?$AAS?$AAP?$AAD?$AAR?$AAV?$AA?$FN?$AA?5?$AAD?$AAr?$AAv?$AAE?$AAs?$AAc?$AAa?$AAp?$AAe?$AA?$CI?$AA?$CJ?$AA?5?$AA?3?$AA?5?$AAG?$AAE?$AAT?$AAP?$AAO?$AAW?$AAE?$AAR@ 10002368     display_main.obj
 0001:000013c8       ??_C@_1GM@EHJMGEMA@?$AA?$FL?$AAD?$AAI?$AAS?$AAP?$AAD?$AAR?$AAV?$AA?3?$AAE?$AAR?$AAR?$AA?$FN?$AA?5?$AAD?$AAr?$AAv?$AAE?$AAs?$AAc?$AAa?$AAp?$AAe?$AA?$CI?$AA?$CJ?$AA?5?$AA?3?$AA?5?$AAS?$AAE?$AAT?$AAP@ 100023c8     display_main.obj
 0001:00001438       ??_C@_1IE@FIPINIIN@?$AA?$FL?$AAD?$AAI?$AAS?$AAP?$AAD?$AAR?$AAV?$AA?3?$AAE?$AAR?$AAR?$AA?$FN?$AA?5?$AAD?$AAr?$AAv?$AAE?$AAs?$AAc?$AAa?$AAp?$AAe?$AA?$CI?$AA?$CJ?$AA?5?$AA?3?$AA?5?$AAS?$AAE?$AAT?$AAP@ 10002438     display_main.obj
 0001:000014c0       ??_C@_1FK@JHIAEKAB@?$AA?$FL?$AAD?$AAI?$AAS?$AAP?$AAD?$AAR?$AAV?$AA?$FN?$AA?5?$AAD?$AAr?$AAv?$AAE?$AAs?$AAc?$AAa?$AAp?$AAe?$AA?$CI?$AA?$CJ?$AA?5?$AA?3?$AA?5?$AAS?$AAE?$AAT?$AAP?$AAO?$AAW?$AAE?$AAR@ 100024c0     display_main.obj
 0001:00001520       ??_C@_1FI@OBAMDLHG@?$AA?$FL?$AAD?$AAI?$AAS?$AAP?$AAD?$AAR?$AAV?$AA?$FN?$AA?5?$AAD?$AAr?$AAv?$AAE?$AAs?$AAc?$AAa?$AAp?$AAe?$AA?$CI?$AA?$CJ?$AA?5?$AA?3?$AA?5?$AAG?$AAE?$AAT?$AAR?$AAA?$AAW?$AAF?$AAR@ 10002520     display_main.obj
 0001:00001578       ??_C@_1EI@GPHNHJED@?$AA?$FL?$AAD?$AAI?$AAS?$AAP?$AAD?$AAR?$AAV?$AA?$FN?$AA?5?$AAD?$AAr?$AAv?$AAE?$AAs?$AAc?$AAa?$AAp?$AAe?$AA?$CI?$AA?$CJ?$AA?5?$AA?3?$AA?5?$AAG?$AAE?$AAT?$AAG?$AAX?$AAI?$AAN?$AAF@ 10002578     display_main.obj
 0001:000015c0       ??_C@_1GG@BCPAMEHB@?$AA?$FL?$AAD?$AAI?$AAS?$AAP?$AAD?$AAR?$AAV?$AA?$FN?$AA?5?$AAD?$AAr?$AAv?$AAE?$AAs?$AAc?$AAa?$AAp?$AAe?$AA?$CI?$AA?$CJ?$AA?5?$AA?3?$AA?5?$AAD?$AAR?$AAV?$AAE?$AAS?$AAC?$AA_?$AAS@ 100025c0     display_main.obj
 0001:00001628       ??_C@_1GG@DGJGIEFA@?$AA?$FL?$AAD?$AAI?$AAS?$AAP?$AAD?$AAR?$AAV?$AA?$FN?$AA?5?$AAD?$AAr?$AAv?$AAE?$AAs?$AAc?$AAa?$AAp?$AAe?$AA?$CI?$AA?$CJ?$AA?5?$AA?3?$AA?5?$AAD?$AAR?$AAV?$AAE?$AAS?$AAC?$AA_?$AAG@ 10002628     display_main.obj
 0001:00001690       ??_C@_1HO@HLAIJEJC@?$AA?$FL?$AAD?$AAI?$AAS?$AAP?$AAD?$AAR?$AAV?$AA?3?$AAE?$AAR?$AAR?$AA?$FN?$AA?5?$AAD?$AAr?$AAv?$AAE?$AAs?$AAc?$AAa?$AAp?$AAe?$AA?$CI?$AA?$CJ?$AA?5?$AA?3?$AA?5?$AAQ?$AAU?$AAE?$AAR@ 10002690     display_main.obj
 0001:00001710       ??_C@_1DC@JOKNGACI@?$AA?$FL?$AAD?$AAI?$AAS?$AAP?$AAD?$AAR?$AAV?$AA?$FN?$AA?5?$AA?9?$AA?9?$AA?$CF?$AAs?$AA?$CI?$AA0?$AAx?$AA?$CF?$AA0?$AA8?$AAx?$AA?$CJ?$AA?6?$AA?$AN?$AA?$AA@ 10002710     display_main.obj
 0001:00001744       ??_C@_1CO@GBEAMMDA@?$AAS?$AA3?$AAC?$AA6?$AA4?$AA1?$AA0?$AAD?$AAi?$AAs?$AAp?$AA?3?$AA?3?$AAD?$AAr?$AAv?$AAE?$AAs?$AAc?$AAa?$AAp?$AAe?$AA?$AA@ 10002744     display_main.obj
 0001:00001774       ??_C@_1DA@JNLHECFL@?$AA?$FL?$AAD?$AAI?$AAS?$AAP?$AAD?$AAR?$AAV?$AA?$FN?$AA?5?$AA?9?$AA?9?$AA?$CF?$AAs?$AA?$CI?$AA?$CJ?$AA?5?$AA?$DN?$AA?5?$AA?$CF?$AAd?$AA?6?$AA?$AN?$AA?$AA@ 10002774     display_main.obj
 0001:000017a8       ??_C@_1HK@KJGGMHOM@?$AA?$FL?$AAD?$AAI?$AAS?$AAP?$AAD?$AAR?$AAV?$AA?3?$AAE?$AAR?$AAR?$AA?$FN?$AA?5?$AAG?$AAe?$AAt?$AAR?$AAo?$AAt?$AAa?$AAt?$AAe?$AAM?$AAo?$AAd?$AAe?$AAF?$AAr?$AAo?$AAm?$AAR@ 100027a8     display_main.obj
 0001:00001824       ??_C@_1M@FIJHFMPA@?$AAA?$AAN?$AAG?$AAL?$AAE?$AA?$AA@ 10002824     display_main.obj
 0001:00001830       ??_C@_1CI@PNCEGBJC@?$AAS?$AAY?$AAS?$AAT?$AAE?$AAM?$AA?2?$AAG?$AAD?$AAI?$AA?2?$AAR?$AAO?$AAT?$AAA?$AAT?$AAI?$AAO?$AAN?$AA?$AA@ 10002830     display_main.obj
 0001:00001858       ??_C@_1EE@PIILDFOE@?$AAS?$AA3?$AAC?$AA6?$AA4?$AA1?$AA0?$AAD?$AAi?$AAs?$AAp?$AA?3?$AA?3?$AAG?$AAe?$AAt?$AAR?$AAo?$AAt?$AAa?$AAt?$AAe?$AAM?$AAo?$AAd?$AAe?$AAF?$AAr?$AAo?$AAm?$AAR?$AAe@ 10002858     display_main.obj
 0001:000018a0       ??_C@_1EE@FCNHKLOC@?$AA?$FL?$AAD?$AAI?$AAS?$AAP?$AAD?$AAR?$AAV?$AA?3?$AAI?$AAN?$AAF?$AA?$FN?$AA?5?$AA?$CF?$AAs?$AA?$CI?$AA?$CJ?$AA?5?$AA?3?$AA?5?$AAA?$AAn?$AAg?$AAl?$AAe?$AA?5?$AA?$DN?$AA?5?$AA?$CF?$AAd?$AA?6@ 100028a0     display_main.obj
 0001:000018e4       ??_C@_1DK@MPMHFKIB@?$AAS?$AA3?$AAC?$AA6?$AA4?$AA1?$AA0?$AAD?$AAi?$AAs?$AAp?$AA?3?$AA?3?$AAS?$AAe?$AAt?$AAR?$AAo?$AAt?$AAa?$AAt?$AAe?$AAP?$AAa?$AAr?$AAa?$AAm?$AAs?$AA?$AA@ 100028e4     display_main.obj
 0001:00001920       ??_C@_1IA@CMKPOEIC@?$AA?$FL?$AAD?$AAI?$AAS?$AAP?$AAD?$AAR?$AAV?$AA?3?$AAE?$AAR?$AAR?$AA?$FN?$AA?5?$AAD?$AAy?$AAn?$AAR?$AAo?$AAt?$AAa?$AAt?$AAe?$AA?$CI?$AA?$CJ?$AA?5?$AA?3?$AA?5?$AAC?$AAa?$AAn?$AA?5@ 10002920     display_main.obj
 0001:000019a0       ??_C@_1CK@FHILMNBG@?$AA?$FL?$AAD?$AAI?$AAS?$AAP?$AAD?$AAR?$AAV?$AA?$FN?$AA?5?$AA?$CL?$AA?$CL?$AA?$CF?$AAs?$AA?$CI?$AA?$CF?$AAd?$AA?$CJ?$AA?6?$AA?$AN?$AA?$AA@ 100029a0     display_main.obj
 0001:000019cc       ??_C@_1CO@FNCNPANJ@?$AAS?$AA3?$AAC?$AA6?$AA4?$AA1?$AA0?$AAD?$AAi?$AAs?$AAp?$AA?3?$AA?3?$AAD?$AAy?$AAn?$AAR?$AAo?$AAt?$AAa?$AAt?$AAe?$AA?$AA@ 100029cc     display_main.obj
 0001:00001a00       ??_C@_1HC@PDEAOEJC@?$AA?$FL?$AAD?$AAI?$AAS?$AAP?$AAD?$AAR?$AAV?$AA?3?$AAE?$AAR?$AAR?$AA?$FN?$AA?5?$AA?9?$AA?9?$AA?$CF?$AAs?$AA?5?$AA?3?$AA?5?$AAF?$AAa?$AAi?$AAl?$AAe?$AAd?$AA?0?$AA?5?$AAi?$AAo?$AAP@ 10002a00     display_main.obj
 0001:00001a74       ??_C@_1CC@JKIFCKFO@?$AA?$FL?$AAD?$AAI?$AAS?$AAP?$AAD?$AAR?$AAV?$AA?$FN?$AA?5?$AA?9?$AA?9?$AA?$CF?$AAs?$AA?6?$AA?$AN?$AA?$AA@ 10002a74     display_main.obj
 0001:00001a98       ??_C@_1GC@JGNDMKHI@?$AA?$FL?$AAD?$AAI?$AAS?$AAP?$AAD?$AAR?$AAV?$AA?3?$AAE?$AAR?$AAR?$AA?$FN?$AA?5?$AA?$CF?$AAs?$AA?5?$AA?3?$AA?5?$AAS?$AAu?$AAr?$AAf?$AAa?$AAc?$AAe?$AAH?$AAe?$AAa?$AAp?$AA?$CI?$AA?$CJ@ 10002a98     display_main.obj
 0001:00001b00       ??_C@_1FG@OPIBDNPN@?$AA?$FL?$AAD?$AAI?$AAS?$AAP?$AAD?$AAR?$AAV?$AA?3?$AAI?$AAN?$AAF?$AA?$FN?$AA?5?$AAm?$AA_?$AAV?$AAi?$AAd?$AAe?$AAo?$AAM?$AAe?$AAm?$AAo?$AAr?$AAy?$AAS?$AAi?$AAz?$AAe?$AA?5@ 10002b00     display_main.obj
 0001:00001b58       ??_C@_1GE@OIFNLHFI@?$AA?$FL?$AAD?$AAI?$AAS?$AAP?$AAD?$AAR?$AAV?$AA?3?$AAI?$AAN?$AAF?$AA?$FN?$AA?5?$AAm?$AA_?$AAV?$AAi?$AAd?$AAe?$AAo?$AAM?$AAe?$AAm?$AAo?$AAr?$AAy?$AAV?$AAi?$AAr?$AAt?$AAu@ 10002b58     display_main.obj
 0001:00001bc0       ??_C@_1GG@NJAHIKKM@?$AA?$FL?$AAD?$AAI?$AAS?$AAP?$AAD?$AAR?$AAV?$AA?3?$AAI?$AAN?$AAF?$AA?$FN?$AA?5?$AAm?$AA_?$AAV?$AAi?$AAd?$AAe?$AAo?$AAM?$AAe?$AAm?$AAo?$AAr?$AAy?$AAP?$AAh?$AAy?$AAs?$AAi@ 10002bc0     display_main.obj
 0001:00001c28       ??_C@_1LO@CNFIMKAK@?$AA?$FL?$AAD?$AAI?$AAS?$AAP?$AAD?$AAR?$AAV?$AA?3?$AAE?$AAR?$AAR?$AA?$FN?$AA?5?$AAA?$AAl?$AAl?$AAo?$AAc?$AAR?$AAe?$AAs?$AAo?$AAu?$AAr?$AAc?$AAe?$AA?$CI?$AA?$CJ?$AA?5?$AA?3?$AA?5@ 10002c28     display_main.obj
 0001:00001ce8       ??_C@_1KK@GFILAPFF@?$AA?$FL?$AAD?$AAI?$AAS?$AAP?$AAD?$AAR?$AAV?$AA?3?$AAE?$AAR?$AAR?$AA?$FN?$AA?5?$AAA?$AAl?$AAl?$AAo?$AAc?$AAR?$AAe?$AAs?$AAo?$AAu?$AAr?$AAc?$AAe?$AA?$CI?$AA?$CJ?$AA?5?$AA?3?$AA?5@ 10002ce8     display_main.obj
 0001:00001d98       ??_C@_1JC@PIFLPEDN@?$AA?$FL?$AAD?$AAI?$AAS?$AAP?$AAD?$AAR?$AAV?$AA?3?$AAE?$AAR?$AAR?$AA?$FN?$AA?5?$AAD?$AAe?$AAv?$AAI?$AAn?$AAi?$AAt?$AAi?$AAa?$AAl?$AAi?$AAz?$AAe?$AA?$CI?$AA?$CJ?$AA?5?$AA?3?$AA?5@ 10002d98     display_main.obj
 0001:00001e30       ??_C@_1JM@HMJEKIDE@?$AA?$FL?$AAD?$AAI?$AAS?$AAP?$AAD?$AAR?$AAV?$AA?3?$AAE?$AAR?$AAR?$AA?$FN?$AA?5?$AAD?$AAe?$AAv?$AAI?$AAn?$AAi?$AAt?$AAi?$AAa?$AAl?$AAi?$AAz?$AAe?$AA?$CI?$AA?$CJ?$AA?5?$AA?3?$AA?5@ 10002e30     display_main.obj
 0001:00001ed0       ??_C@_1HE@MANDPLIL@?$AA?$FL?$AAD?$AAI?$AAS?$AAP?$AAD?$AAR?$AAV?$AA?3?$AAE?$AAR?$AAR?$AA?$FN?$AA?5?$AAA?$AAl?$AAl?$AAo?$AAc?$AAR?$AAe?$AAs?$AAo?$AAu?$AAr?$AAc?$AAe?$AA?$CI?$AA?$CJ?$AA?5?$AA?3?$AA?5@ 10002ed0     display_main.obj
 0001:00001f44       ??_C@_1M@DKKMLCEH@?$AAV?$AAD?$AAE?$AA0?$AA?3?$AA?$AA@ 10002f44     display_main.obj
 0001:00001f50       ??_C@_1CC@INHKMEAI@?$AA?$FL?$AAD?$AAI?$AAS?$AAP?$AAD?$AAR?$AAV?$AA?$FN?$AA?5?$AA?$CL?$AA?$CL?$AA?$CF?$AAs?$AA?6?$AA?$AN?$AA?$AA@ 10002f50     display_main.obj
 0001:00001f74       ??_C@_1DG@MLPHHIOF@?$AAS?$AA3?$AAC?$AA6?$AA4?$AA1?$AA0?$AAD?$AAi?$AAs?$AAp?$AA?3?$AA?3?$AAA?$AAl?$AAl?$AAo?$AAc?$AAR?$AAe?$AAs?$AAo?$AAu?$AAr?$AAc?$AAe?$AA?$AA@ 10002f74     display_main.obj
 0001:00001fb0       ??_C@_1KA@NFHHIBIG@?$AA?$FL?$AAD?$AAI?$AAS?$AAP?$AAD?$AAR?$AAV?$AA?3?$AAE?$AAR?$AAR?$AA?$FN?$AA?5?$AAR?$AAe?$AAl?$AAe?$AAa?$AAs?$AAe?$AAR?$AAe?$AAs?$AAo?$AAu?$AAr?$AAc?$AAe?$AA?$CI?$AA?$CJ?$AA?5@ 10002fb0     display_main.obj
 0001:00002050       ??_C@_1JG@MCLLKBLG@?$AA?$FL?$AAD?$AAI?$AAS?$AAP?$AAD?$AAR?$AAV?$AA?3?$AAE?$AAR?$AAR?$AA?$FN?$AA?5?$AAR?$AAe?$AAl?$AAe?$AAa?$AAs?$AAe?$AAR?$AAe?$AAs?$AAo?$AAu?$AAr?$AAc?$AAe?$AA?$CI?$AA?$CJ?$AA?5@ 10003050     display_main.obj
 0001:000020e8       ??_C@_1DK@MIDDIDCB@?$AAS?$AA3?$AAC?$AA6?$AA4?$AA1?$AA0?$AAD?$AAi?$AAs?$AAp?$AA?3?$AA?3?$AAR?$AAe?$AAl?$AAe?$AAa?$AAs?$AAe?$AAR?$AAe?$AAs?$AAo?$AAu?$AAr?$AAc?$AAe?$AA?$AA@ 100030e8     display_main.obj
 0001:00002128       ??_C@_1KO@NGMNOOPD@?$AA?$FL?$AAD?$AAI?$AAS?$AAP?$AAD?$AAR?$AAV?$AA?3?$AAE?$AAR?$AAR?$AA?$FN?$AA?5?$AAT?$AAV?$AAO?$AAu?$AAt?$AAA?$AAl?$AAl?$AAo?$AAc?$AAR?$AAe?$AAs?$AAo?$AAu?$AAr?$AAc?$AAe@ 10003128     display_main.obj
 0001:000021d8       ??_C@_1EA@HLGCNGCL@?$AAS?$AA3?$AAC?$AA6?$AA4?$AA1?$AA0?$AAD?$AAi?$AAs?$AAp?$AA?3?$AA?3?$AAT?$AAV?$AAO?$AAu?$AAt?$AAA?$AAl?$AAl?$AAo?$AAc?$AAR?$AAe?$AAs?$AAo?$AAu?$AAr?$AAc?$AAe?$AA?$AA@ 100031d8     display_main.obj
 0001:00002218       ??_C@_1LC@LGJGIAFD@?$AA?$FL?$AAD?$AAI?$AAS?$AAP?$AAD?$AAR?$AAV?$AA?3?$AAE?$AAR?$AAR?$AA?$FN?$AA?5?$AAT?$AAV?$AAO?$AAu?$AAt?$AAR?$AAe?$AAl?$AAe?$AAa?$AAs?$AAe?$AAR?$AAe?$AAs?$AAo?$AAu?$AAr@ 10003218     display_main.obj
 0001:000022d0       ??_C@_1EE@EKBAKHKN@?$AAS?$AA3?$AAC?$AA6?$AA4?$AA1?$AA0?$AAD?$AAi?$AAs?$AAp?$AA?3?$AA?3?$AAT?$AAV?$AAO?$AAu?$AAt?$AAR?$AAe?$AAl?$AAe?$AAa?$AAs?$AAe?$AAR?$AAe?$AAs?$AAo?$AAu?$AAr?$AAc@ 100032d0     display_main.obj
 0001:00002318       ??_C@_1GG@LFDIJNMN@?$AA?$FL?$AAD?$AAI?$AAS?$AAP?$AAD?$AAR?$AAV?$AA?$FN?$AA?5?$AAS?$AAe?$AAt?$AAD?$AAi?$AAs?$AAp?$AAl?$AAa?$AAy?$AAP?$AAo?$AAw?$AAe?$AAr?$AAS?$AAt?$AAa?$AAt?$AAe?$AA?$CI?$AA?$CJ@ 10003318     display_main.obj
 0001:00002380       ??_C@_1GE@GOICBMCH@?$AA?$FL?$AAD?$AAI?$AAS?$AAP?$AAD?$AAR?$AAV?$AA?$FN?$AA?5?$AAS?$AAe?$AAt?$AAD?$AAi?$AAs?$AAp?$AAl?$AAa?$AAy?$AAP?$AAo?$AAw?$AAe?$AAr?$AAS?$AAt?$AAa?$AAt?$AAe?$AA?$CI?$AA?$CJ@ 10003380     display_main.obj
 0001:000023e8       ??_C@_1IA@HOIECCLN@?$AA?$FL?$AAD?$AAI?$AAS?$AAP?$AAD?$AAR?$AAV?$AA?$FN?$AA?5?$AAS?$AAe?$AAt?$AAD?$AAi?$AAs?$AAp?$AAl?$AAa?$AAy?$AAP?$AAo?$AAw?$AAe?$AAr?$AAS?$AAt?$AAa?$AAt?$AAe?$AA?$CI?$AA?$CJ@ 100033e8     display_main.obj
 0001:00002468       ??_C@_1EE@KINLHEKG@?$AAS?$AA3?$AAC?$AA6?$AA4?$AA1?$AA0?$AAD?$AAi?$AAs?$AAp?$AA?3?$AA?3?$AAS?$AAe?$AAt?$AAD?$AAi?$AAs?$AAp?$AAl?$AAa?$AAy?$AAP?$AAo?$AAw?$AAe?$AAr?$AAS?$AAt?$AAa?$AAt@ 10003468     display_main.obj
 0001:000024b0       ??_C@_1KE@DDPGKNHD@?$AA?$FL?$AAD?$AAI?$AAS?$AAP?$AAD?$AAR?$AAV?$AA_?$AAI?$AAN?$AAI?$AAT?$AA?$FN?$AA?5?$AAE?$AAr?$AAr?$AAo?$AAr?$AA?5?$AAg?$AAe?$AAt?$AAt?$AAi?$AAn?$AAg?$AA?5?$AAD?$AAi?$AAs@ 100034b0     display_main.obj
 0001:00002558       ??_C@_1FI@EMJOKBIG@?$AA?$FL?$AAD?$AAI?$AAS?$AAP?$AAD?$AAR?$AAV?$AA_?$AAI?$AAN?$AAI?$AAT?$AA?$FN?$AA?5?$AAd?$AAi?$AAs?$AAp?$AAl?$AAa?$AAy?$AA?5?$AAd?$AAr?$AAi?$AAv?$AAe?$AAr?$AA?5?$AAd?$AAi@ 10003558     display_main.obj
 0001:000025b0       ??_C@_1DA@DIEJJLNO@?$AA?$FL?$AAD?$AAI?$AAS?$AAP?$AAD?$AAR?$AAV?$AA_?$AAi?$AAn?$AAi?$AAt?$AA?$FN?$AA?5?$AA?$CL?$AA?$CL?$AA?$CF?$AAs?$AA?$CI?$AA?$CJ?$AA?6?$AA?$AN?$AA?$AA@ 100035b0     display_main.obj
 0001:000025e0       ??_C@_1DG@DLJGCGJ@?$AAS?$AA3?$AAC?$AA6?$AA4?$AA1?$AA0?$AAD?$AAi?$AAs?$AAp?$AA?3?$AA?3?$AAD?$AAe?$AAv?$AAI?$AAn?$AAi?$AAt?$AAi?$AAa?$AAl?$AAi?$AAz?$AAe?$AA?$AA@ 100035e0     display_main.obj
 0001:00002618       ??_C@_1M@BAKKPHMH@?$AAB?$AAK?$AAL?$AA1?$AA?3?$AA?$AA@ 10003618     display_main.obj
 0001:00002628       ??_C@_1IA@CIGMKDFO@?$AA?$FL?$AAD?$AAI?$AAS?$AAP?$AAD?$AAR?$AAV?$AA?3?$AAE?$AAR?$AAR?$AA?$FN?$AA?5?$AAD?$AAe?$AAv?$AAP?$AAo?$AAw?$AAe?$AAr?$AAO?$AAn?$AA?$CI?$AA?$CJ?$AA?5?$AA?3?$AA?5?$AAI?$AAO?$AAC@ 10003628     display_main.obj
 0001:000026a8       ??_C@_1DA@KFDBENLD@?$AAS?$AA3?$AAC?$AA6?$AA4?$AA1?$AA0?$AAD?$AAi?$AAs?$AAp?$AA?3?$AA?3?$AAD?$AAe?$AAv?$AAP?$AAo?$AAw?$AAe?$AAr?$AAO?$AAn?$AA?$AA@ 100036a8     display_main.obj
 0001:000026d8       ??_C@_1KK@PHEPLBJO@?$AA?$FL?$AAD?$AAI?$AAS?$AAP?$AAD?$AAR?$AAV?$AA?3?$AAE?$AAR?$AAR?$AA?$FN?$AA?5?$AAD?$AAe?$AAv?$AAP?$AAo?$AAw?$AAe?$AAr?$AAO?$AAf?$AAf?$AA?$CI?$AA?$CJ?$AA?5?$AA?3?$AA?5?$AAI?$AAO@ 100036d8     display_main.obj
 0001:00002784       ??_C@_1DC@DFJLEPNF@?$AAS?$AA3?$AAC?$AA6?$AA4?$AA1?$AA0?$AAD?$AAi?$AAs?$AAp?$AA?3?$AA?3?$AAD?$AAe?$AAv?$AAP?$AAo?$AAw?$AAe?$AAr?$AAO?$AAf?$AAf?$AA?$AA@ 10003784     display_main.obj
 0001:000027b8       ??_C@_1GA@CMPDNIBA@?$AA?$FL?$AAD?$AAI?$AAS?$AAP?$AAD?$AAR?$AAV?$AA?3?$AAI?$AAN?$AAF?$AA?$FN?$AA?5?$AAE?$AAn?$AAa?$AAb?$AAl?$AAe?$AA?5?$AAN?$AAe?$AAw?$AA?5?$AAO?$AAu?$AAt?$AAp?$AAu?$AAt?$AA?5@ 100037b8     display_main.obj
 0001:00002818       ??_C@_1JG@GBIMLFIC@?$AA?$FL?$AAD?$AAI?$AAS?$AAP?$AAD?$AAR?$AAV?$AA?3?$AAI?$AAN?$AAF?$AA?$FN?$AA?5?$AAD?$AAe?$AAv?$AAC?$AAh?$AAa?$AAn?$AAg?$AAe?$AAO?$AAu?$AAt?$AAp?$AAu?$AAt?$AAI?$AAn?$AAt@ 10003818     display_main.obj
 0001:000028b0       ??_C@_1JG@ECNJPHLG@?$AA?$FL?$AAD?$AAI?$AAS?$AAP?$AAD?$AAR?$AAV?$AA?3?$AAI?$AAN?$AAF?$AA?$FN?$AA?5?$AAD?$AAe?$AAv?$AAC?$AAh?$AAa?$AAn?$AAg?$AAe?$AAO?$AAu?$AAt?$AAp?$AAu?$AAt?$AAI?$AAn?$AAt@ 100038b0     display_main.obj
 0001:00002948       ??_C@_1NA@MHLHNCPH@?$AA?$FL?$AAD?$AAI?$AAS?$AAP?$AAD?$AAR?$AAV?$AA?3?$AAE?$AAR?$AAR?$AA?$FN?$AA?5?$AAD?$AAe?$AAv?$AAC?$AAh?$AAa?$AAn?$AAg?$AAe?$AAO?$AAu?$AAt?$AAp?$AAu?$AAt?$AAI?$AAn?$AAt@ 10003948     display_main.obj
 0001:00002a18       ??_C@_1JI@CBEHEPBM@?$AA?$FL?$AAD?$AAI?$AAS?$AAP?$AAD?$AAR?$AAV?$AA?3?$AAI?$AAN?$AAF?$AA?$FN?$AA?5?$AAD?$AAe?$AAv?$AAC?$AAh?$AAa?$AAn?$AAg?$AAe?$AAO?$AAu?$AAt?$AAp?$AAu?$AAt?$AAI?$AAn?$AAt@ 10003a18     display_main.obj
 0001:00002ab0       ??_C@_1EM@PLKLLIHM@?$AAS?$AA3?$AAC?$AA6?$AA4?$AA1?$AA0?$AAD?$AAi?$AAs?$AAp?$AA?3?$AA?3?$AAD?$AAe?$AAv?$AAC?$AAh?$AAa?$AAn?$AAg?$AAe?$AAO?$AAu?$AAt?$AAp?$AAu?$AAt?$AAI?$AAn?$AAt?$AAe@ 10003ab0     display_main.obj
 0001:00002b00       ??_C@_1KA@JEGMICB@?$AA?$FL?$AAD?$AAI?$AAS?$AAP?$AAD?$AAR?$AAV?$AA?3?$AAE?$AAR?$AAR?$AA?$FN?$AA?5?$AAD?$AAe?$AAv?$AAO?$AAu?$AAt?$AAp?$AAu?$AAt?$AAE?$AAn?$AAa?$AAb?$AAl?$AAe?$AAR?$AAG?$AAB@ 10003b00     display_main.obj
 0001:00002ba0       ??_C@_1KC@INKIEGPL@?$AA?$FL?$AAD?$AAI?$AAS?$AAP?$AAD?$AAR?$AAV?$AA?3?$AAE?$AAR?$AAR?$AA?$FN?$AA?5?$AAD?$AAe?$AAv?$AAO?$AAu?$AAt?$AAp?$AAu?$AAt?$AAE?$AAn?$AAa?$AAb?$AAl?$AAe?$AAR?$AAG?$AAB@ 10003ba0     display_main.obj
 0001:00002c48       ??_C@_1KM@ONMNDOMM@?$AA?$FL?$AAD?$AAI?$AAS?$AAP?$AAD?$AAR?$AAV?$AA?3?$AAE?$AAR?$AAR?$AA?$FN?$AA?5?$AAD?$AAe?$AAv?$AAO?$AAu?$AAt?$AAp?$AAu?$AAt?$AAE?$AAn?$AAa?$AAb?$AAl?$AAe?$AAR?$AAG?$AAB@ 10003c48     display_main.obj
 0001:00002cf8       ??_C@_1IC@MDLNEBDD@?$AA?$FL?$AAD?$AAI?$AAS?$AAP?$AAD?$AAR?$AAV?$AA?3?$AAE?$AAR?$AAR?$AA?$FN?$AA?5?$AAD?$AAe?$AAv?$AAO?$AAu?$AAt?$AAp?$AAu?$AAt?$AAE?$AAn?$AAa?$AAb?$AAl?$AAe?$AAR?$AAG?$AAB@ 10003cf8     display_main.obj
 0001:00002d80       ??_C@_1JO@NNFLLPIF@?$AA?$FL?$AAD?$AAI?$AAS?$AAP?$AAD?$AAR?$AAV?$AA?3?$AAE?$AAR?$AAR?$AA?$FN?$AA?5?$AAD?$AAe?$AAv?$AAO?$AAu?$AAt?$AAp?$AAu?$AAt?$AAE?$AAn?$AAa?$AAb?$AAl?$AAe?$AAR?$AAG?$AAB@ 10003d80     display_main.obj
 0001:00002e20       ??_C@_1KA@LPDDOBAJ@?$AA?$FL?$AAD?$AAI?$AAS?$AAP?$AAD?$AAR?$AAV?$AA?3?$AAE?$AAR?$AAR?$AA?$FN?$AA?5?$AAD?$AAe?$AAv?$AAO?$AAu?$AAt?$AAp?$AAu?$AAt?$AAE?$AAn?$AAa?$AAb?$AAl?$AAe?$AAR?$AAG?$AAB@ 10003e20     display_main.obj
 0001:00002ec0       ??_C@_1EE@IGGGLKJC@?$AAS?$AA3?$AAC?$AA6?$AA4?$AA1?$AA0?$AAD?$AAi?$AAs?$AAp?$AA?3?$AA?3?$AAD?$AAe?$AAv?$AAO?$AAu?$AAt?$AAp?$AAu?$AAt?$AAE?$AAn?$AAa?$AAb?$AAl?$AAe?$AAR?$AAG?$AAB?$AAI@ 10003ec0     display_main.obj
 0001:00002f08       ??_C@_1GG@EBLIPLPG@?$AA?$FL?$AAD?$AAI?$AAS?$AAP?$AAD?$AAR?$AAV?$AA?$FN?$AA?5?$AA?9?$AA?9?$AAS?$AA3?$AAC?$AA6?$AA4?$AA1?$AA0?$AAD?$AAi?$AAs?$AAp?$AA?3?$AA?3?$AAD?$AAe?$AAv?$AAO?$AAu?$AAt?$AAp@ 10003f08     display_main.obj
 0001:00002f70       ??_C@_1KG@MHPBICGN@?$AA?$FL?$AAD?$AAI?$AAS?$AAP?$AAD?$AAR?$AAV?$AA?3?$AAE?$AAR?$AAR?$AA?$FN?$AA?5?$AAD?$AAe?$AAv?$AAO?$AAu?$AAt?$AAp?$AAu?$AAt?$AAD?$AAi?$AAs?$AAa?$AAb?$AAl?$AAe?$AAR?$AAG@ 10003f70     display_main.obj
 0001:00003018       ??_C@_1EG@PMFEGBGO@?$AAS?$AA3?$AAC?$AA6?$AA4?$AA1?$AA0?$AAD?$AAi?$AAs?$AAp?$AA?3?$AA?3?$AAD?$AAe?$AAv?$AAO?$AAu?$AAt?$AAp?$AAu?$AAt?$AAD?$AAi?$AAs?$AAa?$AAb?$AAl?$AAe?$AAR?$AAG?$AAB@ 10004018     display_main.obj
 0001:00003060       ??_C@_1KI@IDNFAACP@?$AA?$FL?$AAD?$AAI?$AAS?$AAP?$AAD?$AAR?$AAV?$AA?3?$AAE?$AAR?$AAR?$AA?$FN?$AA?5?$AAD?$AAe?$AAv?$AAG?$AAe?$AAt?$AAV?$AAe?$AAr?$AAt?$AAi?$AAc?$AAa?$AAl?$AAS?$AAt?$AAa?$AAt@ 10004060     display_main.obj
 0001:00003108       ??_C@_1KC@COAGCJFP@?$AA?$FL?$AAD?$AAI?$AAS?$AAP?$AAD?$AAR?$AAV?$AA?3?$AAE?$AAR?$AAR?$AA?$FN?$AA?5?$AAD?$AAe?$AAv?$AAG?$AAe?$AAt?$AAV?$AAe?$AAr?$AAt?$AAi?$AAc?$AAa?$AAl?$AAS?$AAt?$AAa?$AAt@ 10004108     display_main.obj
 0001:000031b0       ??_C@_1JG@NOAHHNHC@?$AA?$FL?$AAD?$AAI?$AAS?$AAP?$AAD?$AAR?$AAV?$AA?3?$AAE?$AAR?$AAR?$AA?$FN?$AA?5?$AAD?$AAe?$AAv?$AAG?$AAe?$AAt?$AAS?$AAc?$AAa?$AAn?$AAL?$AAi?$AAn?$AAe?$AA?$CI?$AA?$CJ?$AA?5?$AA?3@ 100041b0     display_main.obj
 0001:00003248       ??_C@_1CO@FLBBEJLJ@?$AA?$CF?$AAs?$AA?3?$AA?5?$AAE?$AAx?$AAc?$AAe?$AAp?$AAt?$AAi?$AAo?$AAn?$AA?5?$AAo?$AAc?$AAc?$AAu?$AAr?$AAe?$AAd?$AA?6?$AA?$AA@ 10004248     display_main.obj
 0001:00003278       ??_C@_1FK@FNONLNGN@?$AA?$CF?$AAs?$AA?3?$AA?5?$AAD?$AAE?$AAB?$AAU?$AAG?$AAC?$AAH?$AAK?$AA?5?$AAf?$AAa?$AAi?$AAl?$AAe?$AAd?$AA?5?$AAi?$AAn?$AA?5?$AAf?$AAi?$AAl?$AAe?$AA?5?$AA?$CF?$AAs?$AA?5?$AAa@ 10004278     display_main.obj
 0001:000032d8       ??_C@_1LC@OHIEIGIN@?$AAC?$AA?3?$AA?2?$AAW?$AAI?$AAN?$AAC?$AAE?$AA6?$AA0?$AA0?$AA?2?$AAP?$AAL?$AAA?$AAT?$AAF?$AAO?$AAR?$AAM?$AA?2?$AAT?$AAe?$AAn?$AAB?$AAy?$AAT?$AAe?$AAn?$AA6?$AA4?$AA1@ 100042d8     display_main.obj
 0001:00003390       ??_C@_1GI@LBPPMOKF@?$AA?$HL?$AA?$CF?$AA0?$AA8?$AAl?$AAX?$AA?9?$AA?$CF?$AA0?$AA4?$AAX?$AA?9?$AA?$CF?$AA0?$AA4?$AAX?$AA?9?$AA?$CF?$AA0?$AA2?$AAX?$AA?$CF?$AA0?$AA2?$AAX?$AA?9?$AA?$CF?$AA0?$AA2?$AAX?$AA?$CF?$AA0@ 10004390     display_main.obj
 0001:000033f8       ??_C@_1FK@OFEMGGKK@?$AA?$FL?$AAD?$AAI?$AAS?$AAP?$AAD?$AAR?$AAV?$AA?$FN?$AA?5?$AA?9?$AA?9?$AAA?$AAd?$AAv?$AAe?$AAr?$AAt?$AAi?$AAs?$AAe?$AAP?$AAo?$AAw?$AAe?$AAr?$AAI?$AAn?$AAt?$AAe?$AAr?$AAf@ 100043f8     display_main.obj
 0001:00003454       ??_C@_1CE@LGAKADBG@?$AAD?$AAi?$AAs?$AAp?$AAl?$AAa?$AAy?$AAP?$AAo?$AAw?$AAe?$AAr?$AAC?$AAl?$AAa?$AAs?$AAs?$AA?$AA@ 10004454     display_main.obj
 0001:00003478       ??_C@_1CG@BEPCNIEH@?$AAS?$AAy?$AAs?$AAt?$AAe?$AAm?$AA?2?$AAG?$AAD?$AAI?$AA?2?$AAD?$AAr?$AAi?$AAv?$AAe?$AAr?$AAs?$AA?$AA@ 10004478     display_main.obj
 0001:000034a0       ??_C@_1EO@BHDHHEGO@?$AA?$HL?$AAE?$AAB?$AA9?$AA1?$AAC?$AA7?$AAC?$AA9?$AA?9?$AA8?$AAB?$AAF?$AA6?$AA?9?$AA4?$AAa?$AA2?$AAd?$AA?9?$AA9?$AAA?$AAB?$AA8?$AA?9?$AA6?$AA9?$AA7?$AA2?$AA4?$AAE?$AAE@ 100044a0     display_main.obj
 0001:000034f0       ??_C@_1FA@IMFEDEIJ@?$AA?$FL?$AAD?$AAI?$AAS?$AAP?$AAD?$AAR?$AAV?$AA?$FN?$AA?5?$AA?$CL?$AA?$CL?$AAA?$AAd?$AAv?$AAe?$AAr?$AAt?$AAi?$AAs?$AAe?$AAP?$AAo?$AAw?$AAe?$AAr?$AAI?$AAn?$AAt?$AAe?$AAr?$AAf@ 100044f0     display_main.obj
 0001:00003540       ??_C@_1FC@HKPIDAJM@?$AA?$FL?$AAD?$AAI?$AAS?$AAP?$AAD?$AAR?$AAV?$AA?$FN?$AA?5?$AA?9?$AA?9?$AAP?$AAm?$AAT?$AAo?$AAV?$AAi?$AAd?$AAe?$AAo?$AAP?$AAo?$AAw?$AAe?$AAr?$AAS?$AAt?$AAa?$AAt?$AAe?$AA?$CI@ 10004540     display_main.obj
 0001:00003598       ??_C@_1HI@OLBOPJCH@?$AA?$FL?$AAD?$AAI?$AAS?$AAP?$AAD?$AAR?$AAV?$AA?3?$AAE?$AAR?$AAR?$AA?$FN?$AA?5?$AAP?$AAm?$AAT?$AAo?$AAV?$AAi?$AAd?$AAe?$AAo?$AAP?$AAo?$AAw?$AAe?$AAr?$AAS?$AAt?$AAa?$AAt@ 10004598     display_main.obj
 0001:00003610       ??_C@_1EM@OPJBMBHD@?$AA?$FL?$AAD?$AAI?$AAS?$AAP?$AAD?$AAR?$AAV?$AA?$FN?$AA?5?$AA?$CL?$AA?$CL?$AAP?$AAm?$AAT?$AAo?$AAV?$AAi?$AAd?$AAe?$AAo?$AAP?$AAo?$AAw?$AAe?$AAr?$AAS?$AAt?$AAa?$AAt?$AAe?$AA?$CI@ 10004610     display_main.obj
 0001:00003660       ??_C@_1FC@HCOFLBNE@?$AA?$FL?$AAD?$AAI?$AAS?$AAP?$AAD?$AAR?$AAV?$AA?$FN?$AA?5?$AA?9?$AA?9?$AAV?$AAi?$AAd?$AAe?$AAo?$AAT?$AAo?$AAP?$AAm?$AAP?$AAo?$AAw?$AAe?$AAr?$AAS?$AAt?$AAa?$AAt?$AAe?$AA?$CI@ 10004660     display_main.obj
 0001:000036b8       ??_C@_1HO@MBNFAPKO@?$AA?$FL?$AAD?$AAI?$AAS?$AAP?$AAD?$AAR?$AAV?$AA?3?$AAE?$AAR?$AAR?$AA?$FN?$AA?5?$AAV?$AAi?$AAd?$AAe?$AAo?$AAT?$AAo?$AAP?$AAm?$AAP?$AAo?$AAw?$AAe?$AAr?$AAS?$AAt?$AAa?$AAt@ 100046b8     display_main.obj
 0001:00003738       ??_C@_1EM@BADBPHGF@?$AA?$FL?$AAD?$AAI?$AAS?$AAP?$AAD?$AAR?$AAV?$AA?$FN?$AA?5?$AA?$CL?$AA?$CL?$AAV?$AAi?$AAd?$AAe?$AAo?$AAT?$AAo?$AAP?$AAm?$AAP?$AAo?$AAw?$AAe?$AAr?$AAS?$AAt?$AAa?$AAt?$AAe?$AA?$CI@ 10004738     display_main.obj
 0001:00003788       ??_C@_1EA@LOBEOIMN@?$AA?$FL?$AAD?$AAI?$AAS?$AAP?$AAD?$AAR?$AAV?$AA?3?$AAE?$AAR?$AAR?$AA?$FN?$AA?5?$AA?9?$AA?9?$AA?$CF?$AAs?$AA?$CI?$AA?$CJ?$AA?5?$AA?3?$AA?5?$AAF?$AAa?$AAi?$AAl?$AAe?$AAd?$AA?6?$AA?$AN?$AA?$AA@ 10004788     ddoverlay.obj
 0001:000037c8       ??_C@_1HC@LCLNNDLB@?$AA?$FL?$AAD?$AAI?$AAS?$AAP?$AAD?$AAR?$AAV?$AA?3?$AAE?$AAR?$AAR?$AA?$FN?$AA?5?$AA?$CF?$AAs?$AA?$CI?$AA?$CJ?$AA?5?$AA?3?$AA?5?$AAI?$AAO?$AAC?$AAT?$AAL?$AA_?$AAS?$AAV?$AAE?$AA_?$AAR@ 100047c8     ddoverlay.obj
 0001:00003840       ??_C@_1HM@GNGLAFJM@?$AA?$FL?$AAD?$AAI?$AAS?$AAP?$AAD?$AAR?$AAV?$AA?3?$AAE?$AAR?$AAR?$AA?$FN?$AA?5?$AA?$CF?$AAs?$AA?$CI?$AA?$CJ?$AA?5?$AA?3?$AA?5?$AAI?$AAO?$AAC?$AAT?$AAL?$AA_?$AAS?$AAV?$AAE?$AA_?$AAR@ 10004840     ddoverlay.obj
 0001:000038c0       ??_C@_1EE@DAPKFLPG@?$AAS?$AA3?$AAC?$AA6?$AA4?$AA1?$AA0?$AAD?$AAi?$AAs?$AAp?$AA?3?$AA?3?$AAO?$AAv?$AAe?$AAr?$AAl?$AAa?$AAy?$AAA?$AAl?$AAl?$AAo?$AAc?$AAR?$AAe?$AAs?$AAo?$AAu?$AAr?$AAc@ 100048c0     ddoverlay.obj
 0001:00003908       ??_C@_1HC@CCINEAJB@?$AA?$FL?$AAD?$AAI?$AAS?$AAP?$AAD?$AAR?$AAV?$AA?3?$AAE?$AAR?$AAR?$AA?$FN?$AA?5?$AA?$CF?$AAs?$AA?$CI?$AA?$CJ?$AA?5?$AA?3?$AA?5?$AAI?$AAO?$AAC?$AAT?$AAL?$AA_?$AAS?$AAV?$AAE?$AA_?$AAR@ 10004908     ddoverlay.obj
 0001:00003980       ??_C@_1HM@LLCLFNPG@?$AA?$FL?$AAD?$AAI?$AAS?$AAP?$AAD?$AAR?$AAV?$AA?3?$AAE?$AAR?$AAR?$AA?$FN?$AA?5?$AA?$CF?$AAs?$AA?$CI?$AA?$CJ?$AA?5?$AA?3?$AA?5?$AAI?$AAO?$AAC?$AAT?$AAL?$AA_?$AAS?$AAV?$AAE?$AA_?$AAR@ 10004980     ddoverlay.obj
 0001:00003a00       ??_C@_1EI@CPFFNGDA@?$AAS?$AA3?$AAC?$AA6?$AA4?$AA1?$AA0?$AAD?$AAi?$AAs?$AAp?$AA?3?$AA?3?$AAO?$AAv?$AAe?$AAr?$AAl?$AAa?$AAy?$AAR?$AAe?$AAl?$AAe?$AAa?$AAs?$AAe?$AAR?$AAe?$AAs?$AAo?$AAu@ 10004a00     ddoverlay.obj
 0001:00003a48       ??_C@_1II@FKIGMEED@?$AA?$FL?$AAD?$AAI?$AAS?$AAP?$AAD?$AAR?$AAV?$AA?3?$AAE?$AAR?$AAR?$AA?$FN?$AA?5?$AAO?$AAv?$AAe?$AAr?$AAl?$AAa?$AAy?$AAI?$AAn?$AAi?$AAt?$AAi?$AAa?$AAl?$AAi?$AAz?$AAe?$AA?$CI@ 10004a48     ddoverlay.obj
 0001:00003ad0       ??_C@_1IM@HIGGBDBI@?$AA?$FL?$AAD?$AAD?$AAH?$AAA?$AAL?$AA?3?$AAI?$AAN?$AAF?$AA?$FN?$AA?5?$AAO?$AAv?$AAe?$AAr?$AAl?$AAa?$AAy?$AAI?$AAn?$AAi?$AAt?$AAi?$AAa?$AAl?$AAi?$AAz?$AAe?$AA?$CI?$AA?$CJ?$AA?5@ 10004ad0     ddoverlay.obj
 0001:00003b5c       ??_C@_1DI@EFGJDFCC@?$AAO?$AAv?$AAe?$AAr?$AAl?$AAa?$AAy?$AAS?$AAe?$AAt?$AAP?$AAo?$AAs?$AAi?$AAt?$AAi?$AAo?$AAn?$AA?$CI?$AA?$CF?$AAd?$AA?0?$AA?$CF?$AAd?$AA?$CJ?$AA?6?$AA?$AN?$AA?$AA@ 10004b5c     ddoverlay.obj
 0001:00003b94       ??_C@_1DG@OOCACEMM@?$AAS?$AA3?$AAC?$AA6?$AA4?$AA1?$AA0?$AAD?$AAi?$AAs?$AAp?$AA?3?$AA?3?$AAO?$AAv?$AAe?$AAr?$AAl?$AAa?$AAy?$AAE?$AAn?$AAa?$AAb?$AAl?$AAe?$AA?$AA@ 10004b94     ddoverlay.obj
 0001:00003bcc       ??_C@_1DI@KFIACFEJ@?$AAS?$AA3?$AAC?$AA6?$AA4?$AA1?$AA0?$AAD?$AAi?$AAs?$AAp?$AA?3?$AA?3?$AAO?$AAv?$AAe?$AAr?$AAl?$AAa?$AAy?$AAD?$AAi?$AAs?$AAa?$AAb?$AAl?$AAe?$AA?$AA@ 10004bcc     ddoverlay.obj
 0001:00003c08       ??_C@_1FA@DIIDMFBB@?$AA?$FL?$AAD?$AAI?$AAS?$AAP?$AAD?$AAR?$AAV?$AA?$FN?$AA?5?$AA?9?$AA?9?$AAI?$AAn?$AAi?$AAt?$AAa?$AAl?$AAi?$AAz?$AAe?$AAO?$AAv?$AAe?$AAr?$AAl?$AAa?$AAy?$AAC?$AAo?$AAn?$AAt@ 10004c08     ddoverlay.obj
 0001:00003c58       ??_C@_1FA@IOBKMPNL@?$AA?$FL?$AAD?$AAI?$AAS?$AAP?$AAD?$AAR?$AAV?$AA?$FN?$AA?5?$AA?$CL?$AA?$CL?$AAI?$AAn?$AAi?$AAt?$AAa?$AAl?$AAi?$AAz?$AAe?$AAO?$AAv?$AAe?$AAr?$AAl?$AAa?$AAy?$AAC?$AAo?$AAn?$AAt@ 10004c58     ddoverlay.obj
 0001:00003ca8       ??_C@_1KM@GILCILCH@?$AA?$FL?$AAD?$AAI?$AAS?$AAP?$AAD?$AAR?$AAV?$AA?3?$AAE?$AAR?$AAR?$AA?$FN?$AA?5?$AAD?$AAe?$AAv?$AAS?$AAe?$AAt?$AAV?$AAi?$AAs?$AAi?$AAb?$AAl?$AAe?$AAS?$AAu?$AAr?$AAf?$AAa@ 10004ca8     ddoverlay.obj
 0001:00003d58       ??_C@_1II@CIJICCPF@?$AA?$FL?$AAD?$AAI?$AAS?$AAP?$AAD?$AAR?$AAV?$AA?3?$AAE?$AAR?$AAR?$AA?$FN?$AA?5?$AA?$CF?$AAs?$AA?$CI?$AA?$CJ?$AA?5?$AA?3?$AA?5?$AAI?$AAO?$AAC?$AAT?$AAL?$AA_?$AAS?$AAV?$AAE?$AA_?$AAF@ 10004d58     ddoverlay.obj
 0001:00003de0       ??_C@_1KM@OILFHLFE@?$AA?$FL?$AAD?$AAI?$AAS?$AAP?$AAD?$AAR?$AAV?$AA?3?$AAE?$AAR?$AAR?$AA?$FN?$AA?5?$AAD?$AAe?$AAv?$AAO?$AAv?$AAe?$AAr?$AAl?$AAa?$AAy?$AAI?$AAn?$AAi?$AAt?$AAi?$AAa?$AAl?$AAi@ 10004de0     ddoverlay.obj
 0001:00003e90       ??_C@_1EK@HFANKOCL@?$AA?$FL?$AAD?$AAI?$AAS?$AAP?$AAD?$AAR?$AAV?$AA?3?$AAE?$AAR?$AAR?$AA?$FN?$AA?5?$AA?$CF?$AAs?$AA?$CI?$AA?$CJ?$AA?5?$AA?3?$AA?5?$AAp?$AAS?$AAu?$AAr?$AAf?$AA?5?$AAi?$AAs?$AA?5?$AAN?$AAU@ 10004e90     ddoverlay.obj
 0001:00003ee0       ??_C@_1EE@JPPIKHEO@?$AAS?$AA3?$AAC?$AA6?$AA4?$AA1?$AA0?$AAD?$AAi?$AAs?$AAp?$AA?3?$AA?3?$AAD?$AAe?$AAv?$AAS?$AAe?$AAt?$AAV?$AAi?$AAs?$AAi?$AAb?$AAl?$AAe?$AAS?$AAu?$AAr?$AAf?$AAa?$AAc@ 10004ee0     ddoverlay.obj
 0001:00003f28       ??_C@_1EK@LDKDKKBK@?$AA?$FL?$AAD?$AAI?$AAS?$AAP?$AAD?$AAR?$AAV?$AA?$FN?$AA?5?$AA?9?$AA?9?$AAD?$AAe?$AAv?$AAO?$AAv?$AAe?$AAr?$AAl?$AAa?$AAy?$AAI?$AAn?$AAi?$AAt?$AAi?$AAa?$AAl?$AAi?$AAz?$AAe@ 10004f28     ddoverlay.obj
 0001:00003f78       ??_C@_1KM@CPHKCDAI@?$AA?$FL?$AAD?$AAI?$AAS?$AAP?$AAD?$AAR?$AAV?$AA?3?$AAE?$AAR?$AAR?$AA?$FN?$AA?5?$AAD?$AAe?$AAv?$AAO?$AAv?$AAe?$AAr?$AAl?$AAa?$AAy?$AAI?$AAn?$AAi?$AAt?$AAi?$AAa?$AAl?$AAi@ 10004f78     ddoverlay.obj
 0001:00004028       ??_C@_1KC@NLLKMPLM@?$AA?$FL?$AAD?$AAI?$AAS?$AAP?$AAD?$AAR?$AAV?$AA?3?$AAE?$AAR?$AAR?$AA?$FN?$AA?5?$AAD?$AAe?$AAv?$AAO?$AAv?$AAe?$AAr?$AAl?$AAa?$AAy?$AAI?$AAn?$AAi?$AAt?$AAi?$AAa?$AAl?$AAi@ 10005028     ddoverlay.obj
 0001:000040d0       ??_C@_1KI@FCHLHFCG@?$AA?$FL?$AAD?$AAI?$AAS?$AAP?$AAD?$AAR?$AAV?$AA?3?$AAE?$AAR?$AAR?$AA?$FN?$AA?5?$AAD?$AAe?$AAv?$AAO?$AAv?$AAe?$AAr?$AAl?$AAa?$AAy?$AAI?$AAn?$AAi?$AAt?$AAi?$AAa?$AAl?$AAi@ 100050d0     ddoverlay.obj
 0001:00004178       ??_C@_1JO@JALDLKOF@?$AA?$FL?$AAD?$AAI?$AAS?$AAP?$AAD?$AAR?$AAV?$AA?3?$AAE?$AAR?$AAR?$AA?$FN?$AA?5?$AAD?$AAe?$AAv?$AAO?$AAv?$AAe?$AAr?$AAl?$AAa?$AAy?$AAI?$AAn?$AAi?$AAt?$AAi?$AAa?$AAl?$AAi@ 10005178     ddoverlay.obj
 0001:00004218       ??_C@_1GE@FMIAFIFH@?$AA?$FL?$AAD?$AAD?$AAH?$AAA?$AAL?$AA?$FN?$AA?5?$AAD?$AAe?$AAv?$AAO?$AAv?$AAe?$AAr?$AAl?$AAa?$AAy?$AAI?$AAn?$AAi?$AAt?$AAi?$AAa?$AAl?$AAi?$AAz?$AAe?$AA?$CI?$AA?$CJ?$AA?5?$AA?3@ 10005218     ddoverlay.obj
 0001:00004280       ??_C@_1GG@BJPCAIAH@?$AA?$FL?$AAD?$AAD?$AAH?$AAA?$AAL?$AA?$FN?$AA?5?$AAD?$AAe?$AAv?$AAO?$AAv?$AAe?$AAr?$AAl?$AAa?$AAy?$AAI?$AAn?$AAi?$AAt?$AAi?$AAa?$AAl?$AAi?$AAz?$AAe?$AA?$CI?$AA?$CJ?$AA?5?$AA?3@ 10005280     ddoverlay.obj
 0001:000042e8       ??_C@_1EK@BJKFFBMB@?$AA?$FL?$AAD?$AAI?$AAS?$AAP?$AAD?$AAR?$AAV?$AA?$FN?$AA?5?$AA?$CL?$AA?$CL?$AAD?$AAe?$AAv?$AAO?$AAv?$AAe?$AAr?$AAl?$AAa?$AAy?$AAI?$AAn?$AAi?$AAt?$AAi?$AAa?$AAl?$AAi?$AAz?$AAe@ 100052e8     ddoverlay.obj
 0001:00004338       ??_C@_1EM@PMGIEPHF@?$AA?$FL?$AAD?$AAI?$AAS?$AAP?$AAD?$AAR?$AAV?$AA?$FN?$AA?5?$AA?9?$AA?9?$AAD?$AAe?$AAv?$AAO?$AAv?$AAe?$AAr?$AAl?$AAa?$AAy?$AAS?$AAe?$AAt?$AAP?$AAo?$AAs?$AAi?$AAt?$AAi?$AAo@ 10005338     ddoverlay.obj
 0001:00004388       ??_C@_1KI@DIJGALLP@?$AA?$FL?$AAD?$AAI?$AAS?$AAP?$AAD?$AAR?$AAV?$AA?3?$AAE?$AAR?$AAR?$AA?$FN?$AA?5?$AAD?$AAe?$AAv?$AAO?$AAv?$AAe?$AAr?$AAl?$AAa?$AAy?$AAS?$AAe?$AAt?$AAP?$AAo?$AAs?$AAi?$AAt@ 10005388     ddoverlay.obj
 0001:00004430       ??_C@_1EM@LEMLNCDD@?$AA?$FL?$AAD?$AAI?$AAS?$AAP?$AAD?$AAR?$AAV?$AA?$FN?$AA?5?$AA?$CL?$AA?$CL?$AAD?$AAe?$AAv?$AAO?$AAv?$AAe?$AAr?$AAl?$AAa?$AAy?$AAS?$AAe?$AAt?$AAP?$AAo?$AAs?$AAi?$AAt?$AAi?$AAo@ 10005430     ddoverlay.obj
 0001:00004480       ??_C@_1HO@OAEKJNLO@?$AA?$FL?$AAD?$AAI?$AAS?$AAP?$AAD?$AAR?$AAV?$AA?3?$AAE?$AAR?$AAR?$AA?$FN?$AA?5?$AA?$CF?$AAs?$AA?$CI?$AA?$CJ?$AA?5?$AA?3?$AA?5?$AAI?$AAO?$AAC?$AAT?$AAL?$AA_?$AAS?$AAV?$AAE?$AA_?$AAF@ 10005480     ddoverlay.obj
 0001:00004500       ??_C@_1KI@CBHILIJF@?$AA?$FL?$AAD?$AAI?$AAS?$AAP?$AAD?$AAR?$AAV?$AA?3?$AAE?$AAR?$AAR?$AA?$FN?$AA?5?$AAD?$AAe?$AAv?$AAO?$AAv?$AAe?$AAr?$AAl?$AAa?$AAy?$AAS?$AAe?$AAt?$AAP?$AAo?$AAs?$AAi?$AAt@ 10005500     ddoverlay.obj
 0001:000045a8       ??_C@_1DM@CKJIIGFA@?$AAS?$AA3?$AAC?$AA6?$AA4?$AA1?$AA0?$AAD?$AAi?$AAs?$AAp?$AA?3?$AA?3?$AAD?$AAe?$AAv?$AAO?$AAv?$AAe?$AAr?$AAl?$AAa?$AAy?$AAE?$AAn?$AAa?$AAb?$AAl?$AAe?$AA?$AA@ 100055a8     ddoverlay.obj
 0001:000045e8       ??_C@_1EE@EKEOCMKM@?$AA?$FL?$AAD?$AAI?$AAS?$AAP?$AAD?$AAR?$AAV?$AA?$FN?$AA?5?$AA?9?$AA?9?$AAD?$AAe?$AAv?$AAO?$AAv?$AAe?$AAr?$AAl?$AAa?$AAy?$AAD?$AAi?$AAs?$AAa?$AAb?$AAl?$AAe?$AA?$CI?$AA?$CJ?$AA?6@ 100055e8     ddoverlay.obj
 0001:00004630       ??_C@_1JO@FDINBEBD@?$AA?$FL?$AAD?$AAI?$AAS?$AAP?$AAD?$AAR?$AAV?$AA?3?$AAE?$AAR?$AAR?$AA?$FN?$AA?5?$AAD?$AAe?$AAv?$AAO?$AAv?$AAe?$AAr?$AAl?$AAa?$AAy?$AAD?$AAi?$AAs?$AAa?$AAb?$AAl?$AAe?$AA?$CI@ 10005630     ddoverlay.obj
 0001:000046d0       ??_C@_1KG@PKLCLMK@?$AA?$FL?$AAD?$AAI?$AAS?$AAP?$AAD?$AAR?$AAV?$AA?3?$AAE?$AAR?$AAR?$AA?$FN?$AA?5?$AAD?$AAe?$AAv?$AAO?$AAv?$AAe?$AAr?$AAl?$AAa?$AAy?$AAS?$AAe?$AAt?$AAP?$AAo?$AAs?$AAi?$AAt@ 100056d0     ddoverlay.obj
 0001:00004778       ??_C@_1DO@EAKMOGCD@?$AAS?$AA3?$AAC?$AA6?$AA4?$AA1?$AA0?$AAD?$AAi?$AAs?$AAp?$AA?3?$AA?3?$AAD?$AAe?$AAv?$AAO?$AAv?$AAe?$AAr?$AAl?$AAa?$AAy?$AAD?$AAi?$AAs?$AAa?$AAb?$AAl?$AAe?$AA?$AA@ 10005778     ddoverlay.obj
 0001:000047b8       ??_C@_1LA@OMFAEENN@?$AA?$FL?$AAD?$AAI?$AAS?$AAP?$AAD?$AAR?$AAV?$AA?3?$AAE?$AAR?$AAR?$AA?$FN?$AA?5?$AAD?$AAe?$AAv?$AAO?$AAv?$AAe?$AAr?$AAl?$AAa?$AAy?$AAB?$AAl?$AAe?$AAn?$AAd?$AAD?$AAi?$AAs@ 100057b8     ddoverlay.obj
 0001:00004868       ??_C@_1LG@BIFDCABM@?$AA?$FL?$AAD?$AAI?$AAS?$AAP?$AAD?$AAR?$AAV?$AA?3?$AAE?$AAR?$AAR?$AA?$FN?$AA?5?$AAD?$AAe?$AAv?$AAO?$AAv?$AAe?$AAr?$AAl?$AAa?$AAy?$AAB?$AAl?$AAe?$AAn?$AAd?$AAD?$AAi?$AAs@ 10005868     ddoverlay.obj
 0001:00004920       ??_C@_1EK@KGLHJ@?$AA?$FL?$AAD?$AAI?$AAS?$AAP?$AAD?$AAR?$AAV?$AA?$FN?$AA?5?$AAD?$AAe?$AAv?$AAO?$AAv?$AAe?$AAr?$AAl?$AAa?$AAy?$AAB?$AAl?$AAe?$AAn?$AAd?$AAD?$AAi?$AAs?$AAa?$AAb?$AAl?$AAe@ 10005920     ddoverlay.obj
 0001:00004970       ??_C@_1LE@CEANIILF@?$AA?$FL?$AAD?$AAI?$AAS?$AAP?$AAD?$AAR?$AAV?$AA?3?$AAE?$AAR?$AAR?$AA?$FN?$AA?5?$AAD?$AAe?$AAv?$AAO?$AAv?$AAe?$AAr?$AAl?$AAa?$AAy?$AAS?$AAe?$AAt?$AAC?$AAo?$AAl?$AAo?$AAr@ 10005970     ddoverlay.obj
 0001:00004a28       ??_C@_1EI@ECDGHGLD@?$AA?$FL?$AAD?$AAI?$AAS?$AAP?$AAD?$AAR?$AAV?$AA?$FN?$AA?5?$AAD?$AAe?$AAv?$AAO?$AAv?$AAe?$AAr?$AAl?$AAa?$AAy?$AAS?$AAe?$AAt?$AAC?$AAo?$AAl?$AAo?$AAr?$AAK?$AAe?$AAy?$AA?$CI@ 10005a28     ddoverlay.obj
 0001:00004a70       ??_C@_1KI@FFMMPENL@?$AA?$FL?$AAD?$AAI?$AAS?$AAP?$AAD?$AAR?$AAV?$AA?3?$AAE?$AAR?$AAR?$AA?$FN?$AA?5?$AAD?$AAe?$AAv?$AAO?$AAv?$AAe?$AAr?$AAl?$AAa?$AAy?$AAS?$AAe?$AAt?$AAA?$AAl?$AAp?$AAh?$AAa@ 10005a70     ddoverlay.obj
 0001:00004b18       ??_C@_1EC@NKAHOCJA@?$AA?$FL?$AAD?$AAI?$AAS?$AAP?$AAD?$AAR?$AAV?$AA?$FN?$AA?5?$AAD?$AAe?$AAv?$AAO?$AAv?$AAe?$AAr?$AAl?$AAa?$AAy?$AAS?$AAe?$AAt?$AAA?$AAl?$AAp?$AAh?$AAa?$AA?$CI?$AA?$CJ?$AA?6?$AA?$AN@ 10005b18     ddoverlay.obj
 0001:00004b60       ??_C@_1EE@OODCBJGG@?$AA?$FL?$AAD?$AAI?$AAS?$AAP?$AAD?$AAR?$AAV?$AA?$FN?$AA?5?$AA?9?$AA?9?$AAD?$AAe?$AAv?$AAR?$AAe?$AAc?$AAo?$AAv?$AAe?$AAr?$AAO?$AAv?$AAe?$AAr?$AAl?$AAa?$AAy?$AA?$CI?$AA?$CJ?$AA?6@ 10005b60     ddoverlay.obj
 0001:00004ba8       ??_C@_1EE@LIFCCMIF@?$AA?$FL?$AAD?$AAI?$AAS?$AAP?$AAD?$AAR?$AAV?$AA?$FN?$AA?5?$AA?$CL?$AA?$CL?$AAD?$AAe?$AAv?$AAR?$AAe?$AAc?$AAo?$AAv?$AAe?$AAr?$AAO?$AAv?$AAe?$AAr?$AAl?$AAa?$AAy?$AA?$CI?$AA?$CJ?$AA?6@ 10005ba8     ddoverlay.obj
 0001:00004bf0       ??_C@_1KC@IGIGMJGB@?$AA?$FL?$AAD?$AAr?$AAv?$AAG?$AAe?$AAt?$AAM?$AAa?$AAs?$AAk?$AAs?$AA?$FN?$AA?5?$AAE?$AAr?$AAr?$AAo?$AAr?$AA?5?$AAg?$AAe?$AAt?$AAt?$AAi?$AAn?$AAg?$AA?5?$AAD?$AAi?$AAs?$AAp@ 10005bf0     dispmode.obj
 0001:00004c98       ??_C@_1FG@PDDHMHJM@?$AA?9?$AA?9?$AA?9?$AA?9?$AA?9?$AA?9?$AA?9?$AA?9?$AA?9?$AA?9?$AA?9?$AA?9?$AA?9?$AA?9?$AAd?$AAi?$AAs?$AAp?$AAl?$AAa?$AAy?$AA?5?$AAd?$AAr?$AAi?$AAv?$AAe?$AAr?$AA?5?$AAd?$AAi?$AAs@ 10005c98     dispmode.obj
 0001:00004cf0       ??_C@_1HO@KIPEEMFO@?$AA?$FL?$AAD?$AAI?$AAS?$AAP?$AAD?$AAR?$AAV?$AA?3?$AAE?$AAR?$AAR?$AA?$FN?$AA?5?$AA?$CF?$AAs?$AA?$CI?$AA?$CJ?$AA?5?$AA?3?$AA?5?$AAm?$AAo?$AAd?$AAe?$AAI?$AAd?$AA?5?$AA?$DN?$AA?5?$AA?$CF?$AAd@ 10005cf0     dispmode.obj
 0001:00004d70       ??_C@_1CK@JFIAMBAP@?$AAS?$AA3?$AAC?$AA6?$AA4?$AA1?$AA0?$AAD?$AAi?$AAs?$AAp?$AA?3?$AA?3?$AAS?$AAe?$AAt?$AAM?$AAo?$AAd?$AAe?$AA?$AA@ 10005d70     dispmode.obj
 0001:00004da0       ??_C@_1JA@CIAKDMFD@?$AA?$FL?$AAD?$AAI?$AAS?$AAP?$AAD?$AAR?$AAV?$AA?3?$AAE?$AAR?$AAR?$AA?$FN?$AA?5?$AAG?$AAe?$AAt?$AAM?$AAo?$AAd?$AAe?$AAI?$AAn?$AAf?$AAo?$AA?$CI?$AA?$CJ?$AA?5?$AA?3?$AA?5?$AAm?$AAo@ 10005da0     dispmode.obj
 0001:00004e30       ??_C@_1JE@JDAEDNKE@?$AA?$FL?$AAD?$AAI?$AAS?$AAP?$AAD?$AAR?$AAV?$AA?3?$AAE?$AAR?$AAR?$AA?$FN?$AA?5?$AAG?$AAe?$AAt?$AAM?$AAo?$AAd?$AAe?$AAI?$AAn?$AAf?$AAo?$AAE?$AAx?$AA?$CI?$AA?$CJ?$AA?5?$AA?3?$AA?5@ 10005e30     dispmode.obj
 0001:00004ec8       ??_C@_1JO@HACHOHLA@?$AA?$FL?$AAD?$AAS?$AAP?$AAL?$AA_?$AAM?$AAO?$AAD?$AAE?$AA?$FN?$AA?5?$AAE?$AAr?$AAr?$AAo?$AAr?$AA?5?$AAg?$AAe?$AAt?$AAt?$AAi?$AAn?$AAg?$AA?5?$AAD?$AAi?$AAs?$AAp?$AAl?$AAa@ 10005ec8     dispmode.obj
 0001:00004f68       ??_C@_1FC@ENLFEKAI@?$AA?$FL?$AAD?$AAS?$AAP?$AAL?$AA_?$AAM?$AAO?$AAD?$AAE?$AA?$FN?$AA?5?$AAd?$AAi?$AAs?$AAp?$AAl?$AAa?$AAy?$AA?5?$AAd?$AAr?$AAi?$AAv?$AAe?$AAr?$AA?5?$AAd?$AAi?$AAs?$AAp?$AAl@ 10005f68     dispmode.obj
 0001:00004fc0       ??_C@_1EC@BEINEMMO@?$AA?$CF?$AAs?$AA?$CI?$AA0?$AAx?$AA?$CF?$AAX?$AA?0?$AA?5?$AA0?$AAx?$AA?$CF?$AAX?$AA?0?$AA?5?$AA?$CF?$AAd?$AA?0?$AA?5?$AA?$CF?$AAd?$AA?0?$AA?5?$AA?$CF?$AAd?$AA?0?$AA?5?$AA?$CF?$AAd?$AA?$CJ?$AA?$AN?$AA?6@ 10005fc0     cursor.obj
 0001:00005004       ??_C@_1DK@NDIBOGIH@?$AAS?$AA3?$AAC?$AA6?$AA4?$AA1?$AA0?$AAD?$AAi?$AAs?$AAp?$AA?3?$AA?3?$AAS?$AAe?$AAt?$AAP?$AAo?$AAi?$AAn?$AAt?$AAe?$AAr?$AAS?$AAh?$AAa?$AAp?$AAe?$AA?$AA@ 10006004     cursor.obj
 0001:00005040       ??_C@_1BK@BBAEGKCG@?$AA?$CF?$AAs?$AA?$CI?$AA?$CF?$AAd?$AA?0?$AA?5?$AA?$CF?$AAd?$AA?$CJ?$AA?$AN?$AA?6?$AA?$AA@ 10006040     cursor.obj
 0001:0000505c       ??_C@_1DC@PFHGKNCK@?$AAS?$AA3?$AAC?$AA6?$AA4?$AA1?$AA0?$AAD?$AAi?$AAs?$AAp?$AA?3?$AA?3?$AAM?$AAo?$AAv?$AAe?$AAP?$AAo?$AAi?$AAn?$AAt?$AAe?$AAr?$AA?$AA@ 1000605c     cursor.obj
 0001:00005090       ??_C@_1BC@FLPPPCBP@?$AA?9?$AA?9?$AA?$CF?$AAs?$AA?$CI?$AA?$CJ?$AA?$AN?$AA?6?$AA?$AA@ 10006090     line.obj
 0001:000050a8       ??_C@_1GE@GHEPMNHB@?$AAE?$AAL?$AAi?$AAn?$AAe?$AA?3?$AA?$CI?$AA?$CF?$AAd?$AA?0?$AA?$CF?$AAd?$AA?$CJ?$AA?5?$AA?$CL?$AA?5?$AAm?$AA?$CI?$AA?$CF?$AAd?$AA?$CJ?$AA?0?$AA?5?$AAn?$AA?$CI?$AA?$CF?$AAd?$AA?$CJ?$AA?0?$AA?5?$AAc?$AAP@ 100060a8     line.obj
 0001:00005110       ??_C@_1GE@GKEBNBEE@?$AAA?$AAL?$AAi?$AAn?$AAe?$AA?3?$AA?$CI?$AA?$CF?$AAd?$AA?0?$AA?$CF?$AAd?$AA?$CJ?$AA?5?$AA?$CL?$AA?5?$AAm?$AA?$CI?$AA?$CF?$AAd?$AA?$CJ?$AA?0?$AA?5?$AAn?$AA?$CI?$AA?$CF?$AAd?$AA?$CJ?$AA?0?$AA?5?$AAc?$AAP@ 10006110     line.obj
 0001:00005178       ??_C@_1HK@EOFHCEII@?$AA?$FL?$AAD?$AAI?$AAS?$AAP?$AAD?$AAR?$AAV?$AA?3?$AAE?$AAR?$AAR?$AA?$FN?$AA?5?$AAW?$AAr?$AAa?$AAp?$AAp?$AAe?$AAd?$AAE?$AAm?$AAu?$AAl?$AAa?$AAt?$AAe?$AAd?$AAL?$AAi?$AAn@ 10006178     line.obj
 0001:000051f4       ??_C@_1BC@GBCCHHO@?$AA?$CL?$AA?$CL?$AA?$CF?$AAs?$AA?$CI?$AA?$CJ?$AA?$AN?$AA?6?$AA?$AA@ 100061f4     line.obj
 0001:00005208       ??_C@_1EC@EMLOJBEG@?$AAS?$AA3?$AAC?$AA6?$AA4?$AA1?$AA0?$AAD?$AAi?$AAs?$AAp?$AA?3?$AA?3?$AAW?$AAr?$AAa?$AAp?$AAp?$AAe?$AAd?$AAE?$AAm?$AAu?$AAl?$AAa?$AAt?$AAe?$AAd?$AAL?$AAi?$AAn?$AAe@ 10006208     line.obj
 0001:00005250       ??_C@_1EO@FCCHDLB@?$AAd?$AAw?$AAB?$AAa?$AAs?$AAe?$AA?3?$AA0?$AAx?$AA?$CF?$AAx?$AA?0?$AA?5?$AAm?$AA_?$AAi?$AAR?$AAo?$AAt?$AAa?$AAt?$AAe?$AA?3?$AA?$CF?$AAd?$AA?0?$AA?5?$AAD?$AAs?$AAt?$AAR?$AAo@ 10006250     line.obj
 0001:000052a0       ??_C@_1DK@PLAODEBE@?$AAC?$AAl?$AAi?$AAp?$AAF?$AAo?$AAr?$AAL?$AAi?$AAn?$AAe?$AA?3?$AA?$CI?$AA?$CF?$AAd?$AA?0?$AA?$CF?$AAd?$AA?$CJ?$AA?$HO?$AA?$CI?$AA?$CF?$AAd?$AA?0?$AA?$CF?$AAd?$AA?$CJ?$AA?6?$AA?$AA@ 100062a0     line.obj
 0001:000052dc       ??_C@_1CE@KDELNNAH@?$AAS?$AA3?$AAC?$AA6?$AA4?$AA1?$AA0?$AAD?$AAi?$AAs?$AAp?$AA?3?$AA?3?$AAL?$AAi?$AAn?$AAe?$AA?$AA@ 100062dc     line.obj
 0001:00005300       ??_C@_1BM@EKFHMNLE@?$AAS?$AAi?$AAm?$AAp?$AAl?$AAe?$AAB?$AAi?$AAt?$AAB?$AAl?$AAt?$AA?6?$AA?$AA@ 10006300     hwblt.obj
 0001:0000531c       ??_C@_1CO@CLINCEGJ@?$AA?$CI?$AA?$CF?$AAd?$AA?0?$AA?$CF?$AAd?$AA?$CJ?$AA?$HO?$AA?$CI?$AA?$CF?$AAd?$AA?0?$AA?$CF?$AAd?$AA?$CJ?$AA?5?$AA?$CF?$AAd?$AA?0?$AA?$CF?$AAd?$AA?6?$AA?$AA@ 1000631c     hwblt.obj
 0001:0000534c       ??_C@_1DI@ILGMOPHM@?$AAB?$AA?5?$AAL?$AAR?$AAS?$AAW?$AAA?$AAP?$AA?3?$AA?$CF?$AAd?$AA?0?$AA?$CF?$AAd?$AA?0?$AA?$CF?$AAd?$AA?0?$AA?$CF?$AAd?$AA?0?$AA?$CF?$AAd?$AA?0?$AA?$CF?$AAd?$AA?6?$AA?$AA@ 1000634c     hwblt.obj
 0001:00005384       ??_C@_1DI@HHLPGOFO@?$AAB?$AA?5?$AAT?$AAB?$AAS?$AAW?$AAA?$AAP?$AA?3?$AA?$CF?$AAd?$AA?0?$AA?$CF?$AAd?$AA?0?$AA?$CF?$AAd?$AA?0?$AA?$CF?$AAd?$AA?0?$AA?$CF?$AAd?$AA?0?$AA?$CF?$AAd?$AA?6?$AA?$AA@ 10006384     hwblt.obj
 0001:000053c0       ??_C@_1EA@GONFHPPP@?$AAR?$AA?3?$AA?$CF?$AAd?$AA?0?$AA?5?$AAD?$AAR?$AA?3?$AA?$CF?$AAd?$AA?0?$AA?5?$AAD?$AAS?$AAT?$AA?$CI?$AA?$CF?$AAd?$AA?0?$AA?$CF?$AAd?$AA?0?$AA?$CF?$AAd?$AA?0?$AA?$CF?$AAd?$AA?$CJ?$AA?$AN?$AA?6?$AA?$AA@ 100063c0     hwblt.obj
 0001:00005400       ??_C@_1DE@PFJFGIAI@?$AAB?$AAX?$AA?5?$AAT?$AAA?$AAS?$AAW?$AAA?$AAP?$AA?3?$AA?$CF?$AAd?$AA?0?$AA?$CF?$AAd?$AA?0?$AA?$CF?$AAd?$AA?0?$AA?$CF?$AAd?$AA?0?$AA?$CF?$AAd?$AA?6?$AA?$AA@ 10006400     hwblt.obj
 0001:00005434       ??_C@_1DE@ILONCAKO@?$AAB?$AAX?$AA?5?$AAT?$AAB?$AAS?$AAW?$AAA?$AAP?$AA?3?$AA?$CF?$AAd?$AA?0?$AA?$CF?$AAd?$AA?0?$AA?$CF?$AAd?$AA?0?$AA?$CF?$AAd?$AA?0?$AA?$CF?$AAd?$AA?6?$AA?$AA@ 10006434     hwblt.obj
 0001:00005468       ??_C@_1DG@CPILIMLG@?$AAB?$AAi?$AAt?$AAB?$AAl?$AAt?$AA?5?$AAX?$AA?9?$AAa?$AAx?$AAi?$AAs?$AA?5?$AAf?$AAl?$AAi?$AAp?$AA?3?$AA?5?$AAR?$AA?3?$AA?$CF?$AAd?$AA?$AN?$AA?6?$AA?$AA@ 10006468     hwblt.obj
 0001:000054a0       ??_C@_1DE@HBKEHBPJ@?$AAB?$AAY?$AA?5?$AAT?$AAA?$AAS?$AAW?$AAA?$AAP?$AA?3?$AA?$CF?$AAd?$AA?0?$AA?$CF?$AAd?$AA?0?$AA?$CF?$AAd?$AA?0?$AA?$CF?$AAd?$AA?0?$AA?$CF?$AAd?$AA?6?$AA?$AA@ 100064a0     hwblt.obj
 0001:000054d4       ??_C@_1DE@PNMDJFP@?$AAB?$AAY?$AA?5?$AAT?$AAB?$AAS?$AAW?$AAA?$AAP?$AA?3?$AA?$CF?$AAd?$AA?0?$AA?$CF?$AAd?$AA?0?$AA?$CF?$AAd?$AA?0?$AA?$CF?$AAd?$AA?0?$AA?$CF?$AAd?$AA?6?$AA?$AA@ 100064d4     hwblt.obj
 0001:00005508       ??_C@_1DG@IAMPBOPB@?$AAB?$AAi?$AAt?$AAB?$AAl?$AAt?$AA?5?$AAY?$AA?9?$AAa?$AAx?$AAi?$AAs?$AA?5?$AAf?$AAl?$AAi?$AAp?$AA?3?$AA?5?$AAR?$AA?3?$AA?$CF?$AAd?$AA?$AN?$AA?6?$AA?$AA@ 10006508     hwblt.obj
 0001:00005540       ??_C@_1FK@CLFKDMBF@?$AAt?$AA_?$AAr?$AAe?$AAc?$AAt?$AA?0?$AAj?$AAu?$AAs?$AAt?$AAb?$AAi?$AAt?$AAb?$AAl?$AAt?$AAf?$AAl?$AAi?$AAp?$AA?$CI?$AA?$CF?$AAd?$AA?0?$AA?$CF?$AAd?$AA?$CJ?$AA?$HO?$AA?$CI?$AA?$CF?$AAd@ 10006540     hwblt.obj
 0001:0000559c       ??_C@_1BM@INPCAHNB@?$AAX?$AAY?$AA?5?$AAF?$AAl?$AAi?$AAp?$AA?5?$AAR?$AA?3?$AA?$CF?$AAd?$AA?6?$AA?$AA@ 1000659c     hwblt.obj
 0001:000055b8       ??_C@_1DC@ELNKMMKJ@?$AA?6?$AAS?$AAt?$AAr?$AAe?$AAt?$AAc?$AAh?$AA?5?$AAn?$AAo?$AA?5?$AAf?$AAl?$AAi?$AAp?$AA?3?$AA?5?$AAR?$AA?3?$AA?$CF?$AAd?$AA?$AN?$AA?6?$AA?$AA@ 100065b8     hwblt.obj
 0001:000055ec       ??_C@_1DK@EBAKDPLM@?$AAS?$AA?5?$AAN?$AAO?$AAN?$AAS?$AAW?$AAA?$AAP?$AA?3?$AA?$CF?$AAd?$AA?0?$AA?$CF?$AAd?$AA?0?$AA?$CF?$AAd?$AA?0?$AA?$CF?$AAd?$AA?0?$AA?$CF?$AAd?$AA?0?$AA?$CF?$AAd?$AA?6?$AA?$AA@ 100065ec     hwblt.obj
 0001:00005628       ??_C@_1DO@HHCPDAPC@?$AAS?$AA?5?$AAB?$AAZ?$AAN?$AAO?$AAN?$AAS?$AAW?$AAA?$AAP?$AA?3?$AA?$CF?$AAd?$AA?0?$AA?$CF?$AAd?$AA?0?$AA?$CF?$AAd?$AA?0?$AA?$CF?$AAd?$AA?0?$AA?$CF?$AAd?$AA?0?$AA?$CF?$AAd?$AA?6?$AA?$AA@ 10006628     hwblt.obj
 0001:00005668       ??_C@_1DO@JLIHKOEK@?$AAS?$AA?5?$AAB?$AAR?$AAN?$AAO?$AAN?$AAS?$AAW?$AAA?$AAP?$AA?3?$AA?$CF?$AAd?$AA?0?$AA?$CF?$AAd?$AA?0?$AA?$CF?$AAd?$AA?0?$AA?$CF?$AAd?$AA?0?$AA?$CF?$AAd?$AA?0?$AA?$CF?$AAd?$AA?6?$AA?$AA@ 10006668     hwblt.obj
 0001:000056a8       ??_C@_1DK@DJGIEDHO@?$AAS?$AA?5?$AA0?$AA?0?$AA1?$AA8?$AA0?$AA?5?$AAA?$AAS?$AAW?$AAA?$AAP?$AA?5?$AA?3?$AA?5?$AA?$CF?$AAd?$AA?0?$AA?$CF?$AAd?$AA?0?$AA?$CF?$AAd?$AA?0?$AA?$CF?$AAd?$AA?6?$AA?$AA@ 100066a8     hwblt.obj
 0001:000056e4       ??_C@_1DK@BFDMIAN@?$AAS?$AA?5?$AA0?$AA?0?$AA1?$AA8?$AA0?$AA?5?$AAB?$AAS?$AAW?$AAA?$AAP?$AA?5?$AA?3?$AA?5?$AA?$CF?$AAd?$AA?0?$AA?$CF?$AAd?$AA?0?$AA?$CF?$AAd?$AA?0?$AA?$CF?$AAd?$AA?6?$AA?$AA@ 100066e4     hwblt.obj
 0001:00005720       ??_C@_1DI@DGPIPGMI@?$AAS?$AAt?$AAr?$AAe?$AAt?$AAc?$AAh?$AA?5?$AAX?$AA?9?$AAa?$AAx?$AAi?$AAs?$AA?5?$AAf?$AAl?$AAi?$AAp?$AA?3?$AA?5?$AAR?$AA?3?$AA?$CF?$AAd?$AA?$AN?$AA?6?$AA?$AA@ 10006720     hwblt.obj
 0001:00005758       ??_C@_1DI@JENJMHJK@?$AAS?$AA?5?$AAL?$AAR?$AAS?$AAW?$AAA?$AAP?$AA?3?$AA?$CF?$AAd?$AA?0?$AA?$CF?$AAd?$AA?0?$AA?$CF?$AAd?$AA?0?$AA?$CF?$AAd?$AA?0?$AA?$CF?$AAd?$AA?0?$AA?$CF?$AAd?$AA?6?$AA?$AA@ 10006758     hwblt.obj
 0001:00005790       ??_C@_1IK@JGIENLCN@?$AAS?$AAc?$AAr?$AAa?$AAt?$AAc?$AAh?$AAB?$AAa?$AAs?$AAe?$AAA?$AAd?$AAd?$AAr?$AA?5?$AA?3?$AA?5?$AA0?$AAx?$AA?$CF?$AAx?$AA?0?$AA?5?$AAO?$AAf?$AAf?$AAs?$AAe?$AAt?$AA?3?$AA?$CF@ 10006790     hwblt.obj
 0001:0000581c       ??_C@_1DI@JJLMGEIP@?$AAS?$AAt?$AAr?$AAe?$AAt?$AAc?$AAh?$AA?5?$AAY?$AA?9?$AAa?$AAx?$AAi?$AAs?$AA?5?$AAf?$AAl?$AAi?$AAp?$AA?3?$AA?5?$AAR?$AA?3?$AA?$CF?$AAd?$AA?$AN?$AA?6?$AA?$AA@ 1000681c     hwblt.obj
 0001:00005854       ??_C@_1DI@DPCIGKOK@?$AAS?$AA?5?$AAT?$AAA?$AAS?$AAW?$AAA?$AAP?$AA?3?$AA?$CF?$AAd?$AA?0?$AA?$CF?$AAd?$AA?0?$AA?$CF?$AAd?$AA?0?$AA?$CF?$AAd?$AA?0?$AA?$CF?$AAd?$AA?0?$AA?$CF?$AAd?$AA?6?$AA?$AA@ 10006854     hwblt.obj
 0001:0000588c       ??_C@_1DI@GIAKEGLI@?$AAS?$AA?5?$AAT?$AAB?$AAS?$AAW?$AAA?$AAP?$AA?3?$AA?$CF?$AAd?$AA?0?$AA?$CF?$AAd?$AA?0?$AA?$CF?$AAd?$AA?0?$AA?$CF?$AAd?$AA?0?$AA?$CF?$AAd?$AA?0?$AA?$CF?$AAd?$AA?6?$AA?$AA@ 1000688c     hwblt.obj
 0001:000058c4       ??_C@_1DA@MPNBCBCF@?$AAS?$AAc?$AAr?$AAa?$AAt?$AAc?$AAh?$AAB?$AAa?$AAs?$AAe?$AAA?$AAd?$AAd?$AAr?$AA?5?$AA?3?$AA?5?$AA0?$AAx?$AA?$CF?$AAx?$AA?6?$AA?$AA@ 100068c4     hwblt.obj
 0001:000058f8       ??_C@_1FA@PLMJAGLG@?$AAt?$AAr?$AAy?$AA?5?$AAt?$AAo?$AA?5?$AAr?$AAe?$AAd?$AAi?$AAr?$AAe?$AAc?$AAt?$AA?5?$AAt?$AAo?$AA?5?$AAS?$AAW?$AA?5?$AAE?$AAm?$AAu?$AAl?$AAa?$AAt?$AAe?$AAd?$AA?5?$AAB@ 100068f8     hwblt.obj
 0001:00005948       ??_C@_1JC@IOJNHHJJ@?$AAM?$AAa?$AAy?$AAb?$AAe?$AA?5?$AAT?$AAh?$AAe?$AAr?$AAe?$AA?8?$AAs?$AA?5?$AAn?$AAo?$AA?5?$AAs?$AAu?$AAf?$AAf?$AAi?$AAc?$AAi?$AAe?$AAn?$AAt?$AA?5?$AAv?$AAi?$AAd?$AAe@ 10006948     hwblt.obj
 0001:000059e0       ??_C@_1FE@LKEJAIMD@?$AAS?$AAc?$AAr?$AAa?$AAt?$AAc?$AAh?$AA?5?$AAS?$AAu?$AAr?$AAf?$AAa?$AAc?$AAe?$AA?5?$AAA?$AAl?$AAl?$AAo?$AAc?$AAa?$AAt?$AAi?$AAo?$AAn?$AA?5?$AAi?$AAs?$AA?5?$AAf?$AAa@ 100069e0     hwblt.obj
 0001:00005a38       ??_C@_1FI@JOCKKJJL@?$AAt?$AA_?$AAr?$AAe?$AAc?$AAt?$AA?0?$AAr?$AAe?$AAa?$AAl?$AAs?$AAt?$AAr?$AAe?$AAt?$AAc?$AAh?$AA?3?$AA?5?$AA?$CI?$AA?$CF?$AAd?$AA?0?$AA?$CF?$AAd?$AA?$CJ?$AA?$HO?$AA?$CI?$AA?$CF?$AAd?$AA?0@ 10006a38     hwblt.obj
 0001:00005a90       ??_C@_1JE@KHOFOBHD@?$AAH?$AAW?$AAB?$AAi?$AAt?$AAB?$AAl?$AAt?$AA?5?$AAS?$AAr?$AAc?$AA?$CI?$AA?$CF?$AAd?$AA?0?$AA?$CF?$AAd?$AA?$CJ?$AA?$HO?$AA?$CI?$AA?$CF?$AAd?$AA?0?$AA?$CF?$AAd?$AA?$CJ?$AA?3?$AA?$CF?$AAd?$AA?0?$AA?5@ 10006a90     hwblt.obj
 0001:00005b28       ??_C@_1EC@CMKLBFED@?$AAx?$AAP?$AAo?$AAs?$AAi?$AAt?$AAi?$AAv?$AAe?$AA?5?$AA?3?$AA?5?$AA?$CF?$AAd?$AA?0?$AA?5?$AAy?$AAP?$AAo?$AAs?$AAi?$AAt?$AAi?$AAv?$AAe?$AA?5?$AA?3?$AA?5?$AA?$CF?$AAd?$AA?$AN?$AA?6@ 10006b28     hwblt.obj
 0001:00005b70       ??_C@_1JG@NKIDEDLP@?$AAB?$AAl?$AAe?$AAn?$AAd?$AAF?$AAu?$AAn?$AAc?$AAt?$AAi?$AAo?$AAn?$AA?5?$AA?3?$AA?5?$AAO?$AAp?$AA?$CI?$AA?$CF?$AAd?$AA?$CJ?$AA?0?$AA?5?$AAF?$AAl?$AAa?$AAg?$AA?$CI?$AA?$CF?$AAd?$AA?$CJ@ 10006b70     hwblt.obj
 0001:00005c08       ??_C@_1DA@IFPNHGKA@?$AAR?$AAO?$AAP?$AA?5?$AA?3?$AA?5?$AA0?$AAx?$AA?$CF?$AA0?$AAx?$AA?0?$AA?5?$AAi?$AAM?$AAo?$AAd?$AAe?$AA?3?$AA?$CF?$AAd?$AA?$AN?$AA?6?$AA?$AA@ 10006c08     hwblt.obj
 0001:00005c38       ??_C@_1DK@KPKOLIIA@?$AAC?$AAl?$AAi?$AAp?$AAR?$AAe?$AAg?$AAi?$AAo?$AAn?$AA?5?$AA?$CI?$AA?$CF?$AAd?$AA?0?$AA?$CF?$AAd?$AA?$CJ?$AA?$HO?$AA?$CI?$AA?$CF?$AAd?$AA?0?$AA?$CF?$AAd?$AA?$CJ?$AA?$AN?$AA?6?$AA?$AA@ 10006c38     hwblt.obj
 0001:00005c78       ??_C@_1NA@LMFNLLNP@?$AAD?$AAs?$AAt?$AA?3?$AA0?$AAx?$AA?$CF?$AAx?$AA?5?$AAD?$AAs?$AAt?$AAB?$AA?5?$AA0?$AAx?$AA?$CF?$AAx?$AA?0?$AA?5?$AA?5?$AAS?$AAu?$AAr?$AAf?$AA?$CI?$AAW?$AA?3?$AA?$CF?$AAd?$AA?0?$AAH@ 10006c78     hwblt.obj
 0001:00005d48       ??_C@_1MO@FIFENGHN@?$AAS?$AAr?$AAc?$AA?3?$AA0?$AAx?$AA?$CF?$AAx?$AA?5?$AAS?$AAr?$AAc?$AAB?$AA?5?$AA0?$AAx?$AA?$CF?$AAx?$AA?0?$AA?5?$AAS?$AAu?$AAr?$AAf?$AA?$CI?$AAW?$AA?3?$AA?$CF?$AAd?$AA?0?$AAH?$AA?3@ 10006d48     hwblt.obj
 0001:00005e18       ??_C@_1O@IKMMPJPA@?$AA?9?$AA?9?$AA?$CF?$AAs?$AA?$AN?$AA?6?$AA?$AA@ 10006e18     blt.obj
 0001:00005e28       ??_C@_19EEPNDKNE@?$AA?$CF?$AAs?$AA?$AN?$AA?6?$AA?$AA@ 10006e28     blt.obj
 0001:00005e34       ??_C@_1DA@EHJFEBAG@?$AAS?$AA3?$AAC?$AA6?$AA4?$AA1?$AA0?$AAD?$AAi?$AAs?$AAp?$AA?3?$AA?3?$AAB?$AAl?$AAt?$AAP?$AAr?$AAe?$AAp?$AAa?$AAr?$AAe?$AA?$AA@ 10006e34     blt.obj
 0001:00005e64       ??_C@_1DC@IGCBHBD@?$AAS?$AA3?$AAC?$AA6?$AA4?$AA1?$AA0?$AAD?$AAi?$AAs?$AAp?$AA?3?$AA?3?$AAB?$AAl?$AAt?$AAC?$AAo?$AAm?$AAp?$AAl?$AAe?$AAt?$AAe?$AA?$AA@ 10006e64     blt.obj
 0001:00005e98       ??_C@_1EE@LPMMLJGH@?$AAS?$AA3?$AAC?$AA6?$AA4?$AA1?$AA0?$AAD?$AAi?$AAs?$AAp?$AA?3?$AA?3?$AAA?$AAc?$AAc?$AAe?$AAl?$AAe?$AAr?$AAa?$AAt?$AAe?$AAd?$AAS?$AAo?$AAl?$AAi?$AAd?$AAF?$AAi?$AAl@ 10006e98     blt.obj
 0001:00005ee0       ??_C@_1EA@HLHGECAM@?$AAS?$AA3?$AAC?$AA6?$AA4?$AA1?$AA0?$AAD?$AAi?$AAs?$AAp?$AA?3?$AA?3?$AAA?$AAc?$AAc?$AAe?$AAl?$AAe?$AAr?$AAa?$AAt?$AAe?$AAd?$AAP?$AAa?$AAt?$AAF?$AAi?$AAl?$AAl?$AA?$AA@ 10006ee0     blt.obj
 0001:00005f20       ??_C@_1BG@HJPFDAHD@?$AAS?$AAR?$AAC?$AAP?$AAA?$AAI?$AAN?$AAT?$AA?$AN?$AA?6?$AA?$AA@ 10006f20     blt.obj
 0001:00005f38       ??_C@_1BE@EDIAEAMM@?$AAS?$AAR?$AAC?$AAC?$AAO?$AAP?$AAY?$AA?$AN?$AA?6?$AA?$AA@ 10006f38     blt.obj
 0001:00005f4c       ??_C@_1BC@MBCMANKE@?$AAS?$AAR?$AAC?$AAA?$AAN?$AAD?$AA?$AN?$AA?6?$AA?$AA@ 10006f4c     blt.obj
 0001:00005f60       ??_C@_1BI@OPKCEEB@?$AAS?$AAR?$AAC?$AAI?$AAN?$AAV?$AAE?$AAR?$AAT?$AA?$AN?$AA?6?$AA?$AA@ 10006f60     blt.obj
 0001:00005f78       ??_C@_1DI@GBHHGKJN@?$AAT?$AAr?$AAa?$AAn?$AAs?$AAp?$AAa?$AAr?$AAe?$AAn?$AAt?$AAM?$AAo?$AAd?$AAe?$AA?5?$AAC?$AAo?$AAl?$AAo?$AAr?$AA?5?$AA?3?$AA?5?$AA?$CF?$AAd?$AA?6?$AA?$AA@ 10006f78     blt.obj
 0001:00005fb0       ??_C@_1LM@BOJKBMP@?$AAS?$AAr?$AAc?$AAF?$AAo?$AAr?$AAm?$AAa?$AAt?$AA?3?$AA?$CF?$AAd?$AA?0?$AA?5?$AAB?$AAl?$AAe?$AAn?$AAd?$AAF?$AAu?$AAn?$AAc?$AAt?$AAi?$AAo?$AAn?$AA?5?$AA?3?$AA?5?$AA0?$AAx@ 10006fb0     blt.obj
 0001:00006070       ??_C@_1GC@NFBKBBIJ@?$AAA?$AAl?$AAp?$AAh?$AAa?$AAB?$AAl?$AAe?$AAn?$AAd?$AA?5?$AAB?$AAi?$AAt?$AAB?$AAl?$AAt?$AA?5?$AAw?$AAi?$AAt?$AAh?$AA?5?$AAH?$AAW?$AA?5?$AAr?$AAe?$AAq?$AAu?$AAe?$AAs@ 10007070     blt.obj
 0001:000060d8       ??_C@_1FG@JFEIMLGE@?$AA2?$AAD?$AA?5?$AAH?$AAW?$AA?5?$AAd?$AAo?$AAe?$AAs?$AA?5?$AAn?$AAo?$AAt?$AA?5?$AAs?$AAu?$AAp?$AAp?$AAo?$AAr?$AAt?$AA?5?$AAt?$AAh?$AAi?$AAs?$AA?5?$AAc?$AAo?$AAl?$AAo@ 100070d8     blt.obj
 0001:00006130       ??_C@_1CM@MMEFEAML@?$AAA?$AAl?$AAr?$AAe?$AAa?$AAd?$AAy?$AAS?$AAe?$AAl?$AAe?$AAc?$AAt?$AAe?$AAd?$AA?3?$AA0?$AAx?$AA?$CF?$AAx?$AA?6?$AA?$AA@ 10007130     blt.obj
 0001:00006160       ??_C@_1EG@LHCBBLJP@?$AAA?$AAl?$AAr?$AAe?$AAa?$AAd?$AAy?$AAS?$AAe?$AAl?$AAe?$AAc?$AAt?$AAe?$AAd?$AA?5?$AAB?$AAu?$AAt?$AA?5?$AAR?$AAo?$AAt?$AAa?$AAt?$AAi?$AAo?$AAn?$AA?3?$AA0?$AAx?$AA?$CF@ 10007160     blt.obj
 0001:000061a8       ??_C@_1DK@PJGPJLJC@?$AAm?$AA_?$AAp?$AAd?$AAw?$AAP?$AAh?$AAy?$AAs?$AAA?$AAd?$AAd?$AAr?$AAe?$AAs?$AAs?$AA?$FL?$AA0?$AA?$FN?$AA?5?$AA?3?$AA?5?$AA0?$AAx?$AA?$CF?$AAx?$AA?$AN?$AA?6?$AA?$AA@ 100071a8     blt.obj
 0001:000061e8       ??_C@_1EM@CLMKJIIN@?$AAC?$AAa?$AAc?$AAh?$AAe?$AAF?$AAl?$AAu?$AAs?$AAh?$AA?5?$AAS?$AAt?$AAa?$AAr?$AAt?$AA?5?$AA?3?$AA?5?$AA0?$AAx?$AA?$CF?$AAx?$AA?5?$AAl?$AAe?$AAn?$AAg?$AAt?$AAh?$AA?5?$AA?3@ 100071e8     blt.obj
 0001:00006238       ??_C@_1FC@BAEPKIAD@?$AAN?$AAo?$AAt?$AA?5?$AAE?$AAn?$AAo?$AAu?$AAg?$AAh?$AA?5?$AAM?$AAe?$AAm?$AAo?$AAr?$AAy?$AA?5?$AAf?$AAo?$AAr?$AA?5?$AAm?$AA_?$AAp?$AAd?$AAw?$AAP?$AAh?$AAy?$AAs?$AAA@ 10007238     blt.obj
 0001:00006290       ??_C@_1GO@KBKJJFKE@?$AAS?$AAo?$AAu?$AAr?$AAc?$AAe?$AA?5?$AAM?$AAe?$AAm?$AAo?$AAr?$AAy?$AA?5?$AAB?$AAl?$AAo?$AAc?$AAk?$AAs?$AA?5?$AAi?$AAs?$AA?5?$AAn?$AAo?$AAt?$AA?5?$AAc?$AAo?$AAn?$AAg@ 10007290     blt.obj
 0001:00006300       ??_C@_1NG@PFEDEKJK@?$AAd?$AAw?$AAI?$AAn?$AAd?$AAe?$AAx?$AA?5?$AA?3?$AA?5?$AA?$CF?$AAd?$AA?0?$AA?5?$AAm?$AA_?$AAp?$AAd?$AAw?$AAP?$AAh?$AAy?$AAs?$AAA?$AAd?$AAd?$AAr?$AAe?$AAs?$AAs?$AA?$FL?$AA?$CF@ 10007300     blt.obj
 0001:000063d8       ??_C@_1DC@PEKBAJGP@?$AAp?$AAV?$AAi?$AAr?$AAt?$AAu?$AAa?$AAl?$AAS?$AAt?$AAa?$AAr?$AAt?$AAP?$AAt?$AAr?$AA?3?$AA0?$AAx?$AA?$CF?$AAx?$AA?4?$AA?$AN?$AA?6?$AA?$AA@ 100073d8     blt.obj
 0001:0000640c       ??_C@_1DG@BOMNIKIJ@?$AAL?$AAo?$AAc?$AAk?$AAP?$AAa?$AAg?$AAe?$AAs?$AA?5?$AAi?$AAs?$AA?5?$AAF?$AAa?$AAi?$AAl?$AAe?$AAd?$AA?5?$AA?3?$AA?5?$AA?$CF?$AAd?$AA?$AN?$AA?6?$AA?$AA@ 1000740c     blt.obj
 0001:00006448       ??_C@_1HE@MKAPIEHD@?$AAp?$AAU?$AAs?$AAe?$AAB?$AAu?$AAf?$AAf?$AAe?$AAr?$AAP?$AAt?$AAr?$AA?3?$AA0?$AAx?$AA?$CF?$AAx?$AA?0?$AA?5?$AAd?$AAw?$AAL?$AAe?$AAn?$AAg?$AAt?$AAh?$AA?3?$AA?$CF?$AAd?$AA?0@ 10007448     blt.obj
 0001:000064c0       ??_C@_1FI@INHKINNH@?$AAT?$AAa?$AAr?$AAg?$AAe?$AAt?$AAS?$AAu?$AAr?$AAf?$AA?5?$AA0?$AAx?$AA?$CF?$AAx?$AA?0?$AA?5?$AAH?$AAe?$AAi?$AAg?$AAh?$AAt?$AA?5?$AA?3?$AA?5?$AA?$CF?$AAd?$AA?0?$AA?5?$AAS?$AAt@ 100074c0     blt.obj
 0001:00006518       ??_C@_1BA@LEPJIIOK@?$AAU?$AAn?$AAk?$AAn?$AAo?$AAw?$AAn?$AA?$AA@ 10007518     blt.obj
 0001:00006528       ??_C@_1KA@FBKJHEEA@?$AAC?$AA?3?$AA?2?$AAW?$AAI?$AAN?$AAC?$AAE?$AA6?$AA0?$AA0?$AA?2?$AAP?$AAL?$AAA?$AAT?$AAF?$AAO?$AAR?$AAM?$AA?2?$AAT?$AAe?$AAn?$AAB?$AAy?$AAT?$AAe?$AAn?$AA6?$AA4?$AA1@ 10007528     blt.obj
 0001:000065c8       ??_C@_1GO@GANGEGAA@?$AAC?$AAu?$AAr?$AAr?$AAe?$AAn?$AAt?$AAl?$AAy?$AA?5?$AAw?$AAe?$AA?5?$AAc?$AAa?$AAn?$AAn?$AAo?$AAt?$AA?5?$AAh?$AAa?$AAn?$AAd?$AAl?$AAe?$AA?5?$AAb?$AAo?$AAt?$AAt?$AAo@ 100075c8     blt.obj
 0001:00006638       ??_C@_1CE@DLFHODHF@?$AAI?$AAl?$AAl?$AAe?$AAg?$AAa?$AAl?$AA?5?$AAS?$AAu?$AAr?$AAf?$AAa?$AAc?$AAe?$AA?6?$AA?$AN?$AA?$AA@ 10007638     blt.obj
 0001:00006660       ??_C@_1FK@EADIGIGH@?$AAS?$AAu?$AAr?$AAf?$AAa?$AAc?$AAe?$AA?3?$AA0?$AAx?$AA?$CF?$AAx?$AA?0?$AA?5?$AAG?$AAP?$AAE?$AAF?$AAo?$AAr?$AAm?$AAa?$AAt?$AA?3?$AA?$CF?$AAd?$AA?0?$AA?5?$AAH?$AAW?$AAC?$AAo@ 10007660     blt.obj
 0001:000066c0       ??_C@_1JG@KPJOJFCE@?$AAS?$AAu?$AAr?$AAf?$AAa?$AAc?$AAe?$AA?5?$AAF?$AAo?$AAr?$AAm?$AAa?$AAt?$AA?5?$AAH?$AAA?$AAS?$AA?5?$AAN?$AAO?$AA?5?$AAP?$AAA?$AAL?$AAE?$AAT?$AAT?$AAE?$AA?0?$AA?5?$AAw@ 100076c0     blt.obj
 0001:00006758       ??_C@_1HA@MNDICBMA@?$AAS?$AAu?$AAr?$AAf?$AAa?$AAc?$AAe?$AA?5?$AAF?$AAo?$AAr?$AAm?$AAa?$AAt?$AA?5?$AAH?$AAA?$AAS?$AA?5?$AAN?$AAO?$AA?5?$AAP?$AAA?$AAL?$AAE?$AAT?$AAT?$AAE?$AA?0?$AA?5?$AAw@ 10007758     blt.obj
 0001:000067c8       ??_C@_1BM@CIFEKJHM@?$AA?$CF?$AAd?$AA?5?$AA?3?$AA?5?$AA0?$AAx?$AA?$CF?$AA0?$AA8?$AAx?$AA?$AN?$AA?6?$AA?$AA@ 100077c8     blt.obj
 0001:000067e8       ??_C@_1EC@ILALMAAI@?$AAp?$AAF?$AAo?$AAr?$AAm?$AAa?$AAt?$AA?9?$AA?$DO?$AAm?$AA_?$AAP?$AAa?$AAl?$AAe?$AAt?$AAt?$AAe?$AAE?$AAn?$AAt?$AAr?$AAi?$AAe?$AAs?$AA?$DN?$AA?$CF?$AA0?$AA8?$AAx?$AA?$AN?$AA?6@ 100077e8     blt.obj
 0001:0000682c       ??_C@_1CM@BGJECLIA@?$AAC?$AAh?$AAe?$AAc?$AAk?$AA?5?$AAH?$AAW?$AA?5?$AAS?$AAu?$AAc?$AAc?$AAe?$AAs?$AAs?$AA?3?$AA?$CF?$AAd?$AA?$AN?$AA?6?$AA?$AA@ 1000782c     blt_alpha.obj
 0001:00006858       ??_C@_1CA@LOCFEICE@?$AAR?$AAe?$AAr?$AAo?$AAt?$AAa?$AAt?$AAe?$AA?5?$AAR?$AAe?$AAc?$AAt?$AA?$AN?$AA?6?$AA?$AA@ 10007858     blt_alpha.obj
 0001:00006878       ??_C@_1BO@MAFFNHAO@?$AAR?$AAe?$AAc?$AAo?$AAv?$AAe?$AAr?$AA?5?$AAR?$AAe?$AAc?$AAt?$AA?$AN?$AA?6?$AA?$AA@ 10007878     blt_alpha.obj
 0001:00006898       ??_C@_1IK@DGJIDBPG@?$AAD?$AAs?$AAt?$AAS?$AAc?$AAr?$AAa?$AAt?$AAc?$AAh?$AA?3?$AA0?$AAx?$AA?$CF?$AAx?$AA?0?$AA?5?$AAO?$AAr?$AAi?$AAD?$AAs?$AAt?$AAB?$AAu?$AAf?$AAf?$AAe?$AAr?$AA?3?$AA0?$AAx@ 10007898     blt_alpha.obj
 0001:00006928       ??_C@_1EM@KAEMJDEM@?$AAR?$AAe?$AAl?$AAe?$AAa?$AAs?$AAe?$AA?5?$AAD?$AAe?$AAs?$AAt?$AAi?$AAn?$AAa?$AAt?$AAi?$AAo?$AAn?$AA?5?$AAS?$AAc?$AAr?$AAa?$AAt?$AAc?$AAh?$AA?5?$AAS?$AAu?$AAr?$AAf@ 10007928     blt_alpha.obj
 0001:00006978       ??_C@_1EM@MMOMNEGL@?$AAS?$AAo?$AAu?$AAr?$AAc?$AAe?$AA?5?$AAS?$AAc?$AAr?$AAa?$AAt?$AAc?$AAh?$AA?5?$AAS?$AAu?$AAr?$AAf?$AAa?$AAc?$AAe?$AA?5?$AAi?$AAs?$AA?5?$AAd?$AAe?$AAs?$AAt?$AAr?$AAo@ 10007978     blt_alpha.obj
 0001:000069c8       ??_C@_1EA@PMGEDFLI@?$AAD?$AAe?$AAl?$AAe?$AAt?$AAe?$AA?5?$AAS?$AAo?$AAu?$AAr?$AAc?$AAe?$AA?5?$AAS?$AAc?$AAr?$AAa?$AAt?$AAc?$AAh?$AA?5?$AAS?$AAu?$AAr?$AAf?$AAa?$AAc?$AAe?$AA?$AN?$AA?6?$AA?$AA@ 100079c8     blt_alpha.obj
 0001:00006a08       ??_C@_1EC@GKAOIMPJ@?$AAR?$AAe?$AAl?$AAe?$AAa?$AAs?$AAe?$AA?5?$AAS?$AAo?$AAu?$AAr?$AAc?$AAe?$AA?5?$AAS?$AAc?$AAr?$AAa?$AAt?$AAc?$AAh?$AA?5?$AAS?$AAu?$AAr?$AAf?$AAa?$AAc?$AAe?$AA?$AN?$AA?6@ 10007a08     blt_alpha.obj
 0001:00006a4c       ??_C@_1CE@OPKFBEBK@?$AAH?$AAW?$AAB?$AAi?$AAt?$AAB?$AAl?$AAt?$AA?5?$AAF?$AAa?$AAi?$AAl?$AAe?$AAd?$AA?$AN?$AA?6?$AA?$AA@ 10007a4c     blt_alpha.obj
 0001:00006a70       ??_C@_1CI@CHGLLJEK@?$AAP?$AAi?$AAx?$AAe?$AAl?$AAD?$AAs?$AAt?$AAA?$AAf?$AAt?$AAe?$AAr?$AA?3?$AA0?$AAx?$AA?$CF?$AAx?$AA?6?$AA?$AA@ 10007a70     blt_alpha.obj
 0001:00006a98       ??_C@_1BO@BMCDDLH@?$AAP?$AAi?$AAx?$AAe?$AAl?$AAD?$AAs?$AAt?$AA?3?$AA0?$AAx?$AA?$CF?$AAx?$AA?6?$AA?$AA@ 10007a98     blt_alpha.obj
 0001:00006ab8       ??_C@_1BO@HKIEKAIP@?$AAP?$AAe?$AAr?$AAP?$AAi?$AAx?$AAe?$AAl?$AAM?$AAo?$AAd?$AAe?$AA?$AN?$AA?6?$AA?$AA@ 10007ab8     blt_alpha.obj
 0001:00006ad8       ??_C@_1BG@ILBANJLM@?$AAC?$AAo?$AAn?$AAs?$AAt?$AAa?$AAn?$AAt?$AA?$AN?$AA?6?$AA?$AA@ 10007ad8     blt_alpha.obj
 0001:00006af0       ??_C@_1BK@DOAPIHMN@?$AAF?$AAa?$AAd?$AAi?$AAn?$AAg?$AAM?$AAo?$AAd?$AAe?$AA?$AN?$AA?6?$AA?$AA@ 10007af0     blt_alpha.obj
 0001:00006b10       ??_C@_1EO@BAPDDCDO@?$AAD?$AAT?$AAB?$AAa?$AAs?$AAe?$AA?3?$AA0?$AAx?$AA?$CF?$AAx?$AA?0?$AA?5?$AAV?$AAe?$AAr?$AAt?$AA?3?$AA?$CF?$AAd?$AA?0?$AA?5?$AAH?$AAo?$AAr?$AAi?$AA?3?$AA?$CF?$AAd?$AA?0?$AA?5?$AAC@ 10007b10     blt_alpha.obj
 0001:00006b60       ??_C@_1FA@NHNLDEAG@?$AAD?$AAT?$AAV?$AAB?$AAa?$AAs?$AAe?$AA?3?$AA0?$AAx?$AA?$CF?$AAx?$AA?0?$AA?5?$AAV?$AAe?$AAr?$AAt?$AA?3?$AA?$CF?$AAd?$AA?0?$AA?5?$AAH?$AAo?$AAr?$AAi?$AA?3?$AA?$CF?$AAd?$AA?0?$AA?5@ 10007b60     blt_alpha.obj
 0001:00006bb0       ??_C@_1HA@MLLCLOKD@?$AAO?$AAf?$AAf?$AAs?$AAc?$AAr?$AAe?$AAe?$AAn?$AA?5?$AAB?$AAi?$AAt?$AAB?$AAl?$AAt?$AA?5?$AAD?$AAs?$AAt?$AA?5?$AAi?$AAn?$AA?5?$AAV?$AAi?$AAd?$AAe?$AAo?$AAM?$AAe?$AAm@ 10007bb0     blt_alpha.obj
 0001:00006c20       ??_C@_1EO@ENLKJILE@?$AAS?$AAB?$AAB?$AAa?$AAs?$AAe?$AA?3?$AA0?$AAx?$AA?$CF?$AAx?$AA?0?$AA?5?$AAV?$AAe?$AAr?$AAt?$AA?3?$AA?$CF?$AAd?$AA?0?$AA?5?$AAH?$AAo?$AAr?$AAi?$AA?3?$AA?$CF?$AAd?$AA?0?$AA?5?$AAC@ 10007c20     blt_alpha.obj
 0001:00006c70       ??_C@_1FA@JKCFHLHM@?$AAS?$AAT?$AAV?$AAB?$AAa?$AAs?$AAe?$AA?3?$AA0?$AAx?$AA?$CF?$AAx?$AA?0?$AA?5?$AAV?$AAe?$AAr?$AAt?$AA?3?$AA?$CF?$AAd?$AA?0?$AA?5?$AAH?$AAo?$AAr?$AAi?$AA?3?$AA?$CF?$AAd?$AA?0?$AA?5@ 10007c70     blt_alpha.obj
 0001:00006cc0       ??_C@_1HA@HEMILKEG@?$AAO?$AAf?$AAf?$AAs?$AAc?$AAr?$AAe?$AAe?$AAn?$AA?5?$AAB?$AAi?$AAt?$AAB?$AAl?$AAt?$AA?5?$AAS?$AAr?$AAc?$AA?5?$AAi?$AAn?$AA?5?$AAV?$AAi?$AAd?$AAe?$AAo?$AAM?$AAe?$AAm@ 10007cc0     blt_alpha.obj
 0001:00006d30       ??_C@_1FK@LHFLHHFH@?$AAO?$AAn?$AAs?$AAc?$AAr?$AAe?$AAe?$AAn?$AA?5?$AAC?$AAa?$AAc?$AAh?$AAe?$AAd?$AAB?$AAi?$AAt?$AAB?$AAl?$AAt?$AA?3?$AAA?$AAd?$AAd?$AAr?$AA?3?$AA0?$AAx?$AA?$CF?$AAx?$AA?0@ 10007d30     blt_alpha.obj
 0001:00006d90       ??_C@_1HA@LJGHEKMM@?$AAS?$AAc?$AAr?$AAa?$AAt?$AAc?$AAh?$AA?5?$AAS?$AAu?$AAr?$AAf?$AAa?$AAc?$AAe?$AA?5?$AAA?$AAl?$AAl?$AAo?$AAc?$AAa?$AAt?$AAi?$AAo?$AAn?$AA?5?$AAi?$AAs?$AA?5?$AAf?$AAa@ 10007d90     blt_alpha.obj
 0001:00006e00       ??_C@_1MC@BJHAGKBJ@?$AA?$FL?$AAD?$AAI?$AAS?$AAP?$AAD?$AAR?$AAV?$AA?3?$AAE?$AAR?$AAR?$AA?$FN?$AA?5?$AAA?$AAl?$AAl?$AAo?$AAc?$AAS?$AAu?$AAr?$AAf?$AAa?$AAc?$AAe?$AA?$CI?$AA?$CJ?$AA?5?$AA?3?$AA?5?$AAP@ 10007e00     surf.obj
 0001:00006ec8       ??_C@_1ME@ONIGLNMH@?$AA?$FL?$AAD?$AAI?$AAS?$AAP?$AAD?$AAR?$AAV?$AA?3?$AAE?$AAR?$AAR?$AA?$FN?$AA?5?$AAA?$AAl?$AAl?$AAo?$AAc?$AAS?$AAu?$AAr?$AAf?$AAa?$AAc?$AAe?$AA?$CI?$AA?$CJ?$AA?5?$AA?3?$AA?5?$AAP@ 10007ec8     surf.obj
 0001:00006f90       ??_C@_1GE@BBMBJFFH@?$AA?$FL?$AAD?$AAI?$AAS?$AAP?$AAD?$AAR?$AAV?$AA?$FN?$AA?5?$AA?$CF?$AAs?$AA?$CI?$AA?5?$AA?$CF?$AAd?$AAx?$AA?$CF?$AAd?$AA?5?$AAF?$AAM?$AAT?$AA?3?$AA?$CF?$AAd?$AA?5?$AAs?$AAt?$AAr?$AAi?$AAd@ 10007f90     surf.obj
 0001:00006ff4       ??_C@_1DM@KBNJCDCP@?$AAS?$AA3?$AAC?$AA6?$AA4?$AA1?$AA0?$AAD?$AAi?$AAs?$AAp?$AA?3?$AA?3?$AAA?$AAl?$AAl?$AAo?$AAc?$AAS?$AAu?$AAr?$AAf?$AAa?$AAc?$AAe?$AAP?$AAA?$AAC?$AAS?$AA?$AA@ 10007ff4     surf.obj
 0001:00007030       ??_C@_1HC@DFFBHLCE@?$AA?$FL?$AAD?$AAI?$AAS?$AAP?$AAD?$AAR?$AAV?$AA?3?$AAE?$AAR?$AAR?$AA?$FN?$AA?5?$AAA?$AAl?$AAl?$AAo?$AAc?$AAS?$AAu?$AAr?$AAf?$AAa?$AAc?$AAe?$AA?$CI?$AA?$CJ?$AA?5?$AA?3?$AA?5?$AAS@ 10008030     surf.obj
 0001:000070a8       ??_C@_1EK@CCNFFBIP@?$AA?$FL?$AAD?$AAI?$AAS?$AAP?$AAD?$AAR?$AAV?$AA?3?$AAE?$AAR?$AAR?$AA?$FN?$AA?5?$AA?$CF?$AAs?$AA?$CI?$AA?$CJ?$AA?5?$AA?3?$AA?5?$AAO?$AAU?$AAT?$AA?5?$AAO?$AAF?$AA?5?$AAM?$AAE?$AAM?$AAO@ 100080a8     surf.obj
 0001:000070f8       ??_C@_1MI@DNACDEBH@?$AA?$FL?$AAD?$AAI?$AAS?$AAP?$AAD?$AAR?$AAV?$AA?3?$AAE?$AAR?$AAR?$AA?$FN?$AA?5?$AAA?$AAl?$AAl?$AAo?$AAc?$AAS?$AAu?$AAr?$AAf?$AAa?$AAc?$AAe?$AA?$CI?$AA?$CJ?$AA?5?$AA?3?$AA?5?$AAC@ 100080f8     surf.obj
 0001:000071c0       ??_C@_1FE@HFFOIDLB@?$AA?$FL?$AAD?$AAI?$AAS?$AAP?$AAD?$AAR?$AAV?$AA?$FN?$AA?5?$AA?$CF?$AAs?$AA?$CI?$AA?5?$AA?$CF?$AAd?$AAx?$AA?$CF?$AAd?$AA?5?$AAF?$AAM?$AAT?$AA?3?$AA?$CF?$AAd?$AA?5?$AAf?$AAl?$AAa?$AAg?$AAs@ 100081c0     surf.obj
 0001:00007214       ??_C@_1DE@GADBNKMD@?$AAS?$AA3?$AAC?$AA6?$AA4?$AA1?$AA0?$AAD?$AAi?$AAs?$AAp?$AA?3?$AA?3?$AAA?$AAl?$AAl?$AAo?$AAc?$AAS?$AAu?$AAr?$AAf?$AAa?$AAc?$AAe?$AA?$AA@ 10008214     surf.obj
 0001:00007248       ??_C@_1HM@KJLCGIKF@?$AA?$FL?$AAD?$AAI?$AAS?$AAP?$AAD?$AAR?$AAV?$AA?$FN?$AA?5?$AA?$CF?$AAs?$AA?$CI?$AA?$CJ?$AA?5?$AA?3?$AA?5?$AAH?$AAW?$AA?5?$AAa?$AAc?$AAc?$AAe?$AAl?$AAe?$AAr?$AAa?$AAt?$AAi?$AAo?$AAn@ 10008248     surf.obj
 0001:000072c8       ??_C@_1IK@FGMECLDH@?$AA?$FL?$AAD?$AAI?$AAS?$AAP?$AAD?$AAR?$AAV?$AA?$FN?$AA?5?$AA?$CF?$AAs?$AA?$CI?$AA?$CJ?$AA?5?$AA?3?$AA?5?$AAA?$AAl?$AAl?$AAo?$AAc?$AAa?$AAt?$AAe?$AAd?$AA?5?$AAS?$AAY?$AAS?$AAT?$AAE@ 100082c8     surf.obj
 0001:00007358       ??_C@_1ME@MPFKNGAL@?$AA?$FL?$AAD?$AAI?$AAS?$AAP?$AAD?$AAR?$AAV?$AA?3?$AAW?$AAA?$AAR?$AAN?$AA?$FN?$AA?5?$AA?$CF?$AAs?$AA?$CI?$AA?$CJ?$AA?5?$AA?3?$AA?5?$AAs?$AAu?$AAr?$AAf?$AAa?$AAc?$AAe?$AA?5?$AAs?$AAi@ 10008358     surf.obj
 0001:00007420       ??_C@_1GE@JNBOHJNK@?$AA?$FL?$AAD?$AAI?$AAS?$AAP?$AAD?$AAR?$AAV?$AA?3?$AAE?$AAR?$AAR?$AA?$FN?$AA?5?$AA?$CF?$AAs?$AA?$CI?$AA?$CJ?$AA?5?$AA?3?$AA?5?$AAA?$AAl?$AAl?$AAo?$AAc?$AAS?$AAu?$AAr?$AAf?$AAa?$AAc@ 10008420     surf.obj
 0001:00007488       ??_C@_1GI@BIIJAMPC@?$AA?$FL?$AAD?$AAI?$AAS?$AAP?$AAD?$AAR?$AAV?$AA?$FN?$AA?5?$AA?$CF?$AAs?$AA?$CI?$AA?5?$AA?$CF?$AAd?$AAx?$AA?$CF?$AAd?$AA?5?$AAF?$AAM?$AAT?$AA?3?$AA?$CF?$AAd?$AA?5?$AAP?$AAF?$AAM?$AAT?$AA?3@ 10008488     surf.obj
 0001:000074f0       ??_C@_1GE@LPNFDAJO@?$AA?$FL?$AAD?$AAI?$AAS?$AAP?$AAD?$AAR?$AAV?$AA?3?$AAE?$AAR?$AAR?$AA?$FN?$AA?5?$AA?$CF?$AAs?$AA?$CI?$AA?$CJ?$AA?5?$AA?3?$AA?5?$AAS?$AAu?$AAr?$AAf?$AAa?$AAc?$AAe?$AAH?$AAe?$AAa?$AAp@ 100084f0     surf.obj
 0001:00007558       ??_C@_1GG@PBAIDKAC@?$AA?$FL?$AAD?$AAI?$AAS?$AAP?$AAD?$AAR?$AAV?$AA?3?$AAE?$AAR?$AAR?$AA?$FN?$AA?5?$AA?$CF?$AAs?$AA?$CI?$AA?$CJ?$AA?5?$AA?3?$AA?5?$AAC?$AAr?$AAe?$AAa?$AAt?$AAe?$AA?5?$AAS?$AA3?$AAC?$AA6@ 10008558     surf.obj
 0001:000075c0       ??_C@_1FC@DPIHAPMF@?$AA?$FL?$AAD?$AAI?$AAS?$AAP?$AAD?$AAR?$AAV?$AA?$FN?$AA?5?$AA?$CF?$AAs?$AA?$CI?$AA?$CJ?$AA?5?$AA?3?$AA?5?$AAA?$AAl?$AAl?$AAo?$AAc?$AAa?$AAt?$AAe?$AAd?$AA?5?$AAP?$AAA?$AA?5?$AA?$DN?$AA?5@ 100085c0     surf.obj
 0001:00007618       ??_C@_1GE@OBJFDKAO@?$AA?$FL?$AAD?$AAI?$AAS?$AAP?$AAD?$AAR?$AAV?$AA?$FN?$AA?5?$AA?$CF?$AAs?$AA?$CI?$AA?5?$AA?$CF?$AAd?$AAx?$AA?$CF?$AAd?$AA?5?$AAs?$AAt?$AAr?$AAi?$AAd?$AAe?$AA?3?$AA?$CF?$AAd?$AA?5?$AAF?$AAM@ 10008618     surf.obj
 0001:0000767c       ??_C@_1DO@EBBJGGKI@?$AAS?$AA3?$AAC?$AA6?$AA4?$AA1?$AA0?$AAD?$AAi?$AAs?$AAp?$AA?3?$AA?3?$AAA?$AAl?$AAl?$AAo?$AAc?$AAS?$AAu?$AAr?$AAf?$AAa?$AAc?$AAe?$AAV?$AAi?$AAd?$AAe?$AAo?$AA?$AA@ 1000867c     surf.obj
 0001:000076c0       ??_C@_1II@OHEIAJLB@?$AA?$FL?$AAD?$AAI?$AAS?$AAP?$AAD?$AAR?$AAV?$AA?$FN?$AA?5?$AA?$CF?$AAs?$AA?$CI?$AA?$CJ?$AA?5?$AA?3?$AA?5?$AAo?$AAf?$AAf?$AAs?$AAe?$AAt?$AA?5?$AAi?$AAn?$AA?5?$AAv?$AAi?$AAd?$AAe?$AAo@ 100086c0     surf.obj
 0001:00007748       ??_C@_1DC@MAKJOAO@?$AAS?$AA3?$AAC?$AA6?$AA4?$AA1?$AA0?$AAS?$AAu?$AAr?$AAf?$AA?3?$AA?3?$AAS?$AA3?$AAC?$AA6?$AA4?$AA1?$AA0?$AAS?$AAu?$AAr?$AAf?$AA?$AA@ 10008748     surf.obj
 0001:00007780       ??_7S3C6410Surf@@6B@       10008780     surf.obj
 0001:000077c8       ??_C@_1EG@FJCCDEEG@?$AAE?$AAR?$AAR?$AAO?$AAR?$AA?0?$AA?5?$AAI?$AAn?$AAv?$AAa?$AAl?$AAi?$AAd?$AA?5?$AAS?$AAu?$AAr?$AAf?$AAa?$AAc?$AAe?$AAH?$AAe?$AAa?$AAp?$AA?5?$AAA?$AAd?$AAd?$AAr?$AAe@ 100087c8     surf.obj
 0001:00007810       ??_C@_1HM@LNIHOHI@?$AA?$AN?$AA?6?$AA?$FL?$AAD?$AAI?$AAS?$AAP?$AAD?$AAR?$AAV?$AA?$FN?$AA?5?$AA?$CF?$AAs?$AA?$CI?$AA?$CJ?$AA?5?$AA?3?$AA?5?$AAH?$AAe?$AAa?$AAp?$AA?5?$AA0?$AAx?$AA?$CF?$AA0?$AA8?$AAx?$AA?5?$AAA@ 10008810     surf.obj
 0001:0000788c       ??_C@_1DE@DKOHDNOJ@?$AAS?$AA3?$AAC?$AA6?$AA4?$AA1?$AA0?$AAS?$AAu?$AAr?$AAf?$AA?3?$AA?3?$AA?$HO?$AAS?$AA3?$AAC?$AA6?$AA4?$AA1?$AA0?$AAS?$AAu?$AAr?$AAf?$AA?$AA@ 1000888c     surf.obj
 0001:000078c0       ??_C@_1MC@DKFHDBNJ@?$AA?$FL?$AAD?$AAI?$AAS?$AAP?$AAD?$AAR?$AAV?$AA?3?$AAE?$AAR?$AAR?$AA?$FN?$AA?5?$AAP?$AAA?$AAC?$AA?5?$AAS?$AAu?$AAr?$AAf?$AA?3?$AA?5?$AAA?$AAl?$AAl?$AAo?$AAc?$AAP?$AAh?$AAy@ 100088c0     surf.obj
 0001:00007988       ??_C@_1KM@NBLHANDJ@?$AA?6?$AA?$CF?$AAs?$AA?$CI?$AA?$CJ?$AA?3?$AA?5?$AAs?$AAi?$AAz?$AAe?$AA?5?$AA?3?$AA?5?$AA?$CF?$AAd?$AA?0?$AA?5?$AAP?$AAA?$AAC?$AA?5?$AAS?$AAu?$AAr?$AAf?$AA?5?$AAP?$AAA?$AA?5?$AAB?$AAa@ 10008988     surf.obj
 0001:00007a38       ??_C@_1IA@FNBOEGGP@?$AA?$FL?$AAD?$AAI?$AAS?$AAP?$AAD?$AAR?$AAV?$AA?3?$AAE?$AAR?$AAR?$AA?$FN?$AA?5?$AAM?$AAa?$AAp?$AAp?$AAi?$AAn?$AAg?$AA?5?$AAP?$AAA?$AAC?$AA?5?$AAS?$AAu?$AAr?$AAf?$AA?5?$AAt@ 10008a38     surf.obj
 0001:00007ab8       ??_C@_1KC@GBFOOBMM@?$AAC?$AA?3?$AA?2?$AAW?$AAI?$AAN?$AAC?$AAE?$AA6?$AA0?$AA0?$AA?2?$AAP?$AAL?$AAA?$AAT?$AAF?$AAO?$AAR?$AAM?$AA?2?$AAT?$AAe?$AAn?$AAB?$AAy?$AAT?$AAe?$AAn?$AA6?$AA4?$AA1@ 10008ab8     surf.obj
 0001:00007b60       ??_C@_1FM@GOLCDHLD@?$AA?$FL?$AAD?$AAI?$AAS?$AAP?$AAD?$AAR?$AAV?$AA?$FN?$AA?5?$AA?5?$AA?$CF?$AAs?$AA?$CI?$AA?$CF?$AAd?$AAx?$AA?$CF?$AAd?$AA?0?$AA?5?$AA?$CF?$AAd?$AA?0?$AA?5?$AAF?$AAM?$AAT?$AA?3?$AA?$CF?$AAd?$AA?0@ 10008b60     surf.obj
 0001:00007bbc       ??_C@_1CC@LCAGJHDG@?$AAP?$AAA?$AAC?$AAS?$AAu?$AAr?$AAf?$AA?3?$AA?3?$AAP?$AAA?$AAC?$AAS?$AAu?$AAr?$AAf?$AA?$AA@ 10008bbc     surf.obj
 0001:00007be0       ??_7PACSurf@@6B@           10008be0     surf.obj
 0001:00007c28       ??_C@_1FE@IGIDFGLM@?$AA?6?$AA?$CF?$AAs?$AA?$CI?$AA?$CJ?$AA?3?$AA?5?$AAs?$AAi?$AAz?$AAe?$AA?3?$AA?5?$AA?$CF?$AAd?$AA?0?$AA?5?$AAV?$AAA?$AA?3?$AA?5?$AA0?$AAx?$AA?$CF?$AA0?$AA8?$AAx?$AA?0?$AA?5?$AAP?$AAA?$AA?3@ 10008c28     surf.obj
 0001:00007c7c       ??_C@_1CE@MIKJJLKP@?$AAP?$AAA?$AAC?$AAS?$AAu?$AAr?$AAf?$AA?3?$AA?3?$AA?$HO?$AAP?$AAA?$AAC?$AAS?$AAu?$AAr?$AAf?$AA?$AA@ 10008c7c     surf.obj
 0001:00007ca0       ??_C@_1EK@MJJOONFD@?$AA?6?$AAP?$AAA?$AAC?$AAS?$AAu?$AAr?$AAf?$AAa?$AAc?$AAe?$AA?5?$AAd?$AAe?$AAa?$AAl?$AAl?$AAo?$AAc?$AAa?$AAt?$AAi?$AAo?$AAn?$AA?5?$AAi?$AAs?$AA?5?$AAf?$AAa?$AAi?$AAl@ 10008ca0     surf.obj
 0001:00007cf0       ??_C@_1FO@BEANACBN@?$AA?6?$AAP?$AAA?$AAC?$AAS?$AAu?$AAr?$AAf?$AAa?$AAc?$AAe?$AA?5?$AAu?$AAn?$AAm?$AAa?$AAp?$AA?5?$AAf?$AAr?$AAo?$AAm?$AA?5?$AAc?$AAa?$AAl?$AAl?$AAe?$AAr?$AA?5?$AAp?$AAr@ 10008cf0     surf.obj
 0001:00007d50       ??_C@_1DK@OLOPGEIJ@?$AA?$FL?$AAD?$AAD?$AAH?$AAA?$AAL?$AA?$FN?$AA?5?$AA?9?$AA?9?$AAb?$AAu?$AAi?$AAl?$AAd?$AAD?$AAD?$AAH?$AAA?$AAL?$AAI?$AAn?$AAf?$AAo?$AA?$CI?$AA?$CJ?$AA?$AN?$AA?6?$AA?$AA@ 10008d50     halcaps.obj
 0001:00007d90       ??_C@_1HG@EGNPBDEF@?$AA?$FL?$AAD?$AAD?$AAH?$AAA?$AAL?$AA?3?$AAI?$AAN?$AAF?$AA?$FN?$AA?5?$AAb?$AAu?$AAi?$AAl?$AAd?$AAD?$AAD?$AAH?$AAA?$AAL?$AAI?$AAn?$AAf?$AAo?$AA?$CI?$AA?$CJ?$AA?5?$AA?3?$AA?5?$AA?5@ 10008d90     halcaps.obj
 0001:00007e08       ??_C@_1GO@KHAKDAEG@?$AA?$FL?$AAD?$AAD?$AAH?$AAA?$AAL?$AA?3?$AAI?$AAN?$AAF?$AA?$FN?$AA?5?$AAb?$AAu?$AAi?$AAl?$AAd?$AAD?$AAD?$AAH?$AAA?$AAL?$AAI?$AAn?$AAf?$AAo?$AA?$CI?$AA?$CJ?$AA?5?$AA?3?$AA?5?$AA?5@ 10008e08     halcaps.obj
 0001:00007e78       ??_C@_1DK@MOOBBDHP@?$AA?$FL?$AAD?$AAD?$AAH?$AAA?$AAL?$AA?$FN?$AA?5?$AA?$CL?$AA?$CL?$AAb?$AAu?$AAi?$AAl?$AAd?$AAD?$AAD?$AAH?$AAA?$AAL?$AAI?$AAn?$AAf?$AAo?$AA?$CI?$AA?$CJ?$AA?$AN?$AA?6?$AA?$AA@ 10008e78     halcaps.obj
 0001:00007eb4       ??_C@_1DO@ILEPFLKC@?$AA?$FL?$AAD?$AAD?$AAH?$AAA?$AAL?$AA?$FN?$AA?5?$AA?9?$AA?9?$AAH?$AAa?$AAl?$AAG?$AAe?$AAt?$AAD?$AAr?$AAi?$AAv?$AAe?$AAr?$AAI?$AAn?$AAf?$AAo?$AA?$CI?$AA?$CJ?$AA?6?$AA?$AN?$AA?$AA@ 10008eb4     haldd.obj
 0001:00007ef4       ??_C@_1DG@HEBEDJNF@?$AA?$FL?$AAD?$AAD?$AAH?$AAA?$AAL?$AA?3?$AAE?$AAR?$AAR?$AA?$FN?$AA?5?$AAU?$AAn?$AAk?$AAn?$AAo?$AAw?$AAn?$AA?5?$AAG?$AAU?$AAI?$AAD?$AA?6?$AA?$AN?$AA?$AA@ 10008ef4     haldd.obj
 0001:00007f30       ??_C@_1FI@EGJNKLIO@?$AA?$FL?$AAD?$AAD?$AAH?$AAA?$AAL?$AA?3?$AAE?$AAR?$AAR?$AA?$FN?$AA?5?$AAG?$AAU?$AAI?$AAD?$AA_?$AAG?$AAe?$AAt?$AAD?$AAr?$AAi?$AAv?$AAe?$AAr?$AAI?$AAn?$AAf?$AAo?$AA_?$AAV@ 10008f30     haldd.obj
 0001:00007f88       ??_C@_1EC@HBHECMJO@?$AA?$FL?$AAD?$AAD?$AAH?$AAA?$AAL?$AA?3?$AAE?$AAR?$AAR?$AA?$FN?$AA?5?$AAG?$AAU?$AAI?$AAD?$AA_?$AAV?$AAi?$AAd?$AAe?$AAo?$AAP?$AAo?$AAr?$AAt?$AAC?$AAa?$AAp?$AAs?$AA?6?$AA?$AN@ 10008f88     haldd.obj
 0001:00007fd0       ??_C@_1EM@NJBBMDNN@?$AA?$FL?$AAD?$AAD?$AAH?$AAA?$AAL?$AA?3?$AAE?$AAR?$AAR?$AA?$FN?$AA?5?$AAG?$AAU?$AAI?$AAD?$AA_?$AAV?$AAi?$AAd?$AAe?$AAo?$AAP?$AAo?$AAr?$AAt?$AAC?$AAa?$AAl?$AAl?$AAb?$AAa@ 10008fd0     haldd.obj
 0001:00008020       ??_C@_1EK@FFCMOBHH@?$AA?$FL?$AAD?$AAD?$AAH?$AAA?$AAL?$AA?$FN?$AA?5?$AAG?$AAU?$AAI?$AAD?$AA_?$AAC?$AAo?$AAl?$AAo?$AAr?$AAC?$AAo?$AAn?$AAt?$AAr?$AAo?$AAl?$AAC?$AAa?$AAl?$AAl?$AAb?$AAa?$AAc@ 10009020     haldd.obj
 0001:00008070       ??_C@_1EM@EOFEDJHM@?$AA?$FL?$AAD?$AAD?$AAH?$AAA?$AAL?$AA?$FN?$AA?5?$AAG?$AAU?$AAI?$AAD?$AA_?$AAM?$AAi?$AAs?$AAc?$AAe?$AAl?$AAl?$AAa?$AAn?$AAe?$AAo?$AAu?$AAs?$AAC?$AAa?$AAl?$AAl?$AAb?$AAa@ 10009070     haldd.obj
 0001:000080bc       ??_C@_1DO@KMHLJFMF@?$AA?$FL?$AAD?$AAD?$AAH?$AAA?$AAL?$AA?$FN?$AA?5?$AA?$CL?$AA?$CL?$AAH?$AAa?$AAl?$AAG?$AAe?$AAt?$AAD?$AAr?$AAi?$AAv?$AAe?$AAr?$AAI?$AAn?$AAf?$AAo?$AA?$CI?$AA?$CJ?$AA?6?$AA?$AN?$AA?$AA@ 100090bc     haldd.obj
 0001:000080fc       ??_C@_1CM@JGLFDINH@?$AAL?$AAe?$AAa?$AAv?$AAi?$AAn?$AAg?$AA?5?$AAf?$AAu?$AAn?$AAc?$AAt?$AAi?$AAo?$AAn?$AA?5?$AA?$CF?$AAs?$AA?$AN?$AA?6?$AA?$AA@ 100090fc     haldd.obj
[...]
 0001:000756a4       __report_gsfailure         100766a4 f   corelib1:COREDLL.dll
 0001:000756b4       realloc                    100766b4 f   corelib1:COREDLL.dll
 0001:000756c4       _msize                     100766c4 f   corelib1:COREDLL.dll
 0001:000756d4       DeleteCriticalSection      100766d4 f   coredll:COREDLL.dll
 0001:000756e4       InterlockedExchange        100766e4 f   coredll:COREDLL.dll
 0001:000756f4       TerminateProcess           100766f4 f   coredll:COREDLL.dll
 0001:00075704       InterlockedCompareExchange 10076704 f   coredll:COREDLL.dll
 0001:000758c4       __IMPORT_DESCRIPTOR_COREDLL 100768c4     coredll:COREDLL.dll
 0001:000758d8       __IMPORT_DESCRIPTOR_CEDDK  100768d8     ceddk:CEDDK.dll
 0001:000758ec       __NULL_IMPORT_DESCRIPTOR   100768ec     coredll:COREDLL.dll
 0002:00000000       memfill                    10077000     2d_accel_lib:memfill.obj
 0002:00000110       memor                      10077110     2d_accel_lib:memor.obj
 0002:00000728       memand                     10077728     2d_accel_lib:memand.obj
 0002:00000d44       memnotsrcorf               10077d44     2d_accel_lib:memnotsrcorf.obj
 0002:000010f4       memnotsrcorb               100780f4     2d_accel_lib:memnotsrcorb.obj
 0002:0000149c       memeorf                    1007849c     2d_accel_lib:memeorf.obj
 0002:000017b0       memeorb                    100787b0     2d_accel_lib:memeorb.obj
 0002:00001ac0       memnot                     10078ac0     2d_accel_lib:memnot.obj
 0002:00001bf4       memeorfill                 10078bf4     2d_accel_lib:memeorfill.obj
 0002:00001d60       memnotdstandf              10078d60     2d_accel_lib:memnotdstandf.obj
 0002:00002110       memnotdstandb              10079110     2d_accel_lib:memnotdstandb.obj
 0002:000024bc       memfillwr                  100794bc     2d_accel_lib:memfillwr.obj
 0002:00002604       memnotorf                  10079604     2d_accel_lib:memnotorf.obj
 0002:000029b4       memnotorb                  100799b4     2d_accel_lib:memnotorb.obj
 0002:00002d60       memnotsrcf                 10079d60     2d_accel_lib:memnotsrcf.obj
 0002:00003024       memnotsrcb                 1007a024     2d_accel_lib:memnotsrcb.obj
 0002:000032e4       memsrccopy                 1007a2e4     2d_accel_lib:memsrccopy.obj
 0002:00003874       memsrccopy480              1007a874     2d_accel_lib:memsrccopy480.obj
 0002:00003980       memsrccopy240              1007a980     2d_accel_lib:memsrccopy240.obj
 0003:00000000       __imp_MmMapIoSpace         1007b000     ceddk:CEDDK.dll
 0003:00000004       __imp_MmUnmapIoSpace       1007b004     ceddk:CEDDK.dll
 0003:00000008       \177CEDDK_NULL_THUNK_DATA  1007b008     ceddk:CEDDK.dll
 0003:0000000c       __imp_CeCloseCallerBuffer  1007b00c     coredll:COREDLL.dll
 0003:00000010       __imp_SetLastError         1007b010     coredll:COREDLL.dll
 0003:00000014       __imp_CeOpenCallerBuffer   1007b014     coredll:COREDLL.dll
 0003:00000018       __imp_LeaveCriticalSection 1007b018     coredll:COREDLL.dll
 0003:0000001c       __imp_EnterCriticalSection 1007b01c     coredll:COREDLL.dll
 0003:00000020       __imp_RegCloseKey          1007b020     coredll:COREDLL.dll
 0003:00000024       __imp_RegQueryValueExW     1007b024     coredll:COREDLL.dll
 0003:00000028       __imp_RegOpenKeyExW        1007b028     coredll:COREDLL.dll
 0003:0000002c       __imp_GetLastError         1007b02c     coredll:COREDLL.dll
 0003:00000030       __imp_VirtualCopy          1007b030     coredll:COREDLL.dll
 0003:00000034       __imp_VirtualAlloc         1007b034     coredll:COREDLL.dll
 0003:00000038       __imp_DeviceIoControl      1007b038     coredll:COREDLL.dll
 0003:0000003c       __imp_CreateFileW          1007b03c     coredll:COREDLL.dll
 0003:00000040       __imp_KernelLibIoControl   1007b040     coredll:COREDLL.dll
 0003:00000044       __imp_CloseHandle          1007b044     coredll:COREDLL.dll
 0003:00000048       __imp_VirtualFree          1007b048     coredll:COREDLL.dll
 0003:0000004c       __imp_DevicePowerNotify    1007b04c     coredll:COREDLL.dll
 0003:00000050       __imp_AdvertiseInterface   1007b050     coredll:COREDLL.dll
 0003:00000054       __imp_GetModuleFileNameW   1007b054     coredll:COREDLL.dll
 0003:00000058       __imp_CopyRect             1007b058     coredll:COREDLL.dll
 0003:0000005c       __imp_CacheRangeFlush      1007b05c     coredll:COREDLL.dll
 0003:00000060       __imp_LockPages            1007b060     coredll:COREDLL.dll
 0003:00000064       __imp_KernelIoControl      1007b064     coredll:COREDLL.dll
 0003:00000068       __imp_VirtualAllocCopyEx   1007b068     coredll:COREDLL.dll
 0003:0000006c       __imp_GetDirectCallerProcessId 1007b06c     coredll:COREDLL.dll
 0003:00000070       __imp_AllocPhysMem         1007b070     coredll:COREDLL.dll
 0003:00000074       __imp___GetUserKData       1007b074     coredll:COREDLL.dll
 0003:00000078       __imp_VirtualFreeEx        1007b078     coredll:COREDLL.dll
 0003:0000007c       __imp_DisableThreadLibraryCalls 1007b07c     coredll:COREDLL.dll
 0003:00000080       __imp_LocalAlloc           1007b080     coredll:COREDLL.dll
 0003:00000084       __imp_LocalFree            1007b084     coredll:COREDLL.dll
 0003:00000088       __imp_LocalReAlloc         1007b088     coredll:COREDLL.dll
 0003:0000008c       __imp_RegSetValueExW       1007b08c     coredll:COREDLL.dll
 0003:00000090       __imp_RegCreateKeyExW      1007b090     coredll:COREDLL.dll
 0003:00000094       __imp_CeSetExtendedPdata   1007b094     coredll:COREDLL.dll
 0003:00000098       __imp_RemoteLocalAlloc     1007b098     coredll:COREDLL.dll
 0003:0000009c       __imp_MulDiv               1007b09c     coredll:COREDLL.dll
 0003:000000a0       __imp_RemoteLocalFree      1007b0a0     coredll:COREDLL.dll
 0003:000000a4       __imp_OutputDebugStringW   1007b0a4     coredll:COREDLL.dll
 0003:000000a8       __imp_InterruptDone        1007b0a8     coredll:COREDLL.dll
 0003:000000ac       __imp_WaitForSingleObject  1007b0ac     coredll:COREDLL.dll
 0003:000000b0       __imp_InterruptInitialize  1007b0b0     coredll:COREDLL.dll
 0003:000000b4       __imp_CreateEventW         1007b0b4     coredll:COREDLL.dll
 0003:000000b8       __imp_InterruptDisable     1007b0b8     coredll:COREDLL.dll
 0003:000000bc       __imp_NKDbgPrintfW         1007b0bc     coredll:COREDLL.dll
 0003:000000c0       __imp_FreePhysMem          1007b0c0     coredll:COREDLL.dll
 0003:000000c4       __imp_InitializeCriticalSection 1007b0c4     coredll:COREDLL.dll
 0003:000000c8       __imp_??2@YAPAXI@Z         1007b0c8     corelib1:COREDLL.dll
 0003:000000cc       __imp_memset               1007b0cc     corelib1:COREDLL.dll
 0003:000000d0       __imp___rt_udiv            1007b0d0     corelib1:COREDLL.dll
 0003:000000d4       __imp_??3@YAXPAX@Z         1007b0d4     corelib1:COREDLL.dll
 0003:000000d8       __imp___C_specific_handler 1007b0d8     corelib1:COREDLL.dll
 0003:000000dc       __imp_memcpy               1007b0dc     corelib1:COREDLL.dll
 0003:000000e0       __imp_abs                  1007b0e0     corelib1:COREDLL.dll
 0003:000000e4       __imp___rt_sdiv            1007b0e4     corelib1:COREDLL.dll
 0003:000000e8       __imp_swscanf              1007b0e8     corelib1:COREDLL.dll
 0003:000000ec       __imp_memcmp               1007b0ec     corelib1:COREDLL.dll
 0003:000000f0       __imp__purecall            1007b0f0     corelib1:COREDLL.dll
 0003:000000f4       __imp_malloc               1007b0f4     corelib1:COREDLL.dll
 0003:000000f8       __imp_free                 1007b0f8     corelib1:COREDLL.dll
 0003:000000fc       __imp___utos               1007b0fc     corelib1:COREDLL.dll
 0003:00000100       __imp___divs               1007b100     corelib1:COREDLL.dll
 0003:00000104       __imp___itos               1007b104     corelib1:COREDLL.dll
 0003:00000108       __imp___adds               1007b108     corelib1:COREDLL.dll
 0003:0000010c       __imp___stod               1007b10c     corelib1:COREDLL.dll
 0003:00000110       __imp_pow                  1007b110     corelib1:COREDLL.dll
 0003:00000114       __imp___dtos               1007b114     corelib1:COREDLL.dll
 0003:00000118       __imp___muls               1007b118     corelib1:COREDLL.dll
 0003:0000011c       __imp___subs               1007b11c     corelib1:COREDLL.dll
 0003:00000120       __imp___stou               1007b120     corelib1:COREDLL.dll
 0003:00000124       __imp___rt_sdiv64by64      1007b124     corelib1:COREDLL.dll
 0003:00000128       __imp_memmove              1007b128     corelib1:COREDLL.dll
 0003:0000012c       __imp___gts                1007b12c     corelib1:COREDLL.dll
 0003:00000130       __imp___lts                1007b130     corelib1:COREDLL.dll
 0003:00000134       __imp___stoi               1007b134     corelib1:COREDLL.dll
 0003:00000138       __imp__XcptFilter          1007b138     corelib1:COREDLL.dll
 0003:0000013c       __imp___security_gen_cookie2 1007b13c     corelib1:COREDLL.dll
 0003:00000140       __imp___report_gsfailure   1007b140     corelib1:COREDLL.dll
 0003:00000144       __imp_realloc              1007b144     corelib1:COREDLL.dll
 0003:00000148       __imp__msize               1007b148     corelib1:COREDLL.dll
 0003:0000014c       __imp_DeleteCriticalSection 1007b14c     coredll:COREDLL.dll
 0003:00000150       __imp_InterlockedExchange  1007b150     coredll:COREDLL.dll
 0003:00000154       __imp_TerminateProcess     1007b154     coredll:COREDLL.dll
 0003:00000158       __imp_InterlockedCompareExchange 1007b158     coredll:COREDLL.dll
 0003:0000015c       \177COREDLL_NULL_THUNK_DATA 1007b15c     coredll:COREDLL.dll
 0003:00000160       ?_rgbIdentity@@3PAUtagPALETTEENTRY@@A 1007b160     display_main.obj
 0003:00000560       dpCurSettings              1007b560     display_main.obj
 0003:000009a4       ?gBitMasks16@@3PAKA        1007b9a4     dispmode.obj
 0003:000009b0       ?gBitMasks32@@3PAKA        1007b9b0     dispmode.obj
 0003:000009c0       ?cbDDCallbacks@@3U_DDHAL_DDCALLBACKS@@A 1007b9c0     halcaps.obj
 0003:000009dc       ?cbDDSurfaceCallbacks@@3U_DDHAL_DDSURFACECALLBACKS@@A 1007b9dc     halcaps.obj
 0003:00000a0c       ?MiscellaneousCallbacks@@3U_DDHAL_DDMISCELLANEOUSCALLBACKS@@A 1007ba0c     halcaps.obj
 0003:00000a1c       ?ColorControlCallbacks@@3U_DDHAL_DDCOLORCONTROLCALLBACKS@@A 1007ba1c     halcaps.obj
 0003:00000a30       ?SupportedFourCCs@@3PAU_FourCCDescription@@A 1007ba30     halcaps.obj
 0003:00000adc       ?gaMix@@3PAEA              1007badc     2d_accel_lib:ddi_if.obj
 0003:00000f28       ?pfnDrvAlphaBlend@@3P6AHPAU_SURFOBJ@@0PAU_CLIPOBJ@@PAU_XLATEOBJ@@PAU_RECTL@@3PAUtagBLENDOBJ@@@ZA 1007bf28     gpe:drvalphablend.obj
 0003:00000f30       ?pfnDrvGradientFill@@3P6AHPAU_SURFOBJ@@PAU_CLIPOBJ@@PAU_XLATEOBJ@@PAU_TRIVERTEX@@KPAXKPAU_RECTL@@PAU_POINTL@@K@ZA 1007bf30     gpe:rdrvgradfill.obj
 0003:00000f38       ?gulDither32@@3PAKA        1007bf38     gpe:rdrvgradfill.obj
 0003:00000f78       ?gDitherMatrix16x16Halftone@@3PAEA 1007bf78     gpe:rdrvgradfill.obj
 0003:00001078       ?gDitherMatrix16x16Default@@3PAEA 1007c078     gpe:rdrvgradfill.obj
 0003:00001178       ?vTranslateIdentity@@3PAEA 1007c178     gpe:rdrvgradfill.obj
 0003:00001278       ?DefaultSaturationTable@@3PAEA 1007c278     gpe:rdrvgradfill.obj
 0003:000013f8       ?Saturation16_5@@3PAEA     1007c3f8     gpe:rdrvgradfill.obj
 0003:00001438       ?Saturation16_6@@3PAEA     1007c438     gpe:rdrvgradfill.obj
 0003:000014b8       ?gulGamma@@3KA             1007c4b8     gpe:rctblt.obj
 0003:000014bc       ?szGamma@@3PAGA            1007c4bc     gpe:rctblt.obj
 0003:000014e0       ?szGammaValue@@3PAGA       1007c4e0     gpe:rctblt.obj
 0003:000014f8       ?alAlpha@@3PAJA            1007c4f8     gpe:rctblt.obj
 0003:00001518       ?ajGammaCT_10@@3PAEA       1007c518     gpe:rctblt.obj
 0003:00001618       ?ajGammaCT_11@@3PAEA       1007c618     gpe:rctblt.obj
 0003:00001718       ?ajGammaInvCT_11@@3PAEA    1007c718     gpe:rctblt.obj
 0003:00001818       ?ajGammaCT_12@@3PAEA       1007c818     gpe:rctblt.obj
 0003:00001918       ?ajGammaInvCT_12@@3PAEA    1007c918     gpe:rctblt.obj
 0003:00001a18       ?ajGammaCT_13@@3PAEA       1007ca18     gpe:rctblt.obj
 0003:00001b18       ?ajGammaInvCT_13@@3PAEA    1007cb18     gpe:rctblt.obj
 0003:00001c18       ?ajGammaCT_14@@3PAEA       1007cc18     gpe:rctblt.obj
 0003:00001d18       ?ajGammaInvCT_14@@3PAEA    1007cd18     gpe:rctblt.obj
 0003:00001e18       ?ajGammaCT_15@@3PAEA       1007ce18     gpe:rctblt.obj
 0003:00001f18       ?ajGammaInvCT_15@@3PAEA    1007cf18     gpe:rctblt.obj
 0003:00002018       ?ajGammaCT_16@@3PAEA       1007d018     gpe:rctblt.obj
 0003:00002118       ?ajGammaInvCT_16@@3PAEA    1007d118     gpe:rctblt.obj
 0003:00002218       ?ajGammaCT_17@@3PAEA       1007d218     gpe:rctblt.obj
 0003:00002318       ?ajGammaInvCT_17@@3PAEA    1007d318     gpe:rctblt.obj
 0003:00002418       ?ajGammaCT_18@@3PAEA       1007d418     gpe:rctblt.obj
 0003:00002518       ?ajGammaInvCT_18@@3PAEA    1007d518     gpe:rctblt.obj
 0003:00002618       ?ajGammaCT_19@@3PAEA       1007d618     gpe:rctblt.obj
 0003:00002718       ?ajGammaInvCT_19@@3PAEA    1007d718     gpe:rctblt.obj
 0003:00002818       ?ajGammaCT_20@@3PAEA       1007d818     gpe:rctblt.obj
 0003:00002918       ?ajGammaInvCT_20@@3PAEA    1007d918     gpe:rctblt.obj
 0003:00002a18       ?ajGammaCT_21@@3PAEA       1007da18     gpe:rctblt.obj
 0003:00002b18       ?ajGammaInvCT_21@@3PAEA    1007db18     gpe:rctblt.obj
 0003:00002c18       ?ajGammaCT_22@@3PAEA       1007dc18     gpe:rctblt.obj
 0003:00002d18       ?ajGammaInvCT_22@@3PAEA    1007dd18     gpe:rctblt.obj
 0003:00002e18       ?gaOutTable@@3PAU_F_RGB@@A 1007de18     gpe:rctblt.obj
 0003:00002fe8       ?g_pdwAnyBltPCode@@3PAKA   1007dfe8     gpe:genblt.obj
 0003:0000c5c8       __security_cookie          100875c8     corelib0:seccinit.obj
 0003:0000c5cc       __security_cookie_complement 100875cc     corelib0:seccinit.obj
 0003:0000c5d0       ?gGPE@@3PAVDDGPE@@A        100875d0     display_main.obj
 0003:0000c5d4       ?oldSrcSurf@@3PAVGPESurf@@A 100875d4     blt.obj
 0003:0000c5d8       ?gpScratchSurf@@3PAVDDGPESurf@@A 100875d8     blt.obj
 0003:0000c5e0       ?g_pGPE@@3PAVDDGPE@@A      100875e0     halcaps.obj
 0003:0000c5e4       ?g_pDDrawPrimarySurface@@3PAVDDGPESurf@@A 100875e4     halcaps.obj
 0003:0000c5e8       ?g_pVideoMemory@@3PAEA     100875e8     halcaps.obj
 0003:0000c5ec       ?g_nVideoMemorySize@@3KA   100875ec     halcaps.obj
 0003:0000c5f0       __@@_PchSym_@00@UdrmxvGAAUkozgulinUgvmybgvmGEBAPhoxUhixUwirevihUwrhkozbUwrhkozbPwieUlyqUzineErUwvyftUkivxlnkOlyq@s3c6410_disp 100875f0     precomp.obj
 0003:0000c5f4       PATHOBJ_vGetBounds         100875f4     2d_accel_lib:ddi_if.obj
 0003:0000c5f8       PATHOBJ_bEnum              100875f8     2d_accel_lib:ddi_if.obj
 0003:0000c5fc       PALOBJ_cGetColors          100875fc     2d_accel_lib:ddi_if.obj
 0003:0000c600       CLIPOBJ_bEnum              10087600     2d_accel_lib:ddi_if.obj
 0003:0000c604       EngGetPaletteFromPool      10087604     2d_accel_lib:ddi_if.obj
 0003:0000c608       EngAddPaletteToPool        10087608     2d_accel_lib:ddi_if.obj
 0003:0000c60c       BRUSHOBJ_pvAllocRbrush     1008760c     2d_accel_lib:ddi_if.obj
 0003:0000c610       BRUSHOBJ_pvGetRbrush       10087610     2d_accel_lib:ddi_if.obj
 0003:0000c614       CLIPOBJ_cEnumStart         10087614     2d_accel_lib:ddi_if.obj
 0003:0000c618       XLATEOBJ_cGetPalette       10087618     2d_accel_lib:ddi_if.obj
 0003:0000c61c       PATHOBJ_vEnumStart         1008761c     2d_accel_lib:ddi_if.obj
 0003:0000c620       EngCreatePalette           10087620     2d_accel_lib:ddi_if.obj
 0003:0000c624       EngCreateDeviceSurface     10087624     2d_accel_lib:ddi_if.obj
 0003:0000c628       EngDeleteSurface           10087628     2d_accel_lib:ddi_if.obj
 0003:0000c62c       EngCreateDeviceBitmap      1008762c     2d_accel_lib:ddi_if.obj
 0003:0000c630       EngReleasePooledPalette    10087630     2d_accel_lib:ddi_if.obj
 0003:0000c634       pfnGetGPEPerCard           10087634     2d_accel_lib:ddi_if.obj
 0003:0000c638       g_hmodDisplayDll           10087638     2d_accel_lib:ddi_if.obj
 0003:0000c63c       ?g_pxlo@@3PAU_XLATEOBJ@@A  1008763c     2d_accel_lib:ddi_if.obj
 0003:0000c650       ?gMaskedConverter@@3PAVMaskColorConverter@@A 10087650     2d_accel_lib:swconvrt.obj
 0003:0000c7e0       ?gLookupConverter@@3PAVLookupColorConverter@@A 100877e0     2d_accel_lib:swconvrt.obj
 0003:0000d830       ?gMonoConverter@@3PAVMonoColorConverter@@A 10088830     2d_accel_lib:swconvrt.obj
 0003:0000d858       ?gMaskedLRU@@3VLRU@@A      10088858     2d_accel_lib:swconvrt.obj
 0003:0000d86c       ?gLookupLRU@@3VLRU@@A      1008886c     2d_accel_lib:swconvrt.obj
 0003:0000d880       ?gMonoLRU@@3VLRU@@A        10088880     2d_accel_lib:swconvrt.obj
 0003:0000d894       ?gGroupLRU@@3VLRU@@A       10088894     2d_accel_lib:swconvrt.obj
 0003:0000d8a8       ?gGroupConverter@@3PAVGroupColorConverter@@A 100888a8     2d_accel_lib:swconvrt.obj
 0003:0000e718       ?pfnGetAAMaskBits@@3P6AXPAK00@ZA 10089718     gpe:aablt.obj
 0003:0000e764       ?gbHateMmx@@3HA            10089764     gpe:rctblt.obj
 0003:0000ebd8       ?g_BltFnPData@@3U_xpdata@@A 10089bd8     gpe:genblt.obj
 0003:0000ec60       ?g_CpuFuncs@@3UGenBltCpuFuncs@@A 10089c60     gpe:genblt.obj
 0003:0000ec7c       ?g_pPCodeRegisters@@3PAUPCodeRegisters_t@@A 10089c7c     gpe:genblt.obj
 0003:0000ec80       ?g_BltClock@@3KA           10089c80     gpe:genblt.obj
 0003:0000ec84       ?g_fUseFastBlt@@3HA        10089c84     gpe:FastBlt.obj
 0003:000104b4       _exitflag                  1008b4b4     corelib0:cexit.obj
 0003:000104b8       LogoHW                     1008b4b8     <common>
 0003:000104bc       BGcolor                    1008b4bc     <common>
 0003:000104c0       Bpp                        1008b4c0     <common>
 0003:000104c4       __onexitend                1008b4c4     <common>
 0003:000104c8       __onexitbegin              1008b4c8     <common>
 0003:000104cc       g_pcsExit                  1008b4cc     <common>
 0003:000104d0       _pRawDllMain               1008b4d0     <common>

 entry point at        0001:00074b30

 Static symbols

 0001:0004d728       ?GetAAMaskInfo@@YAXH@Z     1004e728 f   gpe:aablt.obj
 0001:0004d9dc       ?InitGamma@@YAXXZ          1004e9dc f   gpe:aablt.obj
 0001:0005251c       ?MDiv64@@YA_J_J00@Z        1005351c f   gpe:rdrvgradfill.obj
 0001:00052704       ?RectFillBlt@@YAHPAU_SURFOBJ@@PAU_DRVGRADIENTRECTDATA@@P6AXPAVGPESurf@@1@Z@Z 10053704 f   gpe:rdrvgradfill.obj
 0001:00052b24       ?GFGetShift@@YAXKPAK0@Z    10053b24 f   gpe:rdrvgradfill.obj
 0001:00053534       ?GetNearestIndex@@YAKK@Z   10054534 f   gpe:rctblt.obj
 0001:00053848       ?vGetBlendInfo@@YAXKKPAVGPESurf@@PAU_BLENDINFO@@@Z 10054848 f   gpe:rctblt.obj
 0001:0006ddf0       ?ComputeStride@@YAJII@Z    1006edf0 f   ddgpe:ddhsurf.obj
 0001:0006de2c       ?DumpDDSCAPS@@YAXU_DDSCAPS@@@Z 1006ee2c f   ddgpe:ddhsurf.obj
 0001:0006ebcc       ?FillHelCaps@@YAXPAU_DDCAPS@@@Z 1006fbcc f   ddgpe:ddhinit.obj
 0001:00074b84       _DllMainCRTStartupHelper   10075b84 f   corelib0:pegdmain.obj
 0001:00074f0c       doexit                     10075f0c f   corelib0:cexit.obj
 0001:000751c8       lockexit                   100761c8 f   corelib0:onexit.obj
 0001:00075264       unlockexit                 10076264 f   corelib0:onexit.obj
 0001:00075290       _onexit_nolock             10076290 f   corelib0:onexit.obj
 0001:00075714       ??__EgMaskedLRU@@YAXXZ     10076714 f   2d_accel_lib:swconvrt.obj
 0001:0007572c       ??__EgGroupLRU@@YAXXZ      1007672c f   2d_accel_lib:swconvrt.obj
 0001:00075744       ??__EgMonoLRU@@YAXXZ       10076744 f   2d_accel_lib:swconvrt.obj
 0001:0007575c       ??__EgLookupLRU@@YAXXZ     1007675c f   2d_accel_lib:swconvrt.obj
 0001:00075774       ??__EgGroupConverter@@YAXXZ 10076774 f   2d_accel_lib:swconvrt.obj
