 SDIO8686

 Timestamp is 531ec601 (Tue Mar 11 16:14:57 2014)

 Preferred load address is 10000000

 Start         Length     Name                   Class
 0001:00000000 00007b5cH .rdata                  CODE
 0001:00007b5c 00000025H .rdata$debug            CODE
 0001:00007b84 0004aa3cH .text                   CODE
 0001:000525c0 000000d0H .xdata                  CODE
 0001:00052690 0000003cH .idata$2                CODE
 0001:000526cc 00000014H .idata$3                CODE
 0001:000526e0 000001c4H .idata$4                CODE
 0001:000528a4 00000322H .idata$6                CODE
 0001:00052bd0 0000011aH .edata                  CODE
 0002:00000000 000001c4H .idata$5                DATA
 0002:000001c8 000255d0H .data                   DATA
 0002:000257a0 00001894H .bss                    DATA
 0003:00000000 00001120H .pdata                  DATA

  Address         Publics by Value              Rva+Base       Lib:Object

 0000:00000000       ___safe_se_handler_count   00000000     <absolute>
 0000:00000000       ___safe_se_handler_table   00000000     <absolute>
 0001:0000001c       ??_C@_0N@PIKODKJD@BusPowerInD3?$AA@ 1000101c     initproc.obj
 0001:0000002c       ??_C@_1BK@OLBMOIJA@?$AAB?$AAu?$AAs?$AAP?$AAo?$AAw?$AAe?$AAr?$AAI?$AAn?$AAD?$AA3?$AA?$AA@ 1000102c     initproc.obj
 0001:00000048       ??_C@_0P@DNHDEAMA@AssoRetryTimes?$AA@ 10001048     initproc.obj
 0001:00000058       ??_C@_1BO@FOIEPLAF@?$AAA?$AAs?$AAs?$AAo?$AAR?$AAe?$AAt?$AAr?$AAy?$AAT?$AAi?$AAm?$AAe?$AAs?$AA?$AA@ 10001058     initproc.obj
 0001:00000078       ??_C@_0BC@DEDBGMNE@AutoDeepSleepTime?$AA@ 10001078     initproc.obj
 0001:0000008c       ??_C@_1CE@DFHPHPID@?$AAA?$AAu?$AAt?$AAo?$AAD?$AAe?$AAe?$AAp?$AAS?$AAl?$AAe?$AAe?$AAp?$AAT?$AAi?$AAm?$AAe?$AA?$AA@ 1000108c     initproc.obj
 0001:000000b0       ??_C@_0N@ENMGGAE@MacFrameType?$AA@ 100010b0     initproc.obj
 0001:000000c0       ??_C@_1BK@ELENNKLK@?$AAM?$AAa?$AAc?$AAF?$AAr?$AAa?$AAm?$AAe?$AAT?$AAy?$AAp?$AAe?$AA?$AA@ 100010c0     initproc.obj
 0001:000000dc       ??_C@_0BC@DJNFOPGE@GPIOIntPulsewidth?$AA@ 100010dc     initproc.obj
 0001:000000f0       ??_C@_1CE@PAAHADNM@?$AAG?$AAP?$AAI?$AAO?$AAI?$AAn?$AAt?$AAP?$AAu?$AAl?$AAs?$AAe?$AAw?$AAi?$AAd?$AAt?$AAh?$AA?$AA@ 100010f0     initproc.obj
 0001:00000114       ??_C@_0BD@BDMFHHFN@GPIOIntTriggerEdge?$AA@ 10001114     initproc.obj
 0001:00000128       ??_C@_1CG@OKKGKIMB@?$AAG?$AAP?$AAI?$AAO?$AAI?$AAn?$AAt?$AAT?$AAr?$AAi?$AAg?$AAg?$AAe?$AAr?$AAE?$AAd?$AAg?$AAe?$AA?$AA@ 10001128     initproc.obj
 0001:00000150       ??_C@_0BB@PNEPPKAL@GPIOIntPinNumber?$AA@ 10001150     initproc.obj
 0001:00000164       ??_C@_1CC@HGJOAEIO@?$AAG?$AAP?$AAI?$AAO?$AAI?$AAn?$AAt?$AAP?$AAi?$AAn?$AAN?$AAu?$AAm?$AAb?$AAe?$AAr?$AA?$AA@ 10001164     initproc.obj
 0001:00000188       ??_C@_08MNEOFAPP@UseMfgFw?$AA@ 10001188     initproc.obj
 0001:00000194       ??_C@_1BC@JBBCIBFN@?$AAU?$AAs?$AAe?$AAM?$AAf?$AAg?$AAF?$AAw?$AA?$AA@ 10001194     initproc.obj
 0001:000001a8       ??_C@_0BC@JLHHCL@RoamScanAlgorithm?$AA@ 100011a8     initproc.obj
 0001:000001bc       ??_C@_1CE@JBGCJKCK@?$AAR?$AAo?$AAa?$AAm?$AAS?$AAc?$AAa?$AAn?$AAA?$AAl?$AAg?$AAo?$AAr?$AAi?$AAt?$AAh?$AAm?$AA?$AA@ 100011bc     initproc.obj
 0001:000001e0       ??_C@_0BG@HJDCPKOI@RoamDiffRSSIThreshold?$AA@ 100011e0     initproc.obj
 0001:000001f8       ??_C@_1CM@NCFOCOFK@?$AAR?$AAo?$AAa?$AAm?$AAD?$AAi?$AAf?$AAf?$AAR?$AAS?$AAS?$AAI?$AAT?$AAh?$AAr?$AAe?$AAs?$AAh?$AAo?$AAl?$AAd?$AA?$AA@ 100011f8     initproc.obj
 0001:00000224       ??_C@_0BE@PFJIJPDP@RoamMinScanInterval?$AA@ 10001224     initproc.obj
 0001:00000238       ??_C@_1CI@HGKIACIB@?$AAR?$AAo?$AAa?$AAm?$AAM?$AAi?$AAn?$AAS?$AAc?$AAa?$AAn?$AAI?$AAn?$AAt?$AAe?$AAr?$AAv?$AAa?$AAl?$AA?$AA@ 10001238     initproc.obj
 0001:00000260       ??_C@_0BE@KEGBCEGC@RoamMaxScanInterval?$AA@ 10001260     initproc.obj
 0001:00000274       ??_C@_1CI@FADNMDBO@?$AAR?$AAo?$AAa?$AAm?$AAM?$AAa?$AAx?$AAS?$AAc?$AAa?$AAn?$AAI?$AAn?$AAt?$AAe?$AAr?$AAv?$AAa?$AAl?$AA?$AA@ 10001274     initproc.obj
 0001:0000029c       ??_C@_0BE@CGLLBJHH@RoamChannelScanList?$AA@ 1000129c     initproc.obj
 0001:000002b0       ??_C@_1CI@FGKOGNAC@?$AAR?$AAo?$AAa?$AAm?$AAC?$AAh?$AAa?$AAn?$AAn?$AAe?$AAl?$AAS?$AAc?$AAa?$AAn?$AAL?$AAi?$AAs?$AAt?$AA?$AA@ 100012b0     initproc.obj
 0001:000002d8       ??_C@_0BM@MENFCINH@RoamSignalStrengthThreshold?$AA@ 100012d8     initproc.obj
 0001:000002f4       ??_C@_1DI@JBPBJFBK@?$AAR?$AAo?$AAa?$AAm?$AAS?$AAi?$AAg?$AAn?$AAa?$AAl?$AAS?$AAt?$AAr?$AAe?$AAn?$AAg?$AAt?$AAh?$AAT?$AAh?$AAr?$AAe?$AAs?$AAh?$AAo?$AAl?$AAd?$AA?$AA@ 100012f4     initproc.obj
 0001:0000032c       ??_C@_0N@NNEFGDLC@SdioFastPath?$AA@ 1000132c     initproc.obj
 0001:0000033c       ??_C@_1BK@JLAPDDLG@?$AAS?$AAd?$AAi?$AAo?$AAF?$AAa?$AAs?$AAt?$AAP?$AAa?$AAt?$AAh?$AA?$AA@ 1000133c     initproc.obj
 0001:00000358       ??_C@_0BJ@NAAEBJBE@bActiveRoamingwithBGSCAN?$AA@ 10001358     initproc.obj
 0001:00000374       ??_C@_1DC@DKGCOPBI@?$AAb?$AAA?$AAc?$AAt?$AAi?$AAv?$AAe?$AAR?$AAo?$AAa?$AAm?$AAi?$AAn?$AAg?$AAw?$AAi?$AAt?$AAh?$AAB?$AAG?$AAS?$AAC?$AAA?$AAN?$AA?$AA@ 10001374     initproc.obj
 0001:000003a8       ??_C@_0BB@BNEKFJBP@AdhocAwakePeriod?$AA@ 100013a8     initproc.obj
 0001:000003bc       ??_C@_1CC@MFLNBEEG@?$AAA?$AAd?$AAh?$AAo?$AAc?$AAA?$AAw?$AAa?$AAk?$AAe?$AAP?$AAe?$AAr?$AAi?$AAo?$AAd?$AA?$AA@ 100013bc     initproc.obj
 0001:000003e0       ??_C@_0N@CFFJACHP@MultipleDTim?$AA@ 100013e0     initproc.obj
 0001:000003f0       ??_C@_1BK@BDMKECOG@?$AAM?$AAu?$AAl?$AAt?$AAi?$AAp?$AAl?$AAe?$AAD?$AAT?$AAi?$AAm?$AA?$AA@ 100013f0     initproc.obj
 0001:0000040c       ??_C@_0BA@BAHLGHLI@NullPktInterval?$AA@ 1000140c     initproc.obj
 0001:0000041c       ??_C@_1CA@DBABBJMK@?$AAN?$AAu?$AAl?$AAl?$AAP?$AAk?$AAt?$AAI?$AAn?$AAt?$AAe?$AAr?$AAv?$AAa?$AAl?$AA?$AA@ 1000141c     initproc.obj
 0001:0000043c       ??_C@_08JJHABPHH@ESSID_32?$AA@ 1000143c     initproc.obj
 0001:00000448       ??_C@_1BC@BCDJDNBN@?$AAE?$AAS?$AAS?$AAI?$AAD?$AA_?$AA3?$AA2?$AA?$AA@ 10001448     initproc.obj
 0001:0000045c       ??_C@_0M@NLEJELMB@DefaultBand?$AA@ 1000145c     initproc.obj
 0001:00000468       ??_C@_1BI@JNONLHMO@?$AAD?$AAe?$AAf?$AAa?$AAu?$AAl?$AAt?$AAB?$AAa?$AAn?$AAd?$AA?$AA@ 10001468     initproc.obj
 0001:00000480       ??_C@_0O@IICPALBO@DefaultRegion?$AA@ 10001480     initproc.obj
 0001:00000490       ??_C@_1BM@BDBCBHEP@?$AAD?$AAe?$AAf?$AAa?$AAu?$AAl?$AAt?$AAR?$AAe?$AAg?$AAi?$AAo?$AAn?$AA?$AA@ 10001490     initproc.obj
 0001:000004ac       ??_C@_0N@EKGCPIBF@Enable80211D?$AA@ 100014ac     initproc.obj
 0001:000004bc       ??_C@_1BK@JJPELIBK@?$AAE?$AAn?$AAa?$AAb?$AAl?$AAe?$AA8?$AA0?$AA2?$AA1?$AA1?$AAD?$AA?$AA@ 100014bc     initproc.obj
 0001:000004d8       ??_C@_0L@CFOGBPOA@RSSI_Range?$AA@ 100014d8     initproc.obj
 0001:000004e4       ??_C@_1BG@KOJHPPDC@?$AAR?$AAS?$AAS?$AAI?$AA_?$AAR?$AAa?$AAn?$AAg?$AAe?$AA?$AA@ 100014e4     initproc.obj
 0001:000004fc       ??_C@_0BF@MPDCDGKG@ulRSSIThresholdTimer?$AA@ 100014fc     initproc.obj
 0001:00000514       ??_C@_1CK@KHFFPKHP@?$AAu?$AAl?$AAR?$AAS?$AAS?$AAI?$AAT?$AAh?$AAr?$AAe?$AAs?$AAh?$AAo?$AAl?$AAd?$AAT?$AAi?$AAm?$AAe?$AAr?$AA?$AA@ 10001514     initproc.obj
 0001:00000540       ??_C@_0O@JIAMCJKL@AvoidScanTime?$AA@ 10001540     initproc.obj
 0001:00000550       ??_C@_1BM@CNDBLKH@?$AAA?$AAv?$AAo?$AAi?$AAd?$AAS?$AAc?$AAa?$AAn?$AAT?$AAi?$AAm?$AAe?$AA?$AA@ 10001550     initproc.obj
 0001:0000056c       ??_C@_0O@LKHLFLHI@SdioIstThread?$AA@ 1000156c     initproc.obj
 0001:0000057c       ??_C@_1BM@JHNMEOAI@?$AAS?$AAd?$AAi?$AAo?$AAI?$AAs?$AAt?$AAT?$AAh?$AAr?$AAe?$AAa?$AAd?$AA?$AA@ 1000157c     initproc.obj
 0001:00000598       ??_C@_09DCGMOKPM@SetSD4BIT?$AA@ 10001598     initproc.obj
 0001:000005a4       ??_C@_1BE@IMEMDCOI@?$AAS?$AAe?$AAt?$AAS?$AAD?$AA4?$AAB?$AAI?$AAT?$AA?$AA@ 100015a4     initproc.obj
 0001:000005b8       ??_C@_0BE@IAJFIAJC@LocalListenInterval?$AA@ 100015b8     initproc.obj
 0001:000005cc       ??_C@_1CI@EPOCNCCO@?$AAL?$AAo?$AAc?$AAa?$AAl?$AAL?$AAi?$AAs?$AAt?$AAe?$AAn?$AAI?$AAn?$AAt?$AAe?$AAr?$AAv?$AAa?$AAl?$AA?$AA@ 100015cc     initproc.obj
 0001:000005f4       ??_C@_0BC@HNAIKKFK@AdhocWiFiDataRate?$AA@ 100015f4     initproc.obj
 0001:00000608       ??_C@_1CE@PEEOOCLE@?$AAA?$AAd?$AAh?$AAo?$AAc?$AAW?$AAi?$AAF?$AAi?$AAD?$AAa?$AAt?$AAa?$AAR?$AAa?$AAt?$AAe?$AA?$AA@ 10001608     initproc.obj
 0001:0000062c       ??_C@_0BE@GNJAHOCJ@AdhocDefaultChannel?$AA@ 1000162c     initproc.obj
 0001:00000640       ??_C@_1CI@KDPBKBPP@?$AAA?$AAd?$AAh?$AAo?$AAc?$AAD?$AAe?$AAf?$AAa?$AAu?$AAl?$AAt?$AAC?$AAh?$AAa?$AAn?$AAn?$AAe?$AAl?$AA?$AA@ 10001640     initproc.obj
 0001:00000668       ??_C@_0BB@LKCEBHIP@AdhocDefaultBand?$AA@ 10001668     initproc.obj
 0001:0000067c       ??_C@_1CC@NJALAPFP@?$AAA?$AAd?$AAh?$AAo?$AAc?$AAD?$AAe?$AAf?$AAa?$AAu?$AAl?$AAt?$AAB?$AAa?$AAn?$AAd?$AA?$AA@ 1000167c     initproc.obj
 0001:000006a0       ??_C@_07NEEDHKIL@WepKey4?$AA@ 100016a0     initproc.obj
 0001:000006a8       ??_C@_1BA@KHOFIFHM@?$AAW?$AAe?$AAp?$AAK?$AAe?$AAy?$AA4?$AA?$AA@ 100016a8     initproc.obj
 0001:000006b8       ??_C@_07JLACOMEM@WepKey3?$AA@ 100016b8     initproc.obj
 0001:000006c0       ??_C@_1BA@DKDCLNMF@?$AAW?$AAe?$AAp?$AAK?$AAe?$AAy?$AA3?$AA?$AA@ 100016c0     initproc.obj
 0001:000006d0       ??_C@_07ICBJNNAN@WepKey2?$AA@ 100016d0     initproc.obj
 0001:000006d8       ??_C@_1BA@ICIONKKA@?$AAW?$AAe?$AAp?$AAK?$AAe?$AAy?$AA2?$AA?$AA@ 100016d8     initproc.obj
 0001:000006e8       ??_C@_07KJDEIOMO@WepKey1?$AA@ 100016e8     initproc.obj
 0001:000006f0       ??_C@_1BA@JADLHFEO@?$AAW?$AAe?$AAp?$AAK?$AAe?$AAy?$AA1?$AA?$AA@ 100016f0     initproc.obj
 0001:00000700       ??_C@_07CGCHCBBH@TxPower?$AA@ 10001700     initproc.obj
 0001:00000708       ??_C@_1BA@PFBHPGLM@?$AAT?$AAx?$AAP?$AAo?$AAw?$AAe?$AAr?$AA?$AA@ 10001708     initproc.obj
 0001:00000718       ??_C@_08PCJAMMFJ@TxWepKey?$AA@ 10001718     initproc.obj
 0001:00000724       ??_C@_1BC@JFJALHAD@?$AAT?$AAx?$AAW?$AAe?$AAp?$AAK?$AAe?$AAy?$AA?$AA@ 10001724     initproc.obj
 0001:00000738       ??_C@_09GJLAAKIG@WepStatus?$AA@ 10001738     initproc.obj
 0001:00000744       ??_C@_1BE@FAHLOEJF@?$AAW?$AAe?$AAp?$AAS?$AAt?$AAa?$AAt?$AAu?$AAs?$AA?$AA@ 10001744     initproc.obj
 0001:00000758       ??_C@_03EHFKIMEO@QOS?$AA@  10001758     initproc.obj
 0001:0000075c       ??_C@_17CEOHMLDL@?$AAQ?$AAO?$AAS?$AA?$AA@ 1000175c     initproc.obj
 0001:00000764       ??_C@_06PFCABICD@BTTime?$AA@ 10001764     initproc.obj
 0001:0000076c       ??_C@_1O@HGCHFCAA@?$AAB?$AAT?$AAT?$AAi?$AAm?$AAe?$AA?$AA@ 1000176c     initproc.obj
 0001:0000077c       ??_C@_0BE@ODOBDDHA@BTTimeShareInterval?$AA@ 1000177c     initproc.obj
 0001:00000790       ??_C@_1CI@JHKOMHPO@?$AAB?$AAT?$AAT?$AAi?$AAm?$AAe?$AAS?$AAh?$AAa?$AAr?$AAe?$AAI?$AAn?$AAt?$AAe?$AAr?$AAv?$AAa?$AAl?$AA?$AA@ 10001790     initproc.obj
 0001:000007b8       ??_C@_0O@NONKFJPD@BTTrafficType?$AA@ 100017b8     initproc.obj
 0001:000007c8       ??_C@_1BM@BADJIFPO@?$AAB?$AAT?$AAT?$AAr?$AAa?$AAf?$AAf?$AAi?$AAc?$AAT?$AAy?$AAp?$AAe?$AA?$AA@ 100017c8     initproc.obj
 0001:000007e4       ??_C@_06LCGKIJID@BTMode?$AA@ 100017e4     initproc.obj
 0001:000007ec       ??_C@_1O@EMPMKAGN@?$AAB?$AAT?$AAM?$AAo?$AAd?$AAe?$AA?$AA@ 100017ec     initproc.obj
 0001:000007fc       ??_C@_0M@JBOBKCDJ@RoamingMode?$AA@ 100017fc     initproc.obj
 0001:00000808       ??_C@_1BI@BOFOLBPB@?$AAR?$AAo?$AAa?$AAm?$AAi?$AAn?$AAg?$AAM?$AAo?$AAd?$AAe?$AA?$AA@ 10001808     initproc.obj
 0001:00000820       ??_C@_09ILDIIPAG@PowerMode?$AA@ 10001820     initproc.obj
 0001:0000082c       ??_C@_1BE@CLCCMCEA@?$AAP?$AAo?$AAw?$AAe?$AAr?$AAM?$AAo?$AAd?$AAe?$AA?$AA@ 1000182c     initproc.obj
 0001:00000840       ??_C@_08DGDNKCKF@Preamble?$AA@ 10001840     initproc.obj
 0001:0000084c       ??_C@_1BC@CKJMKLIF@?$AAP?$AAr?$AAe?$AAa?$AAm?$AAb?$AAl?$AAe?$AA?$AA@ 1000184c     initproc.obj
 0001:00000860       ??_C@_0M@HGDELILO@MaxChanTime?$AA@ 10001860     initproc.obj
 0001:0000086c       ??_C@_1BI@EKANLIHG@?$AAM?$AAa?$AAx?$AAC?$AAh?$AAa?$AAn?$AAT?$AAi?$AAm?$AAe?$AA?$AA@ 1000186c     initproc.obj
 0001:00000884       ??_C@_07LEHJKNJN@RTSThsd?$AA@ 10001884     initproc.obj
 0001:0000088c       ??_C@_1BA@KDPMBHNA@?$AAR?$AAT?$AAS?$AAT?$AAh?$AAs?$AAd?$AA?$AA@ 1000188c     initproc.obj
 0001:0000089c       ??_C@_08GBMLBMP@FragThsd?$AA@ 1000189c     initproc.obj
 0001:000008a8       ??_C@_1BC@LDMIADPC@?$AAF?$AAr?$AAa?$AAg?$AAT?$AAh?$AAs?$AAd?$AA?$AA@ 100018a8     initproc.obj
 0001:000008bc       ??_C@_08NHHNGCBL@DataRate?$AA@ 100018bc     initproc.obj
 0001:000008c8       ??_C@_1BC@MDDHCJEN@?$AAD?$AAa?$AAt?$AAa?$AAR?$AAa?$AAt?$AAe?$AA?$AA@ 100018c8     initproc.obj
 0001:000008dc       ??_C@_07DMJBFPJJ@Channel?$AA@ 100018dc     initproc.obj
 0001:000008e4       ??_C@_1BA@DLAHBHMC@?$AAC?$AAh?$AAa?$AAn?$AAn?$AAe?$AAl?$AA?$AA@ 100018e4     initproc.obj
 0001:000008f4       ??_C@_09PAGGNOOM@RxAntenna?$AA@ 100018f4     initproc.obj
 0001:00000900       ??_C@_1BE@JCDEKHDB@?$AAR?$AAx?$AAA?$AAn?$AAt?$AAe?$AAn?$AAn?$AAa?$AA?$AA@ 10001900     initproc.obj
 0001:00000914       ??_C@_09PNHIKOKL@TxAntenna?$AA@ 10001914     initproc.obj
 0001:00000920       ??_C@_1BE@BGBHDKOE@?$AAT?$AAx?$AAA?$AAn?$AAt?$AAe?$AAn?$AAn?$AAa?$AA?$AA@ 10001920     initproc.obj
 0001:00000934       ??_C@_08FMFNJNFN@AuthMode?$AA@ 10001934     initproc.obj
 0001:00000940       ??_C@_1BC@EIILMKOO@?$AAA?$AAu?$AAt?$AAh?$AAM?$AAo?$AAd?$AAe?$AA?$AA@ 10001940     initproc.obj
 0001:00000954       ??_C@_0M@JDOGOHMF@NetworkMode?$AA@ 10001954     initproc.obj
 0001:00000960       ??_C@_1BI@PNNNFABE@?$AAN?$AAe?$AAt?$AAW?$AAo?$AAr?$AAk?$AAM?$AAo?$AAd?$AAe?$AA?$AA@ 10001960     initproc.obj
 0001:00000978       ??_C@_0M@JCLJBHPL@DesiredSSID?$AA@ 10001978     initproc.obj
 0001:00000984       ??_C@_1BI@KLFIKMFH@?$AAD?$AAe?$AAs?$AAi?$AAr?$AAe?$AAd?$AAS?$AAS?$AAI?$AAD?$AA?$AA@ 10001984     initproc.obj
 0001:000009ac       ??_C@_1DO@DLNANJIB@?$AAM?$AAR?$AAV?$AAD?$AAR?$AAV?$AAN?$AAD?$AA5?$AA?3?$AA?5?$AAD?$AAL?$AAL?$AA_?$AAP?$AAR?$AAO?$AAC?$AAE?$AAS?$AAS?$AA_?$AAD?$AAE?$AAT?$AAA?$AAC?$AAH?$AA?6?$AA?$AA@ 100019ac     initproc.obj
 0001:000009ec       ??_C@_1DO@LKDENJIN@?$AAM?$AAR?$AAV?$AAD?$AAR?$AAV?$AAN?$AAD?$AA5?$AA?3?$AA?5?$AAD?$AAL?$AAL?$AA_?$AAP?$AAR?$AAO?$AAC?$AAE?$AAS?$AAS?$AA_?$AAA?$AAT?$AAT?$AAA?$AAC?$AAH?$AA?6?$AA?$AA@ 100019ec     initproc.obj
 0001:00000a2c       ??_C@_1BM@KOOMANLA@?$AAC?$AAo?$AAm?$AAm?$AA?2?$AAS?$AAD?$AAI?$AAO?$AA8?$AA6?$AA8?$AA6?$AA?$AA@ 10001a2c     initproc.obj
 0001:00000a48       ??_C@_1BM@JBLBDIOG@?$AAD?$AAr?$AAi?$AAv?$AAe?$AAr?$AAV?$AAe?$AAr?$AAs?$AAi?$AAo?$AAn?$AA?$AA@ 10001a48     initproc.obj
 0001:00000a64       ??_C@_1O@FDAJHIMO@?$AA3?$AA8?$AA?4?$AAp?$AA3?$AA5?$AA?$AA@ 10001a64     initproc.obj
 0001:00000a74       ??_C@_1DI@EFGCLMJD@?$AAS?$AAD?$AAI?$AAO?$AA8?$AA6?$AA8?$AA6?$AA?3?$AA?5?$AAF?$AAW?$AA?5?$AAD?$AAo?$AAw?$AAn?$AAl?$AAo?$AAa?$AAd?$AA?3?$AA?5?$AAE?$AAn?$AAd?$AA?6?$AA?$AA@ 10001a74     initproc.obj
 0001:00000aac       ??_C@_1DM@CMABGJJB@?$AAS?$AAD?$AAI?$AAO?$AA8?$AA6?$AA8?$AA6?$AA?3?$AA?5?$AAF?$AAW?$AA?5?$AAD?$AAo?$AAw?$AAn?$AAl?$AAo?$AAa?$AAd?$AA?3?$AA?5?$AAS?$AAt?$AAa?$AAr?$AAt?$AA?6?$AA?$AA@ 10001aac     initproc.obj
 0001:00000ae8       ??_C@_1DI@NOIJMPGE@?$AAC?$AAa?$AAn?$AA?8?$AAt?$AA?5?$AAC?$AAr?$AAe?$AAa?$AAt?$AAe?$AA?5?$AAH?$AAw?$AAS?$AAp?$AAe?$AAc?$AA?5?$AAE?$AAV?$AAE?$AAN?$AAT?$AA?5?$AA?6?$AA?$AA@ 10001ae8     initproc.obj
 0001:00000e38       ??_C@_1EC@KJPLFBNC@?$AA?0?$AA?5?$AAR?$AAe?$AAt?$AAu?$AAr?$AAn?$AA?5?$AAN?$AAD?$AAI?$AAS?$AA_?$AAS?$AAT?$AAA?$AAT?$AAU?$AAS?$AA_?$AAR?$AAE?$AAS?$AAO?$AAU?$AAR?$AAC?$AAE?$AAS?$AA?$CB?$AA?$CB@ 10001e38     oidproc.obj
 0001:00000e80       ??_C@_1EI@KPFCNKBL@?$AA?5?$AAF?$AAA?$AAI?$AAL?$AA?0?$AA?5?$AAR?$AAe?$AAt?$AAu?$AAr?$AAn?$AA?5?$AAN?$AAD?$AAI?$AAS?$AA_?$AAS?$AAT?$AAA?$AAT?$AAU?$AAS?$AA_?$AAF?$AAA?$AAI?$AAL?$AAU?$AAR@ 10001e80     oidproc.obj
 0001:00000ec8       ??_C@_1EK@JINJJDOF@?$AA?0?$AA?5?$AAR?$AAe?$AAt?$AAu?$AAr?$AAn?$AA?5?$AAN?$AAD?$AAI?$AAS?$AA_?$AAS?$AAT?$AAA?$AAT?$AAU?$AAS?$AA_?$AAN?$AAO?$AAT?$AA_?$AAS?$AAU?$AAP?$AAP?$AAO?$AAR?$AAT@ 10001ec8     oidproc.obj
 0001:00000f14       ??_C@_19PCNJIDGC@?$AA0?$AAx?$AA?$CF?$AAx?$AA?$AA@ 10001f14     oidproc.obj
 0001:00000f20       ??_C@_1DC@FNFDAEBB@?$AAO?$AAI?$AAD?$AA_?$AAM?$AAR?$AAV?$AAL?$AA_?$AAR?$AAE?$AAM?$AAO?$AAV?$AAE?$AA_?$AAA?$AAD?$AAH?$AAO?$AAC?$AAA?$AAE?$AAS?$AA?$AA@ 10001f20     oidproc.obj
 0001:00000f54       ??_C@_1CM@ICIBELNJ@?$AAO?$AAI?$AAD?$AA_?$AAM?$AAR?$AAV?$AAL?$AA_?$AAS?$AAE?$AAT?$AA_?$AAA?$AAD?$AAH?$AAO?$AAC?$AAA?$AAE?$AAS?$AA?$AA@ 10001f54     oidproc.obj
 0001:00000f80       ??_C@_1CK@MJOIIJBM@?$AAO?$AAI?$AAD?$AA_?$AAM?$AAR?$AAV?$AAL?$AA_?$AAM?$AAF?$AAG?$AA_?$AAC?$AAO?$AAM?$AAM?$AAA?$AAN?$AAD?$AA?$AA@ 10001f80     oidproc.obj
 0001:00000fac       ??_C@_1DA@LDLACPKD@?$AAO?$AAI?$AAD?$AA_?$AAM?$AAR?$AAV?$AAL?$AA_?$AAB?$AAG?$AA_?$AAS?$AAC?$AAA?$AAN?$AA_?$AAC?$AAO?$AAN?$AAF?$AAI?$AAG?$AA?$AA@ 10001fac     oidproc.obj
 0001:00000fdc       ??_C@_1DK@NEEKLOLF@?$AAO?$AAI?$AAD?$AA_?$AAM?$AAR?$AAV?$AAL?$AA_?$AAP?$AAO?$AAW?$AAE?$AAR?$AA_?$AAA?$AAD?$AAA?$AAP?$AAT?$AA_?$AAC?$AAF?$AAG?$AA_?$AAE?$AAX?$AAT?$AA?$AA@ 10001fdc     oidproc.obj
 0001:00001018       ??_C@_1BO@EPOBJFLE@?$AAO?$AAI?$AAD?$AA_?$AAM?$AAR?$AAV?$AAL?$AA_?$AAA?$AAS?$AAS?$AAO?$AAC?$AA?$AA@ 10002018     oidproc.obj
 0001:00001038       ??_C@_1CO@NICIEEFO@?$AAO?$AAI?$AAD?$AA_?$AAM?$AAR?$AAV?$AAL?$AA_?$AAE?$AAE?$AAP?$AAR?$AAO?$AAM?$AA_?$AAA?$AAC?$AAC?$AAE?$AAS?$AAS?$AA?$AA@ 10002038     oidproc.obj
 0001:00001068       ??_C@_1CC@HFNLINJJ@?$AAO?$AAI?$AAD?$AA_?$AAM?$AAR?$AAV?$AAL?$AA_?$AAT?$AAX?$AA_?$AAM?$AAO?$AAD?$AAE?$AA?$AA@ 10002068     oidproc.obj
 0001:0000108c       ??_C@_1CC@CGEKOEHN@?$AAO?$AAI?$AAD?$AA_?$AAM?$AAR?$AAV?$AAL?$AA_?$AAR?$AAX?$AA_?$AAM?$AAO?$AAD?$AAE?$AA?$AA@ 1000208c     oidproc.obj
 0001:000010b0       ??_C@_1CK@IOOFLJOB@?$AAO?$AAI?$AAD?$AA_?$AAM?$AAR?$AAV?$AAL?$AA_?$AAL?$AAE?$AAD?$AA_?$AAC?$AAO?$AAN?$AAT?$AAR?$AAO?$AAL?$AA?$AA@ 100020b0     oidproc.obj
 0001:000010dc       ??_C@_1CO@CCGPHJEJ@?$AAO?$AAI?$AAD?$AA_?$AAM?$AAR?$AAV?$AAL?$AA_?$AAR?$AAA?$AAD?$AAI?$AAO?$AA_?$AAC?$AAO?$AAN?$AAT?$AAR?$AAO?$AAL?$AA?$AA@ 100020dc     oidproc.obj
 0001:0000110c       ??_C@_1CO@GPGPKJPA@?$AAO?$AAI?$AAD?$AA_?$AAM?$AAR?$AAV?$AAL?$AA_?$AAD?$AAI?$AAS?$AAA?$AAB?$AAL?$AAE?$AA_?$AAR?$AAA?$AAD?$AAI?$AAO?$AA?$AA@ 1000210c     oidproc.obj
 0001:0000113c       ??_C@_1CM@MEOEJKEO@?$AAO?$AAI?$AAD?$AA_?$AAM?$AAR?$AAV?$AAL?$AA_?$AAE?$AAN?$AAA?$AAB?$AAL?$AAE?$AA_?$AAR?$AAA?$AAD?$AAI?$AAO?$AA?$AA@ 1000213c     oidproc.obj
 0001:00001168       ??_C@_1CM@DNENFBPP@?$AAO?$AAI?$AAD?$AA_?$AAM?$AAR?$AAV?$AAL?$AA_?$AAS?$AAL?$AAE?$AAE?$AAP?$AA_?$AAP?$AAA?$AAR?$AAA?$AAM?$AAS?$AA?$AA@ 10002168     oidproc.obj
 0001:00001194       ??_C@_1DA@HELOAENN@?$AAO?$AAI?$AAD?$AA_?$AAM?$AAR?$AAV?$AAL?$AA_?$AAF?$AAW?$AA_?$AAW?$AAA?$AAK?$AAE?$AA_?$AAM?$AAE?$AAT?$AAH?$AAO?$AAD?$AA?$AA@ 10002194     oidproc.obj
 0001:000011c4       ??_C@_1DI@NJIGCJBF@?$AAO?$AAI?$AAD?$AA_?$AAM?$AAR?$AAV?$AAL?$AA_?$AAI?$AAN?$AAA?$AAC?$AAT?$AAI?$AAV?$AAI?$AAT?$AAY?$AA_?$AAT?$AAI?$AAM?$AAE?$AAO?$AAU?$AAT?$AA?$AA@ 100021c4     oidproc.obj
 0001:000011fc       ??_C@_1DC@CANELOLO@?$AAO?$AAI?$AAD?$AA_?$AAM?$AAR?$AAV?$AAL?$AA_?$AAS?$AAU?$AAB?$AAS?$AAC?$AAR?$AAI?$AAB?$AAE?$AA_?$AAE?$AAV?$AAE?$AAN?$AAT?$AA?$AA@ 100021fc     oidproc.obj
 0001:00001230       ??_C@_1CM@GNKILPBI@?$AAO?$AAI?$AAD?$AA_?$AAM?$AAR?$AAV?$AAL?$AA_?$AAS?$AAL?$AAE?$AAE?$AAP?$AA_?$AAP?$AAE?$AAR?$AAI?$AAO?$AAD?$AA?$AA@ 10002230     oidproc.obj
 0001:0000125c       ??_C@_1DA@KCBDEMPM@?$AAO?$AAI?$AAD?$AA_?$AAM?$AAR?$AAV?$AAL?$AA_?$AA8?$AA0?$AA2?$AA_?$AA1?$AA1?$AAD?$AA_?$AAE?$AAN?$AAA?$AAB?$AAL?$AAE?$AA?$AA@ 1000225c     oidproc.obj
 0001:0000128c       ??_C@_1DC@CLCHAONK@?$AAO?$AAI?$AAD?$AA_?$AA8?$AA0?$AA2?$AA_?$AA1?$AA1?$AA_?$AAR?$AAT?$AAS?$AA_?$AAT?$AAH?$AAR?$AAE?$AAS?$AAH?$AAO?$AAL?$AAD?$AA?$AA@ 1000228c     oidproc.obj
 0001:000012c0       ??_C@_1CG@DBLPEHND@?$AAO?$AAI?$AAD?$AA_?$AA8?$AA0?$AA2?$AA_?$AA1?$AA1?$AA_?$AAA?$AAD?$AAD?$AA_?$AAW?$AAE?$AAP?$AA?$AA@ 100022c0     oidproc.obj
 0001:000012e8       ??_C@_1CM@FCHCBFNO@?$AAO?$AAI?$AAD?$AA_?$AA8?$AA0?$AA2?$AA_?$AA1?$AA1?$AA_?$AAR?$AAE?$AAM?$AAO?$AAV?$AAE?$AA_?$AAW?$AAE?$AAP?$AA?$AA@ 100022e8     oidproc.obj
 0001:00001314       ??_C@_1DA@LICIDCLE@?$AAO?$AAI?$AAD?$AA_?$AA8?$AA0?$AA2?$AA_?$AA1?$AA1?$AA_?$AAD?$AAI?$AAS?$AAA?$AAS?$AAS?$AAO?$AAC?$AAI?$AAA?$AAT?$AAE?$AA?$AA@ 10002314     oidproc.obj
 0001:00001344       ??_C@_1DE@PAMBMNID@?$AAO?$AAI?$AAD?$AA_?$AA8?$AA0?$AA2?$AA_?$AA1?$AA1?$AA_?$AAP?$AAR?$AAI?$AAV?$AAA?$AAC?$AAY?$AA_?$AAF?$AAI?$AAL?$AAT?$AAE?$AAR?$AA?$AA@ 10002344     oidproc.obj
 0001:00001378       ??_C@_1CG@GHKDCMDN@?$AAO?$AAI?$AAD?$AA_?$AA8?$AA0?$AA2?$AA_?$AA1?$AA1?$AA_?$AAA?$AAD?$AAD?$AA_?$AAK?$AAE?$AAY?$AA?$AA@ 10002378     oidproc.obj
 0001:000013a0       ??_C@_1DG@HNILIJLI@?$AAO?$AAI?$AAD?$AA_?$AA8?$AA0?$AA2?$AA_?$AA1?$AA1?$AA_?$AAB?$AAS?$AAS?$AAI?$AAD?$AA_?$AAL?$AAI?$AAS?$AAT?$AA_?$AAS?$AAC?$AAA?$AAN?$AA?$AA@ 100023a0     oidproc.obj
 0001:000013d8       ??_C@_1DK@MPKFPJNF@?$AAO?$AAI?$AAD?$AA_?$AA8?$AA0?$AA2?$AA_?$AA1?$AA1?$AA_?$AAE?$AAN?$AAC?$AAR?$AAY?$AAP?$AAT?$AAI?$AAO?$AAN?$AA_?$AAS?$AAT?$AAA?$AAT?$AAU?$AAS?$AA?$AA@ 100023d8     oidproc.obj
 0001:00001414       ??_C@_1DO@FJOADJAN@?$AAO?$AAI?$AAD?$AA_?$AA8?$AA0?$AA2?$AA_?$AA1?$AA1?$AA_?$AAA?$AAU?$AAT?$AAH?$AAE?$AAN?$AAT?$AAI?$AAC?$AAA?$AAT?$AAI?$AAO?$AAN?$AA_?$AAM?$AAO?$AAD?$AAE?$AA?$AA@ 10002414     oidproc.obj
 0001:00001454       ??_C@_1DO@GFHOACIP@?$AAO?$AAI?$AAD?$AA_?$AA8?$AA0?$AA2?$AA_?$AA1?$AA1?$AA_?$AAI?$AAN?$AAF?$AAR?$AAA?$AAS?$AAT?$AAR?$AAU?$AAC?$AAT?$AAU?$AAR?$AAE?$AA_?$AAM?$AAO?$AAD?$AAE?$AA?$AA@ 10002454     oidproc.obj
 0001:00001494       ??_C@_1CA@OOJMGMCG@?$AAO?$AAI?$AAD?$AA_?$AA8?$AA0?$AA2?$AA_?$AA1?$AA1?$AA_?$AAS?$AAS?$AAI?$AAD?$AA?$AA@ 10002494     oidproc.obj
 0001:000014b4       ??_C@_1DG@GPCFKDME@?$AAO?$AAI?$AAD?$AA_?$AAG?$AAE?$AAN?$AA_?$AAM?$AAE?$AAD?$AAI?$AAA?$AA_?$AAS?$AAE?$AAN?$AAS?$AAE?$AA_?$AAC?$AAO?$AAU?$AAN?$AAT?$AAS?$AA?$AA@ 100024b4     oidproc.obj
 0001:000014ec       ??_C@_1DI@CHNPICML@?$AAO?$AAI?$AAD?$AA_?$AAG?$AAE?$AAN?$AA_?$AAB?$AAR?$AAO?$AAA?$AAD?$AAC?$AAA?$AAS?$AAT?$AA_?$AAB?$AAY?$AAT?$AAE?$AAS?$AA_?$AAR?$AAC?$AAV?$AA?$AA@ 100024ec     oidproc.obj
 0001:00001524       ??_C@_1DI@CFFAFBCI@?$AAO?$AAI?$AAD?$AA_?$AAG?$AAE?$AAN?$AA_?$AAM?$AAU?$AAL?$AAT?$AAI?$AAC?$AAA?$AAS?$AAT?$AA_?$AAB?$AAY?$AAT?$AAE?$AAS?$AA_?$AAR?$AAC?$AAV?$AA?$AA@ 10002524     oidproc.obj
 0001:0000155c       ??_C@_1DG@KFBEHLGL@?$AAO?$AAI?$AAD?$AA_?$AAG?$AAE?$AAN?$AA_?$AAD?$AAI?$AAR?$AAE?$AAC?$AAT?$AAE?$AAD?$AA_?$AAB?$AAY?$AAT?$AAE?$AAS?$AA_?$AAR?$AAC?$AAV?$AA?$AA@ 1000255c     oidproc.obj
 0001:00001594       ??_C@_1DK@JPPPGBBG@?$AAO?$AAI?$AAD?$AA_?$AAG?$AAE?$AAN?$AA_?$AAB?$AAR?$AAO?$AAA?$AAD?$AAC?$AAA?$AAS?$AAT?$AA_?$AAB?$AAY?$AAT?$AAE?$AAS?$AA_?$AAX?$AAM?$AAI?$AAT?$AA?$AA@ 10002594     oidproc.obj
 0001:000015d0       ??_C@_1DK@PFHGEANI@?$AAO?$AAI?$AAD?$AA_?$AAG?$AAE?$AAN?$AA_?$AAM?$AAU?$AAL?$AAT?$AAI?$AAC?$AAA?$AAS?$AAT?$AA_?$AAB?$AAY?$AAT?$AAE?$AAS?$AA_?$AAX?$AAM?$AAI?$AAT?$AA?$AA@ 100025d0     oidproc.obj
 0001:0000160c       ??_C@_1DI@PFJJBFIM@?$AAO?$AAI?$AAD?$AA_?$AAG?$AAE?$AAN?$AA_?$AAD?$AAI?$AAR?$AAE?$AAC?$AAT?$AAE?$AAD?$AA_?$AAB?$AAY?$AAT?$AAE?$AAS?$AA_?$AAX?$AAM?$AAI?$AAT?$AA?$AA@ 1000260c     oidproc.obj
 0001:00001644       ??_C@_1CK@HJPAOHP@?$AAO?$AAI?$AAD?$AA_?$AAG?$AAE?$AAN?$AA_?$AAI?$AAN?$AAI?$AAT?$AA_?$AAT?$AAI?$AAM?$AAE?$AA_?$AAM?$AAS?$AA?$AA@ 10002644     oidproc.obj
 0001:00001670       ??_C@_1EA@DNLGOFAN@?$AAO?$AAI?$AAD?$AA_?$AAG?$AAE?$AAN?$AA_?$AAT?$AAR?$AAA?$AAN?$AAS?$AAP?$AAO?$AAR?$AAT?$AA_?$AAH?$AAE?$AAA?$AAD?$AAE?$AAR?$AA_?$AAO?$AAF?$AAF?$AAS?$AAE?$AAT?$AA?$AA@ 10002670     oidproc.obj
 0001:000016b0       ??_C@_1EA@DCMIHAFF@?$AAO?$AAI?$AAD?$AA_?$AAG?$AAE?$AAN?$AA_?$AAN?$AAE?$AAT?$AAW?$AAO?$AAR?$AAK?$AA_?$AAL?$AAA?$AAY?$AAE?$AAR?$AA_?$AAA?$AAD?$AAD?$AAR?$AAE?$AAS?$AAS?$AAE?$AAS?$AA?$AA@ 100026b0     oidproc.obj
 0001:000016f0       ??_C@_1FA@GAJIFBLP@?$AA?5?$AA?5?$AA?5?$AA?5?$AA?5?$AAI?$AAn?$AAv?$AAa?$AAl?$AAi?$AAd?$AA?5?$AAl?$AAe?$AAn?$AAg?$AAt?$AAh?$AA?5?$AA?$FL?$AAI?$AAn?$AA?3?$AA?$CF?$AAd?$AA?0?$AA?5?$AAN?$AAe?$AAe?$AAd@ 100026f0     oidproc.obj
 0001:00001740       ??_C@_0CD@NJACOKMA@Marvell?5W8100?5802?411?5SDIO?5CARD?5N@ 10002740     oidproc.obj
 0001:00001764       ??_C@_1DO@NKFBHMKG@?$AAs?$AAi?$AAz?$AAe?$AAo?$AAf?$AA?$CI?$AAN?$AAD?$AAI?$AAS?$AA_?$AA8?$AA0?$AA2?$AA_?$AA1?$AA1?$AA_?$AAR?$AAA?$AAT?$AAE?$AAS?$AA?$CJ?$AA?$DN?$AA?$CF?$AAx?$AA?$AN?$AA?6?$AA?$AA@ 10002764     oidproc.obj
 0001:000017a4       ??_C@_1DI@EAHJHDB@?$AAB?$AAG?$AA_?$AAS?$AAC?$AAA?$AAN?$AA?5?$AAA?$AAC?$AAT?$AAI?$AAO?$AAN?$AA?$CI?$AAO?$AAI?$AAD?$AA?3?$AA?$CF?$AAx?$AA?$CJ?$AA?3?$AA?$CF?$AAx?$AA?$AN?$AA?6?$AA?$AA@ 100027a4     oidproc.obj
 0001:000017ec       ??_C@_04NOJCDH@?$CF02x?$AA@ 100027ec     hwacproc.obj
 0001:000017f4       ??_C@_1DK@BHCCBHIL@?$AAE?$AAv?$AAe?$AAn?$AAt?$AA?3?$AA?5?$AA?$CF?$AAx?$AA?5?$AAa?$AAt?$AA?5?$AAT?$AAi?$AAm?$AAe?$AA?5?$AAT?$AAi?$AAc?$AAk?$AA?3?$AA?5?$AA?$CF?$AAx?$AA?$AN?$AA?6?$AA?$AA@ 100027f4     hwacproc.obj
 0001:00001830       ??_C@_1DM@OLOEHJIB@?$AA?$FL?$AAW?$AAi?$AAF?$AAi?$AA?$FN?$AA?3?$AA?5?$AAF?$AAi?$AAr?$AAm?$AAw?$AAa?$AAr?$AAe?$AA?5?$AAV?$AAe?$AAr?$AAs?$AAi?$AAo?$AAn?$AA?3?$AA?5?$AA?$CF?$AAs?$AA?6?$AA?$AA@ 10002830     hwacproc.obj
 0001:0000186c       ??_C@_1BE@JPLHJILG@?$AAF?$AAW?$AAV?$AAe?$AAr?$AAs?$AAi?$AAo?$AAn?$AA?$AA@ 1000286c     hwacproc.obj
 0001:00001880       ??_C@_1BI@FCMLLAGN@?$AA?$CF?$AAd?$AA?4?$AA?$CF?$AAd?$AA?4?$AA?$CF?$AAd?$AA?4?$AA?$CF?$AAd?$AA?$AA@ 10002880     hwacproc.obj
 0001:00001898       ??_C@_1FK@FNONLNGN@?$AA?$CF?$AAs?$AA?3?$AA?5?$AAD?$AAE?$AAB?$AAU?$AAG?$AAC?$AAH?$AAK?$AA?5?$AAf?$AAa?$AAi?$AAl?$AAe?$AAd?$AA?5?$AAi?$AAn?$AA?5?$AAf?$AAi?$AAl?$AAe?$AA?5?$AA?$CF?$AAs?$AA?5?$AAa@ 10002898     hwacproc.obj
 0001:000018f4       ??_C@_1BA@LEPJIIOK@?$AAU?$AAn?$AAk?$AAn?$AAo?$AAw?$AAn?$AA?$AA@ 100028f4     hwacproc.obj
 0001:00001908       ??_C@_1JM@BMDICMJP@?$AAC?$AA?3?$AA?2?$AAW?$AAI?$AAN?$AAC?$AAE?$AA6?$AA0?$AA0?$AA?2?$AAP?$AAL?$AAA?$AAT?$AAF?$AAO?$AAR?$AAM?$AA?2?$AAT?$AAe?$AAn?$AAB?$AAy?$AAT?$AAe?$AAn?$AA6?$AA4?$AA1@ 10002908     hwacproc.obj
 0001:000019a4       ??_C@_04FNILJBLP@?$AAP?r?$AB?$AA@ 100029a4     hwacproc.obj
 0001:000019cc       ??_C@_1CA@NOAOGGA@?$AA?$FL?$AAM?$AAA?$AAR?$AAV?$AAE?$AAL?$AAL?$AA?9?$AAW?$AAI?$AAF?$AAI?$AA?$FN?$AA?3?$AA?$AA@ 100029cc     miscproc.obj
 0001:000019ec       ??_C@_0BJ@FHCIMGJA@?2My?5Documents?2EvtLog?4txt?$AA@ 100029ec     miscproc.obj
 0001:00001a08       ??_C@_02DPNLHKJD@a?$CL?$AA@ 10002a08     miscproc.obj
 0001:00001a10       ??_C@_1JM@IFPIAMIG@?$AAC?$AA?3?$AA?2?$AAW?$AAI?$AAN?$AAC?$AAE?$AA6?$AA0?$AA0?$AA?2?$AAP?$AAL?$AAA?$AAT?$AAF?$AAO?$AAR?$AAM?$AA?2?$AAT?$AAe?$AAn?$AAB?$AAy?$AAT?$AAe?$AAn?$AA6?$AA4?$AA1@ 10002a10     miscproc.obj
 0001:00001ae0       ??_C@_1GG@BKANIKE@?$AAE?$AAR?$AAR?$AAO?$AAR?$AA?0?$AA?5?$AAa?$AA?5?$AAp?$AAe?$AAn?$AAd?$AAe?$AAd?$AA?5?$AAR?$AAX?$AA?5?$AAp?$AAa?$AAc?$AAk?$AAe?$AAt?$AA?5?$AAh?$AAa?$AAs?$AA?5?$AAn?$AAo@ 10002ae0     rxproc.obj
 0001:00001b58       ??_C@_1JK@FLGMNNME@?$AAC?$AA?3?$AA?2?$AAW?$AAI?$AAN?$AAC?$AAE?$AA6?$AA0?$AA0?$AA?2?$AAP?$AAL?$AAA?$AAT?$AAF?$AAO?$AAR?$AAM?$AA?2?$AAT?$AAe?$AAn?$AAB?$AAy?$AAT?$AAe?$AAn?$AA6?$AA4?$AA1@ 10002b58     intproc.obj
 0001:00001bf8       ??_C@_1GA@JNOKMNPN@?$AAM?$AAr?$AAv?$AAD?$AAr?$AAv?$AAS?$AAd?$AAi?$AAo?$AAI?$AAn?$AAt?$AAT?$AAi?$AAm?$AAe?$AAr?$AA?3?$AA?5?$AAP?$AAa?$AAc?$AAk?$AAe?$AAt?$AA?5?$AAi?$AAs?$AA?5?$AAa?$AA?5@ 10002bf8     intproc.obj
 0001:00001c78       ??_C@_1CA@GNIDODNF@?$AA?9?$AAL?$AAo?$AAa?$AAd?$AAM?$AAi?$AAn?$AAi?$AAp?$AAo?$AAr?$AAt?$AA?$AN?$AA?6?$AA?$AA@ 10002c78     NDISLoader.obj
 0001:00001c98       ??_C@_1FE@KPHPHHG@?$AAS?$AAD?$AAN?$AAD?$AAI?$AAS?$AAL?$AAD?$AAR?$AA?3?$AA?5?$AAF?$AAa?$AAi?$AAl?$AAe?$AAd?$AA?5?$AAt?$AAo?$AA?5?$AAs?$AAe?$AAt?$AA?5?$AAA?$AAc?$AAt?$AAi?$AAv?$AAe?$AAK@ 10002c98     NDISLoader.obj
 0001:00001cf0       ??_C@_1EO@BJGGOCKO@?$AAS?$AAD?$AAN?$AAD?$AAI?$AAS?$AAL?$AAD?$AAR?$AA?3?$AA?5?$AAS?$AAt?$AAo?$AAr?$AAi?$AAn?$AAg?$AA?5?$AAA?$AAc?$AAt?$AAi?$AAv?$AAe?$AAK?$AAe?$AAy?$AA?5?$AAP?$AAa?$AAt@ 10002cf0     NDISLoader.obj
 0001:00001d40       ??_C@_1BG@EFMPCBGF@?$AAA?$AAc?$AAt?$AAi?$AAv?$AAe?$AAP?$AAa?$AAt?$AAh?$AA?$AA@ 10002d40     NDISLoader.obj
 0001:00001d58       ??_C@_1EO@MHDNLMEB@?$AAS?$AAD?$AAN?$AAD?$AAI?$AAS?$AAL?$AAD?$AAR?$AA?3?$AA?5?$AAM?$AAi?$AAn?$AAi?$AAp?$AAo?$AAr?$AAt?$AA?5?$AAi?$AAn?$AAs?$AAt?$AAa?$AAn?$AAc?$AAe?$AA?5?$AAp?$AAa?$AAt@ 10002d58     NDISLoader.obj
 0001:00001da8       ??_C@_1O@CHBGMNB@?$AA?2?$AAP?$AAa?$AAr?$AAm?$AAs?$AA?$AA@ 10002da8     NDISLoader.obj
 0001:00001db8       ??_C@_1O@DKPEPPIB@?$AA?2?$AAC?$AAo?$AAm?$AAm?$AA?2?$AA?$AA@ 10002db8     NDISLoader.obj
 0001:00001dc8       ??_C@_1FC@HCMCABEL@?$AAS?$AAD?$AAN?$AAD?$AAI?$AAS?$AAL?$AAD?$AAR?$AA?3?$AA?5?$AAF?$AAa?$AAi?$AAl?$AAe?$AAd?$AA?5?$AAt?$AAo?$AA?5?$AAg?$AAe?$AAt?$AA?5?$AAm?$AAi?$AAn?$AAi?$AAp?$AAo?$AAr@ 10002dc8     NDISLoader.obj
 0001:00001e20       ??_C@_1FK@FGBNMDOO@?$AAS?$AAD?$AAN?$AAD?$AAI?$AAS?$AAL?$AAD?$AAR?$AA?3?$AA?5?$AAF?$AAa?$AAi?$AAl?$AAe?$AAd?$AA?5?$AAt?$AAo?$AA?5?$AAg?$AAe?$AAt?$AA?5?$AAm?$AAi?$AAn?$AAi?$AAp?$AAo?$AAr@ 10002e20     NDISLoader.obj
 0001:00001e7c       ??_C@_13EBCNDICG@?$AA?3?$AA?$AA@ 10002e7c     NDISLoader.obj
 0001:00001e80       ??_C@_1GC@FEEPHLNI@?$AAS?$AAD?$AAN?$AAD?$AAI?$AAS?$AAL?$AAD?$AAR?$AA?3?$AA?5?$AAT?$AAo?$AAk?$AAe?$AAn?$AAi?$AAz?$AAi?$AAn?$AAg?$AA?5?$AAi?$AAn?$AAs?$AAt?$AAa?$AAn?$AAc?$AAe?$AA?5?$AAi@ 10002e80     NDISLoader.obj
 0001:00001ee8       ??_C@_1GC@NDJPBFCD@?$AAS?$AAD?$AAN?$AAD?$AAI?$AAS?$AAL?$AAD?$AAR?$AA?3?$AA?5?$AAF?$AAa?$AAi?$AAl?$AAe?$AAd?$AA?5?$AAt?$AAo?$AA?5?$AAg?$AAe?$AAt?$AA?5?$AAt?$AAh?$AAe?$AA?5?$AAi?$AAn?$AAs@ 10002ee8     NDISLoader.obj
 0001:00001f4c       ??_C@_1BC@LDHKIAE@?$AAI?$AAn?$AAs?$AAt?$AAa?$AAn?$AAc?$AAe?$AA?$AA@ 10002f4c     NDISLoader.obj
 0001:00001f60       ??_C@_1EO@OBEOMNEB@?$AAS?$AAD?$AAN?$AAD?$AAI?$AAS?$AAL?$AAD?$AAR?$AA?3?$AAF?$AAa?$AAi?$AAl?$AAe?$AAd?$AA?5?$AAt?$AAo?$AA?5?$AAo?$AAp?$AAe?$AAn?$AA?5?$AAp?$AAa?$AAt?$AAh?$AA?5?$AA?$CF?$AAs@ 10002f60     NDISLoader.obj
 0001:00001fb0       ??_C@_1CA@CEMMPEOK@?$AA?$CL?$AAL?$AAo?$AAa?$AAd?$AAM?$AAi?$AAn?$AAi?$AAp?$AAo?$AAr?$AAt?$AA?$AN?$AA?6?$AA?$AA@ 10002fb0     NDISLoader.obj
 0001:00001fd0       ??_C@_1EM@GBJBMKAF@?$AAS?$AAD?$AAN?$AAD?$AAI?$AAS?$AAL?$AAD?$AAR?$AA?3?$AA?5?$AAM?$AAi?$AAn?$AAi?$AAp?$AAo?$AAr?$AAt?$AA?5?$AAU?$AAn?$AAl?$AAo?$AAa?$AAd?$AAe?$AAd?$AA?5?$AA0?$AAx?$AA?$CF@ 10002fd0     NDISLoader.obj
 0001:00002020       ??_C@_1FI@LGFLHMHM@?$AAS?$AAD?$AAN?$AAD?$AAI?$AAS?$AAL?$AAD?$AAR?$AA?3?$AA?5?$AAU?$AAn?$AAl?$AAo?$AAa?$AAd?$AAi?$AAn?$AAg?$AA?5?$AAM?$AAi?$AAn?$AAi?$AAp?$AAo?$AAr?$AAt?$AA?5?$AAI?$AAn@ 10003020     NDISLoader.obj
 0001:00002078       ??_C@_1DA@NNEKLCPB@?$AAS?$AAD?$AAN?$AAD?$AAI?$AAS?$AAL?$AAD?$AAR?$AA?3?$AA?5?$AA?9?$AAN?$AAD?$AAL?$AA_?$AAD?$AAe?$AAi?$AAn?$AAi?$AAt?$AA?6?$AA?$AA@ 10003078     NDISLoader.obj
 0001:000020a8       ??_C@_1KE@CPHJCPMA@?$AAC?$AA?3?$AA?2?$AAW?$AAI?$AAN?$AAC?$AAE?$AA6?$AA0?$AA0?$AA?2?$AAP?$AAL?$AAA?$AAT?$AAF?$AAO?$AAR?$AAM?$AA?2?$AAT?$AAe?$AAn?$AAB?$AAy?$AAT?$AAe?$AAn?$AA6?$AA4?$AA1@ 100030a8     NDISLoader.obj
 0001:0000214c       ??_C@_1DA@OCJEGPEA@?$AAS?$AAD?$AAN?$AAD?$AAI?$AAS?$AAL?$AAD?$AAR?$AA?3?$AA?5?$AA?$CL?$AAN?$AAD?$AAL?$AA_?$AAD?$AAe?$AAi?$AAn?$AAi?$AAt?$AA?6?$AA?$AA@ 1000314c     NDISLoader.obj
 0001:00002180       ??_C@_1GA@KADIGGKP@?$AAS?$AAD?$AAN?$AAD?$AAI?$AAS?$AAL?$AAD?$AAR?$AA?3?$AA?5?$AAP?$AAr?$AAe?$AAv?$AAi?$AAo?$AAu?$AAs?$AA?5?$AAi?$AAn?$AAs?$AAt?$AAa?$AAn?$AAc?$AAe?$AA?5?$AAn?$AAo?$AAt@ 10003180     NDISLoader.obj
 0001:000021e0       ??_C@_1EI@IGEKMGDL@?$AAS?$AAD?$AAN?$AAD?$AAI?$AAS?$AAL?$AAD?$AAR?$AA?3?$AA?5?$AAF?$AAa?$AAi?$AAl?$AAe?$AAd?$AA?5?$AAt?$AAo?$AA?5?$AAg?$AAe?$AAt?$AA?5?$AAr?$AAe?$AAg?$AA?5?$AAp?$AAa?$AAt@ 100031e0     NDISLoader.obj
 0001:00002228       ??_C@_1CM@ONMBGDEL@?$AAS?$AAD?$AAN?$AAD?$AAI?$AAS?$AAL?$AAD?$AAR?$AA?3?$AA?5?$AA?9?$AAN?$AAD?$AAL?$AA_?$AAI?$AAn?$AAi?$AAt?$AA?6?$AA?$AA@ 10003228     NDISLoader.obj
 0001:00002258       ??_C@_1FI@GBGJBNCL@?$AAS?$AAD?$AAN?$AAD?$AAI?$AAS?$AAL?$AAD?$AAR?$AA?3?$AA?5?$AAF?$AAa?$AAi?$AAl?$AAe?$AAd?$AA?5?$AAt?$AAo?$AA?5?$AAa?$AAl?$AAl?$AAo?$AAc?$AAa?$AAt?$AAe?$AA?5?$AAd?$AAe@ 10003258     NDISLoader.obj
 0001:000022b0       ??_C@_1CM@JPDADJML@?$AAS?$AAD?$AAN?$AAD?$AAI?$AAS?$AAL?$AAD?$AAR?$AA?3?$AA?5?$AA?$CL?$AAN?$AAD?$AAL?$AA_?$AAI?$AAn?$AAi?$AAt?$AA?6?$AA?$AA@ 100032b0     NDISLoader.obj
 0001:0000230c       ??_C@_07OKFNOHP@MRVL?9CW?$AA@ 1000330c     wlan_ccx.obj
 0001:00002410       rcon                       10003410     rsa32:aesbox.obj
 0001:00002488       S5                         10003488     rsa32:aesbox.obj
 0001:00002588       S                          10003588     rsa32:aesbox.obj
 0001:00002688       U4                         10003688     rsa32:aesbox.obj
 0001:00002a88       U3                         10003a88     rsa32:aesbox.obj
 0001:00002e88       U2                         10003e88     rsa32:aesbox.obj
 0001:00003288       U1                         10004288     rsa32:aesbox.obj
 0001:00003688       T8                         10004688     rsa32:aesbox.obj
 0001:00003a88       T7                         10004a88     rsa32:aesbox.obj
 0001:00003e88       T6                         10004e88     rsa32:aesbox.obj
 0001:00004288       T5                         10005288     rsa32:aesbox.obj
 0001:00004688       T4                         10005688     rsa32:aesbox.obj
 0001:00004a88       T3                         10005a88     rsa32:aesbox.obj
 0001:00004e88       T2                         10005e88     rsa32:aesbox.obj
 0001:00005288       T1                         10006288     rsa32:aesbox.obj
 0001:00005698       ??_C@_1FC@FEFIOJFD@?$AA?$CK?$AA?$CK?$AA?$CK?$AA?$CB?$AA?$CB?$AA?$CB?$AA?$CB?$AA?$CB?$AA?$CB?$AAN?$AAd?$AAi?$AAs?$AAR?$AAe?$AAa?$AAd?$AAC?$AAo?$AAn?$AAf?$AAi?$AAg?$AAu?$AAr?$AAa?$AAt?$AAi?$AAo?$AAn?$AA?5?$AA?5@ 10006698     drvif:SDIOUtil.obj
 0001:000056f0       ??_C@_1KI@DEECHPHP@?$AAC?$AA?3?$AA?2?$AAW?$AAI?$AAN?$AAC?$AAE?$AA6?$AA0?$AA0?$AA?2?$AAP?$AAL?$AAA?$AAT?$AAF?$AAO?$AAR?$AAM?$AA?2?$AAT?$AAe?$AAn?$AAB?$AAy?$AAT?$AAe?$AAn?$AA6?$AA4?$AA1@ 100066f0     drvif:SDIOUtil.obj
 0001:00005798       ??_C@_1BE@BIPOOMP@?$AAM?$AAR?$AAV?$AAL?$AA?5?$AAW?$AAi?$AAF?$AAi?$AA?$AA@ 10006798     drvif:SDIOUtil.obj
 0001:000057b0       ??_C@_1HI@NHKGAKFF@?$AAR?$AAe?$AAa?$AAd?$AA?5?$AAa?$AAb?$AAn?$AAo?$AAr?$AAm?$AAa?$AAl?$AA?5?$AAS?$AAD?$AAI?$AAO?$AA?5?$AAd?$AAa?$AAt?$AAa?$AA?5?$AAb?$AAl?$AAo?$AAc?$AAk?$AA?5?$AAl?$AAe@ 100067b0     drvif:SDIOUtil.obj
 0001:00005828       ??_C@_1GE@HBHOBMJ@?$AAS?$AAD?$AAR?$AAe?$AAg?$AAi?$AAs?$AAt?$AAe?$AAr?$AAC?$AAl?$AAi?$AAe?$AAn?$AAt?$AA?3?$AA?5?$AAF?$AAa?$AAi?$AAl?$AAe?$AAd?$AA?5?$AAt?$AAo?$AA?5?$AAg?$AAe?$AAt?$AA?5@ 10006828     SDcardlib:SDCardApiStubs.obj
 0001:00005890       ??_C@_1JI@HDJKNAIK@?$AAD?$AA?3?$AA?2?$AAy?$AAa?$AAm?$AAa?$AAf?$AAp?$AA?9?$AA1?$AA?2?$AAp?$AAu?$AAb?$AAl?$AAi?$AAc?$AA?2?$AAC?$AAO?$AAM?$AAM?$AAO?$AAN?$AA?2?$AAo?$AAa?$AAk?$AA?2?$AAd?$AAr@ 10006890     SDcardlib:SDCardApiStubs.obj
 0001:00005928       ??_C@_1II@GMHCLLNI@?$AA?5?$AAE?$AAX?$AAC?$AAE?$AAP?$AAT?$AAI?$AAO?$AAN?$AA_?$AAA?$AAC?$AAC?$AAE?$AAS?$AAS?$AA_?$AAV?$AAI?$AAO?$AAL?$AAA?$AAT?$AAI?$AAO?$AAN?$AA?5?$AAr?$AAa?$AAi?$AAs@ 10006928     SDcardlib:SDDebug.obj
 0001:000059b0       ??_C@_1HA@BGPDKPFE@?$AA?5?$AA?5?$AA?5?$AA?5?$AA?5?$AA?5?$AA?5?$AA?5?$AAW?$AAr?$AAi?$AAt?$AAe?$AA?5?$AAA?$AAc?$AAc?$AAe?$AAs?$AAs?$AA?5?$AAE?$AAx?$AAc?$AAe?$AAp?$AAt?$AAi?$AAo?$AAn?$AAe?$AAd@ 100069b0     SDcardlib:SDDebug.obj
 0001:00005a20       ??_C@_1GO@LIPPKMGO@?$AA?5?$AA?5?$AA?5?$AA?5?$AA?5?$AA?5?$AA?5?$AA?5?$AAR?$AAe?$AAa?$AAd?$AA?5?$AAA?$AAc?$AAc?$AAe?$AAs?$AAs?$AA?5?$AAE?$AAx?$AAc?$AAe?$AAp?$AAt?$AAi?$AAo?$AAn?$AAe?$AAd?$AA?5@ 10006a20     SDcardlib:SDDebug.obj
 0001:00005a90       ??_C@_1DK@CNMPAAFJ@?$AA?5?$AA?5?$AA?5?$AA?5?$AA?5?$AA?5?$AA?5?$AA?5?$AAE?$AAx?$AAc?$AAe?$AAp?$AAt?$AAi?$AAo?$AAn?$AA?3?$AA?5?$AAU?$AAN?$AAK?$AAN?$AAO?$AAW?$AAN?$AA?5?$AA?6?$AA?$AA@ 10006a90     SDcardlib:SDDebug.obj
 0001:00005ad0       ??_C@_1FM@BABDDJHM@?$AA?5?$AA?5?$AA?5?$AA?5?$AA?5?$AA?5?$AA?5?$AA?5?$AAE?$AAx?$AAc?$AAe?$AAp?$AAt?$AAi?$AAo?$AAn?$AA?3?$AA?5?$AAE?$AAX?$AAC?$AAE?$AAP?$AAT?$AAI?$AAO?$AAN?$AA_?$AAI?$AAN?$AAV@ 10006ad0     SDcardlib:SDDebug.obj
 0001:00005b30       ??_C@_1FE@FKGKNFOP@?$AA?5?$AA?5?$AA?5?$AA?5?$AA?5?$AA?5?$AA?5?$AA?5?$AAE?$AAx?$AAc?$AAe?$AAp?$AAt?$AAi?$AAo?$AAn?$AA?3?$AA?5?$AAE?$AAX?$AAC?$AAE?$AAP?$AAT?$AAI?$AAO?$AAN?$AA_?$AAG?$AAU?$AAA@ 10006b30     SDcardlib:SDDebug.obj
 0001:00005b88       ??_C@_1GG@EOOLNNB@?$AA?5?$AA?5?$AA?5?$AA?5?$AA?5?$AA?5?$AA?5?$AA?5?$AAE?$AAx?$AAc?$AAe?$AAp?$AAt?$AAi?$AAo?$AAn?$AA?3?$AA?5?$AAE?$AAX?$AAC?$AAE?$AAP?$AAT?$AAI?$AAO?$AAN?$AA_?$AAI?$AAN?$AAV@ 10006b88     SDcardlib:SDDebug.obj
 0001:00005bf0       ??_C@_1FM@DAEFKFAP@?$AA?5?$AA?5?$AA?5?$AA?5?$AA?5?$AA?5?$AA?5?$AA?5?$AAE?$AAx?$AAc?$AAe?$AAp?$AAt?$AAi?$AAo?$AAn?$AA?3?$AA?5?$AAE?$AAX?$AAC?$AAE?$AAP?$AAT?$AAI?$AAO?$AAN?$AA_?$AAS?$AAT?$AAA@ 10006bf0     SDcardlib:SDDebug.obj
 0001:00005c50       ??_C@_1HA@NODJFEFD@?$AA?5?$AA?5?$AA?5?$AA?5?$AA?5?$AA?5?$AA?5?$AA?5?$AAE?$AAx?$AAc?$AAe?$AAp?$AAt?$AAi?$AAo?$AAn?$AA?3?$AA?5?$AAE?$AAX?$AAC?$AAE?$AAP?$AAT?$AAI?$AAO?$AAN?$AA_?$AAN?$AAO?$AAN@ 10006c50     SDcardlib:SDDebug.obj
 0001:00005cc0       ??_C@_1GG@OHPADMDK@?$AA?5?$AA?5?$AA?5?$AA?5?$AA?5?$AA?5?$AA?5?$AA?5?$AAE?$AAx?$AAc?$AAe?$AAp?$AAt?$AAi?$AAo?$AAn?$AA?3?$AA?5?$AAE?$AAX?$AAC?$AAE?$AAP?$AAT?$AAI?$AAO?$AAN?$AA_?$AAI?$AAL?$AAL@ 10006cc0     SDcardlib:SDDebug.obj
 0001:00005d28       ??_C@_1FK@HMKLGOCN@?$AA?5?$AA?5?$AA?5?$AA?5?$AA?5?$AA?5?$AA?5?$AA?5?$AAE?$AAx?$AAc?$AAe?$AAp?$AAt?$AAi?$AAo?$AAn?$AA?3?$AA?5?$AAE?$AAX?$AAC?$AAE?$AAP?$AAT?$AAI?$AAO?$AAN?$AA_?$AAI?$AAN?$AA_@ 10006d28     SDcardlib:SDDebug.obj
 0001:00005d88       ??_C@_1GA@IHGOLIHL@?$AA?5?$AA?5?$AA?5?$AA?5?$AA?5?$AA?5?$AA?5?$AA?5?$AAE?$AAx?$AAc?$AAe?$AAp?$AAt?$AAi?$AAo?$AAn?$AA?3?$AA?5?$AAE?$AAX?$AAC?$AAE?$AAP?$AAT?$AAI?$AAO?$AAN?$AA_?$AAP?$AAR?$AAI@ 10006d88     SDcardlib:SDDebug.obj
 0001:00005de8       ??_C@_1FI@BCFEANND@?$AA?5?$AA?5?$AA?5?$AA?5?$AA?5?$AA?5?$AA?5?$AA?5?$AAE?$AAx?$AAc?$AAe?$AAp?$AAt?$AAi?$AAo?$AAn?$AA?3?$AA?5?$AAE?$AAX?$AAC?$AAE?$AAP?$AAT?$AAI?$AAO?$AAN?$AA_?$AAI?$AAN?$AAT@ 10006de8     SDcardlib:SDDebug.obj
 0001:00005e40       ??_C@_1GE@PJCCPNIC@?$AA?5?$AA?5?$AA?5?$AA?5?$AA?5?$AA?5?$AA?5?$AA?5?$AAE?$AAx?$AAc?$AAe?$AAp?$AAt?$AAi?$AAo?$AAn?$AA?3?$AA?5?$AAE?$AAX?$AAC?$AAE?$AAP?$AAT?$AAI?$AAO?$AAN?$AA_?$AAI?$AAN?$AAT@ 10006e40     SDcardlib:SDDebug.obj
 0001:00005ea8       ??_C@_1FK@PFDOHDMA@?$AA?5?$AA?5?$AA?5?$AA?5?$AA?5?$AA?5?$AA?5?$AA?5?$AAE?$AAx?$AAc?$AAe?$AAp?$AAt?$AAi?$AAo?$AAn?$AA?3?$AA?5?$AAE?$AAX?$AAC?$AAE?$AAP?$AAT?$AAI?$AAO?$AAN?$AA_?$AAF?$AAL?$AAT@ 10006ea8     SDcardlib:SDDebug.obj
 0001:00005f08       ??_C@_1FO@KLJPJDBD@?$AA?5?$AA?5?$AA?5?$AA?5?$AA?5?$AA?5?$AA?5?$AA?5?$AAE?$AAx?$AAc?$AAe?$AAp?$AAt?$AAi?$AAo?$AAn?$AA?3?$AA?5?$AAE?$AAX?$AAC?$AAE?$AAP?$AAT?$AAI?$AAO?$AAN?$AA_?$AAF?$AAL?$AAT@ 10006f08     SDcardlib:SDDebug.obj
 0001:00005f68       ??_C@_1FI@JMGLEANA@?$AA?5?$AA?5?$AA?5?$AA?5?$AA?5?$AA?5?$AA?5?$AA?5?$AAE?$AAx?$AAc?$AAe?$AAp?$AAt?$AAi?$AAo?$AAn?$AA?3?$AA?5?$AAE?$AAX?$AAC?$AAE?$AAP?$AAT?$AAI?$AAO?$AAN?$AA_?$AAF?$AAL?$AAT@ 10006f68     SDcardlib:SDDebug.obj
 0001:00005fc0       ??_C@_1GK@PFCJLJFD@?$AA?5?$AA?5?$AA?5?$AA?5?$AA?5?$AA?5?$AA?5?$AA?5?$AAE?$AAx?$AAc?$AAe?$AAp?$AAt?$AAi?$AAo?$AAn?$AA?3?$AA?5?$AAE?$AAX?$AAC?$AAE?$AAP?$AAT?$AAI?$AAO?$AAN?$AA_?$AAF?$AAL?$AAT@ 10006fc0     SDcardlib:SDDebug.obj
 0001:00006030       ??_C@_1GE@IFHGPJDI@?$AA?5?$AA?5?$AA?5?$AA?5?$AA?5?$AA?5?$AA?5?$AA?5?$AAE?$AAx?$AAc?$AAe?$AAp?$AAt?$AAi?$AAo?$AAn?$AA?3?$AA?5?$AAE?$AAX?$AAC?$AAE?$AAP?$AAT?$AAI?$AAO?$AAN?$AA_?$AAF?$AAL?$AAT@ 10007030     SDcardlib:SDDebug.obj
 0001:00006098       ??_C@_1GE@KEAPHJPC@?$AA?5?$AA?5?$AA?5?$AA?5?$AA?5?$AA?5?$AA?5?$AA?5?$AAE?$AAx?$AAc?$AAe?$AAp?$AAt?$AAi?$AAo?$AAn?$AA?3?$AA?5?$AAE?$AAX?$AAC?$AAE?$AAP?$AAT?$AAI?$AAO?$AAN?$AA_?$AAF?$AAL?$AAT@ 10007098     SDcardlib:SDDebug.obj
 0001:00006100       ??_C@_1GI@FODJCDCC@?$AA?5?$AA?5?$AA?5?$AA?5?$AA?5?$AA?5?$AA?5?$AA?5?$AAE?$AAx?$AAc?$AAe?$AAp?$AAt?$AAi?$AAo?$AAn?$AA?3?$AA?5?$AAE?$AAX?$AAC?$AAE?$AAP?$AAT?$AAI?$AAO?$AAN?$AA_?$AAF?$AAL?$AAT@ 10007100     SDcardlib:SDDebug.obj
 0001:00006168       ??_C@_1GK@BIDJEADM@?$AA?5?$AA?5?$AA?5?$AA?5?$AA?5?$AA?5?$AA?5?$AA?5?$AAE?$AAx?$AAc?$AAe?$AAp?$AAt?$AAi?$AAo?$AAn?$AA?3?$AA?5?$AAE?$AAX?$AAC?$AAE?$AAP?$AAT?$AAI?$AAO?$AAN?$AA_?$AAA?$AAR?$AAR@ 10007168     SDcardlib:SDDebug.obj
 0001:000061d8       ??_C@_1FG@FAMEFIJC@?$AA?5?$AA?5?$AA?5?$AA?5?$AA?5?$AA?5?$AA?5?$AA?5?$AAE?$AAx?$AAc?$AAe?$AAp?$AAt?$AAi?$AAo?$AAn?$AA?3?$AA?5?$AAE?$AAX?$AAC?$AAE?$AAP?$AAT?$AAI?$AAO?$AAN?$AA_?$AAS?$AAI?$AAN@ 100071d8     SDcardlib:SDDebug.obj
 0001:00006230       ??_C@_1FE@LHIOIAHH@?$AA?5?$AA?5?$AA?5?$AA?5?$AA?5?$AA?5?$AA?5?$AA?5?$AAE?$AAx?$AAc?$AAe?$AAp?$AAt?$AAi?$AAo?$AAn?$AA?3?$AA?5?$AAE?$AAX?$AAC?$AAE?$AAP?$AAT?$AAI?$AAO?$AAN?$AA_?$AAB?$AAR?$AAE@ 10007230     SDcardlib:SDDebug.obj
 0001:00006288       ??_C@_1GK@NIJAGIMI@?$AA?5?$AA?5?$AA?5?$AA?5?$AA?5?$AA?5?$AA?5?$AA?5?$AAE?$AAx?$AAc?$AAe?$AAp?$AAt?$AAi?$AAo?$AAn?$AA?3?$AA?5?$AAE?$AAX?$AAC?$AAE?$AAP?$AAT?$AAI?$AAO?$AAN?$AA_?$AAD?$AAA?$AAT@ 10007288     SDcardlib:SDDebug.obj
 0001:000062f8       ??_C@_1GA@IMOMELNN@?$AA?5?$AA?5?$AA?5?$AA?5?$AA?5?$AA?5?$AA?5?$AA?5?$AAE?$AAx?$AAc?$AAe?$AAp?$AAt?$AAi?$AAo?$AAn?$AA?3?$AA?5?$AAE?$AAX?$AAC?$AAE?$AAP?$AAT?$AAI?$AAO?$AAN?$AA_?$AAA?$AAC?$AAC@ 100072f8     SDcardlib:SDDebug.obj
 0001:00006358       ??_C@_1LA@GNONOPLI@?$AAS?$AAD?$AAB?$AAu?$AAs?$AAD?$AAr?$AAi?$AAv?$AAe?$AAr?$AA?3?$AA?5?$AAE?$AAx?$AAc?$AAe?$AAp?$AAt?$AAi?$AAo?$AAn?$AA?5?$AAc?$AAa?$AAu?$AAg?$AAh?$AAt?$AA?5?$AAE?$AAx@ 10007358     SDcardlib:SDDebug.obj
 0001:00006408       ??_C@_1JI@EFCALCGP@?$AAS?$AAD?$AAP?$AAe?$AAr?$AAf?$AAo?$AAr?$AAm?$AAS?$AAa?$AAf?$AAe?$AAC?$AAo?$AAp?$AAy?$AA?5?$AA?$CI?$AAD?$AAe?$AAs?$AAt?$AA?3?$AA?5?$AA0?$AAx?$AA?$CF?$AA0?$AA8?$AAX?$AA?$CJ@ 10007408     SDcardlib:SDDebug.obj
 0001:000064a0       ??_C@_1IK@CDNCAPCF@?$AAD?$AA?3?$AA?2?$AAy?$AAa?$AAm?$AAa?$AAf?$AAp?$AA?9?$AA1?$AA?2?$AAp?$AAu?$AAb?$AAl?$AAi?$AAc?$AA?2?$AAC?$AAO?$AAM?$AAM?$AAO?$AAN?$AA?2?$AAo?$AAa?$AAk?$AA?2?$AAd?$AAr@ 100074a0     SDcardlib:SDDebug.obj
 0001:00006530       ??_C@_1EO@NDAHAEDP@?$AAS?$AAD?$AAC?$AAa?$AAr?$AAd?$AAL?$AAi?$AAb?$AA?3?$AA?5?$AAE?$AAx?$AAc?$AAe?$AAp?$AAt?$AAi?$AAo?$AAn?$AA?5?$AAi?$AAn?$AA?5?$AAS?$AAD?$AAO?$AAu?$AAt?$AAp?$AAu?$AAB@ 10007530     SDcardlib:SDDebug.obj
 0001:00006580       ??_C@_17MJEANDKP@?$AA?$CF?$AAs?$AA?6?$AA?$AA@ 10007580     SDcardlib:SDDebug.obj
 0001:00006588       ??_C@_17MEDFOIMI@?$AA?5?$AA?5?$AA?5?$AA?$AA@ 10007588     SDcardlib:SDDebug.obj
 0001:00006590       ??_C@_1M@OLEMGGOE@?$AA?$CF?$AA0?$AA2?$AAX?$AA?5?$AA?$AA@ 10007590     SDcardlib:SDDebug.obj
 0001:0000659c       ??_C@_1BE@DCNBFMAB@?$AA?5?$AA0?$AAx?$AA?$CF?$AA0?$AA8?$AAX?$AA?5?$AA?5?$AA?$AA@ 1000759c     SDcardlib:SDDebug.obj
 0001:000065b0       ??_C@_1FC@CNHMKNPP@?$AAS?$AAD?$AAO?$AAu?$AAt?$AAp?$AAu?$AAt?$AAB?$AAu?$AAf?$AAf?$AAe?$AAr?$AA?3?$AA?5?$AA0?$AAx?$AA?$CF?$AA0?$AA8?$AAX?$AA?5?$AA?0?$AA?5?$AAS?$AAi?$AAz?$AAe?$AA?3?$AA?5?$AA?$CF@ 100075b0     SDcardlib:SDDebug.obj
 0001:00006608       ??_C@_1LE@CEKDGLLA@?$AA?9?$AA?9?$AA?9?$AA?9?$AA?9?$AA?9?$AA?9?$AA?9?$AA?9?$AA?9?$AA?9?$AA?9?$AA?9?$AA?9?$AA?9?$AA?9?$AA?9?$AA?9?$AA?9?$AA?9?$AA?9?$AA?9?$AA?9?$AA?9?$AA?9?$AA?9?$AA?9?$AA?9?$AA?9?$AA?9?$AA?9?$AA?9@ 10007608     SDcardlib:SDDebug.obj
 0001:000066c0       ??_C@_1FI@DHEKLKJL@?$AAS?$AAD?$AAD?$AAe?$AAq?$AAu?$AAe?$AAu?$AAe?$AAB?$AAu?$AAs?$AAR?$AAe?$AAq?$AAu?$AAe?$AAs?$AAt?$AA?3?$AA?5?$AAQ?$AAu?$AAe?$AAu?$AAe?$AA?5?$AAC?$AAo?$AAu?$AAn?$AAt@ 100076c0     SDcardlib:SDMisc.obj
 0001:00006718       ??_C@_1HE@NFEHHLIB@?$AAS?$AAD?$AAG?$AAe?$AAt?$AAD?$AAe?$AAv?$AAi?$AAc?$AAe?$AAH?$AAa?$AAn?$AAd?$AAl?$AAe?$AA?3?$AA?5?$AAD?$AAe?$AAv?$AAi?$AAc?$AAe?$AA?5?$AAH?$AAa?$AAn?$AAd?$AAl?$AAe@ 10007718     SDcardlib:SDMisc.obj
 0001:00006790       ??_C@_1II@GBPJOIGK@?$AAS?$AAD?$AAG?$AAe?$AAt?$AAD?$AAe?$AAv?$AAi?$AAc?$AAe?$AAH?$AAa?$AAn?$AAd?$AAl?$AAe?$AA?3?$AA?5?$AAF?$AAa?$AAi?$AAl?$AAe?$AAd?$AA?5?$AAt?$AAo?$AA?5?$AAg?$AAe?$AAt@ 10007790     SDcardlib:SDMisc.obj
 0001:00006818       ??_C@_1BG@HOCOHIJB@?$AAC?$AAl?$AAi?$AAe?$AAn?$AAt?$AAI?$AAn?$AAf?$AAo?$AA?$AA@ 10007818     SDcardlib:SDMisc.obj
 0001:00006830       ??_C@_1GC@KEOMEMHK@?$AAS?$AAD?$AAG?$AAe?$AAt?$AAD?$AAe?$AAv?$AAi?$AAc?$AAe?$AAH?$AAa?$AAn?$AAd?$AAl?$AAe?$AA?3?$AA?5?$AAF?$AAa?$AAi?$AAl?$AAe?$AAd?$AA?5?$AAt?$AAo?$AA?5?$AAa?$AAl?$AAl@ 10007830     SDcardlib:SDMisc.obj
 0001:00006898       ??_C@_1HO@PEADNBFD@?$AAS?$AAD?$AAG?$AAe?$AAt?$AAD?$AAe?$AAv?$AAi?$AAc?$AAe?$AAH?$AAa?$AAn?$AAd?$AAl?$AAe?$AA?3?$AA?5?$AAF?$AAa?$AAi?$AAl?$AAe?$AAd?$AA?5?$AAt?$AAo?$AA?5?$AAf?$AAi?$AAn@ 10007898     SDcardlib:SDMisc.obj
 0001:00006918       ??_C@_17KACEIPNC@?$AAK?$AAe?$AAy?$AA?$AA@ 10007918     SDcardlib:SDMisc.obj
 0001:00006920       ??_C@_1GA@OMLAALKO@?$AAS?$AAD?$AAG?$AAe?$AAt?$AAD?$AAe?$AAv?$AAi?$AAc?$AAe?$AAH?$AAa?$AAn?$AAd?$AAl?$AAe?$AA?3?$AA?5?$AAF?$AAa?$AAi?$AAl?$AAe?$AAd?$AA?5?$AAt?$AAo?$AA?5?$AAo?$AAp?$AAe@ 10007920     SDcardlib:SDMisc.obj
 0001:00006980       ??_C@_1HE@FDDNGPPE@?$AAC?$AAr?$AAe?$AAa?$AAt?$AAe?$AAS?$AAD?$AAB?$AAu?$AAs?$AAA?$AAc?$AAe?$AAs?$AAs?$AA?3?$AA?5?$AAF?$AAa?$AAi?$AAl?$AAe?$AAd?$AA?5?$AAt?$AAo?$AA?5?$AAc?$AAr?$AAe?$AAa@ 10007980     SDcardlib:SDMisc.obj
 0001:000069f8       ??_C@_1EI@PGNOCDEC@?$AAS?$AAD?$AAG?$AAe?$AAt?$AAD?$AAe?$AAv?$AAi?$AAc?$AAe?$AAH?$AAa?$AAn?$AAd?$AAl?$AAe?$AA?3?$AA?5?$AAA?$AAc?$AAt?$AAi?$AAv?$AAe?$AAP?$AAa?$AAt?$AAh?$AA?3?$AA?5?$AA?$CF@ 100079f8     SDcardlib:SDMisc.obj
 0001:00006a40       ??_C@_1II@IOLGHKHJ@?$AAD?$AA?3?$AA?2?$AAy?$AAa?$AAm?$AAa?$AAf?$AAp?$AA?9?$AA1?$AA?2?$AAp?$AAu?$AAb?$AAl?$AAi?$AAc?$AA?2?$AAC?$AAO?$AAM?$AAM?$AAO?$AAN?$AA?2?$AAo?$AAa?$AAk?$AA?2?$AAd?$AAr@ 10007a40     SDcardlib:SDMisc.obj
 0001:00006ac8       ??_C@_1EC@IGOOFHLD@?$AAS?$AAD?$AAC?$AAa?$AAr?$AAd?$AA?3?$AA?5?$AAF?$AAa?$AAi?$AAl?$AAe?$AAd?$AA?5?$AAt?$AAo?$AA?5?$AAo?$AAp?$AAe?$AAn?$AA?5?$AAk?$AAe?$AAy?$AA?$DL?$AA?5?$AA?$CF?$AAd?$AA?5?$AA?6@ 10007ac8     SDcardlib:SDMisc.obj
 0001:00006b10       ??_C@_1HG@LEFCDDEA@?$AAG?$AAe?$AAt?$AAB?$AAi?$AAt?$AAS?$AAl?$AAi?$AAc?$AAe?$AA?3?$AA?5?$AAi?$AAn?$AAv?$AAa?$AAl?$AAi?$AAd?$AA?5?$AAb?$AAi?$AAt?$AA?5?$AAo?$AAf?$AAf?$AAs?$AAe?$AAt?$AA?5@ 10007b10     SDcardlib:SDMisc.obj
 0001:00006b88       ??_C@_1EM@KGCPDMBO@?$AAG?$AAe?$AAt?$AAB?$AAi?$AAt?$AAS?$AAl?$AAi?$AAc?$AAe?$AA?3?$AA?5?$AAi?$AAn?$AAv?$AAa?$AAl?$AAi?$AAd?$AA?5?$AAn?$AAu?$AAm?$AAb?$AAe?$AAr?$AA?5?$AAo?$AAf?$AA?5?$AAb@ 10007b88     SDcardlib:SDMisc.obj
 0001:00006bd8       ??_C@_1LG@DFAOEPGM@?$AA?$AN?$AA?6?$AA?$CK?$AA?$CK?$AA?$CK?$AA?5?$AAA?$AAS?$AAS?$AAE?$AAR?$AAT?$AAI?$AAO?$AAN?$AA?5?$AAF?$AAA?$AAI?$AAL?$AAE?$AAD?$AA?5?$AAi?$AAn?$AA?5?$AAD?$AA?3?$AA?2?$AAy?$AAa?$AAm@ 10007bd8     SDcardlib:SDMisc.obj
 0001:00006c90       ??_C@_1HI@GJBOOHGA@?$AAB?$AAu?$AAs?$AAI?$AAo?$AA?5?$AAf?$AAo?$AAr?$AA?5?$AAS?$AAD?$AAR?$AAe?$AAg?$AAi?$AAs?$AAt?$AAe?$AAr?$AAC?$AAl?$AAi?$AAe?$AAn?$AAt?$AA_?$AA_?$AAX?$AA?3?$AA?5?$AAF@ 10007c90     SDcardlib:busacc.obj
 0001:00006d08       ??_C@_1IG@KNCDAMMP@?$AAB?$AAu?$AAs?$AAI?$AAo?$AA?5?$AAf?$AAo?$AAr?$AA?5?$AAS?$AAD?$AAS?$AAy?$AAn?$AAc?$AAh?$AAr?$AAo?$AAn?$AAo?$AAu?$AAs?$AAB?$AAu?$AAs?$AAR?$AAe?$AAq?$AAu?$AAe?$AAs@ 10007d08     SDcardlib:busacc.obj
 0001:00006d90       ??_C@_1GM@PAOFIFOM@?$AAS?$AAD?$AAB?$AAu?$AAs?$AAR?$AAe?$AAq?$AAu?$AAe?$AAs?$AAt?$AAR?$AAe?$AAs?$AAp?$AAo?$AAn?$AAs?$AAe?$AA_?$AA_?$AAX?$AA?3?$AA?5?$AAF?$AAa?$AAi?$AAl?$AAe?$AAd?$AA?3@ 10007d90     SDcardlib:busacc.obj
 0001:00006e00       ??_C@_1IA@CIBMOFCE@?$AAB?$AAu?$AAs?$AAI?$AAo?$AA?5?$AAf?$AAo?$AAr?$AA?5?$AAS?$AAD?$AAB?$AAu?$AAs?$AAR?$AAe?$AAq?$AAu?$AAe?$AAs?$AAt?$AAR?$AAe?$AAs?$AAp?$AAo?$AAn?$AAs?$AAe?$AA_?$AA_@ 10007e00     SDcardlib:busacc.obj
 0001:00006e80       ??_C@_1HA@IJKGFFPM@?$AAB?$AAu?$AAs?$AAI?$AAo?$AA?5?$AAf?$AAo?$AAr?$AA?5?$AAS?$AAD?$AAB?$AAu?$AAs?$AAR?$AAe?$AAq?$AAu?$AAe?$AAs?$AAt?$AA_?$AA_?$AAX?$AA?3?$AA?5?$AAF?$AAa?$AAi?$AAl?$AAe@ 10007e80     SDcardlib:busacc.obj
 0001:00006ef0       ??_C@_1HM@HHAOJEME@?$AAB?$AAu?$AAs?$AAI?$AAo?$AA?5?$AAf?$AAo?$AAr?$AA?5?$AAS?$AAD?$AAC?$AAa?$AAn?$AAc?$AAe?$AAl?$AAB?$AAu?$AAs?$AAR?$AAe?$AAq?$AAu?$AAe?$AAs?$AAt?$AA_?$AA_?$AAX?$AA?3@ 10007ef0     SDcardlib:busacc.obj
 0001:00006f70       ??_C@_1HI@OPHKAJHO@?$AAB?$AAu?$AAs?$AAI?$AAo?$AA?5?$AAf?$AAo?$AAr?$AA?5?$AAS?$AAD?$AAF?$AAr?$AAe?$AAe?$AAB?$AAu?$AAs?$AAR?$AAe?$AAq?$AAu?$AAe?$AAs?$AAt?$AA_?$AA_?$AAX?$AA?3?$AA?5?$AAF@ 10007f70     SDcardlib:busacc.obj
 0001:00006fe8       ??_C@_1HG@PFEJGILM@?$AAB?$AAu?$AAs?$AAI?$AAo?$AA?5?$AAf?$AAo?$AAr?$AA?5?$AAS?$AAD?$AAC?$AAa?$AAr?$AAd?$AAI?$AAn?$AAf?$AAo?$AAQ?$AAu?$AAe?$AAr?$AAy?$AA_?$AA_?$AAX?$AA?3?$AA?5?$AAF?$AAa@ 10007fe8     SDcardlib:busacc.obj
 0001:00007060       ??_C@_1IM@NOMNMOBB@?$AAB?$AAu?$AAs?$AAI?$AAo?$AA?5?$AAf?$AAo?$AAr?$AA?5?$AAS?$AAD?$AAR?$AAe?$AAa?$AAd?$AAW?$AAr?$AAi?$AAt?$AAe?$AAR?$AAe?$AAg?$AAi?$AAs?$AAt?$AAe?$AAr?$AAs?$AAD?$AAi@ 10008060     SDcardlib:busacc.obj
 0001:000070f0       ??_C@_1IA@CLANCPLA@?$AAB?$AAu?$AAs?$AAI?$AAo?$AA?5?$AAf?$AAo?$AAr?$AA?5?$AAS?$AAD?$AAI?$AAO?$AAC?$AAo?$AAn?$AAn?$AAe?$AAc?$AAt?$AAI?$AAn?$AAt?$AAe?$AAr?$AAr?$AAu?$AAp?$AAt?$AA_?$AA_@ 100080f0     SDcardlib:busacc.obj
 0001:00007170       ??_C@_1IG@IHCPJIGO@?$AAB?$AAu?$AAs?$AAI?$AAo?$AA?5?$AAf?$AAo?$AAr?$AA?5?$AAS?$AAD?$AAI?$AAO?$AAD?$AAi?$AAs?$AAc?$AAo?$AAn?$AAn?$AAe?$AAc?$AAt?$AAI?$AAn?$AAt?$AAe?$AAr?$AAr?$AAu?$AAp@ 10008170     SDcardlib:busacc.obj
 0001:000071f8       ??_C@_1HI@DDPJLEDO@?$AAB?$AAu?$AAs?$AAI?$AAo?$AA?5?$AAf?$AAo?$AAr?$AA?5?$AAS?$AAD?$AAS?$AAe?$AAt?$AAC?$AAa?$AAr?$AAd?$AAF?$AAe?$AAa?$AAt?$AAu?$AAr?$AAe?$AA_?$AA_?$AAX?$AA?3?$AA?5?$AAF@ 100081f8     SDcardlib:busacc.obj
 0001:00007270       ??_C@_1DM@FNIHPPGH@?$AAS?$AAD?$AAC?$AAa?$AAr?$AAd?$AA?3?$AA?5?$AA?9?$AAS?$AAD?$AAI?$AAn?$AAi?$AAt?$AAi?$AAa?$AAl?$AAi?$AAz?$AAe?$AAC?$AAa?$AAr?$AAd?$AAL?$AAi?$AAb?$AA?6?$AA?$AA@ 10008270     SDcardlib:SDMemApi.obj
 0001:000072b0       ??_C@_1IM@LALKNDPP@?$AAD?$AA?3?$AA?2?$AAy?$AAa?$AAm?$AAa?$AAf?$AAp?$AA?9?$AA1?$AA?2?$AAp?$AAu?$AAb?$AAl?$AAi?$AAc?$AA?2?$AAC?$AAO?$AAM?$AAM?$AAO?$AAN?$AA?2?$AAo?$AAa?$AAk?$AA?2?$AAd?$AAr@ 100082b0     SDcardlib:SDMemApi.obj
 0001:0000733c       ??_C@_1DM@KBHHGOCL@?$AAS?$AAD?$AAC?$AAa?$AAr?$AAd?$AA?3?$AA?5?$AA?$CL?$AAS?$AAD?$AAI?$AAn?$AAi?$AAt?$AAi?$AAa?$AAl?$AAi?$AAz?$AAe?$AAC?$AAa?$AAr?$AAd?$AAL?$AAi?$AAb?$AA?6?$AA?$AA@ 1000833c     SDcardlib:SDMemApi.obj
 0001:00007378       ??_C@_1EA@IHEJNKEP@?$AAS?$AAD?$AAC?$AAa?$AAr?$AAd?$AA?3?$AA?5?$AA?9?$AAS?$AAD?$AAD?$AAe?$AAi?$AAn?$AAi?$AAt?$AAi?$AAa?$AAl?$AAi?$AAz?$AAe?$AAC?$AAa?$AAr?$AAd?$AAL?$AAi?$AAb?$AA?6?$AA?$AA@ 10008378     SDcardlib:SDMemApi.obj
 0001:000073b8       ??_C@_1EA@KONLAIH@?$AAS?$AAD?$AAC?$AAa?$AAr?$AAd?$AA?3?$AA?5?$AA?$CL?$AAS?$AAD?$AAD?$AAe?$AAi?$AAn?$AAi?$AAt?$AAi?$AAa?$AAl?$AAi?$AAz?$AAe?$AAC?$AAa?$AAr?$AAd?$AAL?$AAi?$AAb?$AA?6?$AA?$AA@ 100083b8     SDcardlib:SDMemApi.obj
 0001:000073f8       ??_C@_1EA@PKMJLCFO@?$AAS?$AAD?$AAC?$AAa?$AAr?$AAd?$AA?3?$AA?5?$AA?9?$AAA?$AAl?$AAl?$AAo?$AAc?$AAa?$AAt?$AAe?$AAM?$AAe?$AAm?$AAo?$AAr?$AAy?$AAW?$AAi?$AAt?$AAh?$AAT?$AAa?$AAg?$AA?6?$AA?$AA@ 100083f8     SDcardlib:SDMemApi.obj
 0001:00007438       ??_C@_1EA@HHGNNIJG@?$AAS?$AAD?$AAC?$AAa?$AAr?$AAd?$AA?3?$AA?5?$AA?$CL?$AAA?$AAl?$AAl?$AAo?$AAc?$AAa?$AAt?$AAe?$AAM?$AAe?$AAm?$AAo?$AAr?$AAy?$AAW?$AAi?$AAt?$AAh?$AAT?$AAa?$AAg?$AA?6?$AA?$AA@ 10008438     SDcardlib:SDMemApi.obj
 0001:00007478       ??_C@_1CO@CLLLMKPH@?$AAS?$AAD?$AAC?$AAa?$AAr?$AAd?$AA?3?$AA?5?$AA?9?$AAS?$AAD?$AAF?$AAr?$AAe?$AAe?$AAM?$AAe?$AAm?$AAo?$AAr?$AAy?$AA?6?$AA?$AA@ 10008478     SDcardlib:SDMemApi.obj
 0001:000074a8       ??_C@_1CO@KCPJIAMH@?$AAS?$AAD?$AAC?$AAa?$AAr?$AAd?$AA?3?$AA?5?$AA?$CL?$AAS?$AAD?$AAF?$AAr?$AAe?$AAe?$AAM?$AAe?$AAm?$AAo?$AAr?$AAy?$AA?6?$AA?$AA@ 100084a8     SDcardlib:SDMemApi.obj
 0001:000074d8       ??_C@_1DE@PNKBABJK@?$AAS?$AAD?$AAC?$AAa?$AAr?$AAd?$AA?3?$AA?5?$AA?9?$AAS?$AAD?$AAD?$AAe?$AAl?$AAe?$AAt?$AAe?$AAM?$AAe?$AAm?$AAL?$AAi?$AAs?$AAt?$AA?6?$AA?$AA@ 100084d8     SDcardlib:SDMemApi.obj
 0001:00007510       ??_C@_1FI@EAJLBJMA@?$AAS?$AAD?$AAC?$AAa?$AAr?$AAd?$AA?3?$AA?5?$AAS?$AAD?$AAD?$AAe?$AAl?$AAe?$AAt?$AAe?$AAM?$AAe?$AAm?$AAL?$AAi?$AAs?$AAt?$AA?3?$AA?5?$AAI?$AAn?$AAv?$AAa?$AAl?$AAi?$AAd@ 10008510     SDcardlib:SDMemApi.obj
 0001:00007568       ??_C@_1DE@DEGBPGGG@?$AAS?$AAD?$AAC?$AAa?$AAr?$AAd?$AA?3?$AA?5?$AA?$CL?$AAS?$AAD?$AAD?$AAe?$AAl?$AAe?$AAt?$AAe?$AAM?$AAe?$AAm?$AAL?$AAi?$AAs?$AAt?$AA?6?$AA?$AA@ 10008568     SDcardlib:SDMemApi.obj
 0001:0000759c       ??_C@_1DK@IALNNOED@?$AAS?$AAD?$AAC?$AAa?$AAr?$AAd?$AA?3?$AA?5?$AA?9?$AAS?$AAD?$AAC?$AAr?$AAe?$AAa?$AAt?$AAe?$AAM?$AAe?$AAm?$AAo?$AAr?$AAy?$AAL?$AAi?$AAs?$AAt?$AA?6?$AA?$AA@ 1000859c     SDcardlib:SDMemApi.obj
 0001:000075d8       ??_C@_1HG@PLCNBJGG@?$AAS?$AAD?$AAC?$AAa?$AAr?$AAd?$AA?3?$AA?5?$AAS?$AAD?$AAC?$AAr?$AAe?$AAa?$AAt?$AAe?$AAM?$AAe?$AAm?$AAo?$AAr?$AAy?$AAL?$AAi?$AAs?$AAt?$AA?5?$AA?9?$AA?5?$AAF?$AAa?$AAi@ 100085d8     SDcardlib:SDMemApi.obj
 0001:00007650       ??_C@_1JG@BHCAHMBD@?$AAS?$AAD?$AAC?$AAa?$AAr?$AAd?$AA?3?$AA?5?$AAW?$AAa?$AAr?$AAn?$AAi?$AAn?$AAg?$AA?3?$AA?5?$AAP?$AAl?$AAe?$AAa?$AAs?$AAe?$AA?5?$AAc?$AAa?$AAl?$AAl?$AA?5?$AAS?$AAD?$AAI@ 10008650     SDcardlib:SDMemApi.obj
 0001:000076e8       ??_C@_1DK@PAMKMIKF@?$AAS?$AAD?$AAC?$AAa?$AAr?$AAd?$AA?3?$AA?5?$AA?$CL?$AAS?$AAD?$AAC?$AAr?$AAe?$AAa?$AAt?$AAe?$AAM?$AAe?$AAm?$AAo?$AAr?$AAy?$AAL?$AAi?$AAs?$AAt?$AA?6?$AA?$AA@ 100086e8     SDcardlib:SDMemApi.obj
 0001:00007724       ??_C@_1DE@PHIIFMNP@?$AAS?$AAD?$AAC?$AAa?$AAr?$AAd?$AA?3?$AA?5?$AA?9?$AAS?$AAD?$AAF?$AAr?$AAe?$AAe?$AAT?$AAo?$AAM?$AAe?$AAm?$AAL?$AAi?$AAs?$AAt?$AA?6?$AA?$AA@ 10008724     SDcardlib:SDMemApi.obj
 0001:00007758       ??_C@_1FI@FMGJDFFO@?$AAS?$AAD?$AAC?$AAa?$AAr?$AAd?$AA?3?$AA?5?$AAS?$AAD?$AAF?$AAr?$AAe?$AAe?$AAT?$AAo?$AAM?$AAe?$AAm?$AAL?$AAi?$AAs?$AAt?$AA?3?$AA?5?$AAI?$AAn?$AAv?$AAa?$AAl?$AAi?$AAd@ 10008758     SDcardlib:SDMemApi.obj
 0001:000077b0       ??_C@_1DE@DOEIKLCD@?$AAS?$AAD?$AAC?$AAa?$AAr?$AAd?$AA?3?$AA?5?$AA?$CL?$AAS?$AAD?$AAF?$AAr?$AAe?$AAe?$AAT?$AAo?$AAM?$AAe?$AAm?$AAL?$AAi?$AAs?$AAt?$AA?6?$AA?$AA@ 100087b0     SDcardlib:SDMemApi.obj
 0001:000077e8       ??_C@_1EA@MGFGENGM@?$AAS?$AAD?$AAC?$AAa?$AAr?$AAd?$AA?3?$AA?5?$AA?9?$AAS?$AAD?$AAA?$AAl?$AAl?$AAo?$AAc?$AAa?$AAt?$AAe?$AAF?$AAr?$AAo?$AAm?$AAM?$AAe?$AAm?$AAL?$AAi?$AAs?$AAt?$AA?6?$AA?$AA@ 100087e8     SDcardlib:SDMemApi.obj
 0001:00007828       ??_C@_1GE@ECPANGPG@?$AAS?$AAD?$AAC?$AAa?$AAr?$AAd?$AA?3?$AA?5?$AAS?$AAD?$AAA?$AAl?$AAl?$AAo?$AAc?$AAa?$AAt?$AAe?$AAF?$AAr?$AAo?$AAm?$AAM?$AAe?$AAm?$AAL?$AAi?$AAs?$AAt?$AA?3?$AA?5?$AAI@ 10008828     SDcardlib:SDMemApi.obj
 0001:00007890       ??_C@_1EA@ELPCCHKE@?$AAS?$AAD?$AAC?$AAa?$AAr?$AAd?$AA?3?$AA?5?$AA?$CL?$AAS?$AAD?$AAA?$AAl?$AAl?$AAo?$AAc?$AAa?$AAt?$AAe?$AAF?$AAr?$AAo?$AAm?$AAM?$AAe?$AAm?$AAL?$AAi?$AAs?$AAt?$AA?6?$AA?$AA@ 10008890     SDcardlib:SDMemApi.obj
 0001:000078d0       ??_C@_1GM@OLKIPJNB@?$AAD?$AA?3?$AA?2?$AAy?$AAa?$AAm?$AAa?$AAf?$AAp?$AA?9?$AA1?$AA?2?$AAp?$AAu?$AAb?$AAl?$AAi?$AAc?$AA?2?$AAc?$AAo?$AAm?$AAm?$AAo?$AAn?$AA?2?$AAo?$AAa?$AAk?$AA?2?$AAi?$AAn@ 100088d0     SDcardlib:SDMemApi.obj
 0001:00007940       ??_C@_1HC@CCFLKHGC@?$AAd?$AA?3?$AA?2?$AAy?$AAz?$AAk?$AAi?$AAq?$AAf?$AAe?$AA?2?$AAp?$AAr?$AAi?$AAv?$AAa?$AAt?$AAe?$AA?2?$AAw?$AAi?$AAn?$AAc?$AAe?$AAo?$AAs?$AA?2?$AAC?$AAO?$AAR?$AAE?$AAO@ 10008940     SDcardlib:utilmem.obj
 0001:000079b8       ??_C@_1HE@MNAIPFCF@?$AAd?$AA?3?$AA?2?$AAy?$AAz?$AAk?$AAi?$AAq?$AAf?$AAe?$AA?2?$AAp?$AAr?$AAi?$AAv?$AAa?$AAt?$AAe?$AA?2?$AAw?$AAi?$AAn?$AAc?$AAe?$AAo?$AAs?$AA?2?$AAC?$AAO?$AAR?$AAE?$AAO@ 100089b8     SDcardlib:utilmemf.obj
 0001:00007a30       ??_C@_1FK@OFJPBPFD@?$AAd?$AA?3?$AA?2?$AAy?$AAz?$AAk?$AAi?$AAq?$AAf?$AAe?$AA?2?$AAp?$AAu?$AAb?$AAl?$AAi?$AAc?$AA?2?$AAc?$AAo?$AAm?$AAm?$AAo?$AAn?$AA?2?$AAs?$AAd?$AAk?$AA?2?$AAi?$AAn?$AAc@ 10008a30     SDcardlib:utilmemf.obj
 0001:00007a8c       ??_7SVSTree@@6B@           10008a8c     SDcardlib:utilmemf.obj
 0001:00007a9c       ??_7SVSEnumClass@@6B@      10008a9c     SDcardlib:utilmemf.obj
 0001:00007aac       ??_C@_1DK@DAPDOICG@?$AAA?$AAs?$AAs?$AAe?$AAr?$AAt?$AA?5?$AAb?$AAr?$AAo?$AAk?$AAe?$AAn?$AA?5?$AAi?$AAn?$AA?5?$AA?$CF?$AAs?$AA?5?$AAl?$AAi?$AAn?$AAe?$AA?5?$AA?$CF?$AAd?$AA?6?$AA?$AA@ 10008aac     SDcardlib:svsutil.obj
 0001:00007ae8       ??_C@_1HE@EELBLLPN@?$AAd?$AA?3?$AA?2?$AAy?$AAz?$AAk?$AAi?$AAq?$AAf?$AAe?$AA?2?$AAp?$AAr?$AAi?$AAv?$AAa?$AAt?$AAe?$AA?2?$AAw?$AAi?$AAn?$AAc?$AAe?$AAo?$AAs?$AA?2?$AAC?$AAO?$AAR?$AAE?$AAO@ 10008ae8     SDcardlib:utiltree.obj
 0001:00007b84       LoaderEntry                10008b84 f   initproc.obj
 0001:00007bf8       DllEntry                   10008bf8 f   initproc.obj
 0001:00007c7c       AddKeyValues               10008c7c f   initproc.obj
 0001:00008044       DriverEntry                10009044 f   initproc.obj
 0001:000081a4       ResetFastRoamParam         100091a4 f   initproc.obj
 0001:000081c8       InitRoamingMode            100091c8 f   initproc.obj
 0001:000083b0       MrvDrvInitialize           100093b0 f   initproc.obj
 0001:00008994       MrvDrvAllocateComplete     10009994 f   initproc.obj
 0001:000089a8       InitAdapterObject          100099a8 f   initproc.obj
 0001:00009660       AllocateAdapterBuffer      1000a660 f   initproc.obj
 0001:00009754       ReadRegistryInfo           1000a754 f   initproc.obj
 0001:00009f68       InitSyncObjects            1000af68 f   initproc.obj
 0001:0000a46c       DelaySeconds               1000b46c f   initproc.obj
 0001:0000a4c8       InitializeWirelessConfig   1000b4c8 f   initproc.obj
 0001:0000a72c       OIDMSG                     1000b72c f   oidproc.obj
 0001:0000aed4       MrvlDrvQueryCheckPsQueryableOID 1000bed4 f   oidproc.obj
 0001:0000af64       MrvDrvCopyBSSIDList        1000bf64 f   oidproc.obj
 0001:0000b174       MrvDrvSetEncryptionStatus  1000c174 f   oidproc.obj
 0001:0000b550       MrvDrvQueryInformation     1000c550 f   oidproc.obj
 0001:000119b8       MrvDrvSetInformation       100129b8 f   oidproc.obj
 0001:00018bec       ProcessOIDResetChip        10019bec f   oidproc.obj
 0001:00018d58       ProcessOIDHostSleepCfg     10019d58 f   oidproc.obj
 0001:00019118       ProcessOIDWakeUpDevice     1001a118 f   oidproc.obj
 0001:0001913c       ProcessOIDHSCancel         1001a13c f   oidproc.obj
 0001:000192a0       ProcessOIDBCATimeshare     1001a2a0 f   oidproc.obj
 0001:00019704       WaitOIDAccessRespond       1001a704 f   oidproc.obj
 0001:000199b0       ProcessOIDDeepSleep        1001a9b0 f   oidproc.obj
 0001:0001a638       ProcessOIDRateAdaptRateSet 1001b638 f   oidproc.obj
 0001:0001a850       ProcessOIDDesiredRates     1001b850 f   oidproc.obj
 0001:0001ab10       AutoDeepSleepPending       1001bb10 f   oidproc.obj
 0001:0001abb0       DumpStatisticCounter       1001bbb0 f   oidproc.obj
 0001:0001abc4       ProcessOIDStatistics       1001bbc4 f   oidproc.obj
 0001:0001ad2c       ProcessOIDGetTxPowerLevel  1001bd2c f   oidproc.obj
 0001:0001b180       ProcessOIDSetTxPowerLevel  1001c180 f   oidproc.obj
 0001:0001b37c       ProcessOIDBgScanCfg        1001c37c f   oidproc.obj
 0001:0001b608       SetEvent                   1001c608 f i oidproc.obj
 0001:0001b648       HandleAdhocAES             1001c648 f   hwacproc.obj
 0001:0001b8b8       HandleBgScanResponse       1001c8b8 f   hwacproc.obj
 0001:0001c3b8       HandleBgScanResultEvent    1001d3b8 f   hwacproc.obj
 0001:0001c474       HandleMicError             1001d474 f   hwacproc.obj
 0001:0001c69c       DisconnectDueToMicError    1001d69c f   hwacproc.obj
 0001:0001c764       HandleAdHocModeLink        1001d764 f   hwacproc.obj
 0001:0001c844       HandleMACEvent             1001d844 f   hwacproc.obj
 0001:0001d36c       MacEventDisconnected       1001e36c f   hwacproc.obj
 0001:0001d4b8       HandleCommandFinishedEvent 1001e4b8 f   hwacproc.obj
 0001:0001e4b8       HandleHardwareSpec         1001f4b8 f   hwacproc.obj
 0001:0001e8d8       CopyBSSIDInfo              1001f8d8 f   hwacproc.obj
 0001:0001eb98       MrvDrvAddCurrentSSID       1001fb98 f   hwacproc.obj
 0001:0001ef44       HandleScanResponse         1001ff44 f   hwacproc.obj
 0001:000201d4       HandleAdHocJoinStart       100211d4 f   hwacproc.obj
 0001:000204bc       HowManyPacketInQueue       100214bc f   hwacproc.obj
 0001:00020578       HowManyFreeNodes           10021578 f   hwacproc.obj
 0001:00020634       HandleAssocReassoc         10021634 f   hwacproc.obj
 0001:00021640       HandleHostPendCommand      10022640 f   hwacproc.obj
 0001:00021920       HandleHostPendGetOid       10022920 f   hwacproc.obj
 0001:00023c54       HandleHostPendSetOid       10024c54 f   hwacproc.obj
 0001:00024164       HandleEnableQosWmeCommand  10025164 f   hwacproc.obj
 0001:000241d4       HandleWmeACParamsCommand   100251d4 f   hwacproc.obj
 0001:00024464       InterpretBSSDescription    10025464 f   hwacproc.obj
 0001:00025520       Deactivate_Host_Sleep_Cfg  10026520 f   hwacproc.obj
 0001:00025600       Reactivate_Host_Sleep_Cfg  10026600 f   hwacproc.obj
 0001:000256c0       RemoveTheActiveSsidEntry   100266c0 f   hwacproc.obj
 0001:000258bc       AgeOutTheActiveSsidEntry   100268bc f   hwacproc.obj
 0001:00025c38       MrvMicDisconnectTimerFunction 10026c38 f   hwacproc.obj
 0001:00025c64       IsInMicErrorPeriod         10026c64 f   hwacproc.obj
 0001:00025d94       Application_Event_Notify   10026d94 f   hwacproc.obj
 0001:00025e20       Ndis_MediaStatus_Notify    10026e20 f   hwacproc.obj
 0001:00025e90       Signal_Pending_OID         10026e90 f   hwacproc.obj
 0001:00025f04       AllocateCmdBuffer          10026f04 f   cmdproc.obj
 0001:000261d0       FreeCmdBuffer              100271d0 f   cmdproc.obj
 0001:00026338       ResetCmdBuffer             10027338 f   cmdproc.obj
 0001:0002660c       GetFreeCmdCtrlNode         1002760c f   cmdproc.obj
 0001:000266e0       ReturnCmdNode              100276e0 f   cmdproc.obj
 0001:0002678c       SetCmdCtrlNode             1002778c f   cmdproc.obj
 0001:000268f8       GetExpectedRetCode         100278f8 f   cmdproc.obj
 0001:00026950       CleanUpCmdCtrlNode         10027950 f   cmdproc.obj
 0001:00026c00       InsertCmdToQueue           10027c00 f   cmdproc.obj
 0001:00026f30       GetCmdFromQueueToExecute   10027f30 f   cmdproc.obj
 0001:0002755c       DownloadCommand            1002855c f   cmdproc.obj
 0001:00027dd8       UpdatePowerSaveState       10028dd8 f   cmdproc.obj
 0001:00028130       EncryptionStateCheck       10029130 f   cmdproc.obj
 0001:000281c0       MrvDrvIndicateConnectStatusTimer 100291c0 f   miscproc.obj
 0001:00028240       MrvDrvAvoidScanAfterConnectedTimer 10029240 f   miscproc.obj
 0001:0002827c       MrvDrvTxPktTimerFunction   1002927c f   miscproc.obj
 0001:00028400       MrvDrvReConnectTimerFunction 10029400 f   miscproc.obj
 0001:0002842c       MrvDrvCommandTimerFunction 1002942c f   miscproc.obj
 0001:00028b6c       MrvDrvSdioCheckFWReadyTimerFunction 10029b6c f   miscproc.obj
 0001:00028d68       SetStationPowerState       10029d68 f   miscproc.obj
 0001:00028e38       CheckCurrentSationStatus   10029e38 f   miscproc.obj
 0001:00028f70       ResetDisconnectStatus      10029f70 f   miscproc.obj
 0001:00029170       ResetSingleTxDoneAck       1002a170 f   miscproc.obj
 0001:00029184       SetMacControl              1002a184 f   miscproc.obj
 0001:00029224       MrvRETAILMSG               1002a224 f   miscproc.obj
 0001:000292f0       ConvertNDISRateToFWIndex   1002a2f0 f   miscproc.obj
 0001:00029378       ConvertFWIndexToNDISRate   1002a378 f   miscproc.obj
 0001:000293cc       FindSSIDInList             1002a3cc f   miscproc.obj
 0001:000294c8       FindSSIDInPSList           1002a4c8 f   miscproc.obj
 0001:000295c8       ascii2hex                  1002a5c8 f   miscproc.obj
 0001:000296c0       RegularIeFilter            1002a6c0 f   miscproc.obj
 0001:00029bc8       Wpa2RsnIeAdjust            1002abc8 f   miscproc.obj
 0001:00029f38       WpaIeAdjust                1002af38 f   miscproc.obj
 0001:0002a2a8       FindAPByBssid              1002b2a8 f   miscproc.obj
 0001:0002a380       InfraBssReconnectStart     1002b380 f   miscproc.obj
 0001:0002a808       InfraBssReconnectStop      1002b808 f   miscproc.obj
 0001:0002a8d8       DoReConnect                1002b8d8 f   miscproc.obj
 0001:0002ab40       ReConnectHandler           1002bb40 f   miscproc.obj
 0001:0002acb4       ResetPmkidCache            1002bcb4 f   miscproc.obj
 0001:0002acfc       SavePmkidToCache           1002bcfc f   miscproc.obj
 0001:0002ae20       FindPmkidInCache           1002be20 f   miscproc.obj
 0001:0002aefc       DbgDumpCurrentPmkidCache   1002befc f   miscproc.obj
 0001:0002af90       DbgDumpRSN                 1002bf90 f   miscproc.obj
 0001:0002afa4       PrepareRSNForOsNotify      1002bfa4 f   miscproc.obj
 0001:0002b26c       OsNotify_RSN               1002c26c f   miscproc.obj
 0001:0002b3c0       MrvPrintEventLogToFile     1002c3c0 f   miscproc.obj
 0001:0002b440       DeleteBssidInPSList        1002c440 f   miscproc.obj
 0001:0002b6d4       SetUpLowRssiValue          1002c6d4 f   miscproc.obj
 0001:0002b7ac       SetUpHighRssiValue         1002c7ac f   miscproc.obj
 0001:0002b88c       DumpBgScanConfig           1002c88c f   miscproc.obj
 0001:0002baf8       EnableBgScan               1002caf8 f   miscproc.obj
 0001:0002bbd0       SetupBgScanCurrentSSID     1002cbd0 f   miscproc.obj
 0001:0002c3b4       SaveCurrentConfig          1002d3b4 f   miscproc.obj
 0001:0002c3f4       GetPACFGValue              1002d3f4 f   miscproc.obj
 0001:0002c47c       SetRegionCode              1002d47c f   miscproc.obj
 0001:0002c8b8       DownloadGProtectSetting    1002d8b8 f   miscproc.obj
 0001:0002c8e8       HandleD3toD0               1002d8e8 f   miscproc.obj
 0001:0002ca70       HandleD0toD3               1002da70 f   miscproc.obj
 0001:0002ccfc       FindSsidInBgCfg            1002dcfc f   miscproc.obj
 0001:0002ce18       FindBSSIDInPSList          1002de18 f   miscproc.obj
 0001:0002ced8       ReplacePSListEntryByBSSListEntry 1002ded8 f   miscproc.obj
 0001:0002d034       RemoveAgeOutEntryFromPSList 1002e034 f   miscproc.obj
 0001:0002d204       IsValidChannel             1002e204 f   miscproc.obj
 0001:0002d2e4       WaitForSingleObjectWithCancel 1002e2e4 f   miscproc.obj
 0001:0002d38c       SetDsState                 1002e38c f   miscproc.obj
 0001:0002d3e0       IsThisDsState              1002e3e0 f   miscproc.obj
 0001:0002d470       SetHostPowerState          1002e470 f   miscproc.obj
 0001:0002d4b8       IsThisHostPowerState       1002e4b8 f   miscproc.obj
 0001:0002d53c       SelectBgScanConfig         1002e53c f   miscproc.obj
 0001:0002d59c       MrvDrvPnPEventNotify       1002e59c f   pnpproc.obj
 0001:0002d764       IsIndicateDisconnect       1002e764 f   txproc.obj
 0001:0002d7f4       MrvDrvSend                 1002e7f4 f   txproc.obj
 0001:0002dec8       SendNullPacket             1002eec8 f   txproc.obj
 0001:0002dfb4       CheckLastPacketIndication  1002efb4 f   txproc.obj
 0001:0002e054       SendSinglePacket           1002f054 f   txproc.obj
 0001:0002e45c       HandleTxSingleDoneEvent    1002f45c f   txproc.obj
 0001:0002ec74       AllocateSingleTx           1002fc74 f   txproc.obj
 0001:0002edfc       FreeSingleTx               1002fdfc f   txproc.obj
 0001:0002ee10       InitializeTxNodeQ          1002fe10 f   txproc.obj
 0001:0002eed0       CleanUpSingleTxBuffer      1002fed0 f   txproc.obj
 0001:0002f0b8       TxPacketEnQueue            100300b8 f   txproc.obj
 0001:0002f304       TxPacketDeQueue            10030304 f   txproc.obj
 0001:0002f3f8       TxPacketDeQueueByLowPriority 100303f8 f   txproc.obj
 0001:0002f4fc       PrepareDownloadPacket      100304fc f   txproc.obj
 0001:0002f8e4       CCX_SendSinglePacket       100308e4 f   txproc.obj
 0001:0002fb84       SendOneQueuedPacket        10030b84 f   txproc.obj
 0001:0002fd84       MrvDrvReturnPacket         10030d84 f   rxproc.obj
 0001:0002fdd0       AllocateRxQ                10030dd0 f   rxproc.obj
 0001:000304c0       FreeRxQ                    100314c0 f   rxproc.obj
 0001:0003074c       ResetRxPDQ                 1003174c f   rxproc.obj
 0001:000308d4       HandleRxReadyEvent         100318d4 f   rxproc.obj
 0001:00030bc4       GetRxPacketDesc            10031bc4 f i rxproc.obj
 0001:00030d30       ReturnRxPacketDesc         10031d30 f i rxproc.obj
 0001:00030e40       wlan_compute_rssi          10031e40 f i rxproc.obj
 0001:00031274       MrvDrvDisableInterrupt     10032274 f   intproc.obj
 0001:000312f8       MrvDrvEnableInterrupt      100322f8 f   intproc.obj
 0001:0003137c       SDNdisSlotEventCallBack    1003237c f   intproc.obj
 0001:00031420       SDNdisInterruptCallback    10032420 f   intproc.obj
 0001:000315e8       MrvDrvSdioAsyncBusRequestCB 100325e8 f   intproc.obj
 0001:00031614       MrvIstThread               10032614 f   intproc.obj
 0001:00031d8c       GetCurrentThread           10032d8c f i intproc.obj
 0001:00031da4       PSWakeup                   10032da4 f   power.obj
 0001:00031e34       PSSleep                    10032e34 f   power.obj
 0001:00031ec4       PSConfirmSleep             10032ec4 f   power.obj
 0001:00031f54       MakePsCmd                  10032f54 f   power.obj
 0001:00032310       If_PowerUpDevice           10033310 f   power.obj
 0001:00032388       If_ClearPowerUpBit         10033388 f   power.obj
 0001:00032400       If_WaitFWPowerUp           10033400 f   power.obj
 0001:00032498       PrepareAndSendCommand      10033498 f   cmdsend.obj
 0001:00035000       SetupDataRate              10036000 f   cmdsend.obj
 0001:000350c4       CleanupWepKeys             100360c4 f   cmdsend.obj
 0001:00035168       SetupWepKeys               10036168 f   cmdsend.obj
 0001:00035568       SetupKeyMaterial           10036568 f   cmdsend.obj
 0001:0003593c       FindAPBySSID               1003693c f   cmdsend.obj
 0001:00035e00       SetupAssociationExt        10036e00 f   cmdsend.obj
 0001:00037a60       SetupAdHocStart            10038a60 f   cmdsend.obj
 0001:00038290       SetupAdHocJoin             10039290 f   cmdsend.obj
 0001:000385e8       SetupScanCommand           100395e8 f   cmdsend.obj
 0001:000399f4       SetRadioControl            1003a9f4 f   cmdsend.obj
 0001:00039a64       GetTsfTlvFromScanResult    1003aa64 f   cmdsend.obj
 0001:00039b54       AppendTsfTlv               1003ab54 f   cmdsend.obj
 0001:00039c3c       UpdateTsfTimestamps        1003ac3c f   cmdsend.obj
 0001:00039e48       AuthModeMapping            1003ae48 f   cmdsend.obj
 0001:00039ed8       SendDeauthCommand          1003aed8 f   cmdsend.obj
 0001:0003a024       ?LoadMiniport@@YAHPAU_MINIPORT_INSTANCE_INFO@@@Z 1003b024 f   NDISLoader.obj
 0001:0003a558       ?UnloadMiniport@@YAXPAU_MINIPORT_INSTANCE_INFO@@@Z 1003b558 f   NDISLoader.obj
 0001:0003a734       ?NDL_Deinit@@YAHK@Z        1003b734 f   NDISLoader.obj
 0001:0003a860       ?NDL_Init@@YAKK@Z          1003b860 f   NDISLoader.obj
 0001:0003aacc       ?NDL_IOControl@@YAHKKPAEK0KPAK@Z 1003bacc f   NDISLoader.obj
 0001:0003aaf4       ?NDL_Open@@YAKKKK@Z        1003baf4 f   NDISLoader.obj
 0001:0003ab1c       ?NDL_PowerDown@@YAXK@Z     1003bb1c f   NDISLoader.obj
 0001:0003ab30       ?NDL_PowerUp@@YAXK@Z       1003bb30 f   NDISLoader.obj
 0001:0003ab44       ?NDL_Read@@YAKKPAXK@Z      1003bb44 f   NDISLoader.obj
 0001:0003ab6c       ?NDL_Seek@@YAKKJK@Z        1003bb6c f   NDISLoader.obj
 0001:0003ab94       ?NDL_Write@@YAKKPBXK@Z     1003bb94 f   NDISLoader.obj
 0001:0003abbc       ?NDL_Close@@YAHK@Z         1003bbbc f   NDISLoader.obj
 0001:0003abe4       MrvDrvReset                1003bbe4 f   exitproc.obj
 0001:0003ad28       MrvDrvCheckForHang         1003bd28 f   exitproc.obj
 0001:0003b0c0       MrvDrvHalt                 1003c0c0 f   exitproc.obj
 0001:0003b1c4       MrvDrvShutdownHandler      1003c1c4 f   exitproc.obj
 0001:0003b23c       CleanUpTimers              1003c23c f   exitproc.obj
 0001:0003b410       ResetAdapterObject         1003c410 f   exitproc.obj
 0001:0003b934       FreeAdapterObject          1003c934 f   exitproc.obj
 0001:0003ba18       CleanUpStationHW           1003ca18 f   exitproc.obj
 0001:0003bb88       AutoDeepSleepCounter       1003cb88 f   exitproc.obj
 0001:0003bd44       region_2_code              1003cd44 f   wlan_11d.obj
 0001:0003be18       code_2_region              1003ce18 f   wlan_11d.obj
 0001:0003bec0       ResetAllScanTypeAndPower   1003cec0 f   wlan_11d.obj
 0001:0003bfec       UpdateScanTypeFromCountryIE 1003cfec f   wlan_11d.obj
 0001:0003c80c       UpdateScanTypeByCountryCode 1003d80c f   wlan_11d.obj
 0001:0003cc5c       GenerateDomainInfoFromCountryIE 1003dc5c f   wlan_11d.obj
 0001:0003cce0       Enable_11d                 1003dce0 f   wlan_11d.obj
 0001:0003cd70       SetDomainInfo              1003dd70 f   wlan_11d.obj
 0001:0003cdf8       Generate_domain_info_11d   1003ddf8 f   wlan_11d.obj
 0001:0003d39c       ccx_send_packet            1003e39c f   wlan_ccx.obj
 0001:0003d5e0       ccx_set_txpower            1003e5e0 f   wlan_ccx.obj
 0001:0003d650       wlan_ccx_init              1003e650 f   wlan_ccx.obj
 0001:0003dcc8       wlan_ccx_free              1003ecc8 f   wlan_ccx.obj
 0001:0003dd48       wlan_ccx_setCurMAC         1003ed48 f   wlan_ccx.obj
 0001:0003dda0       wlan_ccx_send_packet       1003eda0 f   wlan_ccx.obj
 0001:0003de1c       wlan_ccx_isCurPacket       1003ee1c f   wlan_ccx.obj
 0001:0003de88       wlan_ccx_clrCurPacket      1003ee88 f   wlan_ccx.obj
 0001:0003de9c       wlan_ccx_process_association_req 1003ee9c f   wlan_ccx.obj
 0001:0003e3e0       wlan_ccx_process_bss_elem  1003f3e0 f   wlan_ccx.obj
 0001:0003e540       wlan_ccx_getFlags          1003f540 f   wlan_ccx.obj
 0001:0003e560       wlan_ccx_setFlags          1003f560 f   wlan_ccx.obj
 0001:0003e584       wlan_ccx_getEAPState       1003f584 f   wlan_ccx.obj
 0001:0003e5a4       wlan_ccx_setEAPState       1003f5a4 f   wlan_ccx.obj
 0001:0003e5c8       wlan_ccx_MapAuthMode       1003f5c8 f   wlan_ccx.obj
 0001:0003e63c       wlan_ccx_setRogueAP        1003f63c f   wlan_ccx.obj
 0001:0003e714       wlan_ccx_sendRogueAPList   1003f714 f   wlan_ccx.obj
 0001:0003e7f0       wlan_ccx_fillFrameHeader   1003f7f0 f   wlan_ccx.obj
 0001:0003e884       ccx_send                   1003f884 f   wlan_ccx.obj
 0001:0003e994       wlan_ccx_fillDDPINFOPkt    1003f994 f   wlan_ccx.obj
 0001:0003ed64       wlan_ccx_send_ddp          1003fd64 f   wlan_ccx.obj
 0001:0003ef00       wlan_ccx_recTxPower        1003ff00 f   wlan_ccx.obj
 0001:0003ef24       wlan_ccx_setTxPower        1003ff24 f   wlan_ccx.obj
 0001:0003ef60       wlan_ccx_assocSuccess      1003ff60 f   wlan_ccx.obj
 0001:0003ef70       wlan_ccx_authSuccess       1003ff70 f   wlan_ccx.obj
 0001:0003efbc       wlan_ccx_fillBeaconTable   1003ffbc f   wlan_ccx.obj
 0001:0003f598       wlan_ccx_send_BeaconTable  10040598 f   wlan_ccx.obj
 0001:0003f678       wlan_ccx_parse_iapp        10040678 f   wlan_ccx.obj
 0001:0003f884       wlan_ccx_cckmStart         10040884 f   wlan_ccx.obj
 0001:0003f95c       wlan_ccx_CCKMRequest       1004095c f   wlan_ccx.obj
 0001:0003fa98       Send_CCX4_S56_Notification 10040a98 f   wlan_ccx.obj
 0001:0003fbcc       Find_Ie_Traffic_Stream_Metric 10040bcc f   wlan_ccx.obj
 0001:0003fd50       HandleCcxv4S56Event        10040d50 f   wlan_ccx.obj
 0001:0003fff4       FunCcxV4S56TestTimer       10040ff4 f   wlan_ccx.obj
 0001:000407fc       wlan_ccx_RxPktFilter       100417fc f   wlan_ccx.obj
 0001:0004092c       ResetEvent                 1004192c f i wlan_ccx.obj
 0001:00040964       wlan_wmm_enable_ioctl      10041964 f   wmm.obj
 0001:00040ab8       wmm_lists_empty            10041ab8 f   wmm.obj
 0001:00040b40       wmm_cleanup_queues         10041b40 f   wmm.obj
 0001:00040c5c       wmm_get_tos                10041c5c f   wmm.obj
 0001:00040f18       wmm_get_pkt_priority       10041f18 f   wmm.obj
 0001:00040f90       wmm_get_pkt_priority_2     10041f90 f   wmm.obj
 0001:00040fb8       wmm_update_status_from_cmd_resp 10041fb8 f   wmm.obj
 0001:000410d0       wmm_set_ack_policy         100420d0 f   wmm.obj
 0001:00041168       wmm_set_sleep_period       10042168 f   wmm.obj
 0001:00041240       wlan_roam_init             10042240 f   wlan_roam.obj
 0001:00041388       wlan_roam_deinit           10042388 f   wlan_roam.obj
 0001:00041474       wlan_roam_set_state        10042474 f   wlan_roam.obj
 0001:000414fc       wlan_roam_query_isConnecting 100424fc f   wlan_roam.obj
 0001:0004152c       wlan_roam_ScanTableReady   1004252c f   wlan_roam.obj
 0001:00041578       wlan_roam_SetScanAlgorithm 10042578 f   wlan_roam.obj
 0001:00042d6c       wlan_roam_GetReconnectArg  10043d6c f   wlan_roam.obj
 0001:00042f14       wlan_Recalculate_APID      10043f14 f   wlan_roam.obj
 0001:00042fec       wlan_reconnect_init        10043fec f   wlan_roam.obj
 0001:0004305c       wlan_reconnect             1004405c f   wlan_roam.obj
 0001:00043480       wlan_reconnect_deinit      10044480 f   wlan_roam.obj
 0001:000434bc       wlan_recnnect_set_ap_param 100444bc f   wlan_roam.obj
 0001:00043500       wlan_create_thread         10044500 f   wlan_thread.obj
 0001:00043680       wlan_destroy_thread        10044680 f   wlan_thread.obj
 0001:0004391c       AES_SetKey                 1004491c f   aes.obj
 0001:00043974       AES_Encrypt                10044974 f   aes.obj
 0001:000439a0       AES_Decrypt                100449a0 f   aes.obj
 0001:000439cc       RtlSecureZeroMemory        100449cc f i aes.obj
 0001:00043a30       DeleteCriticalSection      10044a30 f   coredll:COREDLL.dll
 0001:00043a40       InitializeCriticalSection  10044a40 f   coredll:COREDLL.dll
 0001:00043a50       RegisterDbgZones           10044a50 f   coredll:COREDLL.dll
 0001:00043a60       DisableThreadLibraryCalls  10044a60 f   coredll:COREDLL.dll
 0001:00043a70       NKDbgPrintfW               10044a70 f   coredll:COREDLL.dll
 0001:00043a80       LocalFree                  10044a80 f   coredll:COREDLL.dll
 0001:00043a90       RegSetValueExW             10044a90 f   coredll:COREDLL.dll
 0001:00043aa0       RegCloseKey                10044aa0 f   coredll:COREDLL.dll
 0001:00043ab0       LocalAlloc                 10044ab0 f   coredll:COREDLL.dll
 0001:00043ac0       RegCreateKeyExW            10044ac0 f   coredll:COREDLL.dll
 0001:00043ad0       CeLogData                  10044ad0 f   coredll:COREDLL.dll
 0001:00043ae0       StringCchLengthW           10044ae0 f   coredll:COREDLL.dll
 0001:00043af0       StringCchVPrintfW          10044af0 f   coredll:COREDLL.dll
 0001:00043b00       CreateEventW               10044b00 f   coredll:COREDLL.dll
 0001:00043b10       WaitForSingleObject        10044b10 f   coredll:COREDLL.dll
 0001:00043b20       CreateThread               10044b20 f   coredll:COREDLL.dll
 0001:00043b30       GetTickCount               10044b30 f   coredll:COREDLL.dll
 0001:00043b40       LeaveCriticalSection       10044b40 f   coredll:COREDLL.dll
 0001:00043b50       EnterCriticalSection       10044b50 f   coredll:COREDLL.dll
 0001:00043b60       EventModify                10044b60 f   coredll:COREDLL.dll
 0001:00043b70       TryEnterCriticalSection    10044b70 f   coredll:COREDLL.dll
 0001:00043b80       WaitForMultipleObjects     10044b80 f   coredll:COREDLL.dll
 0001:00043b90       CeSetThreadPriority        10044b90 f   coredll:COREDLL.dll
 0001:00043ba0       RegDeleteKeyW              10044ba0 f   coredll:COREDLL.dll
 0001:00043bb0       RegQueryValueExW           10044bb0 f   coredll:COREDLL.dll
 0001:00043bc0       RegOpenKeyExW              10044bc0 f   coredll:COREDLL.dll
 0001:00043bd0       RegDeleteValueW            10044bd0 f   coredll:COREDLL.dll
 0001:00043be0       CloseHandle                10044be0 f   coredll:COREDLL.dll
 0001:00043bf0       Sleep                      10044bf0 f   coredll:COREDLL.dll
 0001:00043c00       NdisTerminateWrapper       10044c00 f   ndis:NDIS.dll
 0001:00043c10       NdisMRegisterMiniport      10044c10 f   ndis:NDIS.dll
 0001:00043c20       NdisInitializeWrapper      10044c20 f   ndis:NDIS.dll
 0001:00043c30       NdisMSleep                 10044c30 f   ndis:NDIS.dll
 0001:00043c40       NdisAllocateSpinLock       10044c40 f   ndis:NDIS.dll
 0001:00043c50       NdisMSetAttributesEx       10044c50 f   ndis:NDIS.dll
[...]
 0001:000518f8       ?Locate@SVSTree@@QAAPAVSVSTNode@@K@Z 100528f8 f i SDcardlib:utiltree.obj
 0001:000519bc       ?LocateRightNeighbor@SVSTree@@QAAPAVSVSTNode@@K@Z 100529bc f i SDcardlib:utiltree.obj
 0001:00051aec       ?ToArray@SVSTree@@QAAIPAPAX@Z 10052aec f i SDcardlib:utiltree.obj
 0001:00051b30       ?SubtreeToArray@SVSTree@@IAAIPAVSVSTNode@@AAPAPAX@Z 10052b30 f i SDcardlib:utiltree.obj
 0001:00051c3c       ?Size@SVSTree@@QAAIXZ      10052c3c f i SDcardlib:utiltree.obj
 0001:00051c6c       ?Compact@SVSTree@@QAAXXZ   10052c6c f i SDcardlib:utiltree.obj
 0001:00051c90       ?TreeInsert@SVSTree@@IAAXPAVSVSTNode@@@Z 10052c90 f i SDcardlib:utiltree.obj
 0001:00051dc0       ?LeftRotate@SVSTree@@IAAXPAVSVSTNode@@@Z 10052dc0 f i SDcardlib:utiltree.obj
 0001:00051efc       ?RightRotate@SVSTree@@IAAXPAVSVSTNode@@@Z 10052efc f i SDcardlib:utiltree.obj
 0001:00052038       __security_init_cookie     10053038 f   corelib0:seccinit.obj
 0001:00052100       __GSHandlerCheck           10053100 f   corelib0:gshandler.obj
 0001:00052148       __GSHandlerCheckCommon     10053148 f   corelib0:gshandler.obj
 0001:000521f0       __security_check_cookie    100531f0 f   corelib0:armsecgs.obj
 0001:00052204       __gsfailure                10053204 f   corelib0:armsecgs.obj
 0001:00052248       __GSHandlerCheck_SEH       10053248 f   corelib0:gshandlerseh.obj
 0001:000522d0       wcscpy                     100532d0 f   corelib1:COREDLL.dll
 0001:000522e0       wcslen                     100532e0 f   corelib1:COREDLL.dll
 0001:000522f0       memset                     100532f0 f   corelib1:COREDLL.dll
 0001:00052300       memcpy                     10053300 f   corelib1:COREDLL.dll
 0001:00052310       wcscat                     10053310 f   corelib1:COREDLL.dll
 0001:00052320       swprintf                   10053320 f   corelib1:COREDLL.dll
 0001:00052330       memcmp                     10053330 f   corelib1:COREDLL.dll
 0001:00052340       __rt_udiv                  10053340 f   corelib1:COREDLL.dll
 0001:00052350       sprintf                    10053350 f   corelib1:COREDLL.dll
 0001:00052360       __rt_sdiv                  10053360 f   corelib1:COREDLL.dll
 0001:00052370       _vsnwprintf                10053370 f   corelib1:COREDLL.dll
 0001:00052380       fclose                     10053380 f   corelib1:COREDLL.dll
 0001:00052390       fflush                     10053390 f   corelib1:COREDLL.dll
 0001:000523a0       vfwprintf                  100533a0 f   corelib1:COREDLL.dll
 0001:000523b0       fopen                      100533b0 f   corelib1:COREDLL.dll
 0001:000523c0       strlen                     100533c0 f   corelib1:COREDLL.dll
 0001:000523d0       strchr                     100533d0 f   corelib1:COREDLL.dll
 0001:000523e0       wcstok                     100533e0 f   corelib1:COREDLL.dll
 0001:000523f0       _ultow                     100533f0 f   corelib1:COREDLL.dll
 0001:00052400       strncmp                    10053400 f   corelib1:COREDLL.dll
 0001:00052410       __C_specific_handler       10053410 f   corelib1:COREDLL.dll
 0001:00052420       ??2@YAPAXI@Z               10053420 f   corelib1:COREDLL.dll
 0001:00052430       ??3@YAXPAX@Z               10053430 f   corelib1:COREDLL.dll
 0001:00052440       malloc                     10053440 f   corelib1:COREDLL.dll
 0001:00052450       realloc                    10053450 f   corelib1:COREDLL.dll
 0001:00052460       free                       10053460 f   corelib1:COREDLL.dll
 0001:00052470       _purecall                  10053470 f   corelib1:COREDLL.dll
 0001:00052480       _vsnwprintf_s              10053480 f   corelib1:COREDLL.dll
 0001:00052490       __security_gen_cookie2     10053490 f   corelib1:COREDLL.dll
 0001:000524a0       __report_gsfailure         100534a0 f   corelib1:COREDLL.dll
 0001:000524b0       GetLastError               100534b0 f   coredll:COREDLL.dll
 0001:000524c0       OutputDebugStringW         100534c0 f   coredll:COREDLL.dll
 0001:000524d0       RaiseException             100534d0 f   coredll:COREDLL.dll
 0001:000524e0       SetLastError               100534e0 f   coredll:COREDLL.dll
 0001:000524f0       InterlockedDecrement       100534f0 f   coredll:COREDLL.dll
 0001:00052500       InterlockedIncrement       10053500 f   coredll:COREDLL.dll
 0001:00052510       InterlockedCompareExchange 10053510 f   coredll:COREDLL.dll
 0001:00052520       InterlockedExchange        10053520 f   coredll:COREDLL.dll
 0001:00052530       ReadFile                   10053530 f   coredll:COREDLL.dll
 0001:00052540       GetFileSize                10053540 f   coredll:COREDLL.dll
 0001:00052550       CreateFileW                10053550 f   coredll:COREDLL.dll
 0001:00052560       ReportEventW               10053560 f   coredll:COREDLL.dll
 0001:00052570       LoadStringW                10053570 f   coredll:COREDLL.dll
 0001:00052580       BusIoControl               10053580 f   ceddk:CEDDK.dll
 0001:00052590       CeDriverMapCallbackFunction 10053590 f   ceddk:CEDDK.dll
 0001:000525a0       CreateBusAccessHandle      100535a0 f   ceddk:CEDDK.dll
 0001:000525b0       CloseBusAccessHandle       100535b0 f   ceddk:CEDDK.dll
 0001:00052690       __IMPORT_DESCRIPTOR_COREDLL 10053690     coredll:COREDLL.dll
 0001:000526a4       __IMPORT_DESCRIPTOR_NDIS   100536a4     ndis:NDIS.dll
 0001:000526b8       __IMPORT_DESCRIPTOR_CEDDK  100536b8     ceddk:CEDDK.dll
 0001:000526cc       __NULL_IMPORT_DESCRIPTOR   100536cc     coredll:COREDLL.dll
 0002:00000000       __imp_CeDriverMapCallbackFunction 10054000     ceddk:CEDDK.dll
 0002:00000004       __imp_CreateBusAccessHandle 10054004     ceddk:CEDDK.dll
 0002:00000008       __imp_CloseBusAccessHandle 10054008     ceddk:CEDDK.dll
 0002:0000000c       __imp_BusIoControl         1005400c     ceddk:CEDDK.dll
 0002:00000010       \177CEDDK_NULL_THUNK_DATA  10054010     ceddk:CEDDK.dll
 0002:00000014       __imp_LocalFree            10054014     coredll:COREDLL.dll
 0002:00000018       __imp_RegSetValueExW       10054018     coredll:COREDLL.dll
 0002:0000001c       __imp_RegCloseKey          1005401c     coredll:COREDLL.dll
 0002:00000020       __imp_LocalAlloc           10054020     coredll:COREDLL.dll
 0002:00000024       __imp_RegCreateKeyExW      10054024     coredll:COREDLL.dll
 0002:00000028       __imp_CeLogData            10054028     coredll:COREDLL.dll
 0002:0000002c       __imp_StringCchLengthW     1005402c     coredll:COREDLL.dll
 0002:00000030       __imp_StringCchVPrintfW    10054030     coredll:COREDLL.dll
 0002:00000034       __imp_CreateEventW         10054034     coredll:COREDLL.dll
 0002:00000038       __imp_WaitForSingleObject  10054038     coredll:COREDLL.dll
 0002:0000003c       __imp_CreateThread         1005403c     coredll:COREDLL.dll
 0002:00000040       __imp_GetTickCount         10054040     coredll:COREDLL.dll
 0002:00000044       __imp_NKDbgPrintfW         10054044     coredll:COREDLL.dll
 0002:00000048       __imp_EnterCriticalSection 10054048     coredll:COREDLL.dll
 0002:0000004c       __imp_EventModify          1005404c     coredll:COREDLL.dll
 0002:00000050       __imp_TryEnterCriticalSection 10054050     coredll:COREDLL.dll
 0002:00000054       __imp_WaitForMultipleObjects 10054054     coredll:COREDLL.dll
 0002:00000058       __imp_CeSetThreadPriority  10054058     coredll:COREDLL.dll
 0002:0000005c       __imp_RegDeleteKeyW        1005405c     coredll:COREDLL.dll
 0002:00000060       __imp_RegQueryValueExW     10054060     coredll:COREDLL.dll
 0002:00000064       __imp_RegOpenKeyExW        10054064     coredll:COREDLL.dll
 0002:00000068       __imp_RegDeleteValueW      10054068     coredll:COREDLL.dll
 0002:0000006c       __imp_CloseHandle          1005406c     coredll:COREDLL.dll
 0002:00000070       __imp_Sleep                10054070     coredll:COREDLL.dll
 0002:00000074       __imp_DisableThreadLibraryCalls 10054074     coredll:COREDLL.dll
 0002:00000078       __imp_RegisterDbgZones     10054078     coredll:COREDLL.dll
 0002:0000007c       __imp_InitializeCriticalSection 1005407c     coredll:COREDLL.dll
 0002:00000080       __imp_LeaveCriticalSection 10054080     coredll:COREDLL.dll
 0002:00000084       __imp_LoadStringW          10054084     coredll:COREDLL.dll
 0002:00000088       __imp_ReportEventW         10054088     coredll:COREDLL.dll
 0002:0000008c       __imp_CreateFileW          1005408c     coredll:COREDLL.dll
 0002:00000090       __imp_GetFileSize          10054090     coredll:COREDLL.dll
 0002:00000094       __imp_ReadFile             10054094     coredll:COREDLL.dll
 0002:00000098       __imp_InterlockedExchange  10054098     coredll:COREDLL.dll
 0002:0000009c       __imp_InterlockedCompareExchange 1005409c     coredll:COREDLL.dll
 0002:000000a0       __imp_InterlockedIncrement 100540a0     coredll:COREDLL.dll
 0002:000000a4       __imp_InterlockedDecrement 100540a4     coredll:COREDLL.dll
 0002:000000a8       __imp_SetLastError         100540a8     coredll:COREDLL.dll
 0002:000000ac       __imp_RaiseException       100540ac     coredll:COREDLL.dll
 0002:000000b0       __imp_OutputDebugStringW   100540b0     coredll:COREDLL.dll
 0002:000000b4       __imp_GetLastError         100540b4     coredll:COREDLL.dll
 0002:000000b8       __imp___report_gsfailure   100540b8     corelib1:COREDLL.dll
 0002:000000bc       __imp___security_gen_cookie2 100540bc     corelib1:COREDLL.dll
 0002:000000c0       __imp__vsnwprintf_s        100540c0     corelib1:COREDLL.dll
 0002:000000c4       __imp__purecall            100540c4     corelib1:COREDLL.dll
 0002:000000c8       __imp_free                 100540c8     corelib1:COREDLL.dll
 0002:000000cc       __imp_realloc              100540cc     corelib1:COREDLL.dll
 0002:000000d0       __imp_malloc               100540d0     corelib1:COREDLL.dll
 0002:000000d4       __imp_??3@YAXPAX@Z         100540d4     corelib1:COREDLL.dll
 0002:000000d8       __imp_??2@YAPAXI@Z         100540d8     corelib1:COREDLL.dll
 0002:000000dc       __imp_DeleteCriticalSection 100540dc     coredll:COREDLL.dll
 0002:000000e0       __imp___C_specific_handler 100540e0     corelib1:COREDLL.dll
 0002:000000e4       __imp_strncmp              100540e4     corelib1:COREDLL.dll
 0002:000000e8       __imp__ultow               100540e8     corelib1:COREDLL.dll
 0002:000000ec       __imp_wcstok               100540ec     corelib1:COREDLL.dll
 0002:000000f0       __imp_strchr               100540f0     corelib1:COREDLL.dll
 0002:000000f4       __imp_strlen               100540f4     corelib1:COREDLL.dll
 0002:000000f8       __imp_fopen                100540f8     corelib1:COREDLL.dll
 0002:000000fc       __imp_vfwprintf            100540fc     corelib1:COREDLL.dll
 0002:00000100       __imp_wcscpy               10054100     corelib1:COREDLL.dll
 0002:00000104       __imp_wcslen               10054104     corelib1:COREDLL.dll
 0002:00000108       __imp_memset               10054108     corelib1:COREDLL.dll
 0002:0000010c       __imp_memcpy               1005410c     corelib1:COREDLL.dll
 0002:00000110       __imp_wcscat               10054110     corelib1:COREDLL.dll
 0002:00000114       __imp_swprintf             10054114     corelib1:COREDLL.dll
 0002:00000118       __imp_memcmp               10054118     corelib1:COREDLL.dll
 0002:0000011c       __imp___rt_udiv            1005411c     corelib1:COREDLL.dll
 0002:00000120       __imp_sprintf              10054120     corelib1:COREDLL.dll
 0002:00000124       __imp___rt_sdiv            10054124     corelib1:COREDLL.dll
 0002:00000128       __imp__vsnwprintf          10054128     corelib1:COREDLL.dll
 0002:0000012c       __imp_fclose               1005412c     corelib1:COREDLL.dll
 0002:00000130       __imp_fflush               10054130     corelib1:COREDLL.dll
 0002:00000134       \177COREDLL_NULL_THUNK_DATA 10054134     coredll:COREDLL.dll
 0002:00000138       __imp_NdisFreeSpinLock     10054138     ndis:NDIS.dll
 0002:0000013c       __imp_NdisMFreeMapRegisters 1005413c     ndis:NDIS.dll
 0002:00000140       __imp_NdisDeregisterAdapter 10054140     ndis:NDIS.dll
 0002:00000144       __imp_NdisRegisterAdapter  10054144     ndis:NDIS.dll
 0002:00000148       __imp_NdisFreeBuffer       10054148     ndis:NDIS.dll
 0002:0000014c       __imp_NdisFreePacket       1005414c     ndis:NDIS.dll
 0002:00000150       __imp_NdisFreeBufferPool   10054150     ndis:NDIS.dll
 0002:00000154       __imp_NdisAllocatePacketPoolEx 10054154     ndis:NDIS.dll
 0002:00000158       __imp_NdisAllocateBufferPool 10054158     ndis:NDIS.dll
 0002:0000015c       __imp_NdisAllocateBuffer   1005415c     ndis:NDIS.dll
 0002:00000160       __imp_NdisAllocatePacket   10054160     ndis:NDIS.dll
 0002:00000164       __imp_NdisQueryPacket      10054164     ndis:NDIS.dll
 0002:00000168       __imp_NdisMSetPeriodicTimer 10054168     ndis:NDIS.dll
 0002:0000016c       __imp_NdisAcquireSpinLock  1005416c     ndis:NDIS.dll
 0002:00000170       __imp_NdisReleaseSpinLock  10054170     ndis:NDIS.dll
 0002:00000174       __imp_NdisMCancelTimer     10054174     ndis:NDIS.dll
 0002:00000178       __imp_NdisSetTimer         10054178     ndis:NDIS.dll
 0002:0000017c       __imp_NdisStallExecution   1005417c     ndis:NDIS.dll
 0002:00000180       __imp_NdisMInitializeTimer 10054180     ndis:NDIS.dll
 0002:00000184       __imp_NdisReadNetworkAddress 10054184     ndis:NDIS.dll
 0002:00000188       __imp_NdisReadConfiguration 10054188     ndis:NDIS.dll
 0002:0000018c       __imp_NdisUnicodeStringToAnsiString 1005418c     ndis:NDIS.dll
 0002:00000190       __imp_NdisGetSystemUpTime  10054190     ndis:NDIS.dll
 0002:00000194       __imp_NdisAllocateMemoryWithTag 10054194     ndis:NDIS.dll
 0002:00000198       __imp_NdisOpenConfiguration 10054198     ndis:NDIS.dll
 0002:0000019c       __imp_NdisCloseConfiguration 1005419c     ndis:NDIS.dll
 0002:000001a0       __imp_NdisFreeMemory       100541a0     ndis:NDIS.dll
 0002:000001a4       __imp_NdisMSetAttributesEx 100541a4     ndis:NDIS.dll
 0002:000001a8       __imp_NdisAllocateSpinLock 100541a8     ndis:NDIS.dll
 0002:000001ac       __imp_NdisMSleep           100541ac     ndis:NDIS.dll
 0002:000001b0       __imp_NdisInitializeWrapper 100541b0     ndis:NDIS.dll
 0002:000001b4       __imp_NdisMRegisterMiniport 100541b4     ndis:NDIS.dll
 0002:000001b8       __imp_NdisTerminateWrapper 100541b8     ndis:NDIS.dll
 0002:000001bc       __imp_NdisFreePacketPool   100541bc     ndis:NDIS.dll
 0002:000001c0       \177NDIS_NULL_THUNK_DATA   100541c0     ndis:NDIS.dll
 0002:000006c4       DebugLevel                 100546c4     initproc.obj
 0002:000006c8       DebugModule                100546c8     initproc.obj
 0002:00001128       PsQueryableOID             10055128     oidproc.obj
 0002:0000178c       EAPOLStartPacket           1005578c     hwacproc.obj
 0002:000044f0       dpCurSettings              100584f0     NDISLoader.obj
 0002:00005d60       wmm_tos2ac                 10059d60     wmm.obj
 0002:000071e8       fmimage                    1005b1e8     drvif:SDIOUtil.obj
 0002:00024ef8       helperimage                10078ef8     drvif:SDIOUtil.obj
 0002:0002574c       g_SDClientApiFunctions     1007974c     SDcardlib:SDCardApiStubs.obj
 0002:00025780       g_funcAlloc                10079780     SDcardlib:utilmem.obj
 0002:00025784       g_funcFree                 10079784     SDcardlib:utilmem.obj
 0002:00025788       g_funcRealloc              10079788     SDcardlib:utilmem.obj
 0002:0002578c       g_funcDebugOut             1007978c     SDcardlib:svsutil.obj
 0002:00025790       __security_cookie          10079790     corelib0:seccinit.obj
 0002:00025794       __security_cookie_complement 10079794     corelib0:seccinit.obj
 0002:000257a0       lptRegImage1               100797a0     initproc.obj
 0002:000257a1       lptRegImage2               100797a1     initproc.obj
 0002:000257a4       MrvDbgfp                   100797a4     initproc.obj
 0002:000257a8       g_fMrvDrvHaltCalled        100797a8     initproc.obj
 0002:000257ac       g_hLoaderThread            100797ac     initproc.obj
 0002:00026de4       ?g_pSDBusAccess@@3PAVSDBusAccess@@A 1007ade4     SDcardlib:busacc.obj
 0002:00026df4       g_pvAllocData              1007adf4     SDcardlib:utilmem.obj
 0002:00026df8       g_pvFreeData               1007adf8     SDcardlib:utilmem.obj
 0002:00026e10       g_pvDebugData              1007ae10     SDcardlib:svsutil.obj
 0002:00026e20       g_KSKeyTable               1007ae20     <common>
 0002:00027020       LoaderCriticalSection      1007b020     <common>

 entry point at        0001:00007bf8

 Static symbols

 0001:000088b8       CeLogMsg                   100098b8 f   initproc.obj
 0001:000197ac       HandleSSIDScan             1001a7ac f   oidproc.obj
 0001:00019e50       ProcessOIDMrvlAssoc        1001ae50 f   oidproc.obj
 0001:0001e2fc       HandleADDTSResponse        1001f2fc f   hwacproc.obj
 0001:00020070       ExtractSecuritymode        10021070 f   hwacproc.obj
 0001:00021444       HandleRSSI                 10022444 f   hwacproc.obj
 0001:00025990       AgeOutSsidEntry            10026990 f   hwacproc.obj
 0001:00025b04       AgeOutChannelEntry         10026b04 f   hwacproc.obj
 0001:00039740       UpdateAPTableType          1003a740 f   cmdsend.obj
 0001:00039828       get_common_rates           1003a828 f   cmdsend.obj
 0001:0003d740       ccx_allocatePacketBuffer   1003e740 f   wlan_ccx.obj
 0001:0003db14       ccx_freePacketBuffer       1003eb14 f   wlan_ccx.obj
 0001:0003e0e8       append_ccx_version_ie      1003f0e8 f   wlan_ccx.obj
 0001:0003e1d8       append_ccx_aironet_ie      1003f1d8 f   wlan_ccx.obj
 0001:0003e2dc       append_cckm_request_ie     1003f2dc f   wlan_ccx.obj
 0001:0003ed04       GetBigEndian               1003fd04 f   wlan_ccx.obj
 0001:00041744       wlan_roam_set_stableState  10042744 f   wlan_roam.obj
 0001:000417f4       wlan_roam_set_roamState    100427f4 f   wlan_roam.obj
 0001:00041868       wlan_roam_set_disconnectState 10042868 f   wlan_roam.obj
 0001:000418a8       wlan_roam_BGScan_Init      100428a8 f   wlan_roam.obj
 0001:000419b8       wlan_roam_BGScan_deInit    100429b8 f   wlan_roam.obj
 0001:00041a08       wlan_roam_BGScan_SetInterval 10042a08 f   wlan_roam.obj
 0001:00041a2c       wlan_roam_BGScan_SetScanDone 10042a2c f   wlan_roam.obj
 0001:00041a4c       wlan_roam_UseBGScan        10042a4c f   wlan_roam.obj
 0001:00041ae4       wlan_roam_BGScan_CurrentSSID 10042ae4 f   wlan_roam.obj
 0001:00042374       wlan_roam_NScan_Init       10043374 f   wlan_roam.obj
 0001:00042494       wlan_roam_NScan_deInit     10043494 f   wlan_roam.obj
 0001:000424e4       wlan_roam_NScan_SetInterval 100434e4 f   wlan_roam.obj
 0001:00042508       wlan_roam_NScan_SetScanDone 10043508 f   wlan_roam.obj
 0001:00042528       wlan_roam_UseNormalScan    10043528 f   wlan_roam.obj
 0001:000426b4       wlan_roam_NScan_GetNextChannel 100436b4 f   wlan_roam.obj
 0001:000427d0       wlan_roam_UpdateScanTable  100437d0 f   wlan_roam.obj
 0001:00042868       wlan_roam_GetInterval      10043868 f   wlan_roam.obj
 0001:0004295c       mrv_roam_Thread            1004395c f   wlan_roam.obj
 0001:00042a74       mrv_roam_FindNextAP        10043a74 f   wlan_roam.obj
 0001:00042d98       wlan_roam_update_rssi      10043d98 f   wlan_roam.obj
 0001:000432a0       GetFirmwarTSF              100442a0 f   wlan_roam.obj
 0001:000433ec       SetLastWepKey              100443ec f   wlan_roam.obj
 0001:00043828       threadHandle               10044828 f   wlan_thread.obj
 0001:000484d4       ShiftBytes                 100494d4 f   SDcardlib:SDMisc.obj
 0001:0004c334       ?InitCardLib@@YAHXZ        1004d334 f   SDcardlib:SDMemApi.obj
 0001:0004c4a8       ?DeinitCardLib@@YAHXZ      1004d4a8 f   SDcardlib:SDMemApi.obj
 0001:0004e4f4       ?svsutil_CompactFixed_Worker@@YAXPAUFixedMemDescr@@@Z 1004f4f4 f   SDcardlib:utilmemf.obj
 0001:0004f6e8       ?svsutil_DebugOut@@YAHPAXPAGZZ 100506e8 f   SDcardlib:svsutil.obj
