 smdk6410_serial

 Timestamp is 531ec5f8 (Tue Mar 11 16:14:48 2014)

 Preferred load address is 10000000

 Start         Length     Name                   Class
 0001:00000000 00000004H .CRT$XCA                CODE
 0001:00000004 00000004H .CRT$XCZ                CODE
 0001:00000008 00000004H .CRT$XIA                CODE
 0001:0000000c 00000004H .CRT$XIZ                CODE
 0001:00000010 00000004H .CRT$XPA                CODE
 0001:00000014 00000004H .CRT$XPZ                CODE
 0001:00000018 00000004H .CRT$XTA                CODE
 0001:0000001c 00000004H .CRT$XTZ                CODE
 0001:00000020 000067faH .rdata                  CODE
 0001:0000681c 0000002cH .rdata$debug            CODE
 0001:00006848 000157dcH .text                   CODE
 0001:0001c024 00000044H .xdata                  CODE
 0001:0001c068 00000028H .idata$2                CODE
 0001:0001c090 00000014H .idata$3                CODE
 0001:0001c0a4 00000148H .idata$4                CODE
 0001:0001c1ec 00000016H .idata$6                CODE
 0001:0001c210 00000131H .edata                  CODE
 0002:00000000 00000148H .idata$5                DATA
 0002:00000148 0000046cH .data                   DATA
 0002:000005b8 000000f8H .bss                    DATA
 0003:00000000 00000908H .pdata                  DATA

  Address         Publics by Value              Rva+Base       Lib:Object

 0000:00000000       ___safe_se_handler_table   00000000     <absolute>
 0000:00000000       ___safe_se_handler_count   00000000     <absolute>
 0001:00000000       __xc_a                     10001000     corelib0:crt0init.obj
 0001:00000004       __xc_z                     10001004     corelib0:crt0init.obj
 0001:00000008       __xi_a                     10001008     corelib0:crt0init.obj
 0001:0000000c       __xi_z                     1000100c     corelib0:crt0init.obj
 0001:00000010       __xp_a                     10001010     corelib0:crt0init.obj
 0001:00000014       __xp_z                     10001014     corelib0:crt0init.obj
 0001:00000018       __xt_a                     10001018     corelib0:crt0init.obj
 0001:0000001c       __xt_z                     1000101c     corelib0:crt0init.obj
 0001:0000003c       ??_C@_1DO@OABEFNCB@?$AAD?$AAE?$AAB?$AAU?$AAG?$AA?3?$AA?5?$AAC?$AAr?$AAe?$AAa?$AAt?$AAe?$AAS?$AAe?$AAr?$AAi?$AAa?$AAl?$AAO?$AAb?$AAj?$AAe?$AAc?$AAt?$AA?5?$AA?$CF?$AAd?$AA?$AN?$AA?6?$AA?$AA@ 1000103c     ser_smdk6410.obj
 0001:0000007c       ??_C@_1DC@CCHEECLI@?$AAD?$AAE?$AAB?$AAU?$AAG?$AA?3?$AA?5?$AAS?$AAe?$AAr?$AAi?$AAa?$AAl?$AA0?$AA?5?$AAc?$AAr?$AAe?$AAa?$AAt?$AAe?$AAd?$AA?$AN?$AA?6?$AA?$AA@ 1000107c     ser_smdk6410.obj
 0001:000000b0       ??_7CPdd6410Serial0@@6BCMiniThread@@@ 100010b0     ser_smdk6410.obj
 0001:000000b8       ??_7CPdd6410Serial0@@6BCSerialPDD@@@ 100010b8     ser_smdk6410.obj
 0001:000001a0       ??_C@_1EK@NPMBONHN@?$AA?5?$AA?$CK?$AA?$CK?$AA?$CK?$AA?5?$AAU?$AAA?$AAR?$AAT?$AA?5?$AAA?$AAu?$AAt?$AAo?$AAF?$AAl?$AAo?$AAw?$AA?5?$AAe?$AAn?$AAa?$AAb?$AAl?$AAe?$AAd?$AA?3?$AA?5?$AA0?$AAx?$AA?$CF?$AAX@ 100011a0     ser_smdk6410.obj
 0001:000001ec       ??_C@_1BA@BDHDGOBO@?$AAS?$AAy?$AAs?$AAI?$AAn?$AAt?$AAr?$AA?$AA@ 100011ec     ser_smdk6410.obj
 0001:000001fc       ??_C@_1DM@FENODHIG@?$AAD?$AAE?$AAB?$AAU?$AAG?$AA?3?$AA?5?$AAS?$AAe?$AAr?$AAi?$AAa?$AAl?$AA0?$AA?5?$AAS?$AAY?$AAS?$AAI?$AAN?$AAT?$AAR?$AA?5?$AA?3?$AA?5?$AA?$CF?$AAd?$AA?$AN?$AA?6?$AA?$AA@ 100011fc     ser_smdk6410.obj
 0001:00000238       ??_C@_1DC@KDFBCHJP@?$AAD?$AAE?$AAB?$AAU?$AAG?$AA?3?$AA?5?$AAS?$AAe?$AAr?$AAi?$AAa?$AAl?$AA1?$AA?5?$AAc?$AAr?$AAe?$AAa?$AAt?$AAe?$AAd?$AA?$AN?$AA?6?$AA?$AA@ 10001238     ser_smdk6410.obj
 0001:0000026c       ??_7CPdd6410Serial1@@6BCMiniThread@@@ 1000126c     ser_smdk6410.obj
 0001:00000270       ??_7CPdd6410Serial1@@6BCSerialPDD@@@ 10001270     ser_smdk6410.obj
 0001:00000354       ??_C@_1DM@HAFMGGLA@?$AAD?$AAE?$AAB?$AAU?$AAG?$AA?3?$AA?5?$AAS?$AAe?$AAr?$AAi?$AAa?$AAl?$AA1?$AA?5?$AAS?$AAY?$AAS?$AAI?$AAN?$AAT?$AAR?$AA?5?$AA?3?$AA?5?$AA?$CF?$AAd?$AA?$AN?$AA?6?$AA?$AA@ 10001354     ser_smdk6410.obj
 0001:00000390       ??_C@_1DC@PLEPIOLH@?$AAD?$AAE?$AAB?$AAU?$AAG?$AA?3?$AA?5?$AAS?$AAe?$AAr?$AAi?$AAa?$AAl?$AA2?$AA?5?$AAc?$AAr?$AAe?$AAa?$AAt?$AAe?$AAd?$AA?$AN?$AA?6?$AA?$AA@ 10001390     ser_smdk6410.obj
 0001:000003c4       ??_7CPdd6410Serial2@@6BCMiniThread@@@ 100013c4     ser_smdk6410.obj
 0001:000003c8       ??_7CPdd6410Serial2@@6BCSerialPDD@@@ 100013c8     ser_smdk6410.obj
 0001:000004ac       ??_C@_1DM@BNNKJFOK@?$AAD?$AAE?$AAB?$AAU?$AAG?$AA?3?$AA?5?$AAS?$AAe?$AAr?$AAi?$AAa?$AAl?$AA2?$AA?5?$AAS?$AAY?$AAS?$AAI?$AAN?$AAT?$AAR?$AA?5?$AA?3?$AA?5?$AA?$CF?$AAd?$AA?$AN?$AA?6?$AA?$AA@ 100014ac     ser_smdk6410.obj
 0001:000004e8       ??_C@_1DC@HKGKOLJA@?$AAD?$AAE?$AAB?$AAU?$AAG?$AA?3?$AA?5?$AAS?$AAe?$AAr?$AAi?$AAa?$AAl?$AA3?$AA?5?$AAc?$AAr?$AAe?$AAa?$AAt?$AAe?$AAd?$AA?$AN?$AA?6?$AA?$AA@ 100014e8     ser_smdk6410.obj
 0001:0000051c       ??_7CPdd6410Serial3@@6BCMiniThread@@@ 1000151c     ser_smdk6410.obj
 0001:00000520       ??_7CPdd6410Serial3@@6BCSerialPDD@@@ 10001520     ser_smdk6410.obj
 0001:00000604       ??_C@_1DM@DJFIMENM@?$AAD?$AAE?$AAB?$AAU?$AAG?$AA?3?$AA?5?$AAS?$AAe?$AAr?$AAi?$AAa?$AAl?$AA3?$AA?5?$AAS?$AAY?$AAS?$AAI?$AAN?$AAT?$AAR?$AA?5?$AA?3?$AA?5?$AA?$CF?$AAd?$AA?$AN?$AA?6?$AA?$AA@ 10001604     ser_smdk6410.obj
 0001:00000680       ??_7CReg6410Uart@@6B@      10001680     pdds3c6410_ser.obj
 0001:00000698       ??_C@_1BA@LEPJIIOK@?$AAU?$AAn?$AAk?$AAn?$AAo?$AAw?$AAn?$AA?$AA@ 10001698     pdds3c6410_ser.obj
 0001:000006a8       ??_C@_1JI@DBBKGAON@?$AAE?$AAR?$AAR?$AAO?$AAR?$AA?3?$AA?5?$AAT?$AAh?$AAe?$AA?5?$AAs?$AA3?$AAc?$AA6?$AA4?$AA1?$AA0?$AAa?$AA?5?$AAs?$AAe?$AAr?$AAi?$AAa?$AAl?$AA?5?$AAd?$AAr?$AAi?$AAv?$AAe@ 100016a8     pdds3c6410_ser.obj
 0001:00000740       ??_C@_1FO@CGDIGFAE@?$AAC?$AAL?$AAK?$AA?3?$AA?$CF?$AAd?$AA?0?$AA?5?$AAB?$AAa?$AAu?$AAd?$AAR?$AAa?$AAt?$AAe?$AA?3?$AA?$CF?$AAd?$AA?0?$AA?5?$AAU?$AAB?$AAR?$AAD?$AAI?$AAV?$AA?3?$AA?$CF?$AAd?$AA?0?$AA?5@ 10001740     pdds3c6410_ser.obj
 0001:000007a0       ??_C@_1CI@HPMKMCCE@?$AAS?$AAe?$AAt?$AAB?$AAa?$AAu?$AAd?$AAR?$AAa?$AAt?$AAe?$AA?5?$AA?9?$AA?$DO?$AA?5?$AA?$CF?$AAd?$AA?$AN?$AA?6?$AA?$AA@ 100017a0     pdds3c6410_ser.obj
 0001:000007c8       ??_C@_1FK@FNONLNGN@?$AA?$CF?$AAs?$AA?3?$AA?5?$AAD?$AAE?$AAB?$AAU?$AAG?$AAC?$AAH?$AAK?$AA?5?$AAf?$AAa?$AAi?$AAl?$AAe?$AAd?$AA?5?$AAi?$AAn?$AA?5?$AAf?$AAi?$AAl?$AAe?$AA?5?$AA?$CF?$AAs?$AA?5?$AAa@ 100017c8     pdds3c6410_ser.obj
 0001:00000828       ??_C@_1JM@IBLFBFH@?$AAC?$AA?3?$AA?2?$AAW?$AAI?$AAN?$AAC?$AAE?$AA6?$AA0?$AA0?$AA?2?$AAP?$AAL?$AAA?$AAT?$AAF?$AAO?$AAR?$AAM?$AA?2?$AAT?$AAe?$AAn?$AAB?$AAy?$AAT?$AAe?$AAn?$AA6?$AA4?$AA1@ 10001828     pdds3c6410_ser.obj
 0001:000008c8       ??_C@_1II@FAIPNHCG@?$AAD?$AAu?$AAm?$AAp?$AAR?$AAe?$AAg?$AAi?$AAs?$AAt?$AAe?$AAr?$AA?5?$AA?$CI?$AAU?$AAL?$AAC?$AAO?$AAN?$AA?$DN?$AA?$CF?$AAx?$AA?0?$AA?5?$AAU?$AAC?$AAO?$AAN?$AA?$DN?$AA?$CF?$AAx?$AA?0@ 100018c8     pdds3c6410_ser.obj
 0001:00000950       ??_7CPdd6410Uart@@6BCMiniThread@@@ 10001950     pdds3c6410_ser.obj
 0001:00000958       ??_7CPdd6410Uart@@6BCSerialPDD@@@ 10001958     pdds3c6410_ser.obj
 0001:00000a3c       ??_7CMiniThread@@6B@       10001a3c     pdds3c6410_ser.obj
 0001:00000a40       ??_C@_1O@LBBNFMDB@?$AAM?$AAe?$AAm?$AAL?$AAe?$AAn?$AA?$AA@ 10001a40     pdds3c6410_ser.obj
 0001:00000a50       ??_C@_1BI@DFNHKOLO@?$AAI?$AAS?$AAT?$AAT?$AAi?$AAm?$AAe?$AAo?$AAu?$AAt?$AAs?$AA?$AA@ 10001a50     pdds3c6410_ser.obj
 0001:00000a68       ??_C@_1BI@BIDGGFDD@?$AAW?$AAa?$AAt?$AAe?$AAr?$AAM?$AAa?$AAr?$AAk?$AAe?$AAr?$AA?$AA@ 10001a68     pdds3c6410_ser.obj
 0001:00000a80       ??_C@_1CC@KMPFMANC@?$AAD?$AAe?$AAv?$AAi?$AAc?$AAe?$AAA?$AAr?$AAr?$AAa?$AAy?$AAI?$AAn?$AAd?$AAe?$AAx?$AA?$AA@ 10001a80     pdds3c6410_ser.obj
 0001:00000aa4       ??_C@_1BM@MHMIAMLB@?$AAI?$AAn?$AAt?$AAe?$AAr?$AAf?$AAa?$AAc?$AAe?$AAT?$AAy?$AAp?$AAe?$AA?$AA@ 10001aa4     pdds3c6410_ser.obj
 0001:00000ac0       ??_C@_1GE@BJFOJHPJ@?$AA?5?$AAC?$AAP?$AAd?$AAd?$AA6?$AA4?$AA1?$AA0?$AAU?$AAa?$AAr?$AAt?$AA?3?$AA?3?$AAT?$AAh?$AAr?$AAe?$AAa?$AAd?$AAR?$AAu?$AAn?$AA?5?$AAt?$AAi?$AAm?$AAe?$AAo?$AAu?$AAt@ 10001ac0     pdds3c6410_ser.obj
 0001:00000b28       ??_C@_1FC@OGAMDGC@?$AA?5?$AAC?$AAP?$AAd?$AAd?$AA6?$AA4?$AA1?$AA0?$AAU?$AAa?$AAr?$AAt?$AA?3?$AA?3?$AAT?$AAh?$AAr?$AAe?$AAa?$AAd?$AAR?$AAu?$AAn?$AA?5?$AAA?$AAc?$AAt?$AAi?$AAv?$AAe?$AA?5@ 10001b28     pdds3c6410_ser.obj
 0001:00000b80       ??_C@_1GK@HIODGGKN@?$AAC?$AAP?$AAd?$AAd?$AA6?$AA4?$AA1?$AA0?$AAU?$AAa?$AAr?$AAt?$AA?3?$AA?3?$AAI?$AAn?$AAi?$AAt?$AAX?$AAm?$AAi?$AAt?$AA?$CB?$AA?5?$AAW?$AAa?$AAi?$AAt?$AA?5?$AAf?$AAo?$AAr@ 10001b80     pdds3c6410_ser.obj
 0001:00000bf0       ??_C@_1HI@LMFMCKHO@?$AAC?$AAP?$AAd?$AAd?$AA6?$AA4?$AA1?$AA0?$AAU?$AAa?$AAr?$AAt?$AA?3?$AA?3?$AAX?$AAm?$AAi?$AAt?$AAI?$AAn?$AAt?$AAe?$AAr?$AAr?$AAu?$AAp?$AAt?$AAH?$AAa?$AAn?$AAd?$AAl@ 10001bf0     pdds3c6410_ser.obj
 0001:00000c68       ??_C@_1KC@BNELDAGO@?$AAC?$AAP?$AAd?$AAd?$AA6?$AA4?$AA1?$AA0?$AAU?$AAa?$AAr?$AAt?$AA?3?$AA?3?$AAX?$AAm?$AAi?$AAt?$AAI?$AAn?$AAt?$AAe?$AAr?$AAr?$AAu?$AAp?$AAt?$AAH?$AAa?$AAn?$AAd?$AAl@ 10001c68     pdds3c6410_ser.obj
 0001:00000d10       ??_C@_1HM@BMCGAAKP@?$AAC?$AAP?$AAd?$AAd?$AA6?$AA4?$AA1?$AA0?$AAU?$AAa?$AAr?$AAt?$AA?3?$AA?3?$AAX?$AAm?$AAi?$AAt?$AAI?$AAn?$AAt?$AAe?$AAr?$AAr?$AAu?$AAp?$AAt?$AAH?$AAa?$AAn?$AAd?$AAl@ 10001d10     pdds3c6410_ser.obj
 0001:00000d90       ??_C@_1KK@GDMBENHI@?$AA?9?$AAC?$AAP?$AAd?$AAd?$AA6?$AA4?$AA1?$AA0?$AAU?$AAa?$AAr?$AAt?$AA?3?$AA?3?$AAR?$AAe?$AAc?$AAe?$AAi?$AAv?$AAe?$AAI?$AAn?$AAt?$AAe?$AAr?$AAr?$AAu?$AAp?$AAt?$AAH@ 10001d90     pdds3c6410_ser.obj
 0001:00000e40       ??_C@_1KE@EFKIPHFK@?$AAC?$AAP?$AAd?$AAd?$AA6?$AA4?$AA1?$AA0?$AAU?$AAa?$AAr?$AAt?$AA?3?$AA?3?$AAR?$AAe?$AAc?$AAe?$AAi?$AAv?$AAe?$AAI?$AAn?$AAt?$AAe?$AAr?$AAr?$AAu?$AAp?$AAt?$AAH?$AAa@ 10001e40     pdds3c6410_ser.obj
 0001:00000ee8       ??_C@_1IG@LGOKPGOH@?$AA?$CL?$AAC?$AAP?$AAd?$AAd?$AA6?$AA4?$AA1?$AA0?$AAU?$AAa?$AAr?$AAt?$AA?3?$AA?3?$AAR?$AAe?$AAc?$AAe?$AAi?$AAv?$AAe?$AAI?$AAn?$AAt?$AAe?$AAr?$AAr?$AAu?$AAp?$AAt?$AAH@ 10001ee8     pdds3c6410_ser.obj
 0001:00000f70       ??_C@_1FM@PGGIPJP@?$AA?$FL?$AAU?$AAA?$AAR?$AAT?$AA?$FN?$AA?5?$AAF?$AAo?$AAr?$AA?5?$AAp?$AAD?$AAM?$AAA?$AAC?$AA1?$AAr?$AAe?$AAg?$AAs?$AA?3?$AA?5?$AAM?$AAm?$AAM?$AAa?$AAp?$AAI?$AAo?$AAS?$AAp@ 10001f70     pddS3C6410_ser_dma.obj
 0001:00000fd0       ??_C@_1FM@MFLFABBA@?$AA?$FL?$AAU?$AAA?$AAR?$AAT?$AA?$FN?$AA?5?$AAF?$AAo?$AAr?$AA?5?$AAp?$AAD?$AAM?$AAA?$AAC?$AA0?$AAr?$AAe?$AAg?$AAs?$AA?3?$AA?5?$AAM?$AAm?$AAM?$AAa?$AAp?$AAI?$AAo?$AAS?$AAp@ 10001fd0     pddS3C6410_ser_dma.obj
 0001:00001030       ??_C@_1FO@GIIBCIDD@?$AA?$FL?$AAU?$AAA?$AAR?$AAT?$AA?$FN?$AA?5?$AAF?$AAo?$AAr?$AA?5?$AAp?$AAS?$AAY?$AAS?$AAC?$AAO?$AAN?$AAr?$AAe?$AAg?$AAs?$AA?3?$AA?5?$AAM?$AAm?$AAM?$AAa?$AAp?$AAI?$AAo?$AAS@ 10002030     pddS3C6410_ser_dma.obj
 0001:00001090       ??_C@_1DE@CHJCGNCM@?$AA?9?$AA?$FL?$AAU?$AAA?$AAR?$AAT?$AA?$FN?$AA?5?$AAI?$AAn?$AAi?$AAt?$AAi?$AAa?$AAl?$AAi?$AAz?$AAe?$AAB?$AAu?$AAf?$AAf?$AAe?$AAr?$AA?6?$AA?$AA@ 10002090     pddS3C6410_ser_dma.obj
 0001:000010c8       ??_C@_1HE@CGDLCKKH@?$AA?$FL?$AAU?$AAA?$AAR?$AAT?$AA?$FN?$AA?5?$AAp?$AAV?$AAi?$AAr?$AAt?$AAD?$AAm?$AAa?$AAD?$AAs?$AAt?$AAB?$AAu?$AAf?$AAf?$AAe?$AAr?$AAA?$AAd?$AAd?$AAr?$AA?5?$AA0?$AAx?$AA?$CF@ 100020c8     pddS3C6410_ser_dma.obj
 0001:00001140       ??_C@_1HE@MNMJOACG@?$AA?$FL?$AAU?$AAA?$AAR?$AAT?$AA?$FN?$AA?5?$AAp?$AAV?$AAi?$AAr?$AAt?$AAD?$AAm?$AAa?$AAS?$AAr?$AAc?$AAB?$AAu?$AAf?$AAf?$AAe?$AAr?$AAA?$AAd?$AAd?$AAr?$AA?5?$AA0?$AAx?$AA?$CF@ 10002140     pddS3C6410_ser_dma.obj
 0001:000011b8       ??_C@_1IK@IFFOIBKF@?$AA?$FL?$AAU?$AAA?$AAR?$AAT?$AA?$FN?$AA?5?$AAI?$AAn?$AAi?$AAt?$AAi?$AAa?$AAl?$AAi?$AAz?$AAe?$AAB?$AAu?$AAf?$AAf?$AAe?$AAr?$AA?$CI?$AA?$CJ?$AA?5?$AA?9?$AA?5?$AAF?$AAa?$AAi?$AAl@ 100021b8     pddS3C6410_ser_dma.obj
 0001:00001248       ??_C@_1GO@KNLOABLM@?$AA?$FL?$AAU?$AAA?$AAR?$AAT?$AA?$FN?$AA?5?$AAI?$AAn?$AAi?$AAt?$AAi?$AAa?$AAl?$AAi?$AAz?$AAe?$AAB?$AAu?$AAf?$AAf?$AAe?$AAr?$AA?$CI?$AA?$CJ?$AA?5?$AA?9?$AA?5?$AAp?$AAV?$AAi?$AAr@ 10002248     pddS3C6410_ser_dma.obj
 0001:000012b8       ??_C@_1IM@EMIOMLCN@?$AA?$FL?$AAU?$AAA?$AAR?$AAT?$AA?$FN?$AA?5?$AAI?$AAn?$AAi?$AAt?$AAi?$AAa?$AAl?$AAi?$AAz?$AAe?$AAB?$AAu?$AAf?$AAf?$AAe?$AAr?$AA?$CI?$AA?$CJ?$AA?5?$AA?9?$AA?5?$AAF?$AAa?$AAi?$AAl@ 100022b8     pddS3C6410_ser_dma.obj
 0001:00001348       ??_C@_1GO@EBBNHFEJ@?$AA?$FL?$AAU?$AAA?$AAR?$AAT?$AA?$FN?$AA?5?$AAI?$AAn?$AAi?$AAt?$AAi?$AAa?$AAl?$AAi?$AAz?$AAe?$AAB?$AAu?$AAf?$AAf?$AAe?$AAr?$AA?$CI?$AA?$CJ?$AA?5?$AA?9?$AA?5?$AAp?$AAV?$AAi?$AAr@ 10002348     pddS3C6410_ser_dma.obj
 0001:000013b8       ??_C@_1DI@GCILJELD@?$AA?$CL?$AA?$CL?$AA?$CL?$AA?$FL?$AAU?$AAA?$AAR?$AAT?$AA?$FN?$AA?5?$AAI?$AAn?$AAi?$AAt?$AAi?$AAa?$AAl?$AAi?$AAz?$AAe?$AAB?$AAu?$AAf?$AAf?$AAe?$AAr?$AA?6?$AA?$AA@ 100023b8     pddS3C6410_ser_dma.obj
 0001:000013f0       ??_C@_1FM@FHPHECII@?$AA?$FL?$AAU?$AAA?$AAR?$AAT?$AA?$FN?$AA?5?$AAD?$AAM?$AAA?$AA?5?$AAU?$AAA?$AAR?$AAT?$AA?5?$AAT?$AAX?$AA?5?$AAc?$AAh?$AAa?$AAn?$AAn?$AAe?$AAl?$AA?5?$AAr?$AAe?$AAq?$AAu?$AAe@ 100023f0     pddS3C6410_ser_dma.obj
 0001:00001450       ??_C@_1EG@CFDKEMLC@?$AA?9?$AA?9?$AA?$FL?$AAU?$AAA?$AAR?$AAT?$AA?$FN?$AA?5?$AAI?$AAn?$AAi?$AAt?$AAi?$AAa?$AAl?$AAi?$AAz?$AAe?$AAD?$AAM?$AAA?$AA?5?$AA?5?$AAF?$AAu?$AAn?$AAc?$AAt?$AAi?$AAo?$AAn@ 10002450     pddS3C6410_ser_dma.obj
 0001:00001498       ??_C@_1FE@NCFJOBJJ@?$AA?$FL?$AAU?$AAA?$AAR?$AAT?$AA?$FN?$AA?5?$AAU?$AAA?$AAR?$AAT?$AA?5?$AAD?$AAm?$AAa?$AA?5?$AAT?$AAh?$AAr?$AAe?$AAa?$AAd?$AA?5?$AAc?$AAr?$AAe?$AAa?$AAt?$AAi?$AAo?$AAn?$AA?5@ 10002498     pddS3C6410_ser_dma.obj
 0001:000014f0       ??_C@_1FO@JCLDPGAM@?$AA?$FL?$AAU?$AAA?$AAR?$AAT?$AA?$FN?$AA?5?$AAD?$AAM?$AAA?$AA?5?$AAI?$AAn?$AAt?$AAe?$AAr?$AAr?$AAu?$AAp?$AAt?$AA?5?$AAI?$AAn?$AAi?$AAt?$AAi?$AAa?$AAl?$AAi?$AAz?$AAa?$AAt@ 100024f0     pddS3C6410_ser_dma.obj
 0001:00001550       ??_C@_1GA@IDJJIPCD@?$AA?$FL?$AAU?$AAA?$AAR?$AAT?$AA?$FN?$AA?5?$AAF?$AAa?$AAi?$AAl?$AAe?$AAd?$AA?5?$AAt?$AAo?$AA?5?$AAr?$AAe?$AAq?$AAu?$AAe?$AAs?$AAt?$AA?5?$AAt?$AAh?$AAe?$AA?5?$AAU?$AAA?$AAR@ 10002550     pddS3C6410_ser_dma.obj
 0001:000015b0       ??_C@_1EG@LEIBAEBF@?$AA?$FL?$AAU?$AAA?$AAR?$AAT?$AA?$FN?$AA?5?$AAI?$AAn?$AAi?$AAt?$AAi?$AAa?$AAl?$AAi?$AAz?$AAe?$AAB?$AAu?$AAf?$AAf?$AAe?$AAr?$AA?5?$AAi?$AAs?$AA?5?$AAf?$AAa?$AAi?$AAl?$AAe@ 100025b0     pddS3C6410_ser_dma.obj
 0001:000015f8       ??_C@_1FI@OFEDBIDP@?$AA?$FL?$AAU?$AAA?$AAR?$AAT?$AA?$FN?$AA?5?$AAC?$AAa?$AAn?$AA?8?$AAt?$AA?5?$AAn?$AAo?$AAt?$AA?5?$AAa?$AAl?$AAl?$AAo?$AAc?$AAa?$AAt?$AAe?$AA?5?$AAf?$AAo?$AAr?$AA?5?$AAU?$AAA@ 100025f8     pddS3C6410_ser_dma.obj
 0001:00001650       ??_C@_1EE@HHGFLENG@?$AA?$CL?$AA?$CL?$AA?$FL?$AAU?$AAA?$AAR?$AAT?$AA?$FN?$AA?5?$AAI?$AAn?$AAi?$AAt?$AAi?$AAa?$AAl?$AAi?$AAz?$AAe?$AAD?$AAM?$AAA?$AA?5?$AAF?$AAu?$AAn?$AAc?$AAt?$AAi?$AAo?$AAn?$AA?$AN@ 10002650     pddS3C6410_ser_dma.obj
 0001:00001698       ??_C@_1EC@GEBPPHEJ@?$AA?$FL?$AAU?$AAA?$AAR?$AAT?$AA?$FN?$AA?5?$AAT?$AAh?$AAr?$AAe?$AAa?$AAd?$AAF?$AAo?$AAr?$AAT?$AAx?$AAD?$AAm?$AAa?$AAD?$AAo?$AAn?$AAe?$AAD?$AAo?$AAn?$AAe?$AA?5?$AA?$AN?$AA?6@ 10002698     pddS3C6410_ser_dma.obj
 0001:000016e0       ??_C@_1EI@HJNJGGAH@?$AA?$FL?$AAU?$AAA?$AAR?$AAT?$AA?$FN?$AA?5?$AAT?$AAh?$AAr?$AAe?$AAa?$AAd?$AAF?$AAo?$AAr?$AAT?$AAx?$AAD?$AAm?$AAa?$AAD?$AAo?$AAn?$AAe?$AA?5?$AAW?$AAa?$AAi?$AAt?$AAi?$AAn@ 100026e0     pddS3C6410_ser_dma.obj
 0001:00001728       ??_C@_1EE@MLDNHLFC@?$AA?$FL?$AAU?$AAA?$AAR?$AAT?$AA?$FN?$AA?5?$AAP?$AAr?$AAi?$AAo?$AAr?$AAi?$AAt?$AAy?$AA?5?$AAs?$AAe?$AAt?$AAt?$AAi?$AAn?$AAg?$AA?5?$AAs?$AAu?$AAc?$AAe?$AAs?$AAs?$AA?5?$AA?$AN@ 10002728     pddS3C6410_ser_dma.obj
 0001:000017e8       ??_C@_1IC@IEHIBPEP@?$AAC?$AA?3?$AA?2?$AAy?$AAm?$AAz?$AAk?$AAi?$AA?2?$AAp?$AAu?$AAb?$AAl?$AAi?$AAc?$AA?2?$AAC?$AAO?$AAM?$AAM?$AAO?$AAN?$AA?2?$AAo?$AAa?$AAk?$AA?2?$AAd?$AAr?$AAi?$AAv?$AAe@ 100027e8     serpddcm:cserpdd.obj
 0001:0000186c       ??_7CSerialPDDPowerUpCallback@@6B@ 1000286c     serpddcm:cserpdd.obj
 0001:00001870       ??_C@_1BI@BHLBGEOK@?$AAP?$AAr?$AAi?$AAo?$AAr?$AAi?$AAt?$AAy?$AA2?$AA5?$AA6?$AA?$AA@ 10002870     serpddcm:cserpdd.obj
 0001:00001888       ??_7CSerialPDD@@6B@        10002888     serpddcm:cserpdd.obj
 0001:00001954       ??_C@_1BK@CGEFNBAB@?$AAR?$AAx?$AAB?$AAu?$AAf?$AAf?$AAe?$AAr?$AAS?$AAi?$AAz?$AAe?$AA?$AA@ 10002954     serpddcm:cserpdd.obj
 0001:00001970       ??_C@_1DI@BGHIHACK@?$AAC?$AAO?$AAM?$AA?3?$AA?5?$AAI?$AAO?$AAC?$AAT?$AAL?$AA_?$AAP?$AAO?$AAW?$AAE?$AAR?$AA_?$AAS?$AAE?$AAT?$AA?3?$AA?5?$AAD?$AA?$CF?$AAd?$AA?$AN?$AA?6?$AA?$AA@ 10002970     serpddcm:cserpdd.obj
 0001:000019a8       ??_C@_1LA@IJMMGEJM@?$AA?5?$AAC?$AAS?$AAe?$AAr?$AAi?$AAa?$AAl?$AAP?$AAD?$AAD?$AA?3?$AA?3?$AAE?$AAv?$AAe?$AAn?$AAt?$AAC?$AAa?$AAl?$AAl?$AAb?$AAa?$AAc?$AAk?$AA?5?$AA?$CI?$AAe?$AAv?$AAe?$AAn@ 100029a8     serpddcm:cserpdd.obj
 0001:00001b10       ??_C@_1CC@OIOCNGDJ@?$AA?9?$AAS?$AAe?$AAr?$AAI?$AAn?$AAi?$AAt?$AA?0?$AA?5?$AA0?$AAx?$AA?$CF?$AAX?$AA?$AN?$AA?6?$AA?$AA@ 10002b10     serpddcm:cserpdd.obj
 0001:00001b34       ??_C@_1CC@DDOPDAIN@?$AA?$CL?$AAS?$AAe?$AAr?$AAI?$AAn?$AAi?$AAt?$AA?0?$AA?5?$AA0?$AAx?$AA?$CF?$AAX?$AA?$AN?$AA?6?$AA?$AA@ 10002b34     serpddcm:cserpdd.obj
 0001:00001b58       ??_C@_1CK@MANANPBG@?$AA?9?$AAS?$AAL?$AA_?$AAP?$AAo?$AAs?$AAt?$AAI?$AAn?$AAi?$AAt?$AA?0?$AA?5?$AA0?$AAx?$AA?$CF?$AAX?$AA?$AN?$AA?6?$AA?$AA@ 10002b58     serpddcm:cserpdd.obj
 0001:00001b84       ??_C@_1CK@LAKHMJPA@?$AA?$CL?$AAS?$AAL?$AA_?$AAP?$AAo?$AAs?$AAt?$AAI?$AAn?$AAi?$AAt?$AA?0?$AA?5?$AA0?$AAx?$AA?$CF?$AAX?$AA?$AN?$AA?6?$AA?$AA@ 10002b84     serpddcm:cserpdd.obj
 0001:00001bb0       ??_C@_1DE@BJIEBEPP@?$AA?9?$AAS?$AAe?$AAr?$AAO?$AAp?$AAe?$AAn?$AA?$CI?$AA?$CF?$AAX?$AA?$CJ?$AA?5?$AAr?$AAe?$AAt?$AAu?$AAr?$AAn?$AA?5?$AA?$CF?$AAd?$AA?5?$AA?$AN?$AA?6?$AA?$AA@ 10002bb0     serpddcm:cserpdd.obj
 0001:00001be4       ??_C@_1BO@FJAMAJPH@?$AAS?$AAe?$AAr?$AAO?$AAp?$AAe?$AAn?$AA?5?$AA?$CI?$AA?$CF?$AAX?$AA?$CJ?$AA?$AN?$AA?6?$AA?$AA@ 10002be4     serpddcm:cserpdd.obj
 0001:00001c04       ??_C@_1DG@ODMHEKLG@?$AA?9?$AAS?$AAe?$AAr?$AAC?$AAl?$AAo?$AAs?$AAe?$AA?$CI?$AA?$CF?$AAX?$AA?$CJ?$AA?5?$AAr?$AAe?$AAt?$AAu?$AAr?$AAn?$AA?5?$AA?$CF?$AAd?$AA?5?$AA?$AN?$AA?6?$AA?$AA@ 10002c04     serpddcm:cserpdd.obj
 0001:00001c3c       ??_C@_1CA@GOAMJODL@?$AAS?$AAe?$AAr?$AAC?$AAl?$AAo?$AAs?$AAe?$AA?5?$AA?$CI?$AA?$CF?$AAX?$AA?$CJ?$AA?$AN?$AA?6?$AA?$AA@ 10002c3c     serpddcm:cserpdd.obj
 0001:00001c60       ??_C@_1FA@JEAPJOPK@?$AA?9?$AAS?$AAe?$AAr?$AAG?$AAe?$AAt?$AAI?$AAn?$AAt?$AAe?$AAr?$AAr?$AAu?$AAp?$AAt?$AAT?$AAy?$AAp?$AAe?$AA?5?$AA?$CI?$AA0?$AAx?$AA?$CF?$AAX?$AA?$CJ?$AA?5?$AAr?$AAe?$AAt?$AAu@ 10002c60     serpddcm:cserpdd.obj
 0001:00001cb0       ??_C@_1DI@KNGPNLKH@?$AA?$CL?$AAS?$AAe?$AAr?$AAG?$AAe?$AAt?$AAI?$AAn?$AAt?$AAe?$AAr?$AAr?$AAu?$AAp?$AAt?$AAT?$AAy?$AAp?$AAe?$AA?5?$AA0?$AAx?$AA?$CF?$AAX?$AA?$AN?$AA?6?$AA?$AA@ 10002cb0     serpddcm:cserpdd.obj
 0001:00001ce8       ??_C@_1FE@GOLCCDOA@?$AA?9?$AAS?$AAe?$AAr?$AAR?$AAx?$AAI?$AAn?$AAt?$AAr?$AA?$CI?$AA?5?$AA0?$AAx?$AA?$CF?$AAX?$AA?0?$AA0?$AAx?$AA?$CF?$AAX?$AA?0?$AA0?$AAx?$AA?$CF?$AAX?$AA?$CJ?$AA?5?$AAr?$AAe?$AAt?$AAu@ 10002ce8     serpddcm:cserpdd.obj
 0001:00001d3c       ??_C@_1DM@FEODEOGF@?$AA?$CL?$AAS?$AAe?$AAr?$AAR?$AAx?$AAI?$AAn?$AAt?$AAr?$AA?$CI?$AA?5?$AA0?$AAx?$AA?$CF?$AAX?$AA?0?$AA0?$AAx?$AA?$CF?$AAX?$AA?0?$AA0?$AAx?$AA?$CF?$AAX?$AA?$CJ?$AA?$AN?$AA?6?$AA?$AA@ 10002d3c     serpddcm:cserpdd.obj
 0001:00001d78       ??_C@_1EA@BDLIKCP@?$AA?9?$AAS?$AAe?$AAr?$AAT?$AAx?$AAI?$AAn?$AAt?$AAr?$AAE?$AAx?$AA?$CI?$AA?5?$AA0?$AAx?$AA?$CF?$AAX?$AA?0?$AA0?$AAx?$AA?$CF?$AAX?$AA?0?$AA0?$AAx?$AA?$CF?$AAX?$AA?$CJ?$AA?$AN?$AA?6?$AA?$AA@ 10002d78     serpddcm:cserpdd.obj
 0001:00001db8       ??_C@_1EA@JFGHGLND@?$AA?$CL?$AAS?$AAe?$AAr?$AAT?$AAx?$AAI?$AAn?$AAt?$AAr?$AAE?$AAx?$AA?$CI?$AA?5?$AA0?$AAx?$AA?$CF?$AAX?$AA?0?$AA0?$AAx?$AA?$CF?$AAX?$AA?0?$AA0?$AAx?$AA?$CF?$AAX?$AA?$CJ?$AA?$AN?$AA?6?$AA?$AA@ 10002db8     serpddcm:cserpdd.obj
 0001:00001df8       ??_C@_1CK@LPHBBCLE@?$AA?9?$AAS?$AAe?$AAr?$AAM?$AAo?$AAd?$AAe?$AAm?$AAI?$AAn?$AAt?$AAr?$AA?5?$AA0?$AAx?$AA?$CF?$AAX?$AA?$AN?$AA?6?$AA?$AA@ 10002df8     serpddcm:cserpdd.obj
 0001:00001e24       ??_C@_1CK@MPAGAEFC@?$AA?$CL?$AAS?$AAe?$AAr?$AAM?$AAo?$AAd?$AAe?$AAm?$AAI?$AAn?$AAt?$AAr?$AA?5?$AA0?$AAx?$AA?$CF?$AAX?$AA?$AN?$AA?6?$AA?$AA@ 10002e24     serpddcm:cserpdd.obj
 0001:00001e50       ??_C@_1CI@EILELLHK@?$AA?9?$AAS?$AAe?$AAr?$AAL?$AAi?$AAn?$AAe?$AAI?$AAn?$AAt?$AAr?$AA?5?$AA0?$AAx?$AA?$CF?$AAX?$AA?$AN?$AA?6?$AA?$AA@ 10002e50     serpddcm:cserpdd.obj
 0001:00001e78       ??_C@_1CI@BNMNNKGK@?$AA?$CL?$AAS?$AAe?$AAr?$AAL?$AAi?$AAn?$AAe?$AAI?$AAn?$AAt?$AAr?$AA?5?$AA0?$AAx?$AA?$CF?$AAX?$AA?$AN?$AA?6?$AA?$AA@ 10002e78     serpddcm:cserpdd.obj
 0001:00001ea0       ??_C@_1DG@HLIEMFEN@?$AA?9?$AAS?$AAe?$AAr?$AAG?$AAe?$AAt?$AAR?$AAx?$AAB?$AAu?$AAf?$AAf?$AAe?$AAr?$AAS?$AAi?$AAz?$AAe?$AA?5?$AA0?$AAx?$AA?$CF?$AAX?$AA?$AN?$AA?6?$AA?$AA@ 10002ea0     serpddcm:cserpdd.obj
 0001:00001ed8       ??_C@_1DG@HOFJDAPJ@?$AA?$CL?$AAS?$AAe?$AAr?$AAG?$AAe?$AAt?$AAR?$AAx?$AAB?$AAu?$AAf?$AAf?$AAe?$AAr?$AAS?$AAi?$AAz?$AAe?$AA?5?$AA0?$AAx?$AA?$CF?$AAX?$AA?$AN?$AA?6?$AA?$AA@ 10002ed8     serpddcm:cserpdd.obj
 0001:00001f10       ??_C@_1DM@BODGFGMA@?$AA?9?$AAS?$AAe?$AAr?$AAP?$AAo?$AAw?$AAe?$AAr?$AAO?$AAf?$AAf?$AA?5?$AA0?$AAx?$AA?$CF?$AAX?$AA?5?$AAr?$AAe?$AAt?$AAu?$AAr?$AAn?$AA?5?$AA?$CF?$AAd?$AA?$AN?$AA?6?$AA?$AA@ 10002f10     serpddcm:cserpdd.obj
 0001:00001f4c       ??_C@_1CI@JHBHKAIN@?$AA?$CL?$AAS?$AAe?$AAr?$AAP?$AAo?$AAw?$AAe?$AAr?$AAO?$AAf?$AAf?$AA?5?$AA0?$AAx?$AA?$CF?$AAX?$AA?$AN?$AA?6?$AA?$AA@ 10002f4c     serpddcm:cserpdd.obj
 0001:00001f74       ??_C@_1DK@OEOMBPON@?$AA?9?$AAS?$AAe?$AAr?$AAP?$AAo?$AAw?$AAe?$AAr?$AAO?$AAn?$AA?5?$AA0?$AAx?$AA?$CF?$AAX?$AA?5?$AAr?$AAe?$AAt?$AAu?$AAr?$AAn?$AA?5?$AA?$CF?$AAd?$AA?$AN?$AA?6?$AA?$AA@ 10002f74     serpddcm:cserpdd.obj
 0001:00001fb0       ??_C@_1CG@LJJJLJAG@?$AA?$CL?$AAS?$AAe?$AAr?$AAP?$AAo?$AAw?$AAe?$AAr?$AAO?$AAn?$AA?5?$AA0?$AAx?$AA?$CF?$AAX?$AA?$AN?$AA?6?$AA?$AA@ 10002fb0     serpddcm:cserpdd.obj
 0001:00001fd8       ??_C@_1CI@KIKLAKCL@?$AA?9?$AAS?$AAe?$AAr?$AAC?$AAl?$AAe?$AAa?$AAr?$AAD?$AAT?$AAR?$AA?5?$AA0?$AAx?$AA?$CF?$AAX?$AA?$AN?$AA?6?$AA?$AA@ 10002fd8     serpddcm:cserpdd.obj
 0001:00002000       ??_C@_1CI@PNNCGLDL@?$AA?$CL?$AAS?$AAe?$AAr?$AAC?$AAl?$AAe?$AAa?$AAr?$AAD?$AAT?$AAR?$AA?5?$AA0?$AAx?$AA?$CF?$AAX?$AA?$AN?$AA?6?$AA?$AA@ 10003000     serpddcm:cserpdd.obj
 0001:00002028       ??_C@_1CE@HDIDKMCK@?$AA?9?$AAS?$AAe?$AAr?$AAS?$AAe?$AAt?$AAD?$AAT?$AAR?$AA?5?$AA0?$AAx?$AA?$CF?$AAX?$AA?$AN?$AA?6?$AA?$AA@ 10003028     serpddcm:cserpdd.obj
 0001:0000204c       ??_C@_1CE@LKEDFLNG@?$AA?$CL?$AAS?$AAe?$AAr?$AAS?$AAe?$AAt?$AAD?$AAT?$AAR?$AA?5?$AA0?$AAx?$AA?$CF?$AAX?$AA?$AN?$AA?6?$AA?$AA@ 1000304c     serpddcm:cserpdd.obj
 0001:00002070       ??_C@_1CI@JMPPKMAL@?$AA?9?$AAS?$AAe?$AAr?$AAC?$AAl?$AAe?$AAa?$AAr?$AAR?$AAT?$AAS?$AA?5?$AA0?$AAx?$AA?$CF?$AAX?$AA?$AN?$AA?6?$AA?$AA@ 10003070     serpddcm:cserpdd.obj
 0001:00002098       ??_C@_1CI@MJIGMNBL@?$AA?$CL?$AAS?$AAe?$AAr?$AAC?$AAl?$AAe?$AAa?$AAr?$AAR?$AAT?$AAS?$AA?5?$AA0?$AAx?$AA?$CF?$AAX?$AA?$AN?$AA?6?$AA?$AA@ 10003098     serpddcm:cserpdd.obj
 0001:000020c0       ??_C@_1CC@GFLFBFPE@?$AA?9?$AAS?$AAe?$AAr?$AAS?$AAe?$AAt?$AAR?$AAT?$AAS?$AA0?$AAx?$AA?$CF?$AAX?$AA?$AN?$AA?6?$AA?$AA@ 100030c0     serpddcm:cserpdd.obj
 0001:000020e4       ??_C@_1CE@IOBHPNPG@?$AA?$CL?$AAS?$AAe?$AAr?$AAS?$AAe?$AAt?$AAR?$AAT?$AAS?$AA?5?$AA0?$AAx?$AA?$CF?$AAX?$AA?$AN?$AA?6?$AA?$AA@ 100030e4     serpddcm:cserpdd.obj
 0001:00002108       ??_C@_1CI@LJNOIINA@?$AA?9?$AAS?$AAe?$AAr?$AAE?$AAn?$AAa?$AAb?$AAl?$AAe?$AAI?$AAR?$AA?5?$AA0?$AAx?$AA?$CF?$AAX?$AA?$AN?$AA?6?$AA?$AA@ 10003108     serpddcm:cserpdd.obj
 0001:00002130       ??_C@_1CI@OMKHOJMA@?$AA?$CL?$AAS?$AAe?$AAr?$AAE?$AAn?$AAa?$AAb?$AAl?$AAe?$AAI?$AAR?$AA?5?$AA0?$AAx?$AA?$CF?$AAX?$AA?$AN?$AA?6?$AA?$AA@ 10003130     serpddcm:cserpdd.obj
 0001:00002158       ??_C@_1CM@BPOCGBB@?$AA?9?$AAS?$AAe?$AAr?$AAD?$AAi?$AAs?$AAa?$AAb?$AAl?$AAe?$AAI?$AAR?$AA?5?$AA0?$AAx?$AA?$CF?$AAX?$AA?5?$AA?$AN?$AA?6?$AA?$AA@ 10003158     serpddcm:cserpdd.obj
 0001:00002184       ??_C@_1CK@JELIDBIP@?$AA?$CL?$AAS?$AAe?$AAr?$AAD?$AAi?$AAs?$AAa?$AAb?$AAl?$AAe?$AAI?$AAR?$AA?5?$AA0?$AAx?$AA?$CF?$AAX?$AA?$AN?$AA?6?$AA?$AA@ 10003184     serpddcm:cserpdd.obj
 0001:000021b0       ??_C@_1CO@OBCBEMOC@?$AA?9?$AAS?$AAL?$AA_?$AAC?$AAl?$AAe?$AAa?$AAr?$AAB?$AAr?$AAe?$AAa?$AAk?$AA?0?$AA?5?$AA0?$AAx?$AA?$CF?$AAX?$AA?$AN?$AA?6?$AA?$AA@ 100031b0     serpddcm:cserpdd.obj
 0001:000021e0       ??_C@_1CO@DKOFBDMJ@?$AA?$CL?$AAS?$AAL?$AA_?$AAC?$AAl?$AAe?$AAa?$AAr?$AAB?$AAr?$AAe?$AAa?$AAk?$AA?0?$AA?5?$AA0?$AAx?$AA?$CF?$AAX?$AA?$AN?$AA?6?$AA?$AA@ 100031e0     serpddcm:cserpdd.obj
 0001:00002210       ??_C@_1CK@MGAJIDBE@?$AA?9?$AAS?$AAL?$AA_?$AAS?$AAe?$AAt?$AAB?$AAr?$AAe?$AAa?$AAk?$AA?0?$AA?5?$AA0?$AAx?$AA?$CF?$AAX?$AA?$AN?$AA?6?$AA?$AA@ 10003210     serpddcm:cserpdd.obj
 0001:0000223c       ??_C@_1CK@LGHOJFPC@?$AA?$CL?$AAS?$AAL?$AA_?$AAS?$AAe?$AAt?$AAB?$AAr?$AAe?$AAa?$AAk?$AA?0?$AA?5?$AA0?$AAx?$AA?$CF?$AAX?$AA?$AN?$AA?6?$AA?$AA@ 1000323c     serpddcm:cserpdd.obj
 0001:00002268       ??_C@_1EE@FDBOOKGO@?$AA?9?$AAS?$AAe?$AAr?$AAX?$AAm?$AAi?$AAt?$AAC?$AAo?$AAm?$AAC?$AAh?$AAa?$AAr?$AA?5?$AA0?$AAx?$AA?$CF?$AAX?$AA?5?$AAr?$AAe?$AAt?$AAu?$AAr?$AAn?$AA?5?$AA?$CF?$AAd?$AA?5?$AA?$AN@ 10003268     serpddcm:cserpdd.obj
 0001:000022ac       ??_C@_1CO@CFACNPDH@?$AA?$CL?$AAS?$AAe?$AAr?$AAX?$AAm?$AAi?$AAt?$AAC?$AAo?$AAm?$AAC?$AAh?$AAa?$AAr?$AA?5?$AA0?$AAx?$AA?$CF?$AAX?$AA?$AN?$AA?6?$AA?$AA@ 100032ac     serpddcm:cserpdd.obj
 0001:000022e0       ??_C@_1EC@KELMMPN@?$AA?9?$AAS?$AAe?$AAr?$AAG?$AAe?$AAt?$AAS?$AAt?$AAa?$AAt?$AAu?$AAs?$AA?5?$AA0?$AAx?$AA?$CF?$AAX?$AA?5?$AAr?$AAe?$AAu?$AAt?$AAn?$AAr?$AA?5?$AA0?$AAx?$AA?$CF?$AAX?$AA?$AN?$AA?6@ 100032e0     serpddcm:cserpdd.obj
 0001:00002324       ??_C@_1CK@HKGMGKED@?$AA?$CL?$AAS?$AAe?$AAr?$AAG?$AAe?$AAt?$AAS?$AAt?$AAa?$AAt?$AAu?$AAs?$AA?5?$AA0?$AAx?$AA?$CF?$AAX?$AA?$AN?$AA?6?$AA?$AA@ 10003324     serpddcm:cserpdd.obj
 0001:00002350       ??_C@_1CC@IOFLKIGJ@?$AA?9?$AAS?$AAL?$AA_?$AAR?$AAe?$AAs?$AAe?$AAt?$AA?5?$AA0?$AAx?$AA?$CF?$AAX?$AA?$AN?$AA?6?$AA?$AA@ 10003350     serpddcm:cserpdd.obj
 0001:00002374       ??_C@_1CC@FFFGEONN@?$AA?$CL?$AAS?$AAL?$AA_?$AAR?$AAe?$AAs?$AAe?$AAt?$AA?5?$AA0?$AAx?$AA?$CF?$AAX?$AA?$AN?$AA?6?$AA?$AA@ 10003374     serpddcm:cserpdd.obj
 0001:00002398       ??_C@_1EM@MKAGJJJO@?$AA?9?$AAS?$AAL?$AA_?$AAG?$AAe?$AAt?$AAM?$AAo?$AAd?$AAe?$AAm?$AAS?$AAt?$AAa?$AAt?$AAu?$AAs?$AA?5?$AA0?$AAx?$AA?$CF?$AAX?$AA?5?$AA?$CI?$AAs?$AAt?$AAa?$AAt?$AA?5?$AAx?$AA?$CF@ 10003398     serpddcm:cserpdd.obj
 0001:000023e4       ??_C@_1DE@LEHKAEPA@?$AA?$CL?$AAS?$AAL?$AA_?$AAG?$AAe?$AAt?$AAM?$AAo?$AAd?$AAe?$AAm?$AAS?$AAt?$AAa?$AAt?$AAu?$AAs?$AA?5?$AA0?$AAx?$AA?$CF?$AAX?$AA?$AN?$AA?6?$AA?$AA@ 100033e4     serpddcm:cserpdd.obj
 0001:00002418       ??_C@_1DM@HLMGBBBC@?$AA?9?$AAS?$AAe?$AAr?$AAG?$AAe?$AAt?$AAC?$AAo?$AAm?$AAm?$AAP?$AAr?$AAo?$AAp?$AAe?$AAr?$AAt?$AAi?$AAe?$AAs?$AA?5?$AA0?$AAx?$AA?$CF?$AAX?$AA?5?$AA?$AN?$AA?6?$AA?$AA@ 10003418     serpddcm:cserpdd.obj
 0001:00002454       ??_C@_1DK@IEGFLNPB@?$AA?$CL?$AAS?$AAe?$AAr?$AAG?$AAe?$AAt?$AAC?$AAo?$AAm?$AAm?$AAP?$AAr?$AAo?$AAp?$AAe?$AAr?$AAt?$AAi?$AAe?$AAs?$AA?5?$AA0?$AAx?$AA?$CF?$AAX?$AA?$AN?$AA?6?$AA?$AA@ 10003454     serpddcm:cserpdd.obj
 0001:00002490       ??_C@_1CK@CIHNFFPO@?$AA?9?$AAS?$AAL?$AA_?$AAP?$AAu?$AAr?$AAg?$AAe?$AAC?$AAo?$AAm?$AAm?$AA?5?$AA0?$AAx?$AA?$CF?$AAX?$AA?$AN?$AA?6?$AA?$AA@ 10003490     serpddcm:cserpdd.obj
 0001:000024bc       ??_C@_1CK@FIAKEDBI@?$AA?$CL?$AAS?$AAL?$AA_?$AAP?$AAu?$AAr?$AAg?$AAe?$AAC?$AAo?$AAm?$AAm?$AA?5?$AA0?$AAx?$AA?$CF?$AAX?$AA?$AN?$AA?6?$AA?$AA@ 100034bc     serpddcm:cserpdd.obj
 0001:000024e8       ??_C@_1DK@KEFAALPJ@?$AA?9?$AAS?$AAL?$AA_?$AAS?$AAe?$AAt?$AAD?$AAC?$AAB?$AA?5?$AA0?$AAx?$AA?$CF?$AAX?$AA?5?$AAr?$AAe?$AAt?$AAu?$AAr?$AAn?$AA?5?$AA?$CF?$AAd?$AA?5?$AA?$AN?$AA?6?$AA?$AA@ 100034e8     serpddcm:cserpdd.obj
 0001:00002524       ??_C@_1CE@KJFDOPHJ@?$AA?$CL?$AAS?$AAL?$AA_?$AAS?$AAe?$AAt?$AAD?$AAC?$AAB?$AA?5?$AA0?$AAx?$AA?$CF?$AAX?$AA?$AN?$AA?6?$AA?$AA@ 10003524     serpddcm:cserpdd.obj
 0001:00002548       ??_C@_1DE@GHNBCLPL@?$AA?9?$AAS?$AAL?$AA_?$AAS?$AAe?$AAt?$AAC?$AAo?$AAm?$AAm?$AAT?$AAi?$AAm?$AAe?$AAo?$AAu?$AAt?$AA?5?$AA0?$AAx?$AA?$CF?$AAX?$AA?$AN?$AA?6?$AA?$AA@ 10003548     serpddcm:cserpdd.obj
 0001:0000257c       ??_C@_1DE@MIAKCFJE@?$AA?$CL?$AAS?$AAL?$AA_?$AAS?$AAe?$AAt?$AAC?$AAo?$AAm?$AAm?$AAT?$AAi?$AAm?$AAe?$AAo?$AAu?$AAt?$AA?5?$AA0?$AAx?$AA?$CF?$AAX?$AA?$AN?$AA?6?$AA?$AA@ 1000357c     serpddcm:cserpdd.obj
 0001:000025b0       ??_C@_1CE@PFGMOFGI@?$AA?9?$AAS?$AAe?$AAr?$AAI?$AAo?$AAc?$AAt?$AAl?$AA?$CI?$AA?5?$AA0?$AAx?$AA?$CF?$AAX?$AA?$AN?$AA?6?$AA?$AA@ 100035b0     serpddcm:cserpdd.obj
 0001:000025d4       ??_C@_1CC@JPFEMKEK@?$AA?$CL?$AAS?$AAe?$AAr?$AAI?$AAo?$AAc?$AAt?$AAl?$AA?5?$AA0?$AAx?$AA?$CF?$AAX?$AA?$AN?$AA?6?$AA?$AA@ 100035d4     serpddcm:cserpdd.obj
 0001:000025f8       ??_C@_1DA@LGJDGOIM@?$AAp?$AAr?$AAo?$AAc?$AAe?$AAs?$AAs?$AA?5?$AAd?$AAe?$AAt?$AAa?$AAc?$AAh?$AA?5?$AAc?$AAa?$AAl?$AAl?$AAe?$AAd?$AA?$AN?$AA?6?$AA?$AA@ 100035f8     com_mdd2:mdd.obj
 0001:00002628       ??_C@_1DK@BHNGFHBN@?$AAs?$AAe?$AAr?$AAi?$AAa?$AAl?$AA?5?$AAp?$AAo?$AAr?$AAt?$AA?5?$AAp?$AAr?$AAo?$AAc?$AAe?$AAs?$AAs?$AA?5?$AAa?$AAt?$AAt?$AAa?$AAc?$AAh?$AA?$AN?$AA?6?$AA?$AA@ 10003628     com_mdd2:mdd.obj
 0001:00002668       ??_C@_1EG@PNOECNFM@?$AAD?$AAo?$AAP?$AAu?$AAt?$AAB?$AAy?$AAt?$AAe?$AAs?$AA?5?$AAr?$AAe?$AAl?$AAe?$AAa?$AAs?$AAe?$AAd?$AA?5?$AAC?$AAr?$AAi?$AAt?$AAS?$AAe?$AAc?$AA?3?$AA?5?$AA?$CF?$AAx?$AA?4@ 10003668     com_mdd2:mdd.obj
 0001:000026b0       ??_C@_1EO@IFEAHMMF@?$AAT?$AAr?$AAa?$AAn?$AAs?$AAm?$AAi?$AAs?$AAs?$AAi?$AAo?$AAn?$AA?5?$AAc?$AAo?$AAm?$AAp?$AAl?$AAe?$AAt?$AAe?$AA?0?$AA?5?$AA?$CF?$AAd?$AA?5?$AAb?$AAy?$AAt?$AAe?$AAs?$AA?5@ 100036b0     com_mdd2:mdd.obj
 0001:00002700       ??_C@_1DI@GGPGJBLB@?$AA?$CF?$AAd?$AA?5?$AAb?$AAy?$AAt?$AAe?$AAs?$AA?5?$AAa?$AAc?$AAt?$AAu?$AAa?$AAl?$AAl?$AAy?$AA?5?$AAc?$AAo?$AAp?$AAi?$AAe?$AAd?$AA?4?$AA?$AN?$AA?6?$AA?$AA@ 10003700     com_mdd2:mdd.obj
 0001:00002738       ??_C@_1DC@FONCMGND@?$AAA?$AAb?$AAo?$AAu?$AAt?$AA?5?$AAt?$AAo?$AA?5?$AAc?$AAo?$AAp?$AAy?$AA?5?$AA?$CF?$AAd?$AA?5?$AAb?$AAy?$AAt?$AAe?$AAs?$AA?$AN?$AA?6?$AA?$AA@ 10003738     com_mdd2:mdd.obj
 0001:00002770       ??_C@_1GC@MPMHAODJ@?$AAT?$AAx?$AAR?$AAe?$AAa?$AAd?$AA?5?$AA?$DN?$AA?5?$AA?$CF?$AAd?$AA?0?$AA?5?$AAT?$AAx?$AAL?$AAe?$AAn?$AAg?$AAt?$AAh?$AA?5?$AA?$DN?$AA?5?$AA?$CF?$AAd?$AA?0?$AA?5?$AAT?$AAx?$AAB?$AAy@ 10003770     com_mdd2:mdd.obj
 0001:000027d4       ??_C@_1DC@KIHGPOMJ@?$AAX?$AAO?$AAF?$AAF?$AA?8?$AAe?$AAd?$AA?0?$AA?5?$AAs?$AAe?$AAn?$AAd?$AA?5?$AAn?$AAo?$AAt?$AAh?$AAi?$AAn?$AAg?$AA?4?$AA?$AN?$AA?6?$AA?$AA@ 100037d4     com_mdd2:mdd.obj
 0001:00002808       ??_C@_1BG@OPJKPKO@?$AAR?$AAT?$AAS?$AA?5?$AAs?$AAe?$AAt?$AA?4?$AA?$AN?$AA?6?$AA?$AA@ 10003808     com_mdd2:mdd.obj
 0001:00002820       ??_C@_1FC@IBKKBMKO@?$AAS?$AAe?$AAr?$AAi?$AAa?$AAl?$AAE?$AAv?$AAe?$AAn?$AAt?$AAH?$AAa?$AAn?$AAd?$AAl?$AAe?$AAr?$AA?3?$AA?5?$AA?$CF?$AAd?$AA?5?$AAs?$AAe?$AAn?$AAt?$AA?5?$AAu?$AAp?$AA?9?$AAt@ 10003820     com_mdd2:mdd.obj
 0001:00002878       ??_C@_1EI@PHLIHGKN@?$AAD?$AAe?$AAv?$AAi?$AAc?$AAe?$AA?5?$AAc?$AAl?$AAo?$AAs?$AAe?$AAd?$AA?$CB?$AA?5?$AAQ?$AAu?$AAi?$AAt?$AA?5?$AAt?$AAr?$AAa?$AAn?$AAs?$AAm?$AAi?$AAs?$AAs?$AAi?$AAo?$AAn@ 10003878     com_mdd2:mdd.obj
 0001:000028c0       ??_C@_1DK@JKMHGAMG@?$AAD?$AAo?$AAP?$AAu?$AAt?$AAB?$AAy?$AAt?$AAe?$AAs?$AA?5?$AAg?$AAo?$AAt?$AA?5?$AAC?$AAr?$AAi?$AAt?$AAS?$AAe?$AAc?$AA?5?$AA?$CF?$AAx?$AA?4?$AA?$AN?$AA?6?$AA?$AA@ 100038c0     com_mdd2:mdd.obj
 0001:00002900       ??_C@_1EE@GKGAJBJP@?$AAD?$AAo?$AAP?$AAu?$AAt?$AAB?$AAy?$AAt?$AAe?$AAs?$AA?5?$AAw?$AAa?$AAi?$AAt?$AA?5?$AAf?$AAo?$AAr?$AA?5?$AAC?$AAr?$AAi?$AAt?$AAS?$AAe?$AAc?$AA?5?$AA?$CF?$AAx?$AA?4?$AA?$AN@ 10003900     com_mdd2:mdd.obj
 0001:00002948       ??_C@_1FI@GGFBGELP@?$AA?9?$AAS?$AAe?$AAr?$AAi?$AAa?$AAl?$AAE?$AAv?$AAe?$AAn?$AAt?$AAH?$AAa?$AAn?$AAd?$AAl?$AAe?$AAr?$AA?0?$AA?5?$AAF?$AAi?$AAf?$AAo?$AA?$CI?$AAR?$AA?$DN?$AA?$CF?$AAd?$AA?0?$AAW@ 10003948     com_mdd2:mdd.obj
 0001:000029a0       ??_C@_1CI@EJHAPNLK@?$AAL?$AAi?$AAn?$AAe?$AA?5?$AAE?$AAv?$AAe?$AAn?$AAt?$AA?0?$AA?5?$AAi?$AAt?$AA?3?$AA?$CF?$AAx?$AA?$AN?$AA?6?$AA?$AA@ 100039a0     com_mdd2:mdd.obj
 0001:000029c8       ??_C@_1CK@CPCFPBFI@?$AAO?$AAt?$AAh?$AAe?$AAr?$AA?5?$AAE?$AAv?$AAe?$AAn?$AAt?$AA?0?$AA?5?$AAi?$AAt?$AA?3?$AA?$CF?$AAx?$AA?$AN?$AA?6?$AA?$AA@ 100039c8     com_mdd2:mdd.obj
 0001:000029f4       ??_C@_1BG@KFPNBBDH@?$AAT?$AAx?$AA?5?$AAE?$AAv?$AAe?$AAn?$AAt?$AA?$AN?$AA?6?$AA?$AA@ 100039f4     com_mdd2:mdd.obj
 0001:00002a0c       ??_C@_1BO@CNGNDNHF@?$AAS?$AAe?$AAn?$AAd?$AAi?$AAn?$AAg?$AA?5?$AAX?$AAO?$AAF?$AAF?$AA?$AN?$AA?6?$AA?$AA@ 10003a0c     com_mdd2:mdd.obj
 0001:00002a30       ??_C@_1EK@LMCHJDFJ@?$AAR?$AAT?$AAS?$AA_?$AAC?$AAO?$AAN?$AAT?$AAR?$AAO?$AAL?$AA_?$AAH?$AAA?$AAN?$AAD?$AAS?$AAH?$AAA?$AAK?$AAE?$AA?5?$AAC?$AAl?$AAe?$AAa?$AAr?$AAi?$AAn?$AAg?$AA?5?$AAR@ 10003a30     com_mdd2:mdd.obj
 0001:00002a80       ??_C@_1EK@FLILIJBB@?$AAD?$AAT?$AAR?$AA_?$AAC?$AAO?$AAN?$AAT?$AAR?$AAO?$AAL?$AA_?$AAH?$AAA?$AAN?$AAD?$AAS?$AAH?$AAA?$AAK?$AAE?$AA?5?$AAC?$AAl?$AAe?$AAa?$AAr?$AAi?$AAn?$AAg?$AA?5?$AAD@ 10003a80     com_mdd2:mdd.obj
 0001:00002acc       ??_C@_1BO@EEIJDLJ@?$AAR?$AAe?$AAc?$AAe?$AAi?$AAv?$AAe?$AAd?$AA?5?$AAX?$AAO?$AAN?$AA?$AN?$AA?6?$AA?$AA@ 10003acc     com_mdd2:mdd.obj
 0001:00002aec       ??_C@_1CA@EJJJJNNE@?$AAR?$AAe?$AAc?$AAe?$AAi?$AAv?$AAe?$AAd?$AA?5?$AAX?$AAO?$AAF?$AAF?$AA?$AN?$AA?6?$AA?$AA@ 10003aec     com_mdd2:mdd.obj
 0001:00002b10       ??_C@_1HG@EGFFDKNF@?$AAA?$AAf?$AAt?$AAe?$AAr?$AA?5?$AAH?$AAW?$AAG?$AAe?$AAt?$AAB?$AAy?$AAt?$AAe?$AAs?$AA?0?$AA?5?$AAF?$AAi?$AAf?$AAo?$AA?$CI?$AAR?$AA?$DN?$AA?$CF?$AAd?$AA?0?$AAW?$AA?$DN?$AA?$CF?$AAd@ 10003b10     com_mdd2:mdd.obj
 0001:00002b88       ??_C@_1CE@NDNCGIIC@?$AAT?$AAo?$AAs?$AAs?$AAe?$AAd?$AA?5?$AA?$CF?$AAd?$AA?5?$AAb?$AAy?$AAt?$AAe?$AAs?$AA?$AN?$AA?6?$AA?$AA@ 10003b88     com_mdd2:mdd.obj
 0001:00002bac       ??_C@_1BG@NHAMELLH@?$AAR?$AAx?$AA?5?$AAE?$AAv?$AAe?$AAn?$AAt?$AA?$AN?$AA?6?$AA?$AA@ 10003bac     com_mdd2:mdd.obj
 0001:00002bc8       ??_C@_1EM@PPCKGCIP@?$AAS?$AAe?$AAr?$AAi?$AAa?$AAl?$AAE?$AAv?$AAe?$AAn?$AAt?$AAH?$AAa?$AAn?$AAd?$AAl?$AAe?$AAr?$AA?0?$AA?5?$AAI?$AAn?$AAt?$AAe?$AAr?$AAr?$AAu?$AAp?$AAt?$AAs?$AA?5?$AA0@ 10003bc8     com_mdd2:mdd.obj
 0001:00002c18       ??_C@_1EI@MHGBBLDA@?$AAS?$AAe?$AAr?$AAi?$AAa?$AAl?$AAE?$AAv?$AAe?$AAn?$AAt?$AAH?$AAa?$AAn?$AAd?$AAl?$AAe?$AAr?$AA?0?$AA?5?$AAN?$AAo?$AA?5?$AAI?$AAn?$AAt?$AAe?$AAr?$AAr?$AAu?$AAp?$AAt@ 10003c18     com_mdd2:mdd.obj
 0001:00002c60       ??_C@_1CE@JLPIMJPF@?$AAE?$AAx?$AAi?$AAt?$AAt?$AAi?$AAn?$AAg?$AA?5?$AAt?$AAh?$AAr?$AAe?$AAa?$AAd?$AA?$AN?$AA?6?$AA?$AA@ 10003c60     com_mdd2:mdd.obj
 0001:00002c88       ??_C@_1EE@PGFICLOP@?$AA?$CL?$AAS?$AAe?$AAr?$AAi?$AAa?$AAl?$AAE?$AAv?$AAe?$AAn?$AAt?$AAH?$AAa?$AAn?$AAd?$AAl?$AAe?$AAr?$AA?0?$AA?5?$AAp?$AAH?$AAe?$AAa?$AAd?$AA?5?$AA0?$AAx?$AA?$CF?$AAX?$AA?$AN@ 10003c88     com_mdd2:mdd.obj
 0001:00002ccc       ??_C@_1DI@KMMMNJHO@?$AAC?$AAr?$AAe?$AAa?$AAt?$AAe?$AAd?$AA?5?$AAr?$AAe?$AAc?$AAe?$AAi?$AAv?$AAe?$AA?5?$AAt?$AAh?$AAr?$AAe?$AAa?$AAd?$AA?5?$AA?$CF?$AAX?$AA?$AN?$AA?6?$AA?$AA@ 10003ccc     com_mdd2:mdd.obj
 0001:00002d08       ??_C@_1EM@FFMAHOCG@?$AAE?$AAr?$AAr?$AAo?$AAr?$AA?5?$AAc?$AAr?$AAe?$AAa?$AAt?$AAi?$AAn?$AAg?$AA?5?$AAd?$AAi?$AAs?$AAp?$AAa?$AAt?$AAc?$AAh?$AA?5?$AAt?$AAh?$AAr?$AAe?$AAa?$AAd?$AA?5?$AA?$CI@ 10003d08     com_mdd2:mdd.obj
 0001:00002d54       ??_C@_1CI@MPKANNOJ@?$AAS?$AAp?$AAi?$AAn?$AAn?$AAi?$AAn?$AAg?$AA?5?$AAt?$AAh?$AAr?$AAe?$AAa?$AAd?$AA?$CF?$AAX?$AA?6?$AA?$AN?$AA?$AA@ 10003d54     com_mdd2:mdd.obj
 0001:00002d7c       ??_C@_1DO@GDLJAKBF@?$AAE?$AAr?$AAr?$AAo?$AAr?$AA?5?$AAi?$AAn?$AAi?$AAt?$AAi?$AAa?$AAl?$AAi?$AAz?$AAi?$AAn?$AAg?$AA?5?$AAi?$AAn?$AAt?$AAe?$AAr?$AAr?$AAu?$AAp?$AAt?$AA?6?$AA?$AN?$AA?$AA@ 10003d7c     com_mdd2:mdd.obj
 0001:00002dc0       ??_C@_1EI@EFCKMID@?$AAI?$AAn?$AAi?$AAt?$AAi?$AAa?$AAl?$AAi?$AAz?$AAi?$AAn?$AAg?$AA?5?$AAi?$AAn?$AAt?$AAe?$AAr?$AAr?$AAu?$AAp?$AAt?$AA?5?$AA0?$AAx?$AA?$CF?$AAX?$AA?0?$AA?5?$AA0?$AAx?$AA?$CF@ 10003dc0     com_mdd2:mdd.obj
 0001:00002e08       ??_C@_1EE@NKOOKCAI@?$AAS?$AAe?$AAr?$AAi?$AAa?$AAl?$AAD?$AAi?$AAs?$AAp?$AAa?$AAt?$AAc?$AAh?$AAT?$AAh?$AAr?$AAe?$AAa?$AAd?$AA?5?$AA?$CF?$AAx?$AA?5?$AAe?$AAx?$AAi?$AAt?$AAi?$AAn?$AAg?$AA?$AN@ 10003e08     com_mdd2:mdd.obj
 0001:00002e4c       ??_C@_1BO@CNJNPPHP@?$AAE?$AAv?$AAe?$AAn?$AAt?$AA?5?$AA?$CF?$AAX?$AA?0?$AA?5?$AA?$CF?$AAd?$AA?$AN?$AA?6?$AA?$AA@ 10003e4c     com_mdd2:mdd.obj
 0001:00002e70       ??_C@_1EI@IJEBFPL@?$AAS?$AAp?$AAi?$AAn?$AAn?$AAi?$AAn?$AAg?$AA?5?$AAi?$AAn?$AA?5?$AAd?$AAi?$AAs?$AAp?$AAa?$AAt?$AAc?$AAh?$AA?5?$AAt?$AAh?$AAr?$AAe?$AAa?$AAd?$AA?5?$AA?$CF?$AAX?$AA?5?$AA?$CF@ 10003e70     com_mdd2:mdd.obj
 0001:00002eb8       ??_C@_1EE@JPBAFGIH@?$AAE?$AAn?$AAt?$AAe?$AAr?$AAe?$AAd?$AA?5?$AAS?$AAe?$AAr?$AAi?$AAa?$AAl?$AAD?$AAi?$AAs?$AAp?$AAa?$AAt?$AAc?$AAh?$AAT?$AAh?$AAr?$AAe?$AAa?$AAd?$AA?5?$AA?$CF?$AAX?$AA?$AN@ 10003eb8     com_mdd2:mdd.obj
 0001:00002efc       ??_C@_1DM@NEFLPBFN@?$AA?$AN?$AA?6?$AAR?$AAe?$AAt?$AAu?$AAr?$AAn?$AAe?$AAd?$AA?5?$AAf?$AAr?$AAo?$AAm?$AA?5?$AAC?$AAl?$AAo?$AAs?$AAe?$AAH?$AAa?$AAn?$AAd?$AAl?$AAe?$AA?$AN?$AA?6?$AA?$AA@ 10003efc     com_mdd2:mdd.obj
 0001:00002f38       ??_C@_1DO@BPPHAKCP@?$AA?$AN?$AA?6?$AAT?$AAr?$AAy?$AAi?$AAn?$AAg?$AA?5?$AAt?$AAo?$AA?5?$AAc?$AAa?$AAl?$AAl?$AA?5?$AAC?$AAl?$AAo?$AAs?$AAe?$AAH?$AAa?$AAn?$AAd?$AAl?$AAe?$AA?$AN?$AA?6?$AA?$AA@ 10003f38     com_mdd2:mdd.obj
 0001:00002f78       ??_C@_1EI@FHNFOMPC@?$AA?$AN?$AA?6?$AAT?$AAr?$AAy?$AAi?$AAn?$AAg?$AA?5?$AAt?$AAo?$AA?5?$AAs?$AAi?$AAg?$AAn?$AAa?$AAl?$AA?5?$AAs?$AAe?$AAr?$AAi?$AAa?$AAl?$AA?5?$AAt?$AAh?$AAr?$AAe?$AAa?$AAd@ 10003f78     com_mdd2:mdd.obj
 0001:00002fc0       ??_C@_1EI@JFKDHKHE@?$AA?$AN?$AA?6?$AAT?$AAr?$AAy?$AAi?$AAn?$AAg?$AA?5?$AAt?$AAo?$AA?5?$AAc?$AAl?$AAo?$AAs?$AAe?$AA?5?$AAd?$AAi?$AAs?$AAp?$AAa?$AAt?$AAc?$AAh?$AA?5?$AAt?$AAh?$AAr?$AAe?$AAa@ 10003fc0     com_mdd2:mdd.obj
 0001:00003008       ??_C@_1FE@DAKNODMA@?$AAI?$AAO?$AAC?$AAT?$AAL?$AA?3?$AAR?$AAT?$AAS?$AA_?$AAC?$AAO?$AAN?$AAT?$AAR?$AAO?$AAL?$AA_?$AAH?$AAA?$AAN?$AAD?$AAS?$AAH?$AAA?$AAK?$AAE?$AA?5?$AAS?$AAe?$AAt?$AAt@ 10004008     com_mdd2:mdd.obj
 0001:00003060       ??_C@_1FG@IDPAINNF@?$AAI?$AAO?$AAC?$AAT?$AAL?$AA?3?$AAR?$AAT?$AAS?$AA_?$AAC?$AAO?$AAN?$AAT?$AAR?$AAO?$AAL?$AA_?$AAH?$AAA?$AAN?$AAD?$AAS?$AAH?$AAA?$AAK?$AAE?$AA?5?$AAC?$AAl?$AAe?$AAa@ 10004060     com_mdd2:mdd.obj
 0001:000030b8       ??_C@_1FE@MINNMIFE@?$AAI?$AAO?$AAC?$AAT?$AAL?$AA?3?$AAD?$AAT?$AAR?$AA_?$AAC?$AAO?$AAN?$AAT?$AAR?$AAO?$AAL?$AA_?$AAH?$AAA?$AAN?$AAD?$AAS?$AAH?$AAA?$AAK?$AAE?$AA?5?$AAS?$AAe?$AAt?$AAt@ 100040b8     com_mdd2:mdd.obj
 0001:00003110       ??_C@_1FG@GEFMJHJN@?$AAI?$AAO?$AAC?$AAT?$AAL?$AA?3?$AAD?$AAT?$AAR?$AA_?$AAC?$AAO?$AAN?$AAT?$AAR?$AAO?$AAL?$AA_?$AAH?$AAA?$AAN?$AAD?$AAS?$AAH?$AAA?$AAK?$AAE?$AA?5?$AAC?$AAl?$AAe?$AAa@ 10004110     com_mdd2:mdd.obj
 0001:00003168       ??_C@_1BI@NFEFLGML@?$AA?9?$AAC?$AAO?$AAM?$AA_?$AAI?$AAn?$AAi?$AAt?$AA?$AN?$AA?6?$AA?$AA@ 10004168     com_mdd2:mdd.obj
 0001:00003180       ??_C@_1EI@FNCKFJMM@?$AAR?$AAx?$AAB?$AAu?$AAf?$AAf?$AAe?$AAr?$AA?5?$AAi?$AAn?$AAi?$AAt?$AA?8?$AAe?$AAd?$AA?5?$AAw?$AAi?$AAt?$AAh?$AA?5?$AAs?$AAt?$AAa?$AAr?$AAt?$AA?5?$AAa?$AAt?$AA?5?$AA?$CF@ 10004180     com_mdd2:mdd.obj
 0001:000031c8       ??_C@_1CC@POKINGEF@?$AAR?$AAx?$AAH?$AAe?$AAa?$AAd?$AA?5?$AAi?$AAn?$AAi?$AAt?$AA?8?$AAe?$AAd?$AA?$AN?$AA?6?$AA?$AA@ 100041c8     com_mdd2:mdd.obj
 0001:000031f0       ??_C@_1GG@FCOIFIDD@?$AAE?$AAr?$AAr?$AAo?$AAr?$AA?5?$AAa?$AAl?$AAl?$AAo?$AAc?$AAa?$AAt?$AAi?$AAn?$AAg?$AA?5?$AAr?$AAe?$AAc?$AAe?$AAi?$AAv?$AAe?$AA?5?$AAb?$AAu?$AAf?$AAf?$AAe?$AAr?$AA?0@ 100041f0     com_mdd2:mdd.obj
 0001:00003258       ??_C@_1DE@CLLKJMN@?$AAB?$AAa?$AAc?$AAk?$AA?5?$AAf?$AAr?$AAo?$AAm?$AA?5?$AAh?$AAa?$AAr?$AAd?$AAw?$AAa?$AAr?$AAe?$AA?5?$AAi?$AAn?$AAi?$AAt?$AA?$AN?$AA?6?$AA?$AA@ 10004258     com_mdd2:mdd.obj
 0001:00003290       ??_C@_1GG@LFOFGOL@?$AAH?$AAa?$AAr?$AAd?$AAw?$AAa?$AAr?$AAe?$AA?5?$AAd?$AAo?$AAe?$AAs?$AAn?$AA?8?$AAt?$AA?5?$AAi?$AAn?$AAi?$AAt?$AA?5?$AAc?$AAo?$AAr?$AAr?$AAe?$AAc?$AAt?$AAl?$AAy?$AA?0@ 10004290     com_mdd2:mdd.obj
 0001:000032f8       ??_C@_1EA@DFMKFADA@?$AAA?$AAb?$AAo?$AAu?$AAt?$AA?5?$AAt?$AAo?$AA?5?$AAc?$AAa?$AAl?$AAl?$AA?5?$AAH?$AAW?$AAI?$AAn?$AAi?$AAt?$AA?$CI?$AA?$CF?$AAs?$AA?0?$AA0?$AAx?$AA?$CF?$AAX?$AA?$CJ?$AA?$AN?$AA?6?$AA?$AA@ 100042f8     com_mdd2:mdd.obj
 0001:00003338       ??_C@_1FI@OHFMJBNJ@?$AAE?$AAr?$AAr?$AAo?$AAr?$AA?5?$AAi?$AAn?$AA?5?$AAG?$AAe?$AAt?$AAS?$AAe?$AAr?$AAi?$AAa?$AAl?$AAO?$AAb?$AAj?$AAe?$AAc?$AAt?$AA?0?$AA?5?$AAC?$AAO?$AAM?$AA_?$AAI?$AAn@ 10004338     com_mdd2:mdd.obj
 0001:00003390       ??_C@_1BM@EFMMMFDH@?$AAD?$AAe?$AAv?$AAI?$AAn?$AAd?$AAe?$AAx?$AA?5?$AA?$CF?$AAX?$AA?$AN?$AA?6?$AA?$AA@ 10004390     com_mdd2:mdd.obj
 0001:000033b0       ??_C@_1GI@IGAGBKDE@?$AAF?$AAa?$AAi?$AAl?$AAe?$AAd?$AA?5?$AAt?$AAo?$AA?5?$AAg?$AAe?$AAt?$AA?5?$AAP?$AAr?$AAi?$AAo?$AAr?$AAi?$AAt?$AAy?$AA2?$AA5?$AA6?$AA?5?$AAv?$AAa?$AAl?$AAu?$AAe?$AA?0@ 100043b0     com_mdd2:mdd.obj
 0001:00003418       ??_C@_1HA@FDKKDCHL@?$AAF?$AAa?$AAi?$AAl?$AAe?$AAd?$AA?5?$AAt?$AAo?$AA?5?$AAg?$AAe?$AAt?$AA?5?$AAD?$AAe?$AAv?$AAi?$AAc?$AAe?$AAA?$AAr?$AAr?$AAa?$AAy?$AAI?$AAn?$AAd?$AAe?$AAx?$AA?5?$AAv@ 10004418     com_mdd2:mdd.obj
 0001:00003488       ??_C@_1FK@GNPHIAEF@?$AAF?$AAa?$AAi?$AAl?$AAe?$AAd?$AA?5?$AAt?$AAo?$AA?5?$AAo?$AAp?$AAe?$AAn?$AA?5?$AAd?$AAe?$AAv?$AAk?$AAe?$AAy?$AAp?$AAa?$AAt?$AAh?$AA?0?$AA?5?$AAC?$AAO?$AAM?$AA_?$AAI@ 10004488     com_mdd2:mdd.obj
 0001:000034e4       ??_C@_1CC@OIKDCOFG@?$AAT?$AAr?$AAy?$AA?5?$AAt?$AAo?$AA?5?$AAo?$AAp?$AAe?$AAn?$AA?5?$AA?$CF?$AAs?$AA?$AN?$AA?6?$AA?$AA@ 100044e4     com_mdd2:mdd.obj
 0001:00003508       ??_C@_1FA@BECDDKGM@?$AAE?$AAr?$AAr?$AAo?$AAr?$AA?5?$AAc?$AAr?$AAe?$AAa?$AAt?$AAi?$AAn?$AAg?$AA?5?$AAe?$AAv?$AAe?$AAn?$AAt?$AA?0?$AA?5?$AAC?$AAO?$AAM?$AA_?$AAI?$AAn?$AAi?$AAt?$AA?5?$AAf@ 10004508     com_mdd2:mdd.obj
 0001:00003558       ??_C@_1HG@FCOJGPAE@?$AAE?$AAr?$AAr?$AAo?$AAr?$AA?5?$AAa?$AAl?$AAl?$AAo?$AAc?$AAa?$AAt?$AAi?$AAn?$AAg?$AA?5?$AAm?$AAe?$AAm?$AAo?$AAr?$AAy?$AA?5?$AAf?$AAo?$AAr?$AA?5?$AAp?$AAS?$AAe?$AAr@ 10004558     com_mdd2:mdd.obj
 0001:000035d0       ??_C@_1BI@GFHIOEJL@?$AA?$CL?$AAC?$AAO?$AAM?$AA_?$AAI?$AAn?$AAi?$AAt?$AA?$AN?$AA?6?$AA?$AA@ 100045d0     com_mdd2:mdd.obj
 0001:000035e8       ??_C@_1CE@HHPKLFBI@?$AAH?$AAW?$AA?5?$AAO?$AAp?$AAe?$AAn?$AA?5?$AAf?$AAa?$AAi?$AAl?$AAe?$AAd?$AA?4?$AA?$AN?$AA?6?$AA?$AA@ 100045e8     com_mdd2:mdd.obj
 0001:00003610       ??_C@_1FG@FDKJAEDJ@?$AAC?$AAO?$AAM?$AA_?$AAO?$AAp?$AAe?$AAn?$AA?3?$AA?5?$AAF?$AAa?$AAi?$AAl?$AAe?$AAd?$AA?5?$AAS?$AAt?$AAa?$AAr?$AAt?$AAD?$AAi?$AAs?$AAp?$AAa?$AAt?$AAc?$AAh?$AAT?$AAh@ 10004610     com_mdd2:mdd.obj
 0001:00003668       ??_C@_1FA@GFAOJBEN@?$AAC?$AAO?$AAM?$AA_?$AAO?$AAp?$AAe?$AAn?$AA?3?$AA?5?$AAS?$AAt?$AAa?$AAr?$AAt?$AAi?$AAn?$AAg?$AA?5?$AAD?$AAi?$AAs?$AAp?$AAa?$AAt?$AAc?$AAh?$AAT?$AAh?$AAr?$AAe?$AAa@ 10004668     com_mdd2:mdd.obj
 0001:000036b8       ??_C@_1EK@MCEDHMPN@?$AAC?$AAO?$AAM?$AA_?$AAO?$AAp?$AAe?$AAn?$AA?3?$AA?5?$AAF?$AAi?$AAr?$AAs?$AAt?$AA?5?$AAo?$AAp?$AAe?$AAn?$AA?5?$AA?3?$AA?5?$AAD?$AAo?$AA?5?$AAI?$AAn?$AAi?$AAt?$AA?5?$AAx@ 100046b8     com_mdd2:mdd.obj
 0001:00003708       ??_C@_1EK@MFLOMJPC@?$AA?9?$AAC?$AAO?$AAM?$AA_?$AAO?$AAp?$AAe?$AAn?$AA?5?$AAh?$AAa?$AAn?$AAd?$AAl?$AAe?$AA?5?$AAx?$AA?$CF?$AAX?$AA?0?$AA?5?$AAx?$AA?$CF?$AAX?$AA?0?$AA?5?$AAR?$AAe?$AAf?$AA?5?$AAx@ 10004708     com_mdd2:mdd.obj
 0001:00003758       ??_C@_1GC@CLBBDJNN@?$AAC?$AAO?$AAM?$AA_?$AAO?$AAp?$AAe?$AAn?$AA?3?$AA?5?$AAA?$AAc?$AAc?$AAe?$AAs?$AAs?$AA?5?$AAp?$AAe?$AAr?$AAm?$AAi?$AAs?$AAs?$AAi?$AAo?$AAn?$AA?5?$AAh?$AAa?$AAn?$AAd@ 10004758     com_mdd2:mdd.obj
 0001:000037c0       ??_C@_1HC@GGJLMGKF@?$AAE?$AAr?$AAr?$AAo?$AAr?$AA?5?$AAa?$AAl?$AAl?$AAo?$AAc?$AAa?$AAt?$AAi?$AAn?$AAg?$AA?5?$AAm?$AAe?$AAm?$AAo?$AAr?$AAy?$AA?5?$AAf?$AAo?$AAr?$AA?5?$AAp?$AAO?$AAp?$AAe@ 100047c0     com_mdd2:mdd.obj
 0001:00003838       ??_C@_1HA@GJBLLAJC@?$AAO?$AAp?$AAe?$AAn?$AA?5?$AAr?$AAe?$AAq?$AAu?$AAe?$AAs?$AAt?$AAe?$AAd?$AA?5?$AAa?$AAc?$AAc?$AAe?$AAs?$AAs?$AA?5?$AA?$CF?$AAx?$AA?0?$AA?5?$AAh?$AAa?$AAn?$AAd?$AAl?$AAe@ 10004838     com_mdd2:mdd.obj
 0001:000038a8       ??_C@_1EK@IHGIHNNE@?$AAO?$AAp?$AAe?$AAn?$AA?5?$AAa?$AAt?$AAt?$AAe?$AAm?$AAp?$AAt?$AAe?$AAd?$AA?5?$AAo?$AAn?$AA?5?$AAu?$AAn?$AAi?$AAn?$AAi?$AAt?$AAe?$AAd?$AA?5?$AAd?$AAe?$AAv?$AAi?$AAc@ 100048a8     com_mdd2:mdd.obj
 0001:000038f8       ??_C@_1FM@OGLFDPL@?$AA?$CL?$AAC?$AAO?$AAM?$AA_?$AAO?$AAp?$AAe?$AAn?$AA?5?$AAh?$AAa?$AAn?$AAd?$AAl?$AAe?$AA?5?$AAx?$AA?$CF?$AAX?$AA?0?$AA?5?$AAa?$AAc?$AAc?$AAe?$AAs?$AAs?$AA?5?$AAx?$AA?$CF?$AAX@ 100048f8     com_mdd2:mdd.obj
 0001:00003954       ??_C@_1CA@KJOIAGGH@?$AA?9?$AAC?$AAO?$AAM?$AA_?$AAP?$AAr?$AAe?$AAC?$AAl?$AAo?$AAs?$AAe?$AA?$AN?$AA?6?$AA?$AA@ 10004954     com_mdd2:mdd.obj
 0001:00003978       ??_C@_1EK@NAJGEFLJ@?$AA?$CB?$AA?$CB?$AAP?$AAr?$AAe?$AAC?$AAl?$AAo?$AAs?$AAe?$AA?5?$AAo?$AAf?$AA?5?$AAn?$AAo?$AAn?$AA?9?$AAo?$AAp?$AAe?$AAn?$AA?5?$AAs?$AAe?$AAr?$AAi?$AAa?$AAl?$AA?5?$AAp?$AAo@ 10004978     com_mdd2:mdd.obj
 0001:000039c8       ??_C@_1FM@KBMCIDEH@?$AAC?$AAO?$AAM?$AA_?$AAP?$AAr?$AAe?$AAC?$AAl?$AAo?$AAs?$AAe?$AA?3?$AA?5?$AAs?$AAe?$AAr?$AAi?$AAa?$AAl?$AA?5?$AAu?$AAs?$AAe?$AAr?$AAs?$AA?5?$AAt?$AAo?$AA?5?$AAe?$AAx@ 100049c8     com_mdd2:mdd.obj
 0001:00003a28       ??_C@_1FE@NPNGHGCB@?$AAC?$AAO?$AAM?$AA_?$AAP?$AAr?$AAe?$AAC?$AAl?$AAo?$AAs?$AAe?$AA?3?$AA?5?$AA?$CF?$AAd?$AA?5?$AAu?$AAs?$AAe?$AAr?$AAs?$AA?5?$AAi?$AAn?$AA?5?$AAM?$AAD?$AAD?$AA?5?$AAf?$AAu@ 10004a28     com_mdd2:mdd.obj
 0001:00003a80       ??_C@_1FA@EDDADDPP@?$AA?$CB?$AA?$CB?$AAC?$AAO?$AAM?$AA_?$AAP?$AAr?$AAe?$AAC?$AAl?$AAo?$AAs?$AAe?$AA?3?$AA?5?$AAp?$AAS?$AAe?$AAr?$AAi?$AAa?$AAl?$AAH?$AAe?$AAa?$AAd?$AA?5?$AA?$DN?$AA?$DN?$AA?5?$AAN@ 10004a80     com_mdd2:mdd.obj
 0001:00003ad0       ??_C@_1BK@GDIGGGLD@?$AA?9?$AAC?$AAO?$AAM?$AA_?$AAC?$AAl?$AAo?$AAs?$AAe?$AA?$AN?$AA?6?$AA?$AA@ 10004ad0     com_mdd2:mdd.obj
 0001:00003af0       ??_C@_1EE@HJGCIAAB@?$AA?$CB?$AA?$CB?$AAC?$AAl?$AAo?$AAs?$AAe?$AA?5?$AAo?$AAf?$AA?5?$AAn?$AAo?$AAn?$AA?9?$AAo?$AAp?$AAe?$AAn?$AA?5?$AAs?$AAe?$AAr?$AAi?$AAa?$AAl?$AA?5?$AAp?$AAo?$AAr?$AAt?$AA?$AN@ 10004af0     com_mdd2:mdd.obj
 0001:00003b38       ??_C@_1FA@FDHIAIFB@?$AAC?$AAO?$AAM?$AA_?$AAC?$AAl?$AAo?$AAs?$AAe?$AA?3?$AA?5?$AAC?$AAl?$AAo?$AAs?$AAe?$AAd?$AA?5?$AAa?$AAc?$AAc?$AAe?$AAs?$AAs?$AA?5?$AAo?$AAw?$AAn?$AAe?$AAr?$AA?5?$AAh@ 10004b38     com_mdd2:mdd.obj
 0001:00003b88       ??_C@_1EO@KHAJIML@?$AAC?$AAO?$AAM?$AA_?$AAC?$AAl?$AAo?$AAs?$AAe?$AA?5?$AA?3?$AA?5?$AAS?$AAt?$AAo?$AAp?$AAp?$AAi?$AAn?$AAg?$AA?5?$AAD?$AAi?$AAs?$AAp?$AAa?$AAt?$AAc?$AAh?$AA?5?$AAT?$AAh@ 10004b88     com_mdd2:mdd.obj
 0001:00003bd8       ??_C@_1DA@HIJABIAN@?$AAR?$AAe?$AAt?$AAu?$AAr?$AAn?$AAe?$AAd?$AA?5?$AAf?$AAr?$AAo?$AAm?$AA?5?$AAH?$AAW?$AAC?$AAl?$AAo?$AAs?$AAe?$AA?$AN?$AA?6?$AA?$AA@ 10004bd8     com_mdd2:mdd.obj
 0001:00003c08       ??_C@_1DA@EPLPIONK@?$AAA?$AAb?$AAo?$AAu?$AAt?$AA?5?$AAt?$AAo?$AA?5?$AAc?$AAa?$AAl?$AAl?$AA?5?$AAH?$AAW?$AAC?$AAl?$AAo?$AAs?$AAe?$AA?$AN?$AA?6?$AA?$AA@ 10004c08     com_mdd2:mdd.obj
 0001:00003c38       ??_C@_1JK@JHJOGNCH@?$AAC?$AAO?$AAM?$AA_?$AAC?$AAl?$AAo?$AAs?$AAe?$AA?3?$AA?5?$AA?$CI?$AA?$CF?$AAd?$AA?5?$AAh?$AAa?$AAn?$AAd?$AAl?$AAe?$AAs?$AA?$CJ?$AA?5?$AAt?$AAo?$AAt?$AAa?$AAl?$AA?5?$AAR?$AAX@ 10004c38     com_mdd2:mdd.obj
 0001:00003cd8       ??_C@_1EK@JBKGBIGA@?$AA?$CB?$AA?$CB?$AAC?$AAO?$AAM?$AA_?$AAC?$AAl?$AAo?$AAs?$AAe?$AA?3?$AA?5?$AAp?$AAS?$AAe?$AAr?$AAi?$AAa?$AAl?$AAH?$AAe?$AAa?$AAd?$AA?5?$AA?$DN?$AA?$DN?$AA?5?$AAN?$AAU?$AAL?$AAL@ 10004cd8     com_mdd2:mdd.obj
 0001:00003d24       ??_C@_1BK@FMFILLAC@?$AA?$CL?$AAC?$AAO?$AAM?$AA_?$AAC?$AAl?$AAo?$AAs?$AAe?$AA?$AN?$AA?6?$AA?$AA@ 10004d24     com_mdd2:mdd.obj
 0001:00003d40       ??_C@_1CE@KKIBLMOF@?$AA?9?$AAP?$AAr?$AAo?$AAc?$AAe?$AAs?$AAs?$AAE?$AAx?$AAi?$AAt?$AAi?$AAn?$AAg?$AA?$AN?$AA?6?$AA?$AA@ 10004d40     com_mdd2:mdd.obj
 0001:00003d68       ??_C@_1FE@DFEILEFJ@?$AA?$CB?$AA?$CB?$AAP?$AAr?$AAo?$AAc?$AAe?$AAs?$AAs?$AAE?$AAx?$AAi?$AAt?$AAi?$AAn?$AAg?$AA?3?$AA?5?$AAp?$AAS?$AAe?$AAr?$AAi?$AAa?$AAl?$AAH?$AAe?$AAa?$AAd?$AA?5?$AA?$DN?$AA?$DN@ 10004d68     com_mdd2:mdd.obj
 0001:00003dbc       ??_C@_1CE@GDEBELBJ@?$AA?$CL?$AAP?$AAr?$AAo?$AAc?$AAe?$AAs?$AAs?$AAE?$AAx?$AAi?$AAt?$AAi?$AAn?$AAg?$AA?$AN?$AA?6?$AA?$AA@ 10004dbc     com_mdd2:mdd.obj
 0001:00003de0       ??_C@_1CC@EOGEOIEK@?$AA?9?$AAC?$AAO?$AAM?$AA_?$AAP?$AAr?$AAe?$AAD?$AAe?$AAi?$AAn?$AAi?$AAt?$AA?$AN?$AA?6?$AA?$AA@ 10004de0     com_mdd2:mdd.obj
 0001:00003e04       ??_C@_1DI@PDPAMALM@?$AAR?$AAe?$AAt?$AAu?$AAr?$AAn?$AAe?$AAd?$AA?5?$AAf?$AAr?$AAo?$AAm?$AA?5?$AAH?$AAW?$AAP?$AAr?$AAe?$AAD?$AAe?$AAi?$AAn?$AAi?$AAt?$AA?$AN?$AA?6?$AA?$AA@ 10004e04     com_mdd2:mdd.obj
 0001:00003e3c       ??_C@_1DI@JGMLCPMK@?$AAA?$AAb?$AAo?$AAu?$AAt?$AA?5?$AAt?$AAo?$AA?5?$AAc?$AAa?$AAl?$AAl?$AA?5?$AAH?$AAW?$AAP?$AAr?$AAe?$AAD?$AAe?$AAi?$AAn?$AAi?$AAt?$AA?$AN?$AA?6?$AA?$AA@ 10004e3c     com_mdd2:mdd.obj
 0001:00003e78       ??_C@_1EM@KLLBGOIP@?$AA?5?$AAP?$AAr?$AAe?$AAD?$AAe?$AAi?$AAn?$AAi?$AAt?$AA?5?$AA?9?$AAP?$AAr?$AAe?$AA?5?$AAC?$AAl?$AAo?$AAs?$AAi?$AAn?$AAg?$AA?5?$AAH?$AAa?$AAn?$AAd?$AAl?$AAe?$AA?5?$AA0@ 10004e78     com_mdd2:mdd.obj
 0001:00003ec8       ??_C@_1EO@HNCGHLKP@?$AAC?$AAO?$AAM?$AA_?$AAP?$AAr?$AAe?$AAD?$AAe?$AAi?$AAn?$AAi?$AAt?$AA?5?$AAc?$AAa?$AAn?$AA?8?$AAt?$AA?5?$AAf?$AAi?$AAn?$AAd?$AA?5?$AAp?$AAS?$AAe?$AAr?$AAi?$AAa?$AAl@ 10004ec8     com_mdd2:mdd.obj
 0001:00003f18       ??_C@_1CC@JFGJAOPO@?$AA?$CL?$AAC?$AAO?$AAM?$AA_?$AAP?$AAr?$AAe?$AAD?$AAe?$AAi?$AAn?$AAi?$AAt?$AA?$AN?$AA?6?$AA?$AA@ 10004f18     com_mdd2:mdd.obj
 0001:00003f3c       ??_C@_1BM@OGICEDGH@?$AA?9?$AAC?$AAO?$AAM?$AA_?$AAD?$AAe?$AAi?$AAn?$AAi?$AAt?$AA?$AN?$AA?6?$AA?$AA@ 10004f3c     com_mdd2:mdd.obj
 0001:00003f58       ??_C@_1DC@CLHJIHHM@?$AAR?$AAe?$AAt?$AAu?$AAr?$AAn?$AAe?$AAd?$AA?5?$AAf?$AAr?$AAo?$AAm?$AA?5?$AAH?$AAW?$AAD?$AAe?$AAi?$AAn?$AAi?$AAt?$AA?$AN?$AA?6?$AA?$AA@ 10004f58     com_mdd2:mdd.obj
 0001:00003f8c       ??_C@_1DC@PMGMNFPK@?$AAA?$AAb?$AAo?$AAu?$AAt?$AA?5?$AAt?$AAo?$AA?5?$AAc?$AAa?$AAl?$AAl?$AA?5?$AAH?$AAW?$AAD?$AAe?$AAi?$AAn?$AAi?$AAt?$AA?$AN?$AA?6?$AA?$AA@ 10004f8c     com_mdd2:mdd.obj
 0001:00003fc0       ??_C@_1EA@JDMAPCPA@?$AA?5?$AAD?$AAe?$AAi?$AAn?$AAi?$AAt?$AA?5?$AA?9?$AA?5?$AAC?$AAl?$AAo?$AAs?$AAi?$AAn?$AAg?$AA?5?$AAH?$AAa?$AAn?$AAd?$AAl?$AAe?$AA?5?$AA0?$AAx?$AA?$CF?$AAX?$AA?$AN?$AA?6?$AA?$AA@ 10004fc0     com_mdd2:mdd.obj
 0001:00004000       ??_C@_1EI@FADDJAGG@?$AAC?$AAO?$AAM?$AA_?$AAD?$AAe?$AAi?$AAn?$AAi?$AAt?$AA?5?$AAc?$AAa?$AAn?$AA?8?$AAt?$AA?5?$AAf?$AAi?$AAn?$AAd?$AA?5?$AAp?$AAS?$AAe?$AAr?$AAi?$AAa?$AAl?$AAH?$AAe?$AAa@ 10005000     com_mdd2:mdd.obj
 0001:00004048       ??_C@_1BM@ODDOENCJ@?$AA?$CL?$AAC?$AAO?$AAM?$AA_?$AAD?$AAe?$AAi?$AAn?$AAi?$AAt?$AA?$AN?$AA?6?$AA?$AA@ 10005048     com_mdd2:mdd.obj
 0001:00004068       ??_C@_1GI@KJLFCJIJ@?$AA?9?$AAC?$AAO?$AAM?$AA_?$AAR?$AAE?$AAA?$AAD?$AA?3?$AA?5?$AAr?$AAe?$AAt?$AAu?$AAr?$AAn?$AAi?$AAn?$AAg?$AA?5?$AA?$CF?$AAd?$AA?5?$AA?$CI?$AAt?$AAo?$AAt?$AAa?$AAl?$AA?5?$AA?$CF@ 10005068     com_mdd2:mdd.obj
 0001:000040d0       ??_C@_1CO@BMKNIMFL@?$AAR?$AAe?$AAc?$AAe?$AAi?$AAv?$AAe?$AAB?$AAy?$AAt?$AAe?$AAs?$AA?5?$AAe?$AAx?$AAi?$AAt?$AAi?$AAn?$AAg?$AA?$AN?$AA?6?$AA?$AA@ 100050d0     com_mdd2:mdd.obj
 0001:00004100       ??_C@_1EI@NJBLBAI@?$AAD?$AAT?$AAR?$AA_?$AAC?$AAO?$AAN?$AAT?$AAR?$AAO?$AAL?$AA_?$AAH?$AAA?$AAN?$AAD?$AAS?$AAH?$AAA?$AAK?$AAE?$AA?5?$AAS?$AAe?$AAt?$AAt?$AAi?$AAn?$AAg?$AA?5?$AAD?$AAT@ 10005100     com_mdd2:mdd.obj
 0001:00004148       ??_C@_1EI@PFOBJKJM@?$AAR?$AAT?$AAS?$AA_?$AAC?$AAO?$AAN?$AAT?$AAR?$AAO?$AAL?$AA_?$AAH?$AAA?$AAN?$AAD?$AAS?$AAH?$AAA?$AAK?$AAE?$AA?5?$AAS?$AAe?$AAt?$AAt?$AAi?$AAn?$AAg?$AA?5?$AAR?$AAT@ 10005148     com_mdd2:mdd.obj
 0001:00004190       ??_C@_1BM@LDMNCPPP@?$AAS?$AAe?$AAn?$AAd?$AAi?$AAn?$AAg?$AA?5?$AAX?$AAO?$AAN?$AA?$AN?$AA?6?$AA?$AA@ 10005190     com_mdd2:mdd.obj
 0001:000041ac       ??_C@_1DO@LAJCOFEP@?$AAC?$AAO?$AAM?$AA_?$AAR?$AAe?$AAa?$AAd?$AA?5?$AA?9?$AA?5?$AAd?$AAe?$AAv?$AAi?$AAc?$AAe?$AA?5?$AAw?$AAa?$AAs?$AA?5?$AAc?$AAl?$AAo?$AAs?$AAe?$AAd?$AA?6?$AA?$AN?$AA?$AA@ 100051ac     com_mdd2:mdd.obj
 0001:000041ec       ??_C@_1DG@NGGANINM@?$AAC?$AAO?$AAM?$AA_?$AAR?$AAe?$AAa?$AAd?$AA?5?$AA?9?$AA?5?$AAA?$AAb?$AAo?$AAr?$AAt?$AAi?$AAn?$AAg?$AA?5?$AAr?$AAe?$AAa?$AAd?$AA?$AN?$AA?6?$AA?$AA@ 100051ec     com_mdd2:mdd.obj
 0001:00004224       ??_C@_1CK@GLIEOMOP@?$AAA?$AAb?$AAo?$AAu?$AAt?$AA?5?$AAt?$AAo?$AA?5?$AAw?$AAa?$AAi?$AAt?$AA?5?$AA?$CF?$AAd?$AAm?$AAs?$AA?$AN?$AA?6?$AA?$AA@ 10005224     com_mdd2:mdd.obj
 0001:00004250       ??_C@_1FC@CGIHBGNN@?$AAT?$AAo?$AAp?$AA?5?$AAo?$AAf?$AA?5?$AAL?$AAo?$AAo?$AAp?$AA?5?$AAF?$AAi?$AAf?$AAo?$AA?$CI?$AAR?$AA?$DN?$AA?$CF?$AAd?$AA?0?$AAW?$AA?$DN?$AA?$CF?$AAd?$AA?0?$AAL?$AA?$DN?$AA?$CF?$AAd?$AA?0@ 10005250     com_mdd2:mdd.obj
 0001:000042a4       ??_C@_1CE@PICJNKFA@?$AAT?$AAo?$AAt?$AAa?$AAl?$AAT?$AAi?$AAm?$AAe?$AAo?$AAu?$AAt?$AA?3?$AA?$CF?$AAd?$AA?$AN?$AA?6?$AA?$AA@ 100052a4     com_mdd2:mdd.obj
 0001:000042c8       ??_C@_1FO@KCNFPNI@?$AAC?$AAO?$AAM?$AA_?$AAR?$AAE?$AAA?$AAD?$AA?0?$AA?5?$AAb?$AAa?$AAd?$AA?5?$AA?5?$AAp?$AAo?$AAi?$AAn?$AAt?$AAe?$AAr?$AA?$CI?$AA0?$AAx?$AA?$CF?$AAx?$AA?$CJ?$AA?5?$AAo?$AAr?$AA?5@ 100052c8     com_mdd2:mdd.obj
 0001:00004328       ??_C@_1FE@BNFDNPPG@?$AAC?$AAO?$AAM?$AA_?$AAR?$AAe?$AAa?$AAd?$AA?3?$AA?5?$AAA?$AAc?$AAc?$AAe?$AAs?$AAs?$AA?5?$AAp?$AAe?$AAr?$AAm?$AAi?$AAs?$AAs?$AAi?$AAo?$AAn?$AA?5?$AAf?$AAa?$AAi?$AAl@ 10005328     com_mdd2:mdd.obj
 0001:0000437c       ??_C@_1DI@CKPKPEIH@?$AAC?$AAO?$AAM?$AA_?$AAR?$AAE?$AAA?$AAD?$AA?0?$AA?5?$AAd?$AAe?$AAv?$AAi?$AAc?$AAe?$AA?5?$AAn?$AAo?$AAt?$AA?5?$AAo?$AAp?$AAe?$AAn?$AA?$AN?$AA?6?$AA?$AA@ 1000537c     com_mdd2:mdd.obj
 0001:000043b4       ??_C@_1DC@DDENEIPK@?$AAC?$AAO?$AAM?$AA_?$AAR?$AAE?$AAA?$AAD?$AA?0?$AA?5?$AAW?$AAr?$AAo?$AAn?$AAg?$AA?5?$AAH?$AAa?$AAn?$AAd?$AAl?$AAe?$AA?$AN?$AA?6?$AA?$AA@ 100053b4     com_mdd2:mdd.obj
 0001:000043e8       ??_C@_1DE@HFOANDEN@?$AA?$CL?$AAC?$AAO?$AAM?$AA_?$AAR?$AAE?$AAA?$AAD?$AA?$CI?$AA0?$AAx?$AA?$CF?$AAX?$AA?0?$AA0?$AAx?$AA?$CF?$AAX?$AA?0?$AA?$CF?$AAd?$AA?$CJ?$AA?$AN?$AA?6?$AA?$AA@ 100053e8     com_mdd2:mdd.obj
 0001:0000441c       ??_C@_1DG@PKENKCNO@?$AA?9?$AAC?$AAO?$AAM?$AA_?$AAW?$AAR?$AAI?$AAT?$AAE?$AA?0?$AA?5?$AAr?$AAe?$AAt?$AAu?$AAr?$AAn?$AAi?$AAn?$AAg?$AA?5?$AA?$CF?$AAd?$AA?6?$AA?$AN?$AA?$AA@ 1000541c     com_mdd2:mdd.obj
 0001:00004458       ??_C@_1FE@LGJDMHNB@?$AAC?$AAO?$AAM?$AA_?$AAW?$AAr?$AAi?$AAt?$AAe?$AA?5?$AAr?$AAe?$AAl?$AAe?$AAa?$AAs?$AAe?$AAd?$AA?5?$AAC?$AAr?$AAi?$AAt?$AAS?$AAe?$AAc?$AA?3?$AA?5?$AA?$CF?$AAx?$AA?4?$AA?5@ 10005458     com_mdd2:mdd.obj
 0001:000044b0       ??_C@_1EA@JFKAOONE@?$AAC?$AAO?$AAM?$AA_?$AAW?$AAr?$AAi?$AAt?$AAe?$AA?5?$AAc?$AAo?$AAm?$AAp?$AAl?$AAe?$AAt?$AAe?$AAd?$AA?5?$AAn?$AAo?$AAr?$AAm?$AAa?$AAl?$AAl?$AAy?$AA?4?$AA?$AN?$AA?6?$AA?$AA@ 100054b0     com_mdd2:mdd.obj
 0001:000044f0       ??_C@_1CO@GMIGOOP@?$AAW?$AAr?$AAi?$AAt?$AAe?$AA?5?$AAt?$AAi?$AAm?$AAe?$AAo?$AAu?$AAt?$AA?5?$AA?$CF?$AAd?$AA?0?$AA?5?$AA?$CF?$AAd?$AA?$AN?$AA?6?$AA?$AA@ 100054f0     com_mdd2:mdd.obj
 0001:00004520       ??_C@_1EA@JJCCGAEK@?$AAC?$AAO?$AAM?$AA_?$AAW?$AAr?$AAi?$AAt?$AAe?$AA?5?$AA?9?$AA?5?$AAd?$AAe?$AAv?$AAi?$AAc?$AAe?$AA?5?$AAw?$AAa?$AAs?$AA?5?$AAc?$AAl?$AAo?$AAs?$AAe?$AAd?$AA?6?$AA?$AN?$AA?$AA@ 10005520     com_mdd2:mdd.obj
 0001:00004560       ??_C@_1DK@IBJJCGOP@?$AAC?$AAO?$AAM?$AA_?$AAW?$AAr?$AAi?$AAt?$AAe?$AA?5?$AA?9?$AA?5?$AAA?$AAb?$AAo?$AAr?$AAt?$AAi?$AAn?$AAg?$AA?5?$AAw?$AAr?$AAi?$AAt?$AAe?$AA?$AN?$AA?6?$AA?$AA@ 10005560     com_mdd2:mdd.obj
 0001:000045a0       ??_C@_1GK@PCKMKKFI@?$AAC?$AAO?$AAM?$AA_?$AAW?$AAr?$AAi?$AAt?$AAe?$AA?5?$AAw?$AAa?$AAi?$AAt?$AA?5?$AAf?$AAo?$AAr?$AA?5?$AAt?$AAr?$AAa?$AAn?$AAs?$AAm?$AAi?$AAs?$AAs?$AAi?$AAo?$AAn?$AA?5@ 100055a0     com_mdd2:mdd.obj
 0001:00004610       ??_C@_1EE@GAMOAJJK@?$AAC?$AAO?$AAM?$AA_?$AAW?$AAr?$AAi?$AAt?$AAe?$AA?5?$AAr?$AAe?$AAl?$AAe?$AAa?$AAs?$AAe?$AAd?$AA?5?$AAC?$AAr?$AAi?$AAt?$AAS?$AAe?$AAc?$AA?3?$AA?5?$AA?$CF?$AAx?$AA?4?$AA?$AN@ 10005610     com_mdd2:mdd.obj
 0001:00004654       ??_C@_1DI@DJLNOFJH@?$AAC?$AAO?$AAM?$AA_?$AAW?$AAr?$AAi?$AAt?$AAe?$AA?5?$AAg?$AAo?$AAt?$AA?5?$AAC?$AAr?$AAi?$AAt?$AAS?$AAe?$AAc?$AA?5?$AA?$CF?$AAx?$AA?4?$AA?$AN?$AA?6?$AA?$AA@ 10005654     com_mdd2:mdd.obj
 0001:0000468c       ??_C@_1DI@CAEOCHGO@?$AAC?$AAO?$AAM?$AA_?$AAW?$AAr?$AAi?$AAt?$AAe?$AA?5?$AAG?$AAo?$AAt?$AA?5?$AAC?$AAr?$AAi?$AAt?$AAS?$AAe?$AAc?$AA?5?$AA?$CF?$AAx?$AA?4?$AA?$AN?$AA?6?$AA?$AA@ 1000568c     com_mdd2:mdd.obj
 0001:000046c8       ??_C@_1EC@FLKHHNEC@?$AAC?$AAO?$AAM?$AA_?$AAW?$AAr?$AAi?$AAt?$AAe?$AA?5?$AAw?$AAa?$AAi?$AAt?$AA?5?$AAf?$AAo?$AAr?$AA?5?$AAC?$AAr?$AAi?$AAt?$AAS?$AAe?$AAc?$AA?5?$AA?$CF?$AAx?$AA?4?$AA?$AN?$AA?6@ 100056c8     com_mdd2:mdd.obj
 0001:00004710       ??_C@_1HG@FCEGLMCB@?$AAC?$AA?3?$AA?2?$AAy?$AAm?$AAz?$AAk?$AAi?$AA?2?$AAp?$AAu?$AAb?$AAl?$AAi?$AAc?$AA?2?$AAC?$AAO?$AAM?$AAM?$AAO?$AAN?$AA?2?$AAo?$AAa?$AAk?$AA?2?$AAd?$AAr?$AAi?$AAv?$AAe@ 10005710     com_mdd2:mdd.obj
 0001:00004788       ??_C@_1GC@BNCJFOA@?$AAC?$AAO?$AAM?$AA_?$AAW?$AAr?$AAi?$AAt?$AAe?$AA?5?$AAC?$AAe?$AAA?$AAl?$AAl?$AAo?$AAc?$AAA?$AAs?$AAy?$AAn?$AAc?$AAh?$AAr?$AAo?$AAn?$AAo?$AAu?$AAs?$AAB?$AAu?$AAf@ 10005788     com_mdd2:mdd.obj
 0001:000047f0       ??_C@_1GA@CAKHMJEI@?$AAC?$AAO?$AAM?$AA_?$AAW?$AAR?$AAI?$AAT?$AAE?$AA?0?$AA?5?$AAb?$AAa?$AAd?$AA?5?$AA?5?$AAp?$AAo?$AAi?$AAn?$AAt?$AAe?$AAr?$AA?$CI?$AA0?$AAx?$AA?$CF?$AAx?$AA?$CJ?$AA?5?$AAo?$AAr@ 100057f0     com_mdd2:mdd.obj
 0001:00004850       ??_C@_1FG@IAEGGCHL@?$AAC?$AAO?$AAM?$AA_?$AAW?$AAr?$AAi?$AAt?$AAe?$AA?3?$AA?5?$AAA?$AAc?$AAc?$AAe?$AAs?$AAs?$AA?5?$AAp?$AAe?$AAr?$AAm?$AAi?$AAs?$AAs?$AAi?$AAo?$AAn?$AA?5?$AAf?$AAa?$AAi@ 10005850     com_mdd2:mdd.obj
 0001:000048a8       ??_C@_1DK@PMCNIBAH@?$AAC?$AAO?$AAM?$AA_?$AAW?$AAR?$AAI?$AAT?$AAE?$AA?0?$AA?5?$AAd?$AAe?$AAv?$AAi?$AAc?$AAe?$AA?5?$AAn?$AAo?$AAt?$AA?5?$AAo?$AAp?$AAe?$AAn?$AA?$AN?$AA?6?$AA?$AA@ 100058a8     com_mdd2:mdd.obj
 0001:000048e4       ??_C@_1DK@NPDDAOLJ@?$AA?$CL?$AAC?$AAO?$AAM?$AA_?$AAW?$AAR?$AAI?$AAT?$AAE?$AA?$CI?$AA0?$AAx?$AA?$CF?$AAX?$AA?0?$AA?5?$AA0?$AAx?$AA?$CF?$AAX?$AA?0?$AA?5?$AA?$CF?$AAd?$AA?$CJ?$AA?$AN?$AA?6?$AA?$AA@ 100058e4     com_mdd2:mdd.obj
 0001:00004920       ??_C@_1EO@HJMBEPIE@?$AA?9?$AAW?$AAa?$AAi?$AAt?$AAC?$AAo?$AAm?$AAm?$AAE?$AAv?$AAe?$AAn?$AAt?$AA?5?$AA?9?$AA?5?$AA?$CK?$AAp?$AAf?$AAd?$AAw?$AAE?$AAv?$AAe?$AAn?$AAt?$AAM?$AAa?$AAs?$AAk?$AA?5@ 10005920     com_mdd2:mdd.obj
 0001:00004970       ??_C@_1EK@BIALANPL@?$AA?9?$AAW?$AAa?$AAi?$AAt?$AAC?$AAo?$AAm?$AAm?$AAE?$AAv?$AAe?$AAn?$AAt?$AA?5?$AA?9?$AA?5?$AAd?$AAe?$AAv?$AAi?$AAc?$AAe?$AA?5?$AAw?$AAa?$AAs?$AA?5?$AAc?$AAl?$AAo?$AAs@ 10005970     com_mdd2:mdd.obj
 0001:000049c0       ??_C@_1EI@FGBADKHH@?$AA?5?$AAW?$AAa?$AAi?$AAt?$AAC?$AAo?$AAm?$AAm?$AAE?$AAv?$AAe?$AAn?$AAt?$AA?5?$AA?9?$AA?5?$AAM?$AAa?$AAs?$AAk?$AA?5?$AAw?$AAa?$AAs?$AA?5?$AAc?$AAl?$AAe?$AAa?$AAr?$AAe@ 100059c0     com_mdd2:mdd.obj
 0001:00004a08       ??_C@_1GI@MFJIILJA@?$AA?5?$AAW?$AAa?$AAi?$AAt?$AAC?$AAo?$AAm?$AAm?$AAE?$AAv?$AAe?$AAn?$AAt?$AA?5?$AA?9?$AA?5?$AAE?$AAv?$AAe?$AAn?$AAt?$AAs?$AA?5?$AA0?$AAx?$AA?$CF?$AAX?$AA?0?$AA?5?$AAM?$AAa@ 10005a08     com_mdd2:mdd.obj
 0001:00004a70       ??_C@_1EM@NBPFGEAJ@?$AA?9?$AAW?$AAa?$AAi?$AAt?$AAC?$AAo?$AAm?$AAm?$AAE?$AAv?$AAe?$AAn?$AAt?$AA?5?$AA?9?$AA?5?$AAM?$AAa?$AAs?$AAk?$AA?5?$AAa?$AAl?$AAr?$AAe?$AAa?$AAd?$AAy?$AA?5?$AAc?$AAl@ 10005a70     com_mdd2:mdd.obj
 0001:00004ac0       ??_C@_1FM@MENBDCNM@?$AA?9?$AAW?$AAa?$AAi?$AAt?$AAC?$AAo?$AAm?$AAm?$AAE?$AAv?$AAe?$AAn?$AAt?$AA?5?$AA?9?$AA?5?$AAd?$AAe?$AAv?$AAi?$AAc?$AAe?$AA?5?$AAn?$AAo?$AAt?$AA?5?$AAo?$AAp?$AAe?$AAn@ 10005ac0     com_mdd2:mdd.obj
 0001:00004b20       ??_C@_1EI@CENKJDJK@?$AA?$CL?$AAW?$AAa?$AAi?$AAt?$AAC?$AAo?$AAm?$AAm?$AAE?$AAv?$AAe?$AAn?$AAt?$AA?5?$AAx?$AA?$CF?$AAX?$AA?5?$AAx?$AA?$CF?$AAX?$AA?0?$AA?5?$AAp?$AAM?$AAa?$AAs?$AAk?$AA?5?$AAx?$AA?$CF@ 10005b20     com_mdd2:mdd.obj
 0001:00004b68       ??_C@_1GM@NOKKMADJ@?$AA?5?$AAC?$AAo?$AAm?$AAm?$AAE?$AAv?$AAe?$AAn?$AAt?$AA?5?$AA?9?$AA?5?$AAE?$AAv?$AAe?$AAn?$AAt?$AA?5?$AA0?$AAx?$AA?$CF?$AAX?$AA?0?$AA?5?$AAH?$AAa?$AAn?$AAd?$AAl?$AAe?$AA?5@ 10005b68     com_mdd2:mdd.obj
 0001:00004bd8       ??_C@_1FI@GNEBOJFH@?$AA?5?$AAC?$AAo?$AAm?$AAm?$AAE?$AAv?$AAe?$AAn?$AAt?$AA?5?$AA?9?$AA?5?$AAE?$AAv?$AAe?$AAn?$AAt?$AA?5?$AA0?$AAx?$AA?$CF?$AAX?$AA?0?$AA?5?$AAG?$AAl?$AAo?$AAb?$AAa?$AAl?$AA?5@ 10005bd8     com_mdd2:mdd.obj
 0001:00004c30       ??_C@_1HI@JMOKNKMM@?$AA?5?$AAE?$AAv?$AAa?$AAl?$AAu?$AAa?$AAt?$AAe?$AAE?$AAv?$AAe?$AAn?$AAt?$AAF?$AAl?$AAa?$AAg?$AA?5?$AA?$CI?$AAe?$AAv?$AAe?$AAn?$AAt?$AAM?$AAa?$AAs?$AAk?$AA?5?$AA?$DN?$AA?5@ 10005c30     com_mdd2:mdd.obj
 0001:00004ca8       ??_C@_1EM@GAPNEPLB@?$AA?9?$AAC?$AAO?$AAM?$AA_?$AAI?$AAO?$AAC?$AAo?$AAn?$AAt?$AAr?$AAo?$AAl?$AA?5?$AA?$CF?$AAs?$AA?5?$AAE?$AAc?$AAo?$AAd?$AAe?$AA?$DN?$AA?$CF?$AAd?$AA?5?$AA?$CI?$AAl?$AAe?$AAn?$AA?$DN@ 10005ca8     com_mdd2:mdd.obj
 0001:00004cf4       ??_C@_1M@ILHOPKA@?$AAE?$AAr?$AAr?$AAo?$AAr?$AA?$AA@ 10005cf4     com_mdd2:mdd.obj
 0001:00004d00       ??_C@_1BA@JFDCMKFN@?$AAS?$AAu?$AAc?$AAc?$AAe?$AAs?$AAs?$AA?$AA@ 10005d00     com_mdd2:mdd.obj
 0001:00004d10       ??_C@_1CG@MLMOPDDN@?$AAI?$AAO?$AAC?$AAT?$AAL?$AA?5?$AAD?$AAi?$AAs?$AAa?$AAb?$AAl?$AAe?$AA?5?$AAI?$AAR?$AA?$AN?$AA?6?$AA?$AA@ 10005d10     com_mdd2:mdd.obj
 0001:00004d38       ??_C@_1CC@LGNHCIBI@?$AAI?$AAR?$AA?5?$AAm?$AAo?$AAd?$AAe?$AA?5?$AAf?$AAa?$AAi?$AAl?$AAe?$AAd?$AA?$AN?$AA?6?$AA?$AA@ 10005d38     com_mdd2:mdd.obj
 0001:00004d5c       ??_C@_1CE@NOAPAGNI@?$AAI?$AAO?$AAC?$AAT?$AAL?$AA?5?$AAE?$AAn?$AAa?$AAb?$AAl?$AAe?$AA?5?$AAI?$AAR?$AA?$AN?$AA?6?$AA?$AA@ 10005d5c     com_mdd2:mdd.obj
 0001:00004d80       ??_C@_1CG@IAPBOCP@?$AA?5?$AAA?$AAp?$AAp?$AAl?$AAy?$AAD?$AAC?$AAB?$AA?5?$AAf?$AAa?$AAi?$AAl?$AAe?$AAd?$AA?$AN?$AA?6?$AA?$AA@ 10005d80     com_mdd2:mdd.obj
 0001:00004da8       ??_C@_1DA@GPICLALP@?$AA?5?$AAI?$AAO?$AAC?$AAT?$AAL?$AA_?$AAS?$AAE?$AAR?$AAI?$AAA?$AAL?$AA_?$AAS?$AAE?$AAT?$AA_?$AAD?$AAC?$AAB?$AA?$AN?$AA?6?$AA?$AA@ 10005da8     com_mdd2:mdd.obj
 0001:00004dd8       ??_C@_1DA@MBKJPAMD@?$AA?5?$AAI?$AAO?$AAC?$AAT?$AAL?$AA_?$AAS?$AAE?$AAR?$AAI?$AAA?$AAL?$AA_?$AAG?$AAE?$AAT?$AA_?$AAD?$AAC?$AAB?$AA?$AN?$AA?6?$AA?$AA@ 10005dd8     com_mdd2:mdd.obj
 0001:00004e08       ??_C@_1EI@KIHCPENE@?$AA?5?$AAI?$AAO?$AAC?$AAT?$AAL?$AA_?$AAS?$AAE?$AAR?$AAI?$AAA?$AAL?$AA_?$AAI?$AAM?$AAM?$AAE?$AAD?$AAI?$AAA?$AAT?$AAE?$AA_?$AAC?$AAH?$AAA?$AAR?$AA?5?$AA0?$AAx?$AA?$CF@ 10005e08     com_mdd2:mdd.obj
 0001:00004e50       ??_C@_1FE@LCKDINPA@?$AA?5?$AAF?$AAl?$AAu?$AAs?$AAh?$AAi?$AAn?$AAg?$AA?5?$AA?$CF?$AAd?$AA?5?$AAb?$AAy?$AAt?$AAe?$AAs?$AA?5?$AAf?$AAr?$AAo?$AAm?$AA?5?$AAt?$AAh?$AAe?$AA?5?$AAr?$AAe?$AAa?$AAd@ 10005e50     com_mdd2:mdd.obj
 0001:00004ea4       ??_C@_1DG@NONFKDMH@?$AA?5?$AAI?$AAO?$AAC?$AAT?$AAL?$AA_?$AAS?$AAE?$AAR?$AAI?$AAA?$AAL?$AA_?$AAP?$AAU?$AAR?$AAG?$AAE?$AA?5?$AA0?$AAx?$AA?$CF?$AAX?$AA?$AN?$AA?6?$AA?$AA@ 10005ea4     com_mdd2:mdd.obj
 0001:00004edc       ??_C@_1DK@FGFBKMCP@?$AA?5?$AAI?$AAO?$AAC?$AAT?$AAL?$AA_?$AAS?$AAE?$AAR?$AAI?$AAA?$AAL?$AA_?$AAG?$AAE?$AAT?$AA_?$AAT?$AAI?$AAM?$AAE?$AAO?$AAU?$AAT?$AAS?$AA?$AN?$AA?6?$AA?$AA@ 10005edc     com_mdd2:mdd.obj
 0001:00004f18       ??_C@_1GE@COCIEMAI@?$AA?5?$AAI?$AAO?$AAC?$AAT?$AAL?$AA_?$AAS?$AAE?$AAR?$AAI?$AAA?$AAL?$AA_?$AAS?$AAE?$AAT?$AA_?$AAC?$AAO?$AAM?$AAM?$AAT?$AAI?$AAM?$AAE?$AAO?$AAU?$AAT?$AAS?$AA?5?$AA?$CI@ 10005f18     com_mdd2:mdd.obj
 0001:00004f7c       ??_C@_1DO@COBPCJBD@?$AA?5?$AAI?$AAO?$AAC?$AAT?$AAL?$AA_?$AAS?$AAE?$AAR?$AAI?$AAA?$AAL?$AA_?$AAG?$AAE?$AAT?$AA_?$AAP?$AAR?$AAO?$AAP?$AAE?$AAR?$AAT?$AAI?$AAE?$AAS?$AA?$AN?$AA?6?$AA?$AA@ 10005f7c     com_mdd2:mdd.obj
 0001:00004fc0       ??_C@_1EA@IBDHDHLD@?$AA?5?$AAI?$AAO?$AAC?$AAT?$AAL?$AA_?$AAS?$AAE?$AAR?$AAI?$AAA?$AAL?$AA_?$AAG?$AAE?$AAT?$AA_?$AAM?$AAO?$AAD?$AAE?$AAM?$AAS?$AAT?$AAA?$AAT?$AAU?$AAS?$AA?$AN?$AA?6?$AA?$AA@ 10005fc0     com_mdd2:mdd.obj
 0001:00005000       ??_C@_1DO@GPNOPFOC@?$AA?5?$AAI?$AAO?$AAC?$AAT?$AAL?$AA_?$AAS?$AAE?$AAR?$AAI?$AAA?$AAL?$AA_?$AAG?$AAE?$AAT?$AA_?$AAC?$AAO?$AAM?$AAM?$AAS?$AAT?$AAA?$AAT?$AAU?$AAS?$AA?$AN?$AA?6?$AA?$AA@ 10006000     com_mdd2:mdd.obj
 0001:00005040       ??_C@_1FE@DCNACOPO@?$AA?5?$AAC?$AAO?$AAM?$AA_?$AAI?$AAO?$AAC?$AAo?$AAn?$AAt?$AAr?$AAo?$AAl?$AA?5?$AA?9?$AA?5?$AAE?$AAr?$AAr?$AAo?$AAr?$AA?5?$AAi?$AAn?$AA?5?$AAW?$AAa?$AAi?$AAt?$AAC?$AAo@ 10006040     com_mdd2:mdd.obj
 0001:00005094       ??_C@_1DK@MHHDNLMO@?$AA?5?$AAI?$AAO?$AAC?$AAT?$AAL?$AA_?$AAS?$AAE?$AAR?$AAI?$AAA?$AAL?$AA_?$AAW?$AAA?$AAI?$AAT?$AA_?$AAO?$AAN?$AA_?$AAM?$AAA?$AAS?$AAK?$AA?$AN?$AA?6?$AA?$AA@ 10006094     com_mdd2:mdd.obj
 0001:000050d0       ??_C@_1FG@BOKINKK@?$AA?5?$AAS?$AAe?$AAt?$AAW?$AAa?$AAi?$AAt?$AAM?$AAa?$AAs?$AAk?$AA?5?$AA?9?$AA?5?$AAm?$AAa?$AAs?$AAk?$AA?5?$AAx?$AA?$CF?$AAX?$AA?0?$AA?5?$AAg?$AAl?$AAo?$AAb?$AAa?$AAl?$AA?5@ 100060d0     com_mdd2:mdd.obj
 0001:00005128       ??_C@_1EK@BIBFMIMA@?$AA?5?$AAS?$AAe?$AAt?$AAW?$AAa?$AAi?$AAt?$AAM?$AAa?$AAs?$AAk?$AA?5?$AA?9?$AA?5?$AAh?$AAa?$AAn?$AAd?$AAl?$AAe?$AA?5?$AAx?$AA?$CF?$AAX?$AA?5?$AAm?$AAa?$AAs?$AAk?$AA?5?$AAx@ 10006128     com_mdd2:mdd.obj
 0001:00005178       ??_C@_1EG@JONHGGFH@?$AA?5?$AAI?$AAO?$AAC?$AAT?$AAL?$AA_?$AAS?$AAE?$AAR?$AAI?$AAA?$AAL?$AA_?$AAS?$AAE?$AAT?$AA_?$AAW?$AAA?$AAI?$AAT?$AA_?$AAM?$AAA?$AAS?$AAK?$AA?5?$AA0?$AAx?$AA?$CF?$AAX@ 10006178     com_mdd2:mdd.obj
 0001:000051c0       ??_C@_1CK@EJMDEGNB@?$AA?5?$AAI?$AAn?$AAv?$AAa?$AAl?$AAi?$AAd?$AA?5?$AAp?$AAa?$AAr?$AAa?$AAm?$AAe?$AAt?$AAe?$AAr?$AA?$AN?$AA?6?$AA?$AA@ 100061c0     com_mdd2:mdd.obj
 0001:000051ec       ??_C@_1DM@BJAAJCOJ@?$AA?5?$AAI?$AAO?$AAC?$AAT?$AAL?$AA_?$AAS?$AAE?$AAR?$AAI?$AAA?$AAL?$AA_?$AAG?$AAE?$AAT?$AA_?$AAW?$AAA?$AAI?$AAT?$AA_?$AAM?$AAA?$AAS?$AAK?$AA?$AN?$AA?6?$AA?$AA@ 100061ec     com_mdd2:mdd.obj
 0001:00005228       ??_C@_1DA@CLADOFAD@?$AA?5?$AAI?$AAO?$AAC?$AAT?$AAL?$AA_?$AAS?$AAE?$AAR?$AAI?$AAA?$AAL?$AA_?$AAS?$AAE?$AAT?$AA_?$AAX?$AAO?$AAN?$AA?$AN?$AA?6?$AA?$AA@ 10006228     com_mdd2:mdd.obj
 0001:00005258       ??_C@_1DC@OONFCAKE@?$AA?5?$AAI?$AAO?$AAC?$AAT?$AAL?$AA_?$AAS?$AAE?$AAR?$AAI?$AAA?$AAL?$AA_?$AAS?$AAE?$AAT?$AA_?$AAX?$AAO?$AAF?$AAF?$AA?$AN?$AA?6?$AA?$AA@ 10006258     com_mdd2:mdd.obj
 0001:0000528c       ??_C@_1DA@LCJAIJKL@?$AA?5?$AAI?$AAO?$AAC?$AAT?$AAL?$AA_?$AAS?$AAE?$AAR?$AAI?$AAA?$AAL?$AA_?$AAC?$AAL?$AAR?$AA_?$AAR?$AAT?$AAS?$AA?$AN?$AA?6?$AA?$AA@ 1000628c     com_mdd2:mdd.obj
 0001:000052bc       ??_C@_1DA@PJMEFDIH@?$AA?5?$AAI?$AAO?$AAC?$AAT?$AAL?$AA_?$AAS?$AAE?$AAR?$AAI?$AAA?$AAL?$AA_?$AAS?$AAE?$AAT?$AA_?$AAR?$AAT?$AAS?$AA?$AN?$AA?6?$AA?$AA@ 100062bc     com_mdd2:mdd.obj
 0001:000052ec       ??_C@_1DA@JNBPMBCJ@?$AA?5?$AAI?$AAO?$AAC?$AAT?$AAL?$AA_?$AAS?$AAE?$AAR?$AAI?$AAA?$AAL?$AA_?$AAC?$AAL?$AAR?$AA_?$AAD?$AAT?$AAR?$AA?$AN?$AA?6?$AA?$AA@ 100062ec     com_mdd2:mdd.obj
 0001:0000531c       ??_C@_1DA@NGELBLAF@?$AA?5?$AAI?$AAO?$AAC?$AAT?$AAL?$AA_?$AAS?$AAE?$AAR?$AAI?$AAA?$AAL?$AA_?$AAS?$AAE?$AAT?$AA_?$AAD?$AAT?$AAR?$AA?$AN?$AA?6?$AA?$AA@ 1000631c     com_mdd2:mdd.obj
 0001:0000534c       ??_C@_1DM@GNACIDMB@?$AA?5?$AAI?$AAO?$AAC?$AAT?$AAL?$AA_?$AAS?$AAE?$AAR?$AAI?$AAA?$AAL?$AA_?$AAS?$AAE?$AAT?$AA_?$AAB?$AAR?$AAE?$AAA?$AAK?$AA_?$AAO?$AAF?$AAF?$AA?$AN?$AA?6?$AA?$AA@ 1000634c     com_mdd2:mdd.obj
 0001:00005388       ??_C@_1DK@NGIHOHIF@?$AA?5?$AAI?$AAO?$AAC?$AAT?$AAL?$AA_?$AAS?$AAE?$AAR?$AAI?$AAA?$AAL?$AA_?$AAS?$AAE?$AAT?$AA_?$AAB?$AAR?$AAE?$AAA?$AAK?$AA_?$AAO?$AAN?$AA?$AN?$AA?6?$AA?$AA@ 10006388     com_mdd2:mdd.obj
 0001:000053c8       ??_C@_1GI@OFPAKAHG@?$AAC?$AAO?$AAM?$AA_?$AAI?$AAo?$AAc?$AAt?$AAl?$AA?3?$AA?5?$AAI?$AAo?$AAc?$AAt?$AAl?$AA?5?$AA?$CF?$AAx?$AA?5?$AAa?$AAc?$AAc?$AAe?$AAs?$AAs?$AA?5?$AAp?$AAe?$AAr?$AAm?$AAi@ 100063c8     com_mdd2:mdd.obj
 0001:00005430       ??_C@_1CM@DKOMLJNL@?$AAP?$AAr?$AAo?$AAc?$AAe?$AAs?$AAs?$AA?5?$AAi?$AAs?$AA?5?$AAe?$AAx?$AAi?$AAt?$AAi?$AAn?$AAg?$AA?4?$AA?$AN?$AA?6?$AA?$AA@ 10006430     com_mdd2:mdd.obj
 0001:00005460       ??_C@_1EK@GAFFJFEI@?$AA?5?$AAC?$AAO?$AAM?$AA_?$AAI?$AAO?$AAC?$AAo?$AAn?$AAt?$AAr?$AAo?$AAl?$AA?5?$AA?9?$AA?5?$AAd?$AAe?$AAv?$AAi?$AAc?$AAe?$AA?5?$AAw?$AAa?$AAs?$AA?5?$AAc?$AAl?$AAo?$AAs@ 10006460     com_mdd2:mdd.obj
 0001:000054b0       ??_C@_1GK@BPHGGHEJ@?$AA?$CL?$AAC?$AAO?$AAM?$AA_?$AAI?$AAO?$AAC?$AAo?$AAn?$AAt?$AAr?$AAo?$AAl?$AA?$CI?$AA0?$AAx?$AA?$CF?$AAX?$AA?0?$AA?5?$AA?$CF?$AAd?$AA?0?$AA?5?$AA0?$AAx?$AA?$CF?$AAX?$AA?0?$AA?5?$AA?$CF@ 100064b0     com_mdd2:mdd.obj
 0001:0000551c       ??_C@_1CM@ENDIALIE@?$AA?5?$AAI?$AAn?$AAv?$AAa?$AAl?$AAi?$AAd?$AA?5?$AAi?$AAo?$AAc?$AAt?$AAl?$AA?5?$AA0?$AAx?$AA?$CF?$AAX?$AA?$AN?$AA?6?$AA?$AA@ 1000651c     com_mdd2:mdd.obj
 0001:00005548       ??_C@_1IK@FAEOBNEF@?$AA?$FL?$AAD?$AAM?$AAA?$AA?3?$AAE?$AAR?$AAR?$AA?$FN?$AA?5?$AAD?$AAM?$AAA?$AA_?$AAi?$AAn?$AAi?$AAt?$AAi?$AAa?$AAl?$AAi?$AAz?$AAe?$AA_?$AAr?$AAe?$AAg?$AAi?$AAs?$AAt?$AAe@ 10006548     s3c6410_dma_lib:s3c6410_dma_controller.obj
 0001:000055d4       ??_C@_1CE@PANCBDMF@?$AAS?$AA3?$AAC?$AA6?$AA4?$AA1?$AA0?$AA_?$AAD?$AAM?$AAA?$AA_?$AAM?$AAu?$AAt?$AAe?$AAx?$AA?$AA@ 100065d4     s3c6410_dma_lib:s3c6410_dma_controller.obj
 0001:000055f8       ??_C@_1IO@MKJALJFH@?$AA?$FL?$AAD?$AAM?$AAA?$AA?3?$AAE?$AAR?$AAR?$AA?$FN?$AA?5?$AAD?$AAM?$AAA?$AA_?$AAi?$AAn?$AAi?$AAt?$AAi?$AAa?$AAl?$AAi?$AAz?$AAe?$AA_?$AAr?$AAe?$AAg?$AAi?$AAs?$AAt?$AAe@ 100065f8     s3c6410_dma_lib:s3c6410_dma_controller.obj
 0001:00005688       ??_C@_1KC@CGAANLJ@?$AA?$FL?$AAD?$AAM?$AAA?$AA?3?$AAE?$AAR?$AAR?$AA?$FN?$AA?5?$AAD?$AAM?$AAA?$AA_?$AAr?$AAe?$AAq?$AAu?$AAe?$AAs?$AAt?$AA_?$AAc?$AAh?$AAa?$AAn?$AAn?$AAe?$AAl?$AA?$CI?$AA?$CJ?$AA?5@ 10006688     s3c6410_dma_lib:s3c6410_dma_controller.obj
 0001:00005730       ??_C@_1KC@IPOIPAFL@?$AA?$FL?$AAD?$AAM?$AAA?$AA?3?$AAE?$AAR?$AAR?$AA?$FN?$AA?5?$AAD?$AAM?$AAA?$AA_?$AAr?$AAe?$AAq?$AAu?$AAe?$AAs?$AAt?$AA_?$AAc?$AAh?$AAa?$AAn?$AAn?$AAe?$AAl?$AA?$CI?$AA?$CJ?$AA?5@ 10006730     s3c6410_dma_lib:s3c6410_dma_controller.obj
 0001:000057d8       ??_C@_1HI@NLANJBOM@?$AA?$FL?$AAD?$AAM?$AAA?$AA?3?$AAE?$AAR?$AAR?$AA?$FN?$AA?5?$AAD?$AAM?$AAA?$AA_?$AAr?$AAe?$AAq?$AAu?$AAe?$AAs?$AAt?$AA_?$AAc?$AAh?$AAa?$AAn?$AAn?$AAe?$AAl?$AA?$CI?$AA?$CJ?$AA?5@ 100067d8     s3c6410_dma_lib:s3c6410_dma_controller.obj
 0001:00005850       ??_C@_1GI@HKHKEGMD@?$AA?$FL?$AAD?$AAM?$AAA?$AA?3?$AAE?$AAR?$AAR?$AA?$FN?$AA?5?$AAD?$AAM?$AAA?$AA?5?$AAR?$AAe?$AAg?$AAi?$AAs?$AAt?$AAe?$AAr?$AA?5?$AAA?$AAd?$AAd?$AAr?$AAe?$AAs?$AAs?$AA?5?$AAi@ 10006850     s3c6410_dma_lib:s3c6410_dma_controller.obj
 0001:000058b8       ??_C@_1HG@EOMBIPEO@?$AA?$FL?$AAD?$AAM?$AAA?$AA?3?$AAE?$AAR?$AAR?$AA?$FN?$AA?5?$AAD?$AAM?$AAA?$AA_?$AAr?$AAe?$AAl?$AAe?$AAa?$AAs?$AAe?$AA_?$AAc?$AAh?$AAa?$AAn?$AAn?$AAe?$AAl?$AA?$CI?$AA?$CJ?$AA?5@ 100068b8     s3c6410_dma_lib:s3c6410_dma_controller.obj
 0001:00005930       ??_C@_1HO@CKIMBODA@?$AA?$FL?$AAD?$AAM?$AAA?$AA?3?$AAE?$AAR?$AAR?$AA?$FN?$AA?5?$AAD?$AAM?$AAA?$AA_?$AAi?$AAn?$AAi?$AAt?$AAi?$AAa?$AAl?$AAi?$AAz?$AAe?$AA_?$AAc?$AAh?$AAa?$AAn?$AAn?$AAe?$AAl@ 10006930     s3c6410_dma_lib:s3c6410_dma_controller.obj
 0001:000059b0       ??_C@_1GO@KKJCLKBF@?$AA?$FL?$AAD?$AAM?$AAA?$AA?3?$AAE?$AAR?$AAR?$AA?$FN?$AA?5?$AAD?$AAM?$AAA?$AA_?$AAi?$AAn?$AAi?$AAt?$AAi?$AAa?$AAl?$AAi?$AAz?$AAe?$AA_?$AAc?$AAh?$AAa?$AAn?$AAn?$AAe?$AAl@ 100069b0     s3c6410_dma_lib:s3c6410_dma_controller.obj
 0001:00005a20       ??_C@_1HM@LMGFNNBP@?$AA?$FL?$AAD?$AAM?$AAA?$AA?3?$AAE?$AAR?$AAR?$AA?$FN?$AA?5?$AAD?$AAM?$AAA?$AA_?$AAi?$AAn?$AAi?$AAt?$AAi?$AAa?$AAl?$AAi?$AAz?$AAe?$AA_?$AAc?$AAh?$AAa?$AAn?$AAn?$AAe?$AAl@ 10006a20     s3c6410_dma_lib:s3c6410_dma_controller.obj
 0001:00005aa0       ??_C@_1IG@DHKLIBEL@?$AA?$FL?$AAD?$AAM?$AAA?$AA?3?$AAE?$AAR?$AAR?$AA?$FN?$AA?5?$AAD?$AAM?$AAA?$AA_?$AAs?$AAe?$AAt?$AA_?$AAc?$AAh?$AAa?$AAn?$AAn?$AAe?$AAl?$AA_?$AAs?$AAo?$AAu?$AAr?$AAc?$AAe@ 10006aa0     s3c6410_dma_lib:s3c6410_dma_controller.obj
 0001:00005b28       ??_C@_1HO@DNLKJKKK@?$AA?$FL?$AAD?$AAM?$AAA?$AA?3?$AAE?$AAR?$AAR?$AA?$FN?$AA?5?$AAD?$AAM?$AAA?$AA_?$AAs?$AAe?$AAt?$AA_?$AAc?$AAh?$AAa?$AAn?$AAn?$AAe?$AAl?$AA_?$AAs?$AAo?$AAu?$AAr?$AAc?$AAe@ 10006b28     s3c6410_dma_lib:s3c6410_dma_controller.obj
 0001:00005ba8       ??_C@_1IE@NCHNMKHG@?$AA?$FL?$AAD?$AAM?$AAA?$AA?3?$AAE?$AAR?$AAR?$AA?$FN?$AA?5?$AAD?$AAM?$AAA?$AA_?$AAs?$AAe?$AAt?$AA_?$AAc?$AAh?$AAa?$AAn?$AAn?$AAe?$AAl?$AA_?$AAs?$AAo?$AAu?$AAr?$AAc?$AAe@ 10006ba8     s3c6410_dma_lib:s3c6410_dma_controller.obj
 0001:00005c30       ??_C@_1HM@OKJGJJLJ@?$AA?$FL?$AAD?$AAM?$AAA?$AA?3?$AAE?$AAR?$AAR?$AA?$FN?$AA?5?$AAD?$AAM?$AAA?$AA_?$AAs?$AAe?$AAt?$AA_?$AAc?$AAh?$AAa?$AAn?$AAn?$AAe?$AAl?$AA_?$AAs?$AAo?$AAu?$AAr?$AAc?$AAe@ 10006c30     s3c6410_dma_lib:s3c6410_dma_controller.obj
 0001:00005cb0       ??_C@_1IO@FFLJGBBK@?$AA?$FL?$AAD?$AAM?$AAA?$AA?3?$AAE?$AAR?$AAR?$AA?$FN?$AA?5?$AAD?$AAM?$AAA?$AA_?$AAs?$AAe?$AAt?$AA_?$AAc?$AAh?$AAa?$AAn?$AAn?$AAe?$AAl?$AA_?$AAd?$AAe?$AAs?$AAt?$AAn?$AAa@ 10006cb0     s3c6410_dma_lib:s3c6410_dma_controller.obj
 0001:00005d40       ??_C@_1IG@BOPJGECN@?$AA?$FL?$AAD?$AAM?$AAA?$AA?3?$AAE?$AAR?$AAR?$AA?$FN?$AA?5?$AAD?$AAM?$AAA?$AA_?$AAs?$AAe?$AAt?$AA_?$AAc?$AAh?$AAa?$AAn?$AAn?$AAe?$AAl?$AA_?$AAd?$AAe?$AAs?$AAt?$AAn?$AAa@ 10006d40     s3c6410_dma_lib:s3c6410_dma_controller.obj
 0001:00005dc8       ??_C@_1IM@JFGGAPEA@?$AA?$FL?$AAD?$AAM?$AAA?$AA?3?$AAE?$AAR?$AAR?$AA?$FN?$AA?5?$AAD?$AAM?$AAA?$AA_?$AAs?$AAe?$AAt?$AA_?$AAc?$AAh?$AAa?$AAn?$AAn?$AAe?$AAl?$AA_?$AAd?$AAe?$AAs?$AAt?$AAn?$AAa@ 10006dc8     s3c6410_dma_lib:s3c6410_dma_controller.obj
 0001:00005e58       ??_C@_1IE@MMBNNIDI@?$AA?$FL?$AAD?$AAM?$AAA?$AA?3?$AAE?$AAR?$AAR?$AA?$FN?$AA?5?$AAD?$AAM?$AAA?$AA_?$AAs?$AAe?$AAt?$AA_?$AAc?$AAh?$AAa?$AAn?$AAn?$AAe?$AAl?$AA_?$AAd?$AAe?$AAs?$AAt?$AAn?$AAa@ 10006e58     s3c6410_dma_lib:s3c6410_dma_controller.obj
 0001:00005ee0       ??_C@_1IK@HIPKBANA@?$AA?$FL?$AAD?$AAM?$AAA?$AA?3?$AAE?$AAR?$AAR?$AA?$FN?$AA?5?$AAD?$AAM?$AAA?$AA_?$AAs?$AAe?$AAt?$AA_?$AAc?$AAh?$AAa?$AAn?$AAn?$AAe?$AAl?$AA_?$AAt?$AAr?$AAa?$AAn?$AAs?$AAf@ 10006ee0     s3c6410_dma_lib:s3c6410_dma_controller.obj
 0001:00005f70       ??_C@_1IC@MMFELOND@?$AA?$FL?$AAD?$AAM?$AAA?$AA?3?$AAE?$AAR?$AAR?$AA?$FN?$AA?5?$AAD?$AAM?$AAA?$AA_?$AAi?$AAn?$AAi?$AAt?$AAi?$AAa?$AAl?$AAi?$AAz?$AAe?$AA_?$AAL?$AAL?$AAI?$AA?$CI?$AA?$CJ?$AA?5?$AA?3@ 10006f70     s3c6410_dma_lib:s3c6410_dma_controller.obj
 0001:00005ff8       ??_C@_1HG@LNJDKPBK@?$AA?$FL?$AAD?$AAM?$AAA?$AA?$FN?$AA?5?$AAD?$AAM?$AAA?$AA_?$AAi?$AAn?$AAi?$AAt?$AAi?$AAa?$AAl?$AAi?$AAz?$AAe?$AA_?$AAL?$AAL?$AAI?$AA?$CI?$AA?$CJ?$AA?5?$AA?3?$AA?5?$AAL?$AAL?$AAI@ 10006ff8     s3c6410_dma_lib:s3c6410_dma_controller.obj
 0001:00006070       ??_C@_1HE@KFMNNING@?$AA?$FL?$AAD?$AAM?$AAA?$AA?3?$AAE?$AAR?$AAR?$AA?$FN?$AA?5?$AAD?$AAM?$AAA?$AA_?$AAi?$AAn?$AAi?$AAt?$AAi?$AAa?$AAl?$AAi?$AAz?$AAe?$AA_?$AAL?$AAL?$AAI?$AA?$CI?$AA?$CJ?$AA?5?$AA?3@ 10007070     s3c6410_dma_lib:s3c6410_dma_controller.obj
 0001:000060e8       ??_C@_1LO@FMFEJEFA@?$AA?$FL?$AAD?$AAM?$AAA?$AA?3?$AAE?$AAR?$AAR?$AA?$FN?$AA?5?$AAD?$AAM?$AAA?$AA_?$AAi?$AAn?$AAi?$AAt?$AAi?$AAa?$AAl?$AAi?$AAz?$AAe?$AA_?$AAL?$AAL?$AAI?$AA?$CI?$AA?$CJ?$AA?5?$AA?3@ 100070e8     s3c6410_dma_lib:s3c6410_dma_controller.obj
 0001:000061a8       ??_C@_1GG@HIKCJIKK@?$AA?$FL?$AAD?$AAM?$AAA?$AA?$FN?$AA?5?$AAD?$AAM?$AAA?$AA_?$AAi?$AAn?$AAi?$AAt?$AAi?$AAa?$AAl?$AAi?$AAz?$AAe?$AA_?$AAL?$AAL?$AAI?$AA?$CI?$AA?$CJ?$AA?5?$AA?3?$AA?5?$AAL?$AAL?$AAI@ 100071a8     s3c6410_dma_lib:s3c6410_dma_controller.obj
 0001:00006210       ??_C@_1KO@OODCEMNL@?$AA?$FL?$AAD?$AAM?$AAA?$AA?3?$AAE?$AAR?$AAR?$AA?$FN?$AA?5?$AAD?$AAM?$AAA?$AA_?$AAs?$AAe?$AAt?$AA_?$AAL?$AAL?$AAI?$AA_?$AAe?$AAn?$AAt?$AAr?$AAy?$AA?$CI?$AA?$CJ?$AA?5?$AA?3?$AA?5@ 10007210     s3c6410_dma_lib:s3c6410_dma_controller.obj
 0001:000062c0       ??_C@_1KG@NMFFMBCO@?$AA?$FL?$AAD?$AAM?$AAA?$AA?3?$AAE?$AAR?$AAR?$AA?$FN?$AA?5?$AAD?$AAM?$AAA?$AA_?$AAi?$AAn?$AAi?$AAt?$AAi?$AAa?$AAl?$AAi?$AAz?$AAe?$AA_?$AAL?$AAL?$AAI?$AA?$CI?$AA?$CJ?$AA?5?$AA?3@ 100072c0     s3c6410_dma_lib:s3c6410_dma_controller.obj
 0001:00006368       ??_C@_1HA@IPPBLAGG@?$AA?$FL?$AAD?$AAM?$AAA?$AA?3?$AAE?$AAR?$AAR?$AA?$FN?$AA?5?$AAD?$AAM?$AAA?$AA_?$AAc?$AAh?$AAa?$AAn?$AAn?$AAe?$AAl?$AA_?$AAs?$AAt?$AAa?$AAr?$AAt?$AA?$CI?$AA?$CJ?$AA?5?$AA?3?$AA?5@ 10007368     s3c6410_dma_lib:s3c6410_dma_controller.obj
 0001:000063d8       ??_C@_1HC@GALBDFMI@?$AA?$FL?$AAD?$AAM?$AAA?$AA?3?$AAE?$AAR?$AAR?$AA?$FN?$AA?5?$AAD?$AAM?$AAA?$AA_?$AAc?$AAh?$AAa?$AAn?$AAn?$AAe?$AAl?$AA_?$AAs?$AAt?$AAa?$AAr?$AAt?$AA?$CI?$AA?$CJ?$AA?5?$AA?3?$AA?5@ 100073d8     s3c6410_dma_lib:s3c6410_dma_controller.obj
 0001:00006450       ??_C@_1HA@NGMCLIC@?$AA?$FL?$AAD?$AAM?$AAA?$AA?3?$AAE?$AAR?$AAR?$AA?$FN?$AA?5?$AAD?$AAM?$AAA?$AA_?$AAc?$AAh?$AAa?$AAn?$AAn?$AAe?$AAl?$AA_?$AAs?$AAt?$AAo?$AAp?$AA?$CI?$AA?$CJ?$AA?5?$AA?3?$AA?5?$AAI@ 10007450     s3c6410_dma_lib:s3c6410_dma_controller.obj
 0001:000064c0       ??_C@_1LM@KJKDKHBC@?$AA?$FL?$AAD?$AAM?$AAA?$AA?3?$AAE?$AAR?$AAR?$AA?$FN?$AA?5?$AAD?$AAM?$AAA?$AA_?$AAd?$AAm?$AAa?$AAc?$AA0?$AA_?$AAd?$AAi?$AAs?$AAa?$AAb?$AAl?$AAe?$AA?$CI?$AA?$CJ?$AA?5?$AA?3?$AA?5@ 100074c0     s3c6410_dma_lib:s3c6410_dma_controller.obj
 0001:00006580       ??_C@_1LM@DJIFHCKD@?$AA?$FL?$AAD?$AAM?$AAA?$AA?3?$AAE?$AAR?$AAR?$AA?$FN?$AA?5?$AAD?$AAM?$AAA?$AA_?$AAd?$AAm?$AAa?$AAc?$AA1?$AA_?$AAd?$AAi?$AAs?$AAa?$AAb?$AAl?$AAe?$AA?$CI?$AA?$CJ?$AA?5?$AA?3?$AA?5@ 10007580     s3c6410_dma_lib:s3c6410_dma_controller.obj
 0001:00006640       ??_C@_1IO@GILAEHOA@?$AA?$FL?$AAD?$AAM?$AAA?$AA?$FN?$AA?5?$AAD?$AAM?$AAA?$AA_?$AAa?$AAl?$AAl?$AAo?$AAc?$AAa?$AAt?$AAe?$AA_?$AAL?$AAL?$AAI?$AA_?$AAc?$AAo?$AAn?$AAt?$AAe?$AAx?$AAt?$AA?$CI?$AA?$CJ@ 10007640     s3c6410_dma_lib:s3c6410_dma_controller.obj
 0001:000066d0       ??_C@_1IC@KCPNFNJE@?$AA?$FL?$AAD?$AAM?$AAA?$AA?$FN?$AA?5?$AAD?$AAM?$AAA?$AA_?$AAa?$AAl?$AAl?$AAo?$AAc?$AAa?$AAt?$AAe?$AA_?$AAL?$AAL?$AAI?$AA_?$AAc?$AAo?$AAn?$AAt?$AAe?$AAx?$AAt?$AA?$CI?$AA?$CJ@ 100076d0     s3c6410_dma_lib:s3c6410_dma_controller.obj
 0001:00006758       ??_C@_1GE@PDJOIHBD@?$AA?$FL?$AAD?$AAM?$AAA?$AA?$FN?$AA?5?$AAD?$AAM?$AAA?$AA_?$AAl?$AAo?$AAc?$AAk?$AA?$CI?$AA?$CJ?$AA?5?$AA?3?$AA?5?$AAW?$AAa?$AAi?$AAt?$AAF?$AAo?$AAr?$AAS?$AAi?$AAn?$AAg?$AAl?$AAe@ 10007758     s3c6410_dma_lib:s3c6410_dma_controller.obj
 0001:000067c0       ??_C@_1FK@IEMAEEDJ@?$AA?$FL?$AAD?$AAM?$AAA?$AA?$FN?$AA?5?$AAD?$AAM?$AAA?$AA_?$AAu?$AAn?$AAl?$AAo?$AAc?$AAk?$AA?$CI?$AA?$CJ?$AA?5?$AA?3?$AA?5?$AAR?$AAe?$AAl?$AAe?$AAa?$AAs?$AAe?$AAM?$AAu?$AAt?$AAe@ 100077c0     s3c6410_dma_lib:s3c6410_dma_controller.obj
 0001:00006848       ?CreateSerialObject@@YAPAVCSerialPDD@@PAGPAXPAU__HWOBJ@@K@Z 10007848 f   ser_smdk6410.obj
 0001:00006ac0       ?DeleteSerialObject@@YAXPAVCSerialPDD@@@Z 10007ac0 f   ser_smdk6410.obj
 0001:00006b38       ??0CPdd6410Serial0@@QAA@PAGPAXPAU__HWOBJ@@@Z 10007b38 f i ser_smdk6410.obj
 0001:00006be0       ?PreDeinit@CSerialPDD@@UAAXXZ 10007be0 f i ser_smdk6410.obj
 0001:00006bf4       ?GetDevicePowerState@CSerialPDD@@UAA?AW4_CEDEVICE_POWER_STATE@@XZ 10007bf4 f i ser_smdk6410.obj
 0001:00006c24       ?GetPowerCapabilities@CSerialPDD@@UAA?AU_POWER_CAPABILITIES@@XZ 10007c24 f i ser_smdk6410.obj
 0001:00006c60       ?GetRxBufferSize@CSerialPDD@@UAAKXZ 10007c60 f i ser_smdk6410.obj
 0001:00006c90       ?IsCTSOff@CSerialPDD@@UAAHXZ 10007c90 f i ser_smdk6410.obj
 0001:00006cf8       ?IsDSROff@CSerialPDD@@UAAHXZ 10007cf8 f i ser_smdk6410.obj
 0001:00006d60       ?GetOutputMode@CSerialPDD@@UAAXPAH0@Z 10007d60 f i ser_smdk6410.obj
 0001:00006db4       ?SerialRegisterBackup@CPdd6410Uart@@UAAXXZ 10007db4 f i ser_smdk6410.obj
 0001:00006df4       ?SerialRegisterRestore@CPdd6410Uart@@UAAXXZ 10007df4 f i ser_smdk6410.obj
 0001:00006e34       ?SetDCB@CPdd6410Uart@@UAAHPAU_DCB@@@Z 10007e34 f i ser_smdk6410.obj
 0001:00006f80       ?Lock@CLockObject@@QAAXXZ  10007f80 f i ser_smdk6410.obj
 0001:00006f9c       ?Unlock@CLockObject@@QAAXXZ 10007f9c f i ser_smdk6410.obj
 0001:00006fb8       ?Write_UMCON@CReg6410Uart@@QAAXK@Z 10007fb8 f i ser_smdk6410.obj
 0001:00006fe4       ?Read_UMCON@CReg6410Uart@@QAAKXZ 10007fe4 f i ser_smdk6410.obj
 0001:0000701c       ?Rx_Pause@CPdd6410Uart@@UAAXH@Z 1000801c f i ser_smdk6410.obj
 0001:00007030       ?ModemInterruptHandler@CPdd6410Uart@@UAAXXZ 10008030 f i ser_smdk6410.obj
 0001:00007060       ?LineInterruptHandler@CPdd6410Uart@@UAAXXZ 10008060 f i ser_smdk6410.obj
 0001:00007084       ?Init@CPdd6410Serial0@@UAAHXZ 10008084 f i ser_smdk6410.obj
 0001:00007348       ?GetIsrInfo@CRegistryEdit@@QAAKPAU_DDKISRINFO_tag@@@Z 10008348 f i ser_smdk6410.obj
 0001:000073c4       ?RegSetValueExW@CRegistryEdit@@QAAHPBGKPAEK@Z 100083c4 f i ser_smdk6410.obj
 0001:00007440       ?PowerOff@CPdd6410Serial0@@UAAHXZ 10008440 f i ser_smdk6410.obj
 0001:000074e4       ?PowerOn@CPdd6410Serial0@@UAAHXZ 100084e4 f i ser_smdk6410.obj
 0001:00007580       ?InitModem@CPdd6410Serial0@@UAAHH@Z 10008580 f i ser_smdk6410.obj
 0001:000075b8       ?GetModemStatus@CPdd6410Serial0@@UAAKXZ 100085b8 f i ser_smdk6410.obj
 0001:000075ec       ?SetDTR@CPdd6410Serial0@@UAAXH@Z 100085ec f i ser_smdk6410.obj
[...]
 0001:00014cd4       COM_PreDeinit              10015cd4 f   com_mdd2:mdd.obj
 0001:00014f6c       COM_Deinit                 10015f6c f   com_mdd2:mdd.obj
 0001:0001532c       COM_Read                   1001632c f   com_mdd2:mdd.obj
 0001:00015e7c       COM_Write                  10016e7c f   com_mdd2:mdd.obj
 0001:00016784       COM_Seek                   10017784 f   com_mdd2:mdd.obj
 0001:000167ac       COM_PowerUp                100177ac f   com_mdd2:mdd.obj
 0001:0001683c       COM_PowerDown              1001783c f   com_mdd2:mdd.obj
 0001:000168cc       SerialGetDroppedByteNumber 100178cc f   com_mdd2:mdd.obj
 0001:00016934       WaitCommEvent_mdd          10017934 f   com_mdd2:mdd.obj
 0001:00016d48       EvaluateEventFlag          10017d48 f   com_mdd2:mdd.obj
 0001:00016f60       COM_IOControl              10017f60 f   com_mdd2:mdd.obj
 0001:00018bd8       RxBytesAvail               10019bd8 f i com_mdd2:mdd.obj
 0001:00018c64       GetCurrentThread           10019c64 f i com_mdd2:mdd.obj
 0001:00018c7c       ResetEvent                 10019c7c f i com_mdd2:mdd.obj
 0001:00018cb4       DMA_initialize_register_address 10019cb4 f   s3c6410_dma_lib:s3c6410_dma_controller.obj
 0001:00018dc0       DMA_request_channel        10019dc0 f   s3c6410_dma_lib:s3c6410_dma_controller.obj
 0001:00019208       DMA_release_channel        1001a208 f   s3c6410_dma_lib:s3c6410_dma_controller.obj
 0001:000192ec       DMA_initialize_channel     1001a2ec f   s3c6410_dma_lib:s3c6410_dma_controller.obj
 0001:00019eb4       DMA_set_channel_source     1001aeb4 f   s3c6410_dma_lib:s3c6410_dma_controller.obj
 0001:0001a098       DMA_set_channel_destination 1001b098 f   s3c6410_dma_lib:s3c6410_dma_controller.obj
 0001:0001a280       DMA_set_channel_transfer_size 1001b280 f   s3c6410_dma_lib:s3c6410_dma_controller.obj
 0001:0001a380       DMA_initialize_LLI         1001b380 f   s3c6410_dma_lib:s3c6410_dma_controller.obj
 0001:0001a450       DMA_set_initial_LLI        1001b450 f   s3c6410_dma_lib:s3c6410_dma_controller.obj
 0001:0001a56c       DMA_set_LLI_entry          1001b56c f   s3c6410_dma_lib:s3c6410_dma_controller.obj
 0001:0001a888       DMA_channel_start          1001b888 f   s3c6410_dma_lib:s3c6410_dma_controller.obj
 0001:0001a968       DMA_channel_stop           1001b968 f   s3c6410_dma_lib:s3c6410_dma_controller.obj
 0001:0001aa34       DMA_get_interrupt_status   1001ba34 f   s3c6410_dma_lib:s3c6410_dma_controller.obj
 0001:0001ab78       DMA_set_interrupt_mask     1001bb78 f   s3c6410_dma_lib:s3c6410_dma_controller.obj
 0001:0001abc4       DMA_clear_interrupt_mask   1001bbc4 f   s3c6410_dma_lib:s3c6410_dma_controller.obj
 0001:0001ac0c       DMA_clear_interrupt_pending 1001bc0c f   s3c6410_dma_lib:s3c6410_dma_controller.obj
 0001:0001b2c8       NKDbgPrintfW               1001c2c8 f   coredll:COREDLL.dll
 0001:0001b2d8       EnterCriticalSection       1001c2d8 f   coredll:COREDLL.dll
 0001:0001b2e8       LeaveCriticalSection       1001c2e8 f   coredll:COREDLL.dll
 0001:0001b2f8       KernelIoControl            1001c2f8 f   coredll:COREDLL.dll
 0001:0001b308       DDKReg_GetIsrInfo          1001c308 f   coredll:COREDLL.dll
 0001:0001b318       RegSetValueExW             1001c318 f   coredll:COREDLL.dll
 0001:0001b328       CreateEventW               1001c328 f   coredll:COREDLL.dll
 0001:0001b338       RegOpenKeyExW              1001c338 f   coredll:COREDLL.dll
 0001:0001b348       CreateThread               1001c348 f   coredll:COREDLL.dll
 0001:0001b358       ExitThread                 1001c358 f   coredll:COREDLL.dll
 0001:0001b368       CloseHandle                1001c368 f   coredll:COREDLL.dll
 0001:0001b378       InterruptDisable           1001c378 f   coredll:COREDLL.dll
 0001:0001b388       EventModify                1001c388 f   coredll:COREDLL.dll
 0001:0001b398       RegCloseKey                1001c398 f   coredll:COREDLL.dll
 0001:0001b3a8       ResumeThread               1001c3a8 f   coredll:COREDLL.dll
 0001:0001b3b8       WaitForSingleObject        1001c3b8 f   coredll:COREDLL.dll
 0001:0001b3c8       TerminateThread            1001c3c8 f   coredll:COREDLL.dll
 0001:0001b3d8       InterruptInitialize        1001c3d8 f   coredll:COREDLL.dll
 0001:0001b3e8       RegQueryValueExW           1001c3e8 f   coredll:COREDLL.dll
 0001:0001b3f8       DDKReg_GetWindowInfo       1001c3f8 f   coredll:COREDLL.dll
 0001:0001b408       CeSetThreadPriority        1001c408 f   coredll:COREDLL.dll
 0001:0001b418       InterruptDone              1001c418 f   coredll:COREDLL.dll
 0001:0001b428       Sleep                      1001c428 f   coredll:COREDLL.dll
 0001:0001b438       LocalAlloc                 1001c438 f   coredll:COREDLL.dll
 0001:0001b448       OpenDeviceKey              1001c448 f   coredll:COREDLL.dll
 0001:0001b458       InitializeCriticalSection  1001c458 f   coredll:COREDLL.dll
 0001:0001b468       DeleteCriticalSection      1001c468 f   coredll:COREDLL.dll
 0001:0001b478       InterlockedExchange        1001c478 f   coredll:COREDLL.dll
 0001:0001b488       SetLastError               1001c488 f   coredll:COREDLL.dll
 0001:0001b498       CeEventHasOccurred         1001c498 f   coredll:COREDLL.dll
 0001:0001b4a8       LocalFree                  1001c4a8 f   coredll:COREDLL.dll
 0001:0001b4b8       DisableThreadLibraryCalls  1001c4b8 f   coredll:COREDLL.dll
 0001:0001b4c8       RegisterDbgZones           1001c4c8 f   coredll:COREDLL.dll
 0001:0001b4d8       InterlockedDecrement       1001c4d8 f   coredll:COREDLL.dll
 0001:0001b4e8       InterlockedCompareExchange 1001c4e8 f   coredll:COREDLL.dll
 0001:0001b4f8       InterlockedIncrement       1001c4f8 f   coredll:COREDLL.dll
 0001:0001b508       GetLastError               1001c508 f   coredll:COREDLL.dll
 0001:0001b518       CeGetThreadPriority        1001c518 f   coredll:COREDLL.dll
 0001:0001b528       SetThreadPriority          1001c528 f   coredll:COREDLL.dll
 0001:0001b538       GetTickCount               1001c538 f   coredll:COREDLL.dll
 0001:0001b548       CeSafeCopyMemory           1001c548 f   coredll:COREDLL.dll
 0001:0001b558       CeFreeAsynchronousBuffer   1001c558 f   coredll:COREDLL.dll
 0001:0001b568       CeAllocAsynchronousBuffer  1001c568 f   coredll:COREDLL.dll
 0001:0001b578       CreateMutexW               1001c578 f   coredll:COREDLL.dll
 0001:0001b588       ReleaseMutex               1001c588 f   coredll:COREDLL.dll
 0001:0001b598       MmMapIoSpace               1001c598 f   ceddk:CEDDK.dll
 0001:0001b5a8       MmUnmapIoSpace             1001c5a8 f   ceddk:CEDDK.dll
 0001:0001b5b8       TranslateBusAddr           1001c5b8 f   ceddk:CEDDK.dll
 0001:0001b5c8       HalFreeCommonBuffer        1001c5c8 f   ceddk:CEDDK.dll
 0001:0001b5d8       HalAllocateCommonBuffer    1001c5d8 f   ceddk:CEDDK.dll
 0001:0001b5e8       CreateBusAccessHandle      1001c5e8 f   ceddk:CEDDK.dll
 0001:0001b5f8       CloseBusAccessHandle       1001c5f8 f   ceddk:CEDDK.dll
 0001:0001b608       DDKPwr_Deinitialize        1001c608 f   ceddk:CEDDK.dll
 0001:0001b618       DDKPwr_Initialize          1001c618 f   ceddk:CEDDK.dll
 0001:0001b628       DDKPwr_RequestLevel        1001c628 f   ceddk:CEDDK.dll
 0001:0001b638       DDKPwr_ReleaseLevel        1001c638 f   ceddk:CEDDK.dll
 0001:0001b648       DDKPwr_GetDeviceLevel      1001c648 f   ceddk:CEDDK.dll
 0001:0001b658       DDKPwr_SetDeviceLevel      1001c658 f   ceddk:CEDDK.dll
 0001:0001b668       SetDevicePowerState        1001c668 f   ceddk:CEDDK.dll
 0001:0001b678       _DllEntryCRTStartup        1001c678 f   corelib0:pegdentry.obj
 0001:0001b6e8       __security_init_cookie     1001c6e8 f   corelib0:seccinit.obj
 0001:0001b7b0       __GSHandlerCheck           1001c7b0 f   corelib0:gshandler.obj
 0001:0001b7f8       __GSHandlerCheckCommon     1001c7f8 f   corelib0:gshandler.obj
 0001:0001b8a0       __security_check_cookie    1001c8a0 f   corelib0:armsecgs.obj
 0001:0001b8b4       __gsfailure                1001c8b4 f   corelib0:armsecgs.obj
 0001:0001b8f8       exit                       1001c8f8 f   corelib0:cexit.obj
 0001:0001ba78       _exit                      1001ca78 f   corelib0:cexit.obj
 0001:0001ba9c       _cexit                     1001ca9c f   corelib0:cexit.obj
 0001:0001bab8       _c_exit                    1001cab8 f   corelib0:cexit.obj
 0001:0001bad4       GetCurrentProcess          1001cad4 f i corelib0:cexit.obj
 0001:0001baec       _initterm                  1001caec f   corelib0:crt0dat.obj
 0001:0001bb40       _cinit                     1001cb40 f   corelib0:crt0dat.obj
 0001:0001bb7c       _onexit                    1001cb7c f   corelib0:onexit.obj
 0001:0001be80       atexit                     1001ce80 f   corelib0:onexit.obj
 0001:0001bed4       ??2@YAPAXI@Z               1001ced4 f   corelib1:COREDLL.dll
 0001:0001bee4       memcpy                     1001cee4 f   corelib1:COREDLL.dll
 0001:0001bef4       ??3@YAXPAX@Z               1001cef4 f   corelib1:COREDLL.dll
 0001:0001bf04       __utod                     1001cf04 f   corelib1:COREDLL.dll
 0001:0001bf14       __divd                     1001cf14 f   corelib1:COREDLL.dll
 0001:0001bf24       __itod                     1001cf24 f   corelib1:COREDLL.dll
 0001:0001bf34       __subd                     1001cf34 f   corelib1:COREDLL.dll
 0001:0001bf44       __muld                     1001cf44 f   corelib1:COREDLL.dll
 0001:0001bf54       __dtoi                     1001cf54 f   corelib1:COREDLL.dll
 0001:0001bf64       _purecall                  1001cf64 f   corelib1:COREDLL.dll
 0001:0001bf74       memset                     1001cf74 f   corelib1:COREDLL.dll
 0001:0001bf84       memmove                    1001cf84 f   corelib1:COREDLL.dll
 0001:0001bf94       __C_specific_handler       1001cf94 f   corelib1:COREDLL.dll
 0001:0001bfa4       __rt_udiv                  1001cfa4 f   corelib1:COREDLL.dll
 0001:0001bfb4       __security_gen_cookie2     1001cfb4 f   corelib1:COREDLL.dll
 0001:0001bfc4       __report_gsfailure         1001cfc4 f   corelib1:COREDLL.dll
 0001:0001bfd4       free                       1001cfd4 f   corelib1:COREDLL.dll
 0001:0001bfe4       malloc                     1001cfe4 f   corelib1:COREDLL.dll
 0001:0001bff4       realloc                    1001cff4 f   corelib1:COREDLL.dll
 0001:0001c004       _msize                     1001d004 f   corelib1:COREDLL.dll
 0001:0001c014       TerminateProcess           1001d014 f   coredll:COREDLL.dll
 0001:0001c068       __IMPORT_DESCRIPTOR_COREDLL 1001d068     coredll:COREDLL.dll
 0001:0001c07c       __IMPORT_DESCRIPTOR_CEDDK  1001d07c     ceddk:CEDDK.dll
 0001:0001c090       __NULL_IMPORT_DESCRIPTOR   1001d090     coredll:COREDLL.dll
 0002:00000000       __imp_DDKPwr_SetDeviceLevel 1001e000     ceddk:CEDDK.dll
 0002:00000004       __imp_DDKPwr_GetDeviceLevel 1001e004     ceddk:CEDDK.dll
 0002:00000008       __imp_DDKPwr_ReleaseLevel  1001e008     ceddk:CEDDK.dll
 0002:0000000c       __imp_DDKPwr_RequestLevel  1001e00c     ceddk:CEDDK.dll
 0002:00000010       __imp_DDKPwr_Initialize    1001e010     ceddk:CEDDK.dll
 0002:00000014       __imp_DDKPwr_Deinitialize  1001e014     ceddk:CEDDK.dll
 0002:00000018       __imp_CloseBusAccessHandle 1001e018     ceddk:CEDDK.dll
 0002:0000001c       __imp_CreateBusAccessHandle 1001e01c     ceddk:CEDDK.dll
 0002:00000020       __imp_HalAllocateCommonBuffer 1001e020     ceddk:CEDDK.dll
 0002:00000024       __imp_HalFreeCommonBuffer  1001e024     ceddk:CEDDK.dll
 0002:00000028       __imp_TranslateBusAddr     1001e028     ceddk:CEDDK.dll
 0002:0000002c       __imp_MmUnmapIoSpace       1001e02c     ceddk:CEDDK.dll
 0002:00000030       __imp_MmMapIoSpace         1001e030     ceddk:CEDDK.dll
 0002:00000034       __imp_SetDevicePowerState  1001e034     ceddk:CEDDK.dll
 0002:00000038       \177CEDDK_NULL_THUNK_DATA  1001e038     ceddk:CEDDK.dll
 0002:0000003c       __imp_WaitForSingleObject  1001e03c     coredll:COREDLL.dll
 0002:00000040       __imp_TerminateThread      1001e040     coredll:COREDLL.dll
 0002:00000044       __imp_InterruptInitialize  1001e044     coredll:COREDLL.dll
 0002:00000048       __imp_RegQueryValueExW     1001e048     coredll:COREDLL.dll
 0002:0000004c       __imp_DDKReg_GetWindowInfo 1001e04c     coredll:COREDLL.dll
 0002:00000050       __imp_CeSetThreadPriority  1001e050     coredll:COREDLL.dll
 0002:00000054       __imp_InterruptDone        1001e054     coredll:COREDLL.dll
 0002:00000058       __imp_Sleep                1001e058     coredll:COREDLL.dll
 0002:0000005c       __imp_LocalAlloc           1001e05c     coredll:COREDLL.dll
 0002:00000060       __imp_OpenDeviceKey        1001e060     coredll:COREDLL.dll
 0002:00000064       __imp_InitializeCriticalSection 1001e064     coredll:COREDLL.dll
 0002:00000068       __imp_DeleteCriticalSection 1001e068     coredll:COREDLL.dll
 0002:0000006c       __imp_InterlockedExchange  1001e06c     coredll:COREDLL.dll
 0002:00000070       __imp_SetLastError         1001e070     coredll:COREDLL.dll
 0002:00000074       __imp_CeEventHasOccurred   1001e074     coredll:COREDLL.dll
 0002:00000078       __imp_ResumeThread         1001e078     coredll:COREDLL.dll
 0002:0000007c       __imp_DisableThreadLibraryCalls 1001e07c     coredll:COREDLL.dll
 0002:00000080       __imp_RegisterDbgZones     1001e080     coredll:COREDLL.dll
 0002:00000084       __imp_InterlockedDecrement 1001e084     coredll:COREDLL.dll
 0002:00000088       __imp_InterlockedCompareExchange 1001e088     coredll:COREDLL.dll
 0002:0000008c       __imp_InterlockedIncrement 1001e08c     coredll:COREDLL.dll
 0002:00000090       __imp_GetLastError         1001e090     coredll:COREDLL.dll
 0002:00000094       __imp_CeGetThreadPriority  1001e094     coredll:COREDLL.dll
 0002:00000098       __imp_SetThreadPriority    1001e098     coredll:COREDLL.dll
 0002:0000009c       __imp_GetTickCount         1001e09c     coredll:COREDLL.dll
 0002:000000a0       __imp_CeSafeCopyMemory     1001e0a0     coredll:COREDLL.dll
 0002:000000a4       __imp_CeFreeAsynchronousBuffer 1001e0a4     coredll:COREDLL.dll
 0002:000000a8       __imp_CeAllocAsynchronousBuffer 1001e0a8     coredll:COREDLL.dll
 0002:000000ac       __imp_CreateMutexW         1001e0ac     coredll:COREDLL.dll
 0002:000000b0       __imp_ReleaseMutex         1001e0b0     coredll:COREDLL.dll
 0002:000000b4       __imp_RegCloseKey          1001e0b4     coredll:COREDLL.dll
 0002:000000b8       __imp_EventModify          1001e0b8     coredll:COREDLL.dll
 0002:000000bc       __imp_InterruptDisable     1001e0bc     coredll:COREDLL.dll
 0002:000000c0       __imp_CloseHandle          1001e0c0     coredll:COREDLL.dll
 0002:000000c4       __imp_ExitThread           1001e0c4     coredll:COREDLL.dll
 0002:000000c8       __imp_CreateThread         1001e0c8     coredll:COREDLL.dll
 0002:000000cc       __imp_RegOpenKeyExW        1001e0cc     coredll:COREDLL.dll
 0002:000000d0       __imp_CreateEventW         1001e0d0     coredll:COREDLL.dll
 0002:000000d4       __imp_RegSetValueExW       1001e0d4     coredll:COREDLL.dll
 0002:000000d8       __imp_DDKReg_GetIsrInfo    1001e0d8     coredll:COREDLL.dll
 0002:000000dc       __imp_KernelIoControl      1001e0dc     coredll:COREDLL.dll
 0002:000000e0       __imp_LeaveCriticalSection 1001e0e0     coredll:COREDLL.dll
 0002:000000e4       __imp_EnterCriticalSection 1001e0e4     coredll:COREDLL.dll
 0002:000000e8       __imp_LocalFree            1001e0e8     coredll:COREDLL.dll
 0002:000000ec       __imp_NKDbgPrintfW         1001e0ec     coredll:COREDLL.dll
 0002:000000f0       __imp_??2@YAPAXI@Z         1001e0f0     corelib1:COREDLL.dll
 0002:000000f4       __imp_memcpy               1001e0f4     corelib1:COREDLL.dll
 0002:000000f8       __imp_??3@YAXPAX@Z         1001e0f8     corelib1:COREDLL.dll
 0002:000000fc       __imp___utod               1001e0fc     corelib1:COREDLL.dll
 0002:00000100       __imp___divd               1001e100     corelib1:COREDLL.dll
 0002:00000104       __imp___itod               1001e104     corelib1:COREDLL.dll
 0002:00000108       __imp___subd               1001e108     corelib1:COREDLL.dll
 0002:0000010c       __imp___muld               1001e10c     corelib1:COREDLL.dll
 0002:00000110       __imp___dtoi               1001e110     corelib1:COREDLL.dll
 0002:00000114       __imp__purecall            1001e114     corelib1:COREDLL.dll
 0002:00000118       __imp_memset               1001e118     corelib1:COREDLL.dll
 0002:0000011c       __imp_memmove              1001e11c     corelib1:COREDLL.dll
 0002:00000120       __imp___C_specific_handler 1001e120     corelib1:COREDLL.dll
 0002:00000124       __imp___rt_udiv            1001e124     corelib1:COREDLL.dll
 0002:00000128       __imp___security_gen_cookie2 1001e128     corelib1:COREDLL.dll
 0002:0000012c       __imp___report_gsfailure   1001e12c     corelib1:COREDLL.dll
 0002:00000130       __imp_free                 1001e130     corelib1:COREDLL.dll
 0002:00000134       __imp_malloc               1001e134     corelib1:COREDLL.dll
 0002:00000138       __imp_realloc              1001e138     corelib1:COREDLL.dll
 0002:0000013c       __imp__msize               1001e13c     corelib1:COREDLL.dll
 0002:00000140       __imp_TerminateProcess     1001e140     coredll:COREDLL.dll
 0002:00000144       \177COREDLL_NULL_THUNK_DATA 1001e144     coredll:COREDLL.dll
 0002:00000168       dpCurSettings              1001e168     com_mdd2:mdd.obj
 0002:000005ac       __security_cookie          1001e5ac     corelib0:seccinit.obj
 0002:000005b0       __security_cookie_complement 1001e5b0     corelib0:seccinit.obj
 0002:000005b8       ?g_OutputDMA@@3UDMA_CH_CONTEXT@@A 1001e5b8     pddS3C6410_ser_dma.obj
 0002:0000060c       ?DmaDstAddress@@3IA        1001e60c     pddS3C6410_ser_dma.obj
 0002:00000610       ?PhysDmaDstBufferAddr@@3T_LARGE_INTEGER@@A 1001e610     pddS3C6410_ser_dma.obj
 0002:00000618       ?DmaSrcAddress@@3IA        1001e618     pddS3C6410_ser_dma.obj
 0002:00000620       ?g_InputDMA@@3UDMA_CH_CONTEXT@@A 1001e620     pddS3C6410_ser_dma.obj
 0002:00000678       ?PhysDmaSrcBufferAddr@@3T_LARGE_INTEGER@@A 1001e678     pddS3C6410_ser_dma.obj
 0002:00000680       ?pPublicUart@@3PAUDMA_PUBLIC_CONTEXT@@A 1001e680     pddS3C6410_ser_dma.obj
 0002:00000684       ?pVirtDmaDstBufferAddr@@3PAEA 1001e684     pddS3C6410_ser_dma.obj
 0002:00000688       ?pVirtDmaSrcBufferAddr@@3PAEA 1001e688     pddS3C6410_ser_dma.obj
 0002:000006a0       _exitflag                  1001e6a0     corelib0:cexit.obj
 0002:000006a4       __onexitend                1001e6a4     <common>
 0002:000006a8       __onexitbegin              1001e6a8     <common>
 0002:000006ac       g_pcsExit                  1001e6ac     <common>

 entry point at        0001:0001b678

 Static symbols

 0001:000125d4       SerialDispatchThread       100135d4 f   com_mdd2:mdd.obj
 0001:0001ace4       DMA_dmac0_enable           1001bce4 f   s3c6410_dma_lib:s3c6410_dma_controller.obj
 0001:0001ad2c       DMA_dmac0_disable          1001bd2c f   s3c6410_dma_lib:s3c6410_dma_controller.obj
 0001:0001ae74       DMA_dmac1_enable           1001be74 f   s3c6410_dma_lib:s3c6410_dma_controller.obj
 0001:0001aebc       DMA_dmac1_disable          1001bebc f   s3c6410_dma_lib:s3c6410_dma_controller.obj
 0001:0001b004       DMA_allocate_LLI_context   1001c004 f   s3c6410_dma_lib:s3c6410_dma_controller.obj
 0001:0001b15c       DMA_free_LLI_context       1001c15c f   s3c6410_dma_lib:s3c6410_dma_controller.obj
 0001:0001b204       DMA_lock                   1001c204 f   s3c6410_dma_lib:s3c6410_dma_controller.obj
 0001:0001b268       DMA_unlock                 1001c268 f   s3c6410_dma_lib:s3c6410_dma_controller.obj
 0001:0001b91c       doexit                     1001c91c f   corelib0:cexit.obj
 0001:0001bbd8       lockexit                   1001cbd8 f   corelib0:onexit.obj
 0001:0001bc74       unlockexit                 1001cc74 f   corelib0:onexit.obj
 0001:0001bca0       _onexit_nolock             1001cca0 f   corelib0:onexit.obj
