 smdk6410_keypad

 Timestamp is 531ec5f6 (Tue Mar 11 16:14:46 2014)

 Preferred load address is 10000000

 Start         Length     Name                   Class
 0001:00000000 00004140H .rdata                  CODE
 0001:00004140 0000002cH .rdata$debug            CODE
 0001:0000416c 0000d694H .text                   CODE
 0001:00011800 000000b4H .xdata                  CODE
 0001:000118b4 00000028H .idata$2                CODE
 0001:000118dc 00000014H .idata$3                CODE
 0001:000118f0 0000011cH .idata$4                CODE
 0001:00011a0c 00000016H .idata$6                CODE
 0001:00011a30 00000249H .edata                  CODE
 0002:00000000 0000011cH .idata$5                DATA
 0002:00000120 00000968H .data                   DATA
 0002:00000a88 0000043cH .bss                    DATA
 0003:00000000 000003e8H .pdata                  DATA

  Address         Publics by Value              Rva+Base       Lib:Object

 0000:00000000       ___safe_se_handler_table   00000000     <absolute>
 0000:00000000       ___safe_se_handler_count   00000000     <absolute>
 0001:00000140       ??_C@_1EG@KMALFLOI@?$AA?$CF?$AAs?$AA?3?$AA?5?$AAp?$AAv?$AAk?$AAM?$AAa?$AAp?$AA?9?$AA?$DO?$AAu?$AAi?$AAV?$AAk?$AAG?$AAe?$AAn?$AAe?$AAr?$AAa?$AAt?$AAe?$AAd?$AA?5?$AAe?$AAr?$AAr?$AAo?$AAr?$AA?$CB@ 10001140     S3C6410_Layout:s3c6410_layout.obj
 0001:00000188       ??_C@_1CO@BIAAPNPM@?$AA?$CF?$AAs?$AA?3?$AA?5?$AAF?$AAn?$AA?5?$AAk?$AAe?$AAy?$AA?5?$AAi?$AAs?$AA?5?$AAn?$AAo?$AAw?$AA?5?$AA?$CF?$AAs?$AA?$AN?$AA?6?$AA?$AA@ 10001188     S3C6410_Layout:s3c6410_layout.obj
 0001:000001b8       ??_C@_15NJHDMILK@?$AAU?$AAP?$AA?$AA@ 100011b8     S3C6410_Layout:s3c6410_layout.obj
 0001:000001c0       ??_C@_19BBNJPHFD@?$AAD?$AAO?$AAW?$AAN?$AA?$AA@ 100011c0     S3C6410_Layout:s3c6410_layout.obj
 0001:000001d0       ??_C@_1EE@HHFNNDHD@?$AA?$CF?$AAs?$AA?3?$AA?5?$AAB?$AAu?$AAf?$AAf?$AAe?$AAr?$AA?5?$AAi?$AAs?$AA?5?$AAn?$AAo?$AAt?$AA?5?$AAl?$AAa?$AAr?$AAg?$AAe?$AA?5?$AAe?$AAn?$AAo?$AAu?$AAg?$AAh?$AA?$CB?$AA?$AN@ 100011d0     S3C6410_Layout:s3c6410_layout.obj
 0001:00000214       ??_C@_1DA@EJDMGKHM@?$AA?$CF?$AAs?$AA?3?$AA?5?$AAp?$AAK?$AAb?$AAd?$AAE?$AAv?$AAe?$AAn?$AAt?$AAs?$AA?5?$AAe?$AAr?$AAr?$AAo?$AAr?$AA?$CB?$AA?$AN?$AA?6?$AA?$AA@ 10001214     S3C6410_Layout:s3c6410_layout.obj
 0001:00000244       ??_C@_1DM@JNBPJMOE@?$AA?$CF?$AAs?$AA?3?$AA?5?$AAc?$AAM?$AAa?$AAx?$AAR?$AAm?$AAp?$AAK?$AAb?$AAd?$AAE?$AAv?$AAe?$AAn?$AAt?$AAs?$AA?5?$AAe?$AAr?$AAr?$AAo?$AAr?$AA?$CB?$AA?$AN?$AA?6?$AA?$AA@ 10001244     S3C6410_Layout:s3c6410_layout.obj
 0001:00000280       ??_C@_1CE@EHONECGC@?$AAM?$AAa?$AAt?$AAr?$AAi?$AAx?$AAU?$AAs?$AAR?$AAe?$AAm?$AAa?$AAp?$AAV?$AAK?$AAe?$AAy?$AA?$AA@ 10001280     S3C6410_Layout:s3c6410_layout.obj
 0001:000002a8       ??_C@_1EA@FLBFOKJO@?$AAF?$AAi?$AAn?$AAd?$AAR?$AAe?$AAm?$AAa?$AAp?$AAp?$AAe?$AAd?$AAK?$AAe?$AAy?$AA?3?$AA?5?$AAp?$AAv?$AAk?$AAM?$AAa?$AAp?$AA?5?$AAe?$AAr?$AAr?$AAo?$AAr?$AA?$AN?$AA?6?$AA?$AA@ 100012a8     S3C6410_Layout:s3c6410_layout.obj
 0001:000002e8       ??_C@_1EC@MBJBEGEJ@?$AA?$CF?$AAs?$AA?3?$AA?5?$AAS?$AAc?$AAa?$AAn?$AAC?$AAo?$AAd?$AAe?$AAT?$AAo?$AAV?$AAK?$AAe?$AAy?$AAT?$AAa?$AAb?$AAl?$AAe?$AA?5?$AAe?$AAr?$AAr?$AAo?$AAr?$AA?$CB?$AA?$AN?$AA?6@ 100012e8     S3C6410_Layout:s3c6410_layout.obj
 0001:00000330       ??_C@_1EO@LEIGAKKL@?$AAM?$AAa?$AAt?$AAr?$AAi?$AAx?$AA?3?$AA?5?$AAd?$AAa?$AAt?$AAa?$AA?5?$AAs?$AAt?$AAr?$AAu?$AAc?$AAt?$AAu?$AAr?$AAe?$AA?5?$AAs?$AAi?$AAz?$AAe?$AA?5?$AAm?$AAi?$AAs?$AAm@ 10001330     S3C6410_Layout:s3c6410_layout.obj
 0001:00000380       ??_C@_1DG@OCMIPAJK@?$AA?$CF?$AAs?$AA?3?$AA?5?$AAp?$AAD?$AAe?$AAv?$AAi?$AAc?$AAe?$AAL?$AAa?$AAy?$AAo?$AAu?$AAt?$AA?5?$AAe?$AAr?$AAr?$AAo?$AAr?$AA?$CB?$AA?$AN?$AA?6?$AA?$AA@ 10001380     S3C6410_Layout:s3c6410_layout.obj
 0001:000003b8       ??_C@_1O@PLFHEEBL@?$AAM?$AAa?$AAt?$AAr?$AAi?$AAx?$AA?$AA@ 100013b8     S3C6410_Layout:s3c6410_layout.obj
 0001:000004e8       ??_C@_1EO@EPMBOPPE@?$AA?$CF?$AAs?$AA?3?$AA?5?$AAM?$AAa?$AAp?$AAp?$AAe?$AAd?$AA?5?$AAv?$AAk?$AAe?$AAy?$AA?5?$AA?$CF?$AA0?$AA2?$AAx?$AA?5?$AAt?$AAo?$AA?5?$AAc?$AAh?$AAa?$AAr?$AA?5?$AA?$CF?$AA0?$AA4@ 100014e8     LayoutManager:LayMgr.obj
 0001:00000538       ??_C@_1FC@OFDMNFOP@?$AA?$CF?$AAs?$AA?3?$AA?5?$AAC?$AAh?$AAa?$AAn?$AAg?$AAi?$AAn?$AAg?$AA?5?$AAl?$AAi?$AAg?$AAh?$AAt?$AA?5?$AAs?$AAt?$AAa?$AAt?$AAe?$AA?5?$AAf?$AAo?$AAr?$AA?5?$AAV?$AAK?$AAe@ 10001538     LayoutManager:LayMgr.obj
 0001:00000590       ??_C@_1FK@FNONLNGN@?$AA?$CF?$AAs?$AA?3?$AA?5?$AAD?$AAE?$AAB?$AAU?$AAG?$AAC?$AAH?$AAK?$AA?5?$AAf?$AAa?$AAi?$AAl?$AAe?$AAd?$AA?5?$AAi?$AAn?$AA?5?$AAf?$AAi?$AAl?$AAe?$AA?5?$AA?$CF?$AAs?$AA?5?$AAa@ 10001590     LayoutManager:LayMgr.obj
 0001:000005f0       ??_C@_1HA@EHIGJNFN@?$AAK?$AAe?$AAy?$AAb?$AAd?$AAD?$AAr?$AAi?$AAv?$AAe?$AAr?$AAV?$AAK?$AAe?$AAy?$AAT?$AAo?$AAU?$AAn?$AAi?$AAc?$AAo?$AAd?$AAe?$AA?3?$AA?5?$AAN?$AAo?$AA?5?$AAi?$AAn?$AAp@ 100015f0     LayoutManager:LayMgr.obj
 0001:00000660       ??_C@_1CI@OHCJFJPM@?$AAE?$AAR?$AAR?$AAO?$AAR?$AA?3?$AA?5?$AA?$CF?$AAs?$AA?5?$AAl?$AAi?$AAn?$AAe?$AA?5?$AA?$CF?$AAd?$AA?3?$AA?5?$AA?$AA@ 10001660     LayoutManager:LayMgr.obj
 0001:00000688       ??_C@_1HK@JCABAAAE@?$AAC?$AA?3?$AA?2?$AAy?$AAm?$AAz?$AAk?$AAi?$AA?2?$AAp?$AAu?$AAb?$AAl?$AAi?$AAc?$AA?2?$AAC?$AAO?$AAM?$AAM?$AAO?$AAN?$AA?2?$AAo?$AAa?$AAk?$AA?2?$AAd?$AAr?$AAi?$AAv?$AAe@ 10001688     LayoutManager:LayMgr.obj
 0001:00000704       ??_C@_1DC@PMCHLMJK@?$AAK?$AAe?$AAy?$AAb?$AAd?$AAD?$AAr?$AAi?$AAv?$AAe?$AAr?$AAV?$AAK?$AAe?$AAy?$AAT?$AAo?$AAU?$AAn?$AAi?$AAc?$AAo?$AAd?$AAe?$AA?$AA@ 10001704     LayoutManager:LayMgr.obj
 0001:00000738       ??_C@_1GA@OJOBFCAJ@?$AAV?$AAa?$AAl?$AAi?$AAd?$AAa?$AAt?$AAe?$AAI?$AAn?$AAp?$AAu?$AAt?$AAL?$AAa?$AAn?$AAg?$AAu?$AAa?$AAg?$AAe?$AA?3?$AA?5?$AAI?$AAn?$AAv?$AAa?$AAl?$AAi?$AAd?$AA?5?$AAi@ 10001738     LayoutManager:LayMgr.obj
 0001:00000798       ??_C@_1BM@HMIPKDJE@?$AAV?$AAK?$AAe?$AAy?$AAT?$AAo?$AAU?$AAn?$AAi?$AAc?$AAo?$AAd?$AAe?$AA?$AA@ 10001798     LayoutManager:LayMgr.obj
 0001:000007b4       ??_C@_1DG@HEJMDLH@?$AA?$CF?$AAs?$AA?3?$AA?5?$AAN?$AAe?$AAw?$AA?5?$AAd?$AAe?$AAa?$AAd?$AA?5?$AAc?$AAh?$AAa?$AAr?$AA?5?$AA0?$AAx?$AA?$CF?$AA0?$AA4?$AAx?$AA?$AN?$AA?6?$AA?$AA@ 100017b4     LayoutManager:LayMgr.obj
 0001:000007ec       ??_C@_1BM@FJHJIGLC@?$AAG?$AAe?$AAt?$AAC?$AAh?$AAa?$AAr?$AAa?$AAc?$AAt?$AAe?$AAr?$AAs?$AA?$AA@ 100017ec     LayoutManager:LayMgr.obj
 0001:00000808       ??_C@_1KA@IKFNAPIN@?$AAW?$AAr?$AAi?$AAt?$AAe?$AAT?$AAo?$AAC?$AAh?$AAa?$AAr?$AAB?$AAu?$AAf?$AAf?$AAe?$AAr?$AA?3?$AA?5?$AAC?$AAh?$AAa?$AAr?$AAa?$AAc?$AAt?$AAe?$AAr?$AA?5?$AAb?$AAu?$AAf@ 10001808     LayoutManager:LayMgr.obj
 0001:000008a8       ??_C@_1EG@JFLKDNHK@?$AA?$CF?$AAs?$AA?3?$AA?5?$AAN?$AAo?$AA?5?$AAs?$AAu?$AAp?$AAp?$AAo?$AAr?$AAt?$AA?5?$AAf?$AAo?$AAr?$AA?5?$AAD?$AAK?$AAF?$AA_?$AAD?$AAE?$AAA?$AAD?$AA?5?$AAf?$AAl?$AAa?$AAg@ 100018a8     LayoutManager:LayMgr.obj
 0001:000008f0       ??_C@_1CA@HFJCLOBN@?$AAP?$AAr?$AAo?$AAc?$AAe?$AAs?$AAs?$AAD?$AAe?$AAa?$AAd?$AAK?$AAe?$AAy?$AAs?$AA?$AA@ 100018f0     LayoutManager:LayMgr.obj
 0001:00000910       ??_C@_1HE@OBOBMNCE@?$AA?$CF?$AAs?$AA?3?$AA?5?$AAD?$AAe?$AAa?$AAd?$AA?5?$AAk?$AAe?$AAy?$AA?5?$AA?$CL?$AA?5?$AAl?$AAi?$AAg?$AAa?$AAt?$AAu?$AAr?$AAe?$AA?5?$AA0?$AAx?$AA?$CF?$AA0?$AA4?$AAx?$AA?5?$AAp@ 10001910     LayoutManager:LayMgr.obj
 0001:00000988       ??_C@_1GE@GJAGNIFN@?$AAP?$AAr?$AAo?$AAc?$AAe?$AAs?$AAs?$AAL?$AAi?$AAg?$AAa?$AAt?$AAu?$AAr?$AAe?$AA?3?$AA?5?$AAT?$AAo?$AAo?$AA?5?$AAm?$AAa?$AAn?$AAy?$AA?5?$AAc?$AAh?$AAa?$AAr?$AAa?$AAc@ 10001988     LayoutManager:LayMgr.obj
 0001:000009f0       ??_C@_1GE@EEKLGEPK@?$AAP?$AAr?$AAo?$AAc?$AAe?$AAs?$AAs?$AAL?$AAi?$AAg?$AAa?$AAt?$AAu?$AAr?$AAe?$AA?3?$AA?5?$AAW?$AAC?$AAH?$AA_?$AAL?$AAG?$AAT?$AAR?$AA?5?$AAb?$AAu?$AAt?$AA?5?$AAn?$AAo@ 100019f0     LayoutManager:LayMgr.obj
 0001:00000a54       ??_C@_1CA@FPHGOPGB@?$AAP?$AAr?$AAo?$AAc?$AAe?$AAs?$AAs?$AAL?$AAi?$AAg?$AAa?$AAt?$AAu?$AAr?$AAe?$AA?$AA@ 10001a54     LayoutManager:LayMgr.obj
 0001:00000a78       ??_C@_1FI@LMKMPEMM@?$AAM?$AAa?$AAp?$AAV?$AAi?$AAr?$AAt?$AAu?$AAa?$AAl?$AAK?$AAe?$AAy?$AA?3?$AA?5?$AAN?$AAo?$AA?5?$AAd?$AAe?$AAv?$AAi?$AAc?$AAe?$AA?5?$AAl?$AAa?$AAy?$AAo?$AAu?$AAt?$AA?5@ 10001a78     LayoutManager:LayMgr.obj
 0001:00000ad0       ??_C@_1FK@KLIIDPFG@?$AAM?$AAa?$AAp?$AAV?$AAi?$AAr?$AAt?$AAu?$AAa?$AAl?$AAK?$AAe?$AAy?$AA?3?$AA?5?$AAN?$AAo?$AA?5?$AAi?$AAn?$AAp?$AAu?$AAt?$AA?5?$AAl?$AAa?$AAn?$AAg?$AAu?$AAa?$AAg?$AAe@ 10001ad0     LayoutManager:LayMgr.obj
 0001:00000b2c       ??_C@_1BO@HJAFHJDC@?$AAS?$AAc?$AAa?$AAn?$AAC?$AAo?$AAd?$AAe?$AAT?$AAo?$AAV?$AAK?$AAe?$AAy?$AA?$AA@ 10001b2c     LayoutManager:LayMgr.obj
 0001:00000b50       ??_C@_1EK@HNKEACEC@?$AAK?$AAe?$AAy?$AAb?$AAo?$AAa?$AAr?$AAd?$AA?5?$AAe?$AAv?$AAe?$AAn?$AAt?$AA?5?$AAt?$AAh?$AAr?$AAe?$AAa?$AAd?$AA?5?$AAt?$AAe?$AAr?$AAm?$AAi?$AAn?$AAa?$AAt?$AAi?$AAn@ 10001b50     LayoutManager:LayMgr.obj
 0001:00000ba0       ??_C@_1IO@FAAGELJD@?$AA?$CF?$AAs?$AA?3?$AA?5?$AAP?$AAD?$AAD?$AA?5?$AA?$CF?$AAu?$AA?3?$AA?5?$AAS?$AAc?$AAa?$AAn?$AA?5?$AAc?$AAo?$AAd?$AAe?$AA?5?$AA0?$AAx?$AA?$CF?$AA0?$AA8?$AAx?$AA?5?$AA?9?$AA?$DO?$AA?5@ 10001ba0     LayoutManager:LayMgr.obj
 0001:00000c30       ??_C@_1HE@NMPGFJEM@?$AA?$CF?$AAs?$AA?3?$AA?5?$AAP?$AAD?$AAD?$AA?5?$AA?$CF?$AAu?$AA?3?$AA?5?$AAU?$AAs?$AAi?$AAn?$AAg?$AA?5?$AAd?$AAe?$AAv?$AAi?$AAc?$AAe?$AA?5?$AAl?$AAa?$AAy?$AAo?$AAu?$AAt?$AA?5@ 10001c30     LayoutManager:LayMgr.obj
 0001:00000ca8       ??_C@_1EG@GJMMGGFM@?$AA?$CF?$AAs?$AA?3?$AA?5?$AAk?$AAe?$AAy?$AAb?$AAd?$AA?5?$AA?$CF?$AAu?$AA?5?$AAs?$AAc?$AAa?$AAn?$AA?5?$AAc?$AAo?$AAd?$AAe?$AA?5?$AA0?$AAx?$AA?$CF?$AA0?$AA8?$AAx?$AA?7?$AA?$CF?$AAs@ 10001ca8     LayoutManager:LayMgr.obj
 0001:00000cf0       ??_C@_19EPDBDPAN@?$AAD?$AAo?$AAw?$AAn?$AA?$AA@ 10001cf0     LayoutManager:LayMgr.obj
 0001:00000cfc       ??_C@_15HJEBGHIE@?$AAU?$AAp?$AA?$AA@ 10001cfc     LayoutManager:LayMgr.obj
 0001:00000d08       ??_C@_1HI@HIFNONDF@?$AAK?$AAe?$AAy?$AAb?$AAo?$AAa?$AAr?$AAd?$AA?3?$AA?5?$AAK?$AAe?$AAy?$AAp?$AAr?$AAe?$AAs?$AAs?$AA?5?$AAi?$AAg?$AAn?$AAo?$AAr?$AAe?$AAd?$AA?5?$AAs?$AAi?$AAn?$AAc?$AAe@ 10001d08     LayoutManager:LayMgr.obj
 0001:00000d80       ??_C@_1CK@KHMJPINM@?$AAK?$AAe?$AAy?$AAb?$AAd?$AAE?$AAv?$AAe?$AAn?$AAt?$AAT?$AAh?$AAr?$AAe?$AAa?$AAd?$AAP?$AAr?$AAo?$AAc?$AA?$AA@ 10001d80     LayoutManager:LayMgr.obj
 0001:00000db0       ??_C@_1GA@ICNGPECE@?$AA?$CF?$AAs?$AA?3?$AA?5?$AAV?$AAK?$AA?3?$AA?5?$AA0?$AAx?$AA?$CF?$AA0?$AA8?$AAx?$AA?5?$AAS?$AAC?$AA?3?$AA?5?$AA0?$AAx?$AA?$CF?$AA0?$AA8?$AAx?$AA?5?$AAS?$AAh?$AAi?$AAf?$AAt?$AA?5@ 10001db0     LayoutManager:LayMgr.obj
 0001:00000e10       ??_C@_1HA@NLAOBOAF@?$AAK?$AAe?$AAy?$AAb?$AAo?$AAa?$AAr?$AAd?$AA?3?$AA?5?$AAR?$AAe?$AAm?$AAa?$AAp?$AAp?$AAi?$AAn?$AAg?$AA?5?$AAf?$AAu?$AAn?$AAc?$AAt?$AAi?$AAo?$AAn?$AA?5?$AAr?$AAe?$AAt@ 10001e10     LayoutManager:LayMgr.obj
 0001:00000e80       ??_C@_1CE@CMMKBGEA@?$AAS?$AAe?$AAn?$AAd?$AAR?$AAe?$AAm?$AAa?$AAp?$AAp?$AAe?$AAd?$AAE?$AAv?$AAe?$AAn?$AAt?$AA?$AA@ 10001e80     LayoutManager:LayMgr.obj
 0001:00000ea8       ??_C@_1HE@LCAGGIGJ@?$AAK?$AAe?$AAy?$AAb?$AAo?$AAa?$AAr?$AAd?$AA?3?$AA?5?$AAE?$AAx?$AAc?$AAe?$AAp?$AAt?$AAi?$AAo?$AAn?$AA?5?$AAi?$AAn?$AA?5?$AAd?$AAe?$AAv?$AAi?$AAc?$AAe?$AA?5?$AAl?$AAa@ 10001ea8     LayoutManager:LayMgr.obj
 0001:00000f1c       ??_C@_1CG@JGDFADEE@?$AAK?$AAe?$AAy?$AAb?$AAd?$AAE?$AAv?$AAe?$AAn?$AAt?$AAC?$AAa?$AAl?$AAl?$AAb?$AAa?$AAc?$AAk?$AA?$AA@ 10001f1c     LayoutManager:LayMgr.obj
 0001:00000f48       ??_C@_1EC@HAGJGNMN@?$AA?$CF?$AAs?$AA?3?$AA?5?$AAP?$AAr?$AAo?$AAc?$AA?5?$AAn?$AAa?$AAm?$AAe?$AA?5?$AA?$CC?$AA?$CF?$AAs?$AA?$CC?$AA?5?$AAi?$AAs?$AA?5?$AAt?$AAo?$AAo?$AA?5?$AAl?$AAo?$AAn?$AAg?$AA?$AN?$AA?6@ 10001f48     LayoutManager:LayMgr.obj
 0001:00000f8c       ??_C@_1CI@LMGBELGL@?$AAG?$AAe?$AAt?$AAK?$AAe?$AAy?$AAb?$AAo?$AAa?$AAr?$AAd?$AAP?$AAr?$AAo?$AAc?$AAA?$AAd?$AAd?$AAr?$AA?$AA@ 10001f8c     LayoutManager:LayMgr.obj
 0001:00000fb8       ??_C@_1GK@PNFGDIJE@?$AA?$CF?$AAs?$AA?3?$AA?5?$AAL?$AAa?$AAy?$AAo?$AAu?$AAt?$AA?5?$AAM?$AAa?$AAn?$AAa?$AAg?$AAe?$AAr?$AA?5?$AAs?$AAu?$AAc?$AAc?$AAe?$AAs?$AAs?$AAf?$AAu?$AAl?$AAl?$AAy?$AA?5@ 10001fb8     LayoutManager:LayMgr.obj
 0001:00001028       ??_C@_1FM@NJGAPMGB@?$AA?$CF?$AAs?$AA?3?$AA?5?$AAL?$AAa?$AAy?$AAo?$AAu?$AAt?$AA?5?$AAM?$AAa?$AAn?$AAa?$AAg?$AAe?$AAr?$AA?5?$AAs?$AAu?$AAc?$AAc?$AAe?$AAs?$AAs?$AAf?$AAu?$AAl?$AAl?$AAy?$AA?5@ 10002028     LayoutManager:LayMgr.obj
 0001:00001088       ??_C@_1GK@EADJFIFB@?$AAK?$AAe?$AAy?$AAb?$AAo?$AAa?$AAr?$AAd?$AA?3?$AA?5?$AAE?$AAr?$AAr?$AAo?$AAr?$AA?5?$AAs?$AAe?$AAl?$AAe?$AAc?$AAt?$AAi?$AAn?$AAg?$AA?5?$AAd?$AAe?$AAv?$AAi?$AAc?$AAe@ 10002088     LayoutManager:LayMgr.obj
 0001:000010f8       ??_C@_1ME@GIAPPCNP@?$AAK?$AAe?$AAy?$AAb?$AAo?$AAa?$AAr?$AAd?$AA?3?$AA?5?$AAC?$AAo?$AAu?$AAl?$AAd?$AA?5?$AAn?$AAo?$AAt?$AA?5?$AAa?$AAc?$AAt?$AAi?$AAv?$AAa?$AAt?$AAe?$AA?5?$AAt?$AAh?$AAe@ 100020f8     LayoutManager:LayMgr.obj
 0001:000011c0       ??_C@_1EI@JGJOLDCK@?$AA?$CF?$AAs?$AA?3?$AA?5?$AAF?$AAo?$AAu?$AAn?$AAd?$AA?5?$AAd?$AAe?$AAf?$AAa?$AAu?$AAl?$AAt?$AA?5?$AAi?$AAn?$AAp?$AAu?$AAt?$AA?5?$AAm?$AAe?$AAt?$AAh?$AAo?$AAd?$AA?5?$AA?$CF@ 100021c0     LayoutManager:LayMgr.obj
 0001:00001208       ??_C@_1LE@PONPAOJG@?$AAK?$AAe?$AAy?$AAb?$AAo?$AAa?$AAr?$AAd?$AA?3?$AA?5?$AAD?$AAe?$AAf?$AAa?$AAu?$AAl?$AAt?$AA?5?$AAi?$AAn?$AAp?$AAu?$AAt?$AA?5?$AAm?$AAe?$AAt?$AAh?$AAo?$AAd?$AA?5?$AAs@ 10002208     LayoutManager:LayMgr.obj
 0001:000012c0       ??_C@_1FA@LOAOONFK@?$AA?$CF?$AAs?$AA?3?$AA?5?$AAI?$AAn?$AAi?$AAt?$AAi?$AAa?$AAl?$AAi?$AAz?$AAe?$AAd?$AA?5?$AAP?$AAD?$AAD?$AA?5?$AA?$CF?$AAu?$AA?5?$AA?9?$AA?5?$AA?$CF?$AAs?$AA?5?$AA?$CI?$AAM?$AAa?$AAs@ 100022c0     LayoutManager:LayMgr.obj
 0001:00001310       ??_C@_1GK@CFECEMAO@?$AAK?$AAe?$AAy?$AAb?$AAo?$AAa?$AAr?$AAd?$AA?3?$AA?5?$AAI?$AAn?$AAv?$AAa?$AAl?$AAi?$AAd?$AA?5?$AAk?$AAe?$AAy?$AAb?$AAd?$AA?5?$AAP?$AAD?$AAD?$AA?5?$AAi?$AAn?$AAf?$AAo@ 10002310     LayoutManager:LayMgr.obj
 0001:00001380       ??_C@_1FC@BFKJMBD@?$AAK?$AAe?$AAy?$AAb?$AAo?$AAa?$AAr?$AAd?$AA?3?$AA?5?$AAP?$AAD?$AAD?$AA?5?$AA?$CF?$AAu?$AA?5?$AAi?$AAn?$AAi?$AAt?$AAi?$AAa?$AAl?$AAi?$AAz?$AAa?$AAt?$AAi?$AAo?$AAn?$AA?5@ 10002380     LayoutManager:LayMgr.obj
 0001:000013d4       ??_C@_1CA@PAEAFIKJ@?$AAO?$AAu?$AAt?$AA?5?$AAo?$AAf?$AA?5?$AAm?$AAe?$AAm?$AAo?$AAr?$AAy?$AA?$AN?$AA?6?$AA?$AA@ 100023d4     LayoutManager:LayMgr.obj
 0001:000013f8       ??_C@_1FG@KKEHCAMF@?$AAU?$AAn?$AAa?$AAb?$AAl?$AAe?$AA?5?$AAt?$AAo?$AA?5?$AAs?$AAe?$AAt?$AA?5?$AAu?$AAp?$AA?5?$AAk?$AAe?$AAy?$AAb?$AAo?$AAa?$AAr?$AAd?$AA?5?$AAl?$AAa?$AAy?$AAo?$AAu?$AAt@ 100023f8     LayoutManager:LayMgr.obj
 0001:00001450       ??_C@_11LOCGONAA@?$AA?$AA@ 10002450     LayoutManager:LayMgr.obj
 0001:00001454       ??_C@_1DA@ENNNKOKA@?$AAK?$AAe?$AAy?$AAb?$AAd?$AAD?$AAr?$AAi?$AAv?$AAe?$AAr?$AAI?$AAn?$AAi?$AAt?$AAi?$AAa?$AAl?$AAi?$AAz?$AAe?$AAE?$AAx?$AA?$AA@ 10002454     LayoutManager:LayMgr.obj
 0001:00001484       ??_C@_1CK@EJMAOEFN@?$AA?$CF?$AAs?$AA?3?$AA?5?$AAE?$AAx?$AAi?$AAt?$AAi?$AAn?$AAg?$AA?5?$AAt?$AAh?$AAr?$AAe?$AAa?$AAd?$AA?$AN?$AA?6?$AA?$AA@ 10002484     LayoutManager:LayMgr.obj
 0001:000014b0       ??_C@_1EE@BEBODHHN@?$AA?$CF?$AAs?$AA?3?$AA?5?$AAC?$AAo?$AAu?$AAl?$AAd?$AA?5?$AAn?$AAo?$AAt?$AA?5?$AAc?$AAr?$AAe?$AAa?$AAt?$AAe?$AA?5?$AAf?$AAi?$AAl?$AAe?$AA?5?$AAo?$AAn?$AA?5?$AA?$CF?$AAs?$AA?$AN@ 100024b0     LayoutManager:LayMgr.obj
 0001:000014f8       ??_C@_1FI@JGHPMHHM@?$AA?$CF?$AAs?$AA?3?$AA?5?$AAN?$AAo?$AAt?$AAi?$AAf?$AAi?$AAc?$AAa?$AAt?$AAi?$AAo?$AAn?$AA?5?$AAf?$AAr?$AAo?$AAm?$AA?5?$AAn?$AAo?$AAn?$AA?5?$AAK?$AAB?$AAD?$AA?5?$AAd?$AAe@ 100024f8     LayoutManager:LayMgr.obj
 0001:00001550       ??_C@_17LIMMJKCA@?$AAK?$AAB?$AAD?$AA?$AA@ 10002550     LayoutManager:LayMgr.obj
 0001:00001558       ??_C@_1DO@KMEKPCAJ@?$AA?$CF?$AAs?$AA?3?$AA?5?$AAR?$AAe?$AAc?$AAe?$AAi?$AAv?$AAe?$AAd?$AA?5?$AA?$CF?$AAs?$AA?5?$AAn?$AAo?$AAt?$AAi?$AAf?$AAi?$AAc?$AAa?$AAt?$AAi?$AAo?$AAn?$AA?$AN?$AA?6?$AA?$AA@ 10002558     LayoutManager:LayMgr.obj
 0001:00001598       ??_C@_1GO@DOKJIHPH@?$AAK?$AAb?$AAd?$AAN?$AAo?$AAt?$AAi?$AAf?$AAi?$AAc?$AAa?$AAt?$AAi?$AAo?$AAn?$AAT?$AAh?$AAr?$AAe?$AAa?$AAd?$AA?3?$AA?5?$AAR?$AAe?$AAa?$AAd?$AAM?$AAs?$AAg?$AAQ?$AAu@ 10002598     LayoutManager:LayMgr.obj
 0001:00001608       ??_C@_1IM@EMDBBKLD@?$AAK?$AAb?$AAd?$AAN?$AAo?$AAt?$AAi?$AAf?$AAi?$AAc?$AAa?$AAt?$AAi?$AAo?$AAn?$AAT?$AAh?$AAr?$AAe?$AAa?$AAd?$AA?3?$AA?5?$AAW?$AAa?$AAi?$AAt?$AAF?$AAo?$AAr?$AAM?$AAu@ 10002608     LayoutManager:LayMgr.obj
 0001:00001698       ??_C@_1JA@GIEDPKKC@?$AAK?$AAb?$AAd?$AAN?$AAo?$AAt?$AAi?$AAf?$AAi?$AAc?$AAa?$AAt?$AAi?$AAo?$AAn?$AAT?$AAh?$AAr?$AAe?$AAa?$AAd?$AA?3?$AA?5?$AAU?$AAn?$AAa?$AAb?$AAl?$AAe?$AA?5?$AAt?$AAo@ 10002698     LayoutManager:LayMgr.obj
 0001:00001728       ??_C@_1IE@GGGHHACJ@?$AAK?$AAb?$AAd?$AAN?$AAo?$AAt?$AAi?$AAf?$AAi?$AAc?$AAa?$AAt?$AAi?$AAo?$AAn?$AAT?$AAh?$AAr?$AAe?$AAa?$AAd?$AA?3?$AA?5?$AAU?$AAn?$AAa?$AAb?$AAl?$AAe?$AA?5?$AAt?$AAo@ 10002728     LayoutManager:LayMgr.obj
 0001:000017ac       ??_C@_1CM@HCCHLAFC@?$AAK?$AAb?$AAd?$AAN?$AAo?$AAt?$AAi?$AAf?$AAi?$AAc?$AAa?$AAt?$AAi?$AAo?$AAn?$AAT?$AAh?$AAr?$AAe?$AAa?$AAd?$AA?$AA@ 100027ac     LayoutManager:LayMgr.obj
 0001:000017d8       ??_C@_1KG@CKCOLAOB@?$AAG?$AAe?$AAt?$AAD?$AAe?$AAf?$AAa?$AAu?$AAl?$AAt?$AAI?$AAn?$AAp?$AAu?$AAt?$AAM?$AAe?$AAt?$AAh?$AAo?$AAd?$AAN?$AAa?$AAm?$AAe?$AA?3?$AA?5?$AAN?$AAo?$AA?5?$AAv?$AAa@ 100027d8     LayoutManager:LayMgr.obj
 0001:00001880       ??_C@_1HE@IHAGDHOA@?$AAG?$AAe?$AAt?$AAD?$AAe?$AAf?$AAa?$AAu?$AAl?$AAt?$AAI?$AAn?$AAp?$AAu?$AAt?$AAM?$AAe?$AAt?$AAh?$AAo?$AAd?$AAN?$AAa?$AAm?$AAe?$AA?3?$AA?5?$AAN?$AAo?$AA?5?$AAv?$AAa@ 10002880     LayoutManager:LayMgr.obj
 0001:000018f4       ??_C@_1DE@ECMOJBFK@?$AAG?$AAe?$AAt?$AAD?$AAe?$AAf?$AAa?$AAu?$AAl?$AAt?$AAI?$AAn?$AAp?$AAu?$AAt?$AAM?$AAe?$AAt?$AAh?$AAo?$AAd?$AAN?$AAa?$AAm?$AAe?$AA?$AA@ 100028f4     LayoutManager:LayMgr.obj
 0001:00001928       ??_C@_1EK@OEKFGJMH@?$AA?$CF?$AAs?$AA?3?$AA?5?$AAP?$AAr?$AAe?$AAl?$AAo?$AAa?$AAd?$AA?5?$AAk?$AAe?$AAy?$AA?5?$AA?$CF?$AAu?$AA?5?$AAh?$AAa?$AAs?$AA?5?$AAa?$AA?5?$AAb?$AAa?$AAd?$AA?5?$AAv?$AAa?$AAl@ 10002928     LayoutManager:LayMgr.obj
 0001:00001974       ??_C@_1DE@OJAEHHEL@?$AAG?$AAe?$AAt?$AAP?$AAr?$AAe?$AAl?$AAo?$AAa?$AAd?$AAI?$AAn?$AAp?$AAu?$AAt?$AAM?$AAe?$AAt?$AAh?$AAo?$AAd?$AAN?$AAa?$AAm?$AAe?$AA?$AA@ 10002974     LayoutManager:LayMgr.obj
 0001:000019a8       ??_C@_15EFLNJKHH@?$AA?$CF?$AAu?$AA?$AA@ 100029a8     LayoutManager:LayMgr.obj
 0001:000019b0       ??_C@_1FE@FBMCGJLE@?$AA?$CF?$AAs?$AA?3?$AA?5?$AAC?$AAo?$AAu?$AAl?$AAd?$AA?5?$AAn?$AAo?$AAt?$AA?5?$AAo?$AAp?$AAe?$AAn?$AA?5?$AAP?$AAr?$AAe?$AAl?$AAo?$AAa?$AAd?$AA?5?$AAr?$AAe?$AAg?$AAi?$AAs@ 100029b0     LayoutManager:LayMgr.obj
 0001:00001a04       ??_C@_1DC@BLLENJMD@?$AAG?$AAe?$AAt?$AAP?$AAr?$AAe?$AAl?$AAo?$AAa?$AAd?$AAI?$AAn?$AAp?$AAu?$AAt?$AAM?$AAe?$AAt?$AAh?$AAo?$AAd?$AAK?$AAe?$AAy?$AA?$AA@ 10002a04     LayoutManager:LayMgr.obj
 0001:00001a3c       ??_C@_1DA@FKJDDCGN@?$AAK?$AAe?$AAy?$AAb?$AAo?$AAa?$AAr?$AAd?$AA?5?$AAL?$AAa?$AAy?$AAo?$AAu?$AAt?$AA?2?$AAP?$AAr?$AAe?$AAl?$AAo?$AAa?$AAd?$AA?$AA@ 10002a3c     LayoutManager:LayMgr.obj
 0001:00001a70       ??_C@_1EI@KLDFCHDI@?$AA?$CF?$AAs?$AA?3?$AA?5?$AAU?$AAn?$AAn?$AAa?$AAm?$AAe?$AAd?$AA?5?$AAP?$AAr?$AAe?$AAl?$AAo?$AAa?$AAd?$AA?5?$AAv?$AAa?$AAl?$AAu?$AAe?$AA?5?$AAi?$AAs?$AA?5?$AAb?$AAa?$AAd@ 10002a70     LayoutManager:LayMgr.obj
 0001:00001ab8       ??_C@_1CO@FEKOBNID@?$AAG?$AAe?$AAt?$AAP?$AAr?$AAe?$AAl?$AAo?$AAa?$AAd?$AAU?$AAn?$AAN?$AAa?$AAm?$AAe?$AAd?$AAV?$AAa?$AAl?$AAu?$AAe?$AA?$AA@ 10002ab8     LayoutManager:LayMgr.obj
 0001:00001ae8       ??_C@_1FI@IHOACNGN@?$AAI?$AAn?$AAv?$AAa?$AAl?$AAi?$AAd?$AA?5?$AAi?$AAn?$AAp?$AAu?$AAt?$AA?5?$AAl?$AAa?$AAn?$AAg?$AAu?$AAa?$AAg?$AAe?$AA?5?$AAi?$AAn?$AAf?$AAo?$AAr?$AAm?$AAa?$AAt?$AAi@ 10002ae8     LayoutManager:LayMgr.obj
 0001:00001b40       ??_C@_1FM@PFEDIBOM@?$AA?$CF?$AAs?$AA?3?$AA?5?$AAI?$AAn?$AAp?$AAu?$AAt?$AA?5?$AAl?$AAa?$AAn?$AAg?$AAu?$AAa?$AAg?$AAe?$AA?5?$AAe?$AAn?$AAt?$AAr?$AAy?$AA?5?$AAf?$AAu?$AAn?$AAc?$AAt?$AAi?$AAo@ 10002b40     LayoutManager:LayMgr.obj
 0001:00001ba0       ??_C@_1EK@CFGLEGKN@?$AA?$CF?$AAs?$AA?3?$AA?5?$AAE?$AAx?$AAc?$AAe?$AAp?$AAt?$AAi?$AAo?$AAn?$AA?5?$AAi?$AAn?$AA?5?$AAe?$AAn?$AAt?$AAr?$AAy?$AA?5?$AAf?$AAu?$AAn?$AAc?$AAt?$AAi?$AAo?$AAn?$AA?5@ 10002ba0     LayoutManager:LayMgr.obj
 0001:00001bf0       ??_C@_1FM@KEHGOGLJ@?$AA?$CF?$AAs?$AA?3?$AA?5?$AAC?$AAo?$AAu?$AAl?$AAd?$AA?5?$AAn?$AAo?$AAt?$AA?5?$AAg?$AAe?$AAt?$AA?5?$AAt?$AAh?$AAe?$AA?5?$AAa?$AAd?$AAd?$AAr?$AAe?$AAs?$AAs?$AA?5?$AAo?$AAf@ 10002bf0     LayoutManager:LayMgr.obj
 0001:00001c50       ??_C@_1GA@NGOLJMCD@?$AA?$CF?$AAs?$AA?3?$AA?5?$AAF?$AAa?$AAi?$AAl?$AAe?$AAd?$AA?5?$AAl?$AAo?$AAa?$AAd?$AAi?$AAn?$AAg?$AA?5?$AA?$CF?$AAs?$AA?5?$AAf?$AAo?$AAr?$AA?5?$AAi?$AAn?$AAp?$AAu?$AAt?$AA?5@ 10002c50     LayoutManager:LayMgr.obj
 0001:00001cb0       ??_C@_1FI@BOEFILPH@?$AA?$CF?$AAs?$AA?3?$AA?5?$AAC?$AAo?$AAu?$AAl?$AAd?$AA?5?$AAn?$AAo?$AAt?$AA?5?$AAc?$AAh?$AAa?$AAn?$AAg?$AAe?$AA?5?$AAt?$AAo?$AA?5?$AAi?$AAn?$AAp?$AAu?$AAt?$AA?5?$AAl?$AAa@ 10002cb0     LayoutManager:LayMgr.obj
 0001:00001d08       ??_C@_1GI@LFCDMIGI@?$AA?$CF?$AAs?$AA?3?$AA?5?$AAC?$AAh?$AAa?$AAn?$AAg?$AAi?$AAn?$AAg?$AA?5?$AAf?$AAr?$AAo?$AAm?$AA?5?$AAi?$AAn?$AAp?$AAu?$AAt?$AA?5?$AAl?$AAa?$AAn?$AAg?$AAu?$AAa?$AAg?$AAe@ 10002d08     LayoutManager:LayMgr.obj
 0001:00001d70       ??_C@_1CC@COBCHGHN@?$AAS?$AAe?$AAt?$AAI?$AAn?$AAp?$AAu?$AAt?$AAL?$AAa?$AAn?$AAg?$AAu?$AAa?$AAg?$AAe?$AA?$AA@ 10002d70     LayoutManager:LayMgr.obj
 0001:00001d94       ??_C@_19NGFMKOON@?$AA?$CF?$AA0?$AA8?$AAX?$AA?$AA@ 10002d94     LayoutManager:LayMgr.obj
 0001:00001da0       ??_C@_1DK@LEHEMEEF@?$AA?$CF?$AAs?$AA?3?$AA?5?$AAP?$AAr?$AAo?$AAb?$AAl?$AAe?$AAm?$AA?5?$AAr?$AAe?$AAa?$AAd?$AAi?$AAn?$AAg?$AA?5?$AAk?$AAe?$AAy?$AA?5?$AA?$CF?$AAs?$AA?$AN?$AA?6?$AA?$AA@ 10002da0     LayoutManager:LayMgr.obj
 0001:00001de0       ??_C@_1EO@DNIHBIEC@?$AA?$CF?$AAs?$AA?3?$AA?5?$AAC?$AAo?$AAu?$AAl?$AAd?$AA?5?$AAn?$AAo?$AAt?$AA?5?$AAo?$AAp?$AAe?$AAn?$AA?5?$AAk?$AAe?$AAy?$AA?5?$AAf?$AAo?$AAr?$AA?5?$AAl?$AAa?$AAy?$AAo?$AAu@ 10002de0     LayoutManager:LayMgr.obj
 0001:00001e30       ??_C@_1DI@DHJFPFMB@?$AA?$CF?$AAs?$AA?3?$AA?5?$AAC?$AAo?$AAu?$AAl?$AAd?$AA?5?$AAn?$AAo?$AAt?$AA?5?$AAo?$AAp?$AAe?$AAn?$AA?5?$AA?$CF?$AAs?$AA?5?$AAk?$AAe?$AAy?$AA?$AN?$AA?6?$AA?$AA@ 10002e30     LayoutManager:LayMgr.obj
 0001:00001e68       ??_C@_1CG@PFDANLGN@?$AAG?$AAe?$AAt?$AAI?$AAn?$AAp?$AAu?$AAt?$AAM?$AAe?$AAt?$AAh?$AAo?$AAd?$AAI?$AAn?$AAf?$AAo?$AA?$AA@ 10002e68     LayoutManager:LayMgr.obj
 0001:00001e90       ??_C@_1EI@CBNEBNIN@?$AA?$CF?$AAs?$AA?3?$AA?5?$AAN?$AAo?$AA?5?$AAm?$AAo?$AAd?$AAi?$AAf?$AAi?$AAe?$AAr?$AA?5?$AAm?$AAa?$AAt?$AAc?$AAh?$AA?5?$AAf?$AAo?$AAr?$AA?5?$AAv?$AAk?$AAe?$AAy?$AA?5?$AA?$CF@ 10002e90     LayoutManager:LayMgr.obj
 0001:00001ed8       ??_C@_1FA@GPKCAJJF@?$AA?$CF?$AAs?$AA?3?$AA?5?$AAE?$AAx?$AAc?$AAe?$AAe?$AAd?$AAe?$AAd?$AA?5?$AAm?$AAa?$AAx?$AA?5?$AAm?$AAo?$AAd?$AAi?$AAf?$AAi?$AAe?$AAr?$AA?5?$AAc?$AAo?$AAu?$AAn?$AAt?$AA?5@ 10002ed8     LayoutManager:LayMgr.obj
 0001:00001f28       ??_C@_1DK@OIFLDFBG@?$AAG?$AAe?$AAn?$AAe?$AAr?$AAa?$AAt?$AAe?$AAM?$AAo?$AAd?$AAi?$AAf?$AAi?$AAe?$AAr?$AAT?$AAo?$AAS?$AAh?$AAi?$AAf?$AAt?$AAT?$AAa?$AAb?$AAl?$AAe?$AA?$AA@ 10002f28     LayoutManager:LayMgr.obj
 0001:00001f68       ??_C@_1FC@JLOKMJPH@?$AA?$CF?$AAs?$AA?3?$AA?5?$AAC?$AAo?$AAu?$AAl?$AAd?$AA?5?$AAn?$AAo?$AAt?$AA?5?$AAr?$AAe?$AAa?$AAd?$AA?5?$AAv?$AAa?$AAl?$AAu?$AAe?$AA?5?$AAo?$AAf?$AA?5?$AA?$CF?$AAs?$AA?2?$AA?$CF@ 10002f68     LayoutManager:LayMgr.obj
 0001:00001fc0       ??_C@_1DO@PFNKHIDG@?$AA?$CF?$AAs?$AA?3?$AA?5?$AAC?$AAo?$AAu?$AAl?$AAd?$AA?5?$AAn?$AAo?$AAt?$AA?5?$AAo?$AAp?$AAe?$AAn?$AA?5?$AA?$CF?$AAs?$AA?2?$AA?$CF?$AAs?$AA?5?$AAk?$AAe?$AAy?$AA?$AN?$AA?6?$AA?$AA@ 10002fc0     LayoutManager:LayMgr.obj
 0001:00002000       ??_C@_1CK@DNDHAOAA@?$AAG?$AAe?$AAt?$AAI?$AAm?$AAe?$AAK?$AAe?$AAy?$AAb?$AAo?$AAa?$AAr?$AAd?$AAL?$AAa?$AAy?$AAo?$AAu?$AAt?$AA?$AA@ 10003000     LayoutManager:LayMgr.obj
 0001:0000202c       ??_C@_1CA@GLIJBCFK@?$AAK?$AAe?$AAy?$AAb?$AAo?$AAa?$AAr?$AAd?$AA?5?$AAL?$AAa?$AAy?$AAo?$AAu?$AAt?$AA?$AA@ 1000302c     LayoutManager:LayMgr.obj
 0001:00002050       ??_C@_1FG@IKEAAOND@?$AAI?$AAn?$AAv?$AAa?$AAl?$AAi?$AAd?$AA?5?$AAd?$AAe?$AAv?$AAi?$AAc?$AAe?$AA?5?$AAl?$AAa?$AAy?$AAo?$AAu?$AAt?$AA?5?$AAi?$AAn?$AAf?$AAo?$AAr?$AAm?$AAa?$AAt?$AAi?$AAo@ 10003050     LayoutManager:LayMgr.obj
 0001:000020a8       ??_C@_1FE@GONJHPLI@?$AA?$CF?$AAs?$AA?3?$AA?5?$AAD?$AAe?$AAv?$AAi?$AAc?$AAe?$AA?5?$AAl?$AAa?$AAy?$AAo?$AAu?$AAt?$AA?5?$AAe?$AAn?$AAt?$AAr?$AAy?$AA?5?$AAf?$AAu?$AAn?$AAc?$AAt?$AAi?$AAo?$AAn@ 100030a8     LayoutManager:LayMgr.obj
 0001:00002100       ??_C@_1FM@PGJBOEON@?$AA?$CF?$AAs?$AA?3?$AA?5?$AAU?$AAn?$AAa?$AAb?$AAl?$AAe?$AA?5?$AAt?$AAo?$AA?5?$AAl?$AAo?$AAa?$AAd?$AA?5?$AAd?$AAe?$AAv?$AAi?$AAc?$AAe?$AA?5?$AAl?$AAa?$AAy?$AAo?$AAu?$AAt@ 10003100     LayoutManager:LayMgr.obj
 0001:00002160       ??_C@_1HO@LMMPANNC@?$AA?$CF?$AAs?$AA?3?$AA?5?$AAC?$AAo?$AAu?$AAl?$AAd?$AA?5?$AAn?$AAo?$AAt?$AA?5?$AAf?$AAi?$AAn?$AAd?$AA?5?$AAm?$AAa?$AAt?$AAc?$AAh?$AA?5?$AAP?$AAD?$AAD?$AA?5?$AA?$CF?$AAu?$AA?5@ 10003160     LayoutManager:LayMgr.obj
 0001:000021e0       ??_C@_1CA@IPKHFBAD@?$AAS?$AAe?$AAt?$AAD?$AAe?$AAv?$AAi?$AAc?$AAe?$AAL?$AAa?$AAy?$AAo?$AAu?$AAt?$AA?$AA@ 100031e0     LayoutManager:LayMgr.obj
 0001:00002200       ??_C@_1FE@GAKCPDEP@?$AA?$CF?$AAs?$AA?3?$AA?5?$AAF?$AAa?$AAi?$AAl?$AAe?$AAd?$AA?5?$AAl?$AAo?$AAa?$AAd?$AAi?$AAn?$AAg?$AA?5?$AAd?$AAe?$AAv?$AAi?$AAc?$AAe?$AA?5?$AAl?$AAa?$AAy?$AAo?$AAu?$AAt@ 10003200     LayoutManager:LayMgr.obj
 0001:00002254       ??_C@_1CK@LFKCMCDI@?$AAG?$AAe?$AAt?$AAD?$AAe?$AAv?$AAi?$AAc?$AAe?$AAL?$AAa?$AAy?$AAo?$AAu?$AAt?$AAE?$AAn?$AAt?$AAr?$AAy?$AA?$AA@ 10003254     LayoutManager:LayMgr.obj
 0001:00002280       ??_C@_1HC@KKNGAHGA@?$AA?$CF?$AAs?$AA?3?$AA?5?$AAF?$AAo?$AAu?$AAn?$AAd?$AA?5?$AAd?$AAe?$AAv?$AAi?$AAc?$AAe?$AA?5?$AAl?$AAa?$AAy?$AAo?$AAu?$AAt?$AA?5?$AAm?$AAa?$AAt?$AAc?$AAh?$AA?5?$AAf?$AAo@ 10003280     LayoutManager:LayMgr.obj
 0001:000022f8       ??_C@_1HG@CODMDNMO@?$AA?$CF?$AAs?$AA?3?$AA?5?$AAC?$AAo?$AAu?$AAl?$AAd?$AA?5?$AAn?$AAo?$AAt?$AA?5?$AAf?$AAi?$AAn?$AAd?$AA?5?$AAa?$AA?5?$AAd?$AAe?$AAv?$AAi?$AAc?$AAe?$AA?5?$AAl?$AAa?$AAy?$AAo@ 100032f8     LayoutManager:LayMgr.obj
 0001:00002370       ??_C@_1FG@HNPBMFMF@?$AA?$CF?$AAs?$AA?3?$AA?5?$AAN?$AAo?$AA?5?$AAd?$AAe?$AAv?$AAi?$AAc?$AAe?$AA?5?$AAl?$AAa?$AAy?$AAo?$AAu?$AAt?$AA?5?$AAs?$AAu?$AAb?$AAk?$AAe?$AAy?$AA?5?$AAf?$AAo?$AAu?$AAn@ 10003370     LayoutManager:LayMgr.obj
 0001:000023c8       ??_C@_1CG@JNFKBALO@?$AAS?$AAe?$AAl?$AAe?$AAc?$AAt?$AAD?$AAe?$AAv?$AAi?$AAc?$AAe?$AAL?$AAa?$AAy?$AAo?$AAu?$AAt?$AA?$AA@ 100033c8     LayoutManager:LayMgr.obj
 0001:000023f0       ??_C@_1FO@GBIOBLJG@?$AA?$CF?$AAs?$AA?3?$AA?5?$AAE?$AAr?$AAr?$AAo?$AAr?$AA?5?$AAi?$AAn?$AA?5?$AAd?$AAe?$AAv?$AAi?$AAc?$AAe?$AA?5?$AAl?$AAa?$AAy?$AAo?$AAu?$AAt?$AA?5?$AAe?$AAn?$AAt?$AAr?$AAy@ 100033f0     LayoutManager:LayMgr.obj
 0001:00002450       ??_C@_1CO@OIGNLNDP@?$AAD?$AAe?$AAv?$AAi?$AAc?$AAe?$AAL?$AAa?$AAy?$AAo?$AAu?$AAt?$AAM?$AAa?$AAt?$AAc?$AAh?$AAe?$AAs?$AAP?$AAD?$AAD?$AA?$AA@ 10003450     LayoutManager:LayMgr.obj
 0001:00002480       ??_C@_1M@LLCLNBHO@?$AA?$CF?$AAs?$AA_?$AA?$CF?$AAs?$AA?$AA@ 10003480     LayoutManager:LayMgr.obj
 0001:0000248c       ??_C@_1M@FKDMEONL@?$AA?9?$AA?$CF?$AAs?$AA?$AN?$AA?6?$AA?$AA@ 1000348c     LayoutManager:LayMgr.obj
 0001:00002498       ??_C@_1M@LFABOLDL@?$AA?$CL?$AA?$CF?$AAs?$AA?$AN?$AA?6?$AA?$AA@ 10003498     LayoutManager:LayMgr.obj
 0001:000024a4       ??_C@_1DC@IFJFLG@?$AAL?$AAa?$AAy?$AAo?$AAu?$AAt?$AAM?$AAg?$AAr?$AAG?$AAe?$AAt?$AAK?$AAe?$AAy?$AAb?$AAo?$AAa?$AAr?$AAd?$AAT?$AAy?$AAp?$AAe?$AA?$AA@ 100034a4     LayoutManager:LayMgr.obj
 0001:000024d8       ??_C@_1FA@KNOLPHGM@?$AA?$CF?$AAs?$AA?3?$AA?5?$AAM?$AAu?$AAs?$AAt?$AA?5?$AAb?$AAe?$AA?5?$AAc?$AAa?$AAl?$AAl?$AAe?$AAd?$AA?5?$AAw?$AAi?$AAt?$AAh?$AA?5?$AAi?$AAd?$AAT?$AAh?$AAr?$AAe?$AAa?$AAd@ 100034d8     LayoutManager:LayMgr.obj
 0001:00002528       ??_C@_1DG@IKNCCLA@?$AAL?$AAa?$AAy?$AAo?$AAu?$AAt?$AAM?$AAg?$AAr?$AAG?$AAe?$AAt?$AAK?$AAe?$AAy?$AAb?$AAo?$AAa?$AAr?$AAd?$AAL?$AAa?$AAy?$AAo?$AAu?$AAt?$AA?$AA@ 10003528     LayoutManager:LayMgr.obj
 0001:00002560       ??_C@_1DO@DPIGDLGA@?$AAL?$AAa?$AAy?$AAo?$AAu?$AAt?$AAM?$AAg?$AAr?$AAG?$AAe?$AAt?$AAK?$AAe?$AAy?$AAb?$AAo?$AAa?$AAr?$AAd?$AAL?$AAa?$AAy?$AAo?$AAu?$AAt?$AAN?$AAa?$AAm?$AAe?$AA?$AA@ 10003560     LayoutManager:LayMgr.obj
 0001:000025a0       ??_C@_1EM@DEAGOFCP@?$AA?$CF?$AAs?$AA?3?$AA?5?$AAB?$AAu?$AAf?$AAf?$AAe?$AAr?$AA?5?$AAs?$AAi?$AAz?$AAe?$AA?5?$AAi?$AAs?$AA?5?$AAn?$AAo?$AAt?$AA?5?$AAl?$AAa?$AAr?$AAg?$AAe?$AA?5?$AAe?$AAn?$AAo@ 100035a0     LayoutManager:LayMgr.obj
 0001:000025ec       ??_C@_1DO@DJOPKDPJ@?$AAL?$AAa?$AAy?$AAo?$AAu?$AAt?$AAM?$AAg?$AAr?$AAG?$AAe?$AAt?$AAK?$AAe?$AAy?$AAb?$AAo?$AAa?$AAr?$AAd?$AAL?$AAa?$AAy?$AAo?$AAu?$AAt?$AAL?$AAi?$AAs?$AAt?$AA?$AA@ 100035ec     LayoutManager:LayMgr.obj
 0001:00002630       ??_C@_1GO@LPEEAFIF@?$AA?$CF?$AAs?$AA?3?$AA?5?$AAS?$AAu?$AAc?$AAc?$AAe?$AAs?$AAs?$AAf?$AAu?$AAl?$AAl?$AAy?$AA?5?$AAl?$AAo?$AAa?$AAd?$AAe?$AAd?$AA?5?$AAl?$AAa?$AAy?$AAo?$AAu?$AAt?$AA?5?$AA?$CF@ 10003630     LayoutManager:LayMgr.obj
 0001:000026a0       ??_C@_1GE@FCKLEHDD@?$AA?$CF?$AAs?$AA?3?$AA?5?$AAC?$AAo?$AAu?$AAl?$AAd?$AA?5?$AAn?$AAo?$AAt?$AA?5?$AAs?$AAe?$AAt?$AA?5?$AAd?$AAe?$AAf?$AAa?$AAu?$AAl?$AAt?$AA?5?$AAv?$AAa?$AAl?$AAu?$AAe?$AA?5@ 100036a0     LayoutManager:LayMgr.obj
 0001:00002708       ??_C@_1EM@MEIACPAD@?$AA?$CF?$AAs?$AA?3?$AA?5?$AAC?$AAo?$AAu?$AAl?$AAd?$AA?5?$AAn?$AAo?$AAt?$AA?5?$AAc?$AAr?$AAe?$AAa?$AAt?$AAe?$AA?5?$AAp?$AAr?$AAe?$AAl?$AAo?$AAa?$AAd?$AA?5?$AAk?$AAe?$AAy@ 10003708     LayoutManager:LayMgr.obj
 0001:00002758       ??_C@_1EC@OHHNMJOD@?$AA?$CF?$AAs?$AA?3?$AA?5?$AAC?$AAo?$AAu?$AAl?$AAd?$AA?5?$AAn?$AAo?$AAt?$AA?5?$AAo?$AAp?$AAe?$AAn?$AA?5?$AAp?$AAr?$AAe?$AAl?$AAo?$AAa?$AAd?$AA?5?$AAk?$AAe?$AAy?$AA?$AN?$AA?6@ 10003758     LayoutManager:LayMgr.obj
 0001:000027a0       ??_C@_1GA@BALBINBG@?$AA?$CF?$AAs?$AA?3?$AA?5?$AAC?$AAo?$AAu?$AAl?$AAd?$AA?5?$AAn?$AAo?$AAt?$AA?5?$AAf?$AAi?$AAn?$AAd?$AA?5?$AAa?$AAn?$AA?5?$AAa?$AAv?$AAa?$AAi?$AAl?$AAa?$AAb?$AAl?$AAe?$AA?5@ 100037a0     LayoutManager:LayMgr.obj
 0001:00002800       ??_C@_1EE@JFJJNEJC@?$AA?$CF?$AAs?$AA?3?$AA?5?$AAL?$AAa?$AAy?$AAo?$AAu?$AAt?$AA?5?$AA?$CF?$AAs?$AA?5?$AAi?$AAs?$AA?5?$AAa?$AAl?$AAr?$AAe?$AAa?$AAd?$AAy?$AA?5?$AAl?$AAo?$AAa?$AAd?$AAe?$AAd?$AA?$AN@ 10003800     LayoutManager:LayMgr.obj
 0001:00002844       ??_C@_1CM@BKEFHEAE@?$AA?$CF?$AAs?$AA?3?$AA?5?$AAF?$AAo?$AAu?$AAn?$AAd?$AA?5?$AAl?$AAa?$AAy?$AAo?$AAu?$AAt?$AA?5?$AA?$CF?$AAs?$AA?$AN?$AA?6?$AA?$AA@ 10003844     LayoutManager:LayMgr.obj
 0001:00002870       ??_C@_1FC@MCCKLOEL@?$AA?$CF?$AAs?$AA?3?$AA?5?$AAR?$AAe?$AAq?$AAu?$AAe?$AAs?$AAt?$AAe?$AAd?$AA?5?$AAl?$AAa?$AAy?$AAo?$AAu?$AAt?$AA?5?$AA?$CF?$AAs?$AA?5?$AAd?$AAo?$AAe?$AAs?$AA?5?$AAn?$AAo?$AAt@ 10003870     LayoutManager:LayMgr.obj
 0001:000028c8       ??_C@_1FA@KAMPNMAH@?$AA?$CF?$AAs?$AA?3?$AA?5?$AAK?$AAe?$AAy?$AAb?$AAo?$AAa?$AAr?$AAd?$AA?5?$AAl?$AAa?$AAy?$AAo?$AAu?$AAt?$AA?5?$AA?$CF?$AAs?$AA?5?$AAd?$AAo?$AAe?$AAs?$AA?5?$AAn?$AAo?$AAt?$AA?5@ 100038c8     LayoutManager:LayMgr.obj
 0001:00002918       ??_C@_1DE@OEKJAIHK@?$AA?$CF?$AAs?$AA?3?$AA?5?$AA?$CF?$AAs?$AA?5?$AAi?$AAs?$AA?5?$AAa?$AAn?$AA?5?$AAi?$AAn?$AAv?$AAa?$AAl?$AAi?$AAd?$AA?5?$AAi?$AAd?$AA?$AN?$AA?6?$AA?$AA@ 10003918     LayoutManager:LayMgr.obj
 0001:0000294c       ??_C@_1DI@JHLFHMPL@?$AAL?$AAa?$AAy?$AAo?$AAu?$AAt?$AAM?$AAg?$AAr?$AAL?$AAo?$AAa?$AAd?$AAK?$AAe?$AAy?$AAb?$AAo?$AAa?$AAr?$AAd?$AAL?$AAa?$AAy?$AAo?$AAu?$AAt?$AA?$AA@ 1000394c     LayoutManager:LayMgr.obj
 0001:00002988       ??_C@_1LO@CODLIIHA@?$AA?$CF?$AAs?$AA?3?$AA?5?$AAF?$AAa?$AAi?$AAl?$AAu?$AAr?$AAe?$AA?5?$AAs?$AAe?$AAt?$AAt?$AAi?$AAn?$AAg?$AA?5?$AAd?$AAe?$AAv?$AAi?$AAc?$AAe?$AA?5?$AAl?$AAa?$AAy?$AAo?$AAu@ 10003988     LayoutManager:LayMgr.obj
 0001:00002a48       ??_C@_1KO@BLOFMLMO@?$AA?$CF?$AAs?$AA?3?$AA?5?$AAF?$AAa?$AAi?$AAl?$AAu?$AAr?$AAe?$AA?5?$AAs?$AAe?$AAt?$AAt?$AAi?$AAn?$AAg?$AA?5?$AAi?$AAn?$AAp?$AAu?$AAt?$AA?5?$AAl?$AAa?$AAn?$AAg?$AAu?$AAa@ 10003a48     LayoutManager:LayMgr.obj
 0001:00002af8       ??_C@_1DO@NIMCJCOO@?$AA?$CF?$AAs?$AA?3?$AA?5?$AAC?$AAa?$AAl?$AAl?$AAe?$AAd?$AA?5?$AAw?$AAi?$AAt?$AAh?$AA?5?$AAh?$AAk?$AAl?$AA?5?$AA?$DN?$AA?5?$AA0?$AAx?$AA?$CF?$AA0?$AA8?$AAx?$AA?$AN?$AA?6?$AA?$AA@ 10003af8     LayoutManager:LayMgr.obj
 0001:00002b38       ??_C@_1EA@FIGMDCGA@?$AAL?$AAa?$AAy?$AAo?$AAu?$AAt?$AAM?$AAg?$AAr?$AAA?$AAc?$AAt?$AAi?$AAv?$AAa?$AAt?$AAe?$AAK?$AAe?$AAy?$AAb?$AAo?$AAa?$AAr?$AAd?$AAL?$AAa?$AAy?$AAo?$AAu?$AAt?$AA?$AA@ 10003b38     LayoutManager:LayMgr.obj
 0001:00002b78       ??_C@_1EM@JGHMPAIA@?$AAL?$AAa?$AAy?$AAo?$AAu?$AAt?$AA?5?$AAM?$AAa?$AAn?$AAa?$AAg?$AAe?$AAr?$AA?5?$AA?3?$AA?5?$AAD?$AAL?$AAL?$AA_?$AAP?$AAR?$AAO?$AAC?$AAE?$AAS?$AAS?$AA_?$AAA?$AAT?$AAT@ 10003b78     LayoutManager:LayMgr.obj
 0001:00002bc8       ??_C@_1EC@PDDNOLEO@?$AAK?$AAe?$AAr?$AAn?$AAe?$AAl?$AA?5?$AAP?$AAr?$AAo?$AAf?$AAi?$AAl?$AAe?$AAr?$AA?5?$AAm?$AAo?$AAd?$AAe?$AA?3?$AA?5?$AAB?$AAu?$AAf?$AAf?$AAe?$AAr?$AAe?$AAd?$AA?$AN?$AA?6@ 10003bc8     LayoutManager:profiler.obj
 0001:00002c0c       ??_C@_1DM@LDFFLEGF@?$AAK?$AAe?$AAr?$AAn?$AAe?$AAl?$AA?5?$AAP?$AAr?$AAo?$AAf?$AAi?$AAl?$AAe?$AAr?$AA?5?$AAm?$AAo?$AAd?$AAe?$AA?3?$AA?5?$AAC?$AAe?$AAL?$AAo?$AAg?$AA?$AN?$AA?6?$AA?$AA@ 10003c0c     LayoutManager:profiler.obj
 0001:00002c48       ??_C@_1EG@OLMAKGJN@?$AAK?$AAe?$AAr?$AAn?$AAe?$AAl?$AA?5?$AAP?$AAr?$AAo?$AAf?$AAi?$AAl?$AAe?$AAr?$AA?5?$AAm?$AAo?$AAd?$AAe?$AA?3?$AA?5?$AAU?$AAn?$AAb?$AAu?$AAf?$AAf?$AAe?$AAr?$AAe?$AAd@ 10003c48     LayoutManager:profiler.obj
 0001:00002e90       ??_C@_1DO@NOHFLPBO@?$AAD?$AAa?$AAt?$AAa?$AA?5?$AAs?$AAt?$AAr?$AAu?$AAc?$AAt?$AAu?$AAr?$AAe?$AA?5?$AAs?$AAi?$AAz?$AAe?$AA?5?$AAm?$AAi?$AAs?$AAm?$AAa?$AAt?$AAc?$AAh?$AA?$AN?$AA?6?$AA?$AA@ 10003e90     InputLang_0409:IL_0409.obj
 0001:00002ed0       ??_C@_1BA@LEPJIIOK@?$AAU?$AAn?$AAk?$AAn?$AAo?$AAw?$AAn?$AA?$AA@ 10003ed0     InputLang_0409:IL_0409.obj
 0001:00002ee0       ??_C@_1IO@FLKIBFBM@?$AAC?$AA?3?$AA?2?$AAy?$AAm?$AAz?$AAk?$AAi?$AA?2?$AAp?$AAu?$AAb?$AAl?$AAi?$AAc?$AA?2?$AAC?$AAO?$AAM?$AAM?$AAO?$AAN?$AA?2?$AAo?$AAa?$AAk?$AA?2?$AAd?$AAr?$AAi?$AAv?$AAe@ 10003ee0     InputLang_0409:IL_0409.obj
 0001:00002f70       ??_C@_1KG@HLIKAMNN@?$AAC?$AA?3?$AA?2?$AAy?$AAm?$AAz?$AAk?$AAi?$AA?2?$AAp?$AAu?$AAb?$AAl?$AAi?$AAc?$AA?2?$AAC?$AAO?$AAM?$AAM?$AAO?$AAN?$AA?2?$AAo?$AAa?$AAk?$AA?2?$AAd?$AAr?$AAi?$AAv?$AAe@ 10003f70     kbdus_lib:kbdus.obj
 0001:00003018       ??_C@_1GA@EMDEEELP@?$AAP?$AAS?$AA2?$AA_?$AAA?$AAT?$AA_?$AA0?$AA0?$AA0?$AA0?$AA0?$AA4?$AA0?$AA9?$AA?3?$AA?5?$AAd?$AAa?$AAt?$AAa?$AA?5?$AAs?$AAt?$AAr?$AAu?$AAc?$AAt?$AAu?$AAr?$AAe?$AA?5@ 10004018     kbdus_lib:kbdus.obj
 0001:00003078       ??_C@_1BC@MIPAGAPN@?$AAP?$AAS?$AA?1?$AA2?$AA?5?$AAN?$AAO?$AAP?$AA?$AA@ 10004078     Nop_KbdCommon:NopKbd.obj
 0001:0000308c       ??_C@_1DM@KGCNJGAI@?$AA?$CF?$AAs?$AA?3?$AA?5?$AAI?$AAn?$AAi?$AAt?$AAi?$AAa?$AAl?$AAi?$AAz?$AAa?$AAt?$AAi?$AAo?$AAn?$AA?5?$AAc?$AAo?$AAm?$AAp?$AAl?$AAe?$AAt?$AAe?$AA?$AN?$AA?6?$AA?$AA@ 1000408c     Nop_KbdCommon:NopKbd.obj
 0001:000030c8       ??_C@_1HM@CELAHHMN@?$AAC?$AA?3?$AA?2?$AAy?$AAm?$AAz?$AAk?$AAi?$AA?2?$AAp?$AAu?$AAb?$AAl?$AAi?$AAc?$AA?2?$AAC?$AAO?$AAM?$AAM?$AAO?$AAN?$AA?2?$AAo?$AAa?$AAk?$AA?2?$AAd?$AAr?$AAi?$AAv?$AAe@ 100040c8     Nop_KbdCommon:NopKbd.obj
 0001:00003144       ??_C@_1DG@INGNJEHD@?$AA?$CF?$AAs?$AA?3?$AA?5?$AAI?$AAn?$AAi?$AAt?$AAi?$AAa?$AAl?$AAi?$AAz?$AAe?$AA?5?$AAN?$AAO?$AAP?$AA?5?$AAI?$AAD?$AA?5?$AA?$CF?$AAu?$AA?$AN?$AA?6?$AA?$AA@ 10004144     Nop_KbdCommon:NopKbd.obj
 0001:0000317c       ??_C@_1BM@LEMIFDEI@?$AAP?$AAS?$AA2?$AA_?$AAN?$AAO?$AAP?$AA_?$AAE?$AAn?$AAt?$AAr?$AAy?$AA?$AA@ 1000417c     Nop_KbdCommon:NopKbd.obj
 0001:000031a8       ??_C@_1GE@FBCIKAJP@?$AAK?$AAe?$AAy?$AAb?$AAo?$AAa?$AAr?$AAd?$AA?3?$AA?5?$AAB?$AAu?$AAf?$AAf?$AAe?$AAr?$AA?5?$AAn?$AAo?$AAt?$AA?5?$AAl?$AAa?$AAr?$AAg?$AAe?$AA?5?$AAe?$AAn?$AAo?$AAu?$AAg@ 100041a8     NumPadRmp:NumPadRmp.obj
 0001:00003210       ??_C@_1KO@EGHMJEKB@?$AAC?$AA?3?$AA?2?$AAy?$AAm?$AAz?$AAk?$AAi?$AA?2?$AAp?$AAu?$AAb?$AAl?$AAi?$AAc?$AA?2?$AAC?$AAO?$AAM?$AAM?$AAO?$AAN?$AA?2?$AAo?$AAa?$AAk?$AA?2?$AAd?$AAr?$AAi?$AAv?$AAe@ 10004210     NumPadRmp:NumPadRmp.obj
 0001:000032c0       ??_C@_1EG@PNOLODLD@?$AAR?$AAe?$AAa?$AAd?$AAR?$AAe?$AAg?$AAD?$AAW?$AAO?$AAR?$AAD?$AA?$CI?$AA?$CJ?$AA?3?$AA?5?$AA?$CF?$AAs?$AA?5?$AA?9?$AA?$DO?$AA?5?$AA?$CF?$AAs?$AA?5?$AAi?$AAs?$AA?5?$AA0?$AAx?$AA?$CF?$AAx@ 100042c0     KeyPadcommon:kbd.obj
 0001:00003308       ??_C@_1GA@OCCLHHBI@?$AAR?$AAe?$AAa?$AAd?$AAR?$AAe?$AAg?$AAD?$AAW?$AAO?$AAR?$AAD?$AA?3?$AA?5?$AAR?$AAe?$AAg?$AAQ?$AAu?$AAe?$AAr?$AAy?$AAV?$AAa?$AAl?$AAu?$AAe?$AAE?$AAx?$AA?$CI?$AA?$CF?$AAs@ 10004308     KeyPadcommon:kbd.obj
 0001:00003368       ??_C@_1GI@FLGLCNAO@?$AAR?$AAe?$AAa?$AAd?$AAR?$AAe?$AAg?$AAD?$AAW?$AAO?$AAR?$AAD?$AA?3?$AA?5?$AAR?$AAe?$AAg?$AAO?$AAp?$AAe?$AAn?$AAK?$AAe?$AAy?$AAE?$AAx?$AA?$CI?$AAH?$AAL?$AAM?$AA?2?$AA?$CF@ 10004368     KeyPadcommon:kbd.obj
 0001:000033d0       ??_C@_1EG@LFHLLGKB@?$AA?$CF?$AAs?$AA?3?$AA?5?$AAP?$AAD?$AAD?$AA?5?$AA?$CF?$AAu?$AA?3?$AA?5?$AAC?$AAh?$AAa?$AAn?$AAg?$AAi?$AAn?$AAg?$AA?5?$AAl?$AAi?$AAg?$AAh?$AAt?$AA?5?$AAs?$AAt?$AAa?$AAt?$AAe@ 100043d0     KeyPadcommon:kbd.obj
 0001:00003418       ??_C@_1CI@INKOHBA@?$AAM?$AAa?$AAt?$AAr?$AAi?$AAx?$AA_?$AAT?$AAo?$AAg?$AAg?$AAl?$AAe?$AAL?$AAi?$AAg?$AAh?$AAt?$AAs?$AA?$AA@ 10004418     KeyPadcommon:kbd.obj
 0001:00003440       ??_C@_1DM@NACDBHMK@?$AA?$CF?$AAs?$AA?3?$AA?5?$AAI?$AAn?$AAi?$AAt?$AAi?$AAa?$AAl?$AAi?$AAz?$AAe?$AA?5?$AAM?$AAa?$AAt?$AAr?$AAi?$AAx?$AA?5?$AAI?$AAD?$AA?5?$AA?$CF?$AAu?$AA?$AN?$AA?6?$AA?$AA@ 10004440     KeyPadcommon:kbd.obj
 0001:0000347c       ??_C@_1BK@DKMGLEBH@?$AAM?$AAa?$AAt?$AAr?$AAi?$AAx?$AA_?$AAE?$AAn?$AAt?$AAr?$AAy?$AA?$AA@ 1000447c     KeyPadcommon:kbd.obj
 0001:00003498       ??_C@_1FM@NMMACBLE@?$AA?9?$AA?9?$AAK?$AAe?$AAy?$AAb?$AAd?$AAD?$AAr?$AAi?$AAv?$AAe?$AAr?$AAI?$AAn?$AAi?$AAt?$AAi?$AAa?$AAl?$AAi?$AAz?$AAe?$AAA?$AAd?$AAd?$AAr?$AAe?$AAs?$AAs?$AAe?$AAs@ 10004498     KeyPadcommon:keymatrix.obj
 0001:000034f8       ??_C@_1EG@LLKGPEJM@?$AA?9?$AA?9?$AAK?$AAe?$AAy?$AAb?$AAd?$AAD?$AAr?$AAi?$AAv?$AAe?$AAr?$AAI?$AAn?$AAi?$AAt?$AAi?$AAa?$AAl?$AAi?$AAz?$AAe?$AAA?$AAd?$AAd?$AAr?$AAe?$AAs?$AAs?$AAe?$AAs@ 100044f8     KeyPadcommon:keymatrix.obj
 0001:00003540       ??_C@_1EA@HNDCLCCH@?$AA?$FL?$AAK?$AAB?$AAD?$AA?$FN?$AA?5?$AAp?$AAK?$AAe?$AAy?$AAP?$AAa?$AAd?$AAR?$AAe?$AAg?$AA?5?$AAm?$AAa?$AAp?$AAp?$AAe?$AAd?$AA?5?$AAa?$AAt?$AA?5?$AA?$CF?$AAx?$AA?$AN?$AA?6?$AA?$AA@ 10004540     KeyPadcommon:keymatrix.obj
 0001:00003580       ??_C@_1FE@CFCDGJIL@?$AA?$FL?$AAK?$AAB?$AAD?$AA?$FN?$AA?5?$AAp?$AAK?$AAe?$AAy?$AAP?$AAa?$AAd?$AAR?$AAe?$AAg?$AA?5?$AA?3?$AA?5?$AAM?$AAm?$AAM?$AAa?$AAp?$AAI?$AAo?$AAS?$AAp?$AAa?$AAc?$AAe?$AA?5@ 10004580     KeyPadcommon:keymatrix.obj
 0001:000035d4       ??_C@_1DM@HLJILDBN@?$AA?$FL?$AAK?$AAB?$AAD?$AA?$FN?$AA?5?$AAp?$AAG?$AAP?$AAI?$AAO?$AAR?$AAe?$AAg?$AA?5?$AAm?$AAa?$AAp?$AAp?$AAe?$AAd?$AA?5?$AAa?$AAt?$AA?5?$AA?$CF?$AAx?$AA?$AN?$AA?6?$AA?$AA@ 100045d4     KeyPadcommon:keymatrix.obj
 0001:00003610       ??_C@_1FA@BJHCJOPF@?$AA?$FL?$AAK?$AAB?$AAD?$AA?$FN?$AA?5?$AAp?$AAG?$AAP?$AAI?$AAO?$AAR?$AAe?$AAg?$AA?5?$AA?3?$AA?5?$AAM?$AAm?$AAM?$AAa?$AAp?$AAI?$AAo?$AAS?$AAp?$AAa?$AAc?$AAe?$AA?5?$AAf?$AAa@ 10004610     KeyPadcommon:keymatrix.obj
 0001:00003660       ??_C@_1EA@IEEHGKPP@?$AA?$FL?$AAK?$AAB?$AAD?$AA?$FN?$AA?5?$AAp?$AAS?$AAy?$AAs?$AAC?$AAo?$AAn?$AAR?$AAe?$AAg?$AA?5?$AAm?$AAa?$AAp?$AAp?$AAe?$AAd?$AA?5?$AAa?$AAt?$AA?5?$AA?$CF?$AAx?$AA?$AN?$AA?6?$AA?$AA@ 10004660     KeyPadcommon:keymatrix.obj
 0001:000036a0       ??_C@_1FE@FJNBJCDI@?$AA?$FL?$AAK?$AAB?$AAD?$AA?$FN?$AA?5?$AAp?$AAS?$AAy?$AAs?$AAC?$AAo?$AAn?$AAR?$AAe?$AAg?$AA?5?$AA?3?$AA?5?$AAM?$AAm?$AAM?$AAa?$AAp?$AAI?$AAo?$AAS?$AAp?$AAa?$AAc?$AAe?$AA?5@ 100046a0     KeyPadcommon:keymatrix.obj
 0001:000036f8       ??_C@_1FC@DECMEFB@?$AAH?$AAA?$AAR?$AAD?$AAW?$AAA?$AAR?$AAE?$AA?2?$AAD?$AAE?$AAV?$AAI?$AAC?$AAE?$AAM?$AAA?$AAP?$AA?2?$AAK?$AAE?$AAY?$AAB?$AAD?$AA?2?$AAI?$AAO?$AAC?$AAT?$AAR?$AAL?$AAB@ 100046f8     KeyPadcommon:keymatrix.obj
 0001:00003750       ??_C@_1IG@IGIKJPFL@?$AAC?$AAa?$AAn?$AA?8?$AAt?$AA?5?$AAf?$AAo?$AAu?$AAn?$AAt?$AA?5?$AAr?$AAe?$AAg?$AAi?$AAs?$AAt?$AAr?$AAy?$AA?5?$AAe?$AAn?$AAt?$AAr?$AAy?$AA?5?$AA?3?$AA?5?$AAH?$AAA?$AAR@ 10004750     KeyPadcommon:keymatrix.obj
 0001:000037d8       ??_C@_1BG@MCLLCMGJ@?$AAI?$AAO?$AAC?$AAT?$AAR?$AAL?$AAB?$AAa?$AAs?$AAe?$AA?$AA@ 100047d8     KeyPadcommon:keymatrix.obj
 0001:000037f0       ??_C@_1EK@HMBADAPB@?$AAH?$AAA?$AAR?$AAD?$AAW?$AAA?$AAR?$AAE?$AA?2?$AAD?$AAE?$AAV?$AAI?$AAC?$AAE?$AAM?$AAA?$AAP?$AA?2?$AAK?$AAE?$AAY?$AAB?$AAD?$AA?2?$AAI?$AAO?$AAB?$AAa?$AAs?$AAe?$AA?3@ 100047f0     KeyPadcommon:keymatrix.obj
 0001:00003840       ??_C@_1HO@KCNONNIN@?$AAC?$AAa?$AAn?$AA?8?$AAt?$AA?5?$AAf?$AAo?$AAu?$AAn?$AAt?$AA?5?$AAr?$AAe?$AAg?$AAi?$AAs?$AAt?$AAr?$AAy?$AA?5?$AAe?$AAn?$AAt?$AAr?$AAy?$AA?5?$AA?3?$AA?5?$AAH?$AAA?$AAR@ 10004840     KeyPadcommon:keymatrix.obj
 0001:000038c0       ??_C@_1O@IEBMKJOO@?$AAI?$AAO?$AAB?$AAa?$AAs?$AAe?$AA?$AA@ 100048c0     KeyPadcommon:keymatrix.obj
 0001:000038d0       ??_C@_1FC@DOLPGFDO@?$AAH?$AAA?$AAR?$AAD?$AAW?$AAA?$AAR?$AAE?$AA?2?$AAD?$AAE?$AAV?$AAI?$AAC?$AAE?$AAM?$AAA?$AAP?$AA?2?$AAK?$AAE?$AAY?$AAB?$AAD?$AA?2?$AAS?$AAY?$AAS?$AAC?$AAO?$AAN?$AAB@ 100048d0     KeyPadcommon:keymatrix.obj
 0001:00003928       ??_C@_1IG@FBDAHOPK@?$AAC?$AAa?$AAn?$AA?8?$AAt?$AA?5?$AAf?$AAo?$AAu?$AAn?$AAt?$AA?5?$AAr?$AAe?$AAg?$AAi?$AAs?$AAt?$AAr?$AAy?$AA?5?$AAe?$AAn?$AAt?$AAr?$AAy?$AA?5?$AA?3?$AA?5?$AAH?$AAA?$AAR@ 10004928     KeyPadcommon:keymatrix.obj
 0001:000039b0       ??_C@_1DC@EACIGNLE@?$AAH?$AAA?$AAR?$AAD?$AAW?$AAA?$AAR?$AAE?$AA?2?$AAD?$AAE?$AAV?$AAI?$AAC?$AAE?$AAM?$AAA?$AAP?$AA?2?$AAK?$AAE?$AAY?$AAB?$AAD?$AA?$AA@ 100049b0     KeyPadcommon:keymatrix.obj
 0001:000039e4       ??_C@_1BG@JALEPHAD@?$AAS?$AAY?$AAS?$AAC?$AAO?$AAN?$AAB?$AAa?$AAs?$AAe?$AA?$AA@ 100049e4     KeyPadcommon:keymatrix.obj
 0001:00003a00       ??_C@_1EG@DCHPDFCK@?$AA?$CL?$AA?$CL?$AAK?$AAe?$AAy?$AAb?$AAd?$AAD?$AAr?$AAi?$AAv?$AAe?$AAr?$AAI?$AAn?$AAi?$AAt?$AAi?$AAa?$AAl?$AAi?$AAz?$AAe?$AAA?$AAd?$AAd?$AAr?$AAe?$AAs?$AAs?$AAe?$AAs@ 10004a00     KeyPadcommon:keymatrix.obj
 0001:00003a48       ??_C@_1DE@CMPGCFAK@?$AA?$DO?$AA?$DO?$AA?$DO?$AA?5?$AAK?$AAS?$AAC?$AAA?$AAN?$AA?3?$AAC?$AAa?$AAn?$AAc?$AAe?$AAl?$AAe?$AAd?$AA?5?$AA?$FL?$AA?$CF?$AAd?$AA?$FN?$AA?$AN?$AA?6?$AA?$AA@ 10004a48     KeyPadcommon:keymatrix.obj
 0001:00003a80       ??_C@_1GI@BEBCPJPP@?$AA?$DO?$AA?$DO?$AA?$DO?$AA?5?$AAK?$AAS?$AAC?$AAA?$AAN?$AA?3?$AAM?$AAu?$AAs?$AAt?$AA?5?$AAb?$AAe?$AA?5?$AAn?$AAo?$AAt?$AA?5?$AAo?$AAc?$AAc?$AAu?$AAr?$AAr?$AAe?$AAd?$AA?$FL?$AA?$CF@ 10004a80     KeyPadcommon:keymatrix.obj
 0001:00003ae8       ??_C@_1DE@PKNNDDGN@?$AA?$DO?$AA?$DO?$AA?$DO?$AA?5?$AAK?$AAS?$AAC?$AAA?$AAN?$AA?3?$AAD?$AAO?$AAW?$AAN?$AA?$FL?$AA?$CF?$AAd?$AA?$FN?$AA?5?$AA?9?$AA?5?$AA?$CF?$AAd?$AA?$AN?$AA?6?$AA?$AA@ 10004ae8     KeyPadcommon:keymatrix.obj
 0001:00003b1c       ??_C@_1DG@BCHNNGOC@?$AA?$DO?$AA?$DO?$AA?$DO?$AA?5?$AAK?$AAS?$AAC?$AAA?$AAN?$AA?3?$AAS?$AAH?$AAO?$AAR?$AAT?$AA?$FL?$AA?$CF?$AAd?$AA?$FN?$AA?5?$AA?9?$AA?5?$AA?$CF?$AAd?$AA?$AN?$AA?6?$AA?$AA@ 10004b1c     KeyPadcommon:keymatrix.obj
 0001:00003b54       ??_C@_1DE@IOIIDCOJ@?$AA?$DO?$AA?$DO?$AA?$DO?$AA?5?$AAK?$AAS?$AAC?$AAA?$AAN?$AA?3?$AAU?$AAP?$AA?5?$AA?5?$AA?$FL?$AA?$CF?$AAd?$AA?$FN?$AA?5?$AA?9?$AA?5?$AA?$CF?$AAd?$AA?$AN?$AA?6?$AA?$AA@ 10004b54     KeyPadcommon:keymatrix.obj
 0001:00003b88       ??_C@_1EM@OIAONBLD@?$AA?$DO?$AA?$DO?$AA?$DO?$AA?5?$AAK?$AAS?$AAC?$AAA?$AAN?$AA?3?$AAL?$AAO?$AAN?$AAG?$AA?$FL?$AA?$CF?$AAd?$AA?$FN?$AA?5?$AA?9?$AA?5?$AA?$CF?$AAd?$AA?0?$AA?5?$AAk?$AAe?$AAy?$AA?5?$AA?9?$AA?5?$AA0@ 10004b88     KeyPadcommon:keymatrix.obj
 0001:00003bd4       ??_C@_1CC@EGLLCHGI@?$AA?$FL?$AAK?$AAS?$AAC?$AAA?$AAN?$AA?$FN?$AA?$CI?$AA?$CF?$AAd?$AA?$CJ?$AA?9?$AA?$CF?$AAx?$AA?$AN?$AA?6?$AA?$AA@ 10004bd4     KeyPadcommon:keymatrix.obj
 0001:00003bf8       ??_C@_1CK@ELHHGKHN@?$AA?$CL?$AAS?$AAe?$AAl?$AAe?$AAc?$AAt?$AA?5?$AAa?$AAl?$AAl?$AA?5?$AAc?$AAo?$AAl?$AAu?$AAm?$AAn?$AA?$AN?$AA?6?$AA?$AA@ 10004bf8     KeyPadcommon:keymatrix.obj
 0001:00003c28       ??_C@_1EC@ECOMEEK@?$AAK?$AAe?$AAy?$AAb?$AAd?$AAP?$AAd?$AAd?$AA_?$AAT?$AAo?$AAg?$AAg?$AAl?$AAe?$AAK?$AAe?$AAy?$AAN?$AAo?$AAt?$AAi?$AAf?$AAi?$AAc?$AAa?$AAt?$AAi?$AAo?$AAn?$AA?$AN?$AA?6@ 10004c28     KeyPadcommon:keymatrix.obj
 0001:00003c6c       ??_C@_1BK@BLNPDJGH@?$AAK?$AAe?$AAy?$AA?5?$AAa?$AAl?$AAl?$AA?5?$AAu?$AAp?$AA?$AN?$AA?6?$AA?$AA@ 10004c6c     KeyPadcommon:keymatrix.obj
 0001:00003c88       ??_C@_1FA@LPJNJNNB@?$AAP?$AAd?$AAd?$AAI?$AAD?$AA?5?$AA?3?$AA?5?$AA?$CF?$AAx?$AA?0?$AA?5?$AAS?$AAc?$AAa?$AAn?$AAC?$AAo?$AAd?$AAe?$AA?5?$AA?3?$AA?5?$AA?$CF?$AAx?$AA?0?$AA?5?$AAK?$AAe?$AAy?$AAU?$AAp@ 10004c88     KeyPadcommon:keymatrix.obj
 0001:00003cd8       ??_C@_1DC@KOPKJBLP@?$AAO?$AAb?$AAj?$AAe?$AAc?$AAt?$AA?5?$AA?3?$AA?5?$AAW?$AAA?$AAI?$AAT?$AA_?$AAO?$AAB?$AAJ?$AAE?$AAC?$AAT?$AA_?$AA0?$AA?$AN?$AA?6?$AA?$AA@ 10004cd8     KeyPadcommon:keymatrix.obj
 0001:00003d0c       ??_C@_1DM@DIBMBMCI@?$AA?$CL?$AA?$FL?$AAK?$AAE?$AAY?$AAB?$AAD?$AA?$FN?$AAE?$AAn?$AAt?$AAe?$AAr?$AA?5?$AAI?$AAn?$AAf?$AAi?$AAn?$AAi?$AAt?$AAe?$AA?5?$AAL?$AAo?$AAo?$AAp?$AA?$AN?$AA?6?$AA?$AA@ 10004d0c     KeyPadcommon:keymatrix.obj
 0001:00003d48       ??_C@_1DO@IGCOCDAF@?$AAi?$AAn?$AAt?$AAe?$AAr?$AAr?$AAu?$AAp?$AAt?$AA?5?$AAi?$AAs?$AA?5?$AAn?$AAo?$AAt?$AA?5?$AAi?$AAn?$AAi?$AAt?$AAi?$AAa?$AAl?$AAi?$AAz?$AAe?$AAd?$AA?6?$AA?$AN?$AA?$AA@ 10004d48     KeyPadcommon:keymatrix.obj
 0001:00003d88       ??_C@_1CO@PDGNADMK@?$AAE?$AAv?$AAe?$AAn?$AAt?$AA?5?$AAi?$AAs?$AA?5?$AAn?$AAo?$AAt?$AA?5?$AAc?$AAr?$AAe?$AAa?$AAt?$AAe?$AAd?$AA?$AN?$AA?6?$AA?$AA@ 10004d88     KeyPadcommon:keymatrix.obj
 0001:00003db8       ??_C@_1GA@GBJMPNKE@?$AAE?$AAR?$AAR?$AAO?$AAR?$AA?3?$AA?5?$AAF?$AAa?$AAi?$AAl?$AAe?$AAd?$AA?5?$AAt?$AAo?$AA?5?$AAr?$AAe?$AAq?$AAu?$AAe?$AAs?$AAt?$AA?5?$AAt?$AAh?$AAe?$AA?5?$AAI?$AAR?$AAQ@ 10004db8     KeyPadcommon:keymatrix.obj
 0001:00003e18       ??_C@_1JO@NOBOLNNA@?$AAC?$AA?3?$AA?2?$AAW?$AAI?$AAN?$AAC?$AAE?$AA6?$AA0?$AA0?$AA?2?$AAP?$AAL?$AAA?$AAT?$AAF?$AAO?$AAR?$AAM?$AA?2?$AAT?$AAe?$AAn?$AAB?$AAy?$AAT?$AAe?$AAn?$AA6?$AA4?$AA1@ 10004e18     KeyPadcommon:keymatrix.obj
 0001:00003eb8       ??_C@_1DA@KCOEGEIA@?$AA?$CL?$AA?$FL?$AAK?$AAE?$AAY?$AAB?$AAD?$AA?$FN?$AAI?$AAs?$AAr?$AAT?$AAh?$AAr?$AAe?$AAa?$AAd?$AAP?$AAr?$AAo?$AAc?$AA?$AN?$AA?6?$AA?$AA@ 10004eb8     KeyPadcommon:keymatrix.obj
 0001:00003ee8       ??_C@_1BI@BHLBGEOK@?$AAP?$AAr?$AAi?$AAo?$AAr?$AAi?$AAt?$AAy?$AA2?$AA5?$AA6?$AA?$AA@ 10004ee8     KeyPadcommon:keymatrix.obj
 0001:00003f00       ??_C@_1CO@MAFKJHDF@?$AA?$FL?$AAK?$AAE?$AAY?$AAB?$AAD?$AA?$FN?$AAK?$AAB?$AAD?$AAI?$AAS?$AAR?$AAT?$AAh?$AAr?$AAe?$AAa?$AAd?$AA?3?$AA?$AN?$AA?6?$AA?$AA@ 10004f00     KeyPadcommon:keymatrix.obj
 0001:00003f30       ??_C@_1DE@LGBFGBIE@?$AA?9?$AA?$FL?$AAK?$AAE?$AAY?$AAB?$AAD?$AA?$FN?$AAI?$AAs?$AAr?$AAT?$AAh?$AAr?$AAe?$AAa?$AAd?$AAS?$AAt?$AAa?$AAr?$AAt?$AA?3?$AA?$AN?$AA?6?$AA?$AA@ 10004f30     KeyPadcommon:keymatrix.obj
 0001:00003f68       ??_C@_1HE@PJEDEDBL@?$AA?$FL?$AAK?$AAE?$AAY?$AAB?$AAD?$AA?$FN?$AA?5?$AAI?$AAs?$AAr?$AAT?$AAh?$AAr?$AAe?$AAa?$AAd?$AAS?$AAt?$AAa?$AAr?$AAt?$AA?4?$AA?5?$AAE?$AAr?$AAr?$AAo?$AAr?$AA?5?$AAs?$AAt@ 10004f68     KeyPadcommon:keymatrix.obj
 0001:00003fdc       ??_C@_1DE@BJMOGPOL@?$AA?$CL?$AA?$FL?$AAK?$AAE?$AAY?$AAB?$AAD?$AA?$FN?$AAI?$AAs?$AAr?$AAT?$AAh?$AAr?$AAe?$AAa?$AAd?$AAS?$AAt?$AAa?$AAr?$AAt?$AA?3?$AA?$AN?$AA?6?$AA?$AA@ 10004fdc     KeyPadcommon:keymatrix.obj
 0001:00004010       ??_C@_1EG@BFPKMNPP@?$AA?9?$AA?9?$AA?$FL?$AAK?$AAE?$AAY?$AAB?$AAD?$AA?$FN?$AAK?$AAe?$AAy?$AAM?$AAa?$AAt?$AAr?$AAi?$AAx?$AA?3?$AA?3?$AAK?$AAe?$AAy?$AAb?$AAd?$AAP?$AAo?$AAw?$AAe?$AAr?$AAO?$AAn@ 10005010     KeyPadcommon:keymatrix.obj
 0001:00004058       ??_C@_1EG@JMCDAMEJ@?$AA?$CL?$AA?$CL?$AA?$FL?$AAK?$AAE?$AAY?$AAB?$AAD?$AA?$FN?$AAK?$AAe?$AAy?$AAM?$AAa?$AAt?$AAr?$AAi?$AAx?$AA?3?$AA?3?$AAK?$AAe?$AAy?$AAb?$AAd?$AAP?$AAo?$AAw?$AAe?$AAr?$AAO?$AAn@ 10005058     KeyPadcommon:keymatrix.obj
 0001:000040a0       ??_C@_1DK@HBDCNLKO@?$AA?9?$AA?9?$AAK?$AAe?$AAy?$AAM?$AAa?$AAt?$AAr?$AAi?$AAx?$AA?3?$AA?3?$AAK?$AAe?$AAy?$AAb?$AAd?$AAP?$AAo?$AAw?$AAe?$AAr?$AAO?$AAf?$AAf?$AA?$AN?$AA?6?$AA?$AA@ 100050a0     KeyPadcommon:keymatrix.obj
 0001:000040dc       ??_C@_1DK@FJKPJEHH@?$AA?$CL?$AA?$CL?$AAK?$AAe?$AAy?$AAM?$AAa?$AAt?$AAr?$AAi?$AAx?$AA?3?$AA?3?$AAK?$AAe?$AAy?$AAb?$AAd?$AAP?$AAo?$AAw?$AAe?$AAr?$AAO?$AAf?$AAf?$AA?$AN?$AA?6?$AA?$AA@ 100050dc     KeyPadcommon:keymatrix.obj
 0001:00004118       ??_C@_1CI@JMPKHPDN@?$AAI?$AAn?$AAv?$AAa?$AAl?$AAi?$AAd?$AA?5?$AAP?$AAa?$AAr?$AAa?$AAm?$AAe?$AAt?$AAe?$AAr?$AA?$AN?$AA?6?$AA?$AA@ 10005118     KeyPadcommon:keymatrix.obj
 0001:0000463c       Matrix                     1000563c f   S3C6410_Layout:s3c6410_layout.obj
 0001:00004764       KeybdDriverVKeyToUnicode   10005764 f   LayoutManager:LayMgr.obj
 0001:00007064       KeybdDriverInitStates      10008064 f   LayoutManager:LayMgr.obj
 0001:0000709c       KeybdDriverMapVirtualKey   1000809c f   LayoutManager:LayMgr.obj
 0001:00007b1c       KeybdDriverGetInfo         10008b1c f   LayoutManager:LayMgr.obj
 0001:00007cfc       KeybdDriverSetMode         10008cfc f   LayoutManager:LayMgr.obj
 0001:00007f2c       KeybdDriverPowerHandler    10008f2c f   LayoutManager:LayMgr.obj
 0001:00008038       ?KeybdEventThreadProc@@YAKPAX@Z 10009038 f   LayoutManager:LayMgr.obj
 0001:00008e9c       ?KeybdEventCallback@@YAXIIH@Z 10009e9c f   LayoutManager:LayMgr.obj
 0001:00009078       ?GetKeyboardProcAddr@@YAP6AHXZPAUHINSTANCE__@@PBG@Z 1000a078 f   LayoutManager:LayMgr.obj
 0001:000091a0       KeybdDriverInitializeEx    1000a1a0 f   LayoutManager:LayMgr.obj
 0001:0000ceb0       LayoutMgrGetKeyboardType   1000deb0 f   LayoutManager:LayMgr.obj
 0001:0000cfd4       LayoutMgrGetKeyboardLayout 1000dfd4 f   LayoutManager:LayMgr.obj
 0001:0000d0e0       LayoutMgrGetKeyboardLayoutName 1000e0e0 f   LayoutManager:LayMgr.obj
 0001:0000d248       LayoutMgrGetKeyboardLayoutList 1000e248 f   LayoutManager:LayMgr.obj
 0001:0000d4a0       LayoutMgrLoadKeyboardLayout 1000e4a0 f   LayoutManager:LayMgr.obj
 0001:0000dcdc       LayoutMgrActivateKeyboardLayout 1000ecdc f   LayoutManager:LayMgr.obj
 0001:0000deb4       DllMain                    1000eeb4 f   LayoutManager:LayMgr.obj
 0001:0000df3c       SetEvent                   1000ef3c f i LayoutManager:LayMgr.obj
 0001:0000df74       GetCurrentThread           1000ef74 f i LayoutManager:LayMgr.obj
 0001:0000df8c       ?wcsrchr@@YAPAGPAGG@Z      1000ef8c f i LayoutManager:LayMgr.obj
 0001:0000dfc4       ?wcsstr@@YAPAGPAGPBG@Z     1000efc4 f i LayoutManager:LayMgr.obj
 0001:0000dffc       ?DoProfilerKey@@YAHG@Z     1000effc f   LayoutManager:profiler.obj
 0001:0000e160       IL_00000409                1000f160 f   InputLang_0409:IL_0409.obj
 0001:0000e480       PS2_AT_00000409            1000f480 f   kbdus_lib:kbdus.obj
 0001:0000e5dc       NKDbgPrintfW               1000f5dc f   coredll:COREDLL.dll
 0001:0000e5ec       SetLastError               1000f5ec f   coredll:COREDLL.dll
 0001:0000e5fc       EnterCriticalSection       1000f5fc f   coredll:COREDLL.dll
 0001:0000e60c       LeaveCriticalSection       1000f60c f   coredll:COREDLL.dll
 0001:0000e61c       DeviceIoControl            1000f61c f   coredll:COREDLL.dll
 0001:0000e62c       WaitForSingleObject        1000f62c f   coredll:COREDLL.dll
 0001:0000e63c       GetTickCount               1000f63c f   coredll:COREDLL.dll
 0001:0000e64c       SetThreadPriority          1000f64c f   coredll:COREDLL.dll
 0001:0000e65c       EventModify                1000f65c f   coredll:COREDLL.dll
 0001:0000e66c       keybd_event                1000f66c f   coredll:COREDLL.dll
 0001:0000e67c       WaitForMultipleObjects     1000f67c f   coredll:COREDLL.dll
 0001:0000e68c       StringCchCopyW             1000f68c f   coredll:COREDLL.dll
 0001:0000e69c       GetProcAddressW            1000f69c f   coredll:COREDLL.dll
 0001:0000e6ac       LocalAlloc                 1000f6ac f   coredll:COREDLL.dll
 0001:0000e6bc       DeleteCriticalSection      1000f6bc f   coredll:COREDLL.dll
 0001:0000e6cc       CloseHandle                1000f6cc f   coredll:COREDLL.dll
 0001:0000e6dc       CreateThread               1000f6dc f   coredll:COREDLL.dll
 0001:0000e6ec       CreateEventW               1000f6ec f   coredll:COREDLL.dll
 0001:0000e6fc       InitializeCriticalSection  1000f6fc f   coredll:COREDLL.dll
 0001:0000e70c       StopDeviceNotifications    1000f70c f   coredll:COREDLL.dll
 0001:0000e71c       CreateFileW                1000f71c f   coredll:COREDLL.dll
 0001:0000e72c       ReadMsgQueue               1000f72c f   coredll:COREDLL.dll
 0001:0000e73c       RequestDeviceNotifications 1000f73c f   coredll:COREDLL.dll
 0001:0000e74c       GetLastError               1000f74c f   coredll:COREDLL.dll
 0001:0000e75c       CreateMsgQueue             1000f75c f   coredll:COREDLL.dll
 0001:0000e76c       RegCloseKey                1000f76c f   coredll:COREDLL.dll
 0001:0000e77c       RegQueryValueExW           1000f77c f   coredll:COREDLL.dll
 0001:0000e78c       RegOpenKeyExW              1000f78c f   coredll:COREDLL.dll
 0001:0000e79c       FreeLibrary                1000f79c f   coredll:COREDLL.dll
 0001:0000e7ac       LoadLibraryW               1000f7ac f   coredll:COREDLL.dll
 0001:0000e7bc       LocalFree                  1000f7bc f   coredll:COREDLL.dll
 0001:0000e7cc       RegEnumValueW              1000f7cc f   coredll:COREDLL.dll
 0001:0000e7dc       CeSafeCopyMemory           1000f7dc f   coredll:COREDLL.dll
 0001:0000e7ec       RegDeleteKeyW              1000f7ec f   coredll:COREDLL.dll
 0001:0000e7fc       RegSetValueExW             1000f7fc f   coredll:COREDLL.dll
 0001:0000e80c       RegCreateKeyExW            1000f80c f   coredll:COREDLL.dll
 0001:0000e81c       StringCchLengthW           1000f81c f   coredll:COREDLL.dll
 0001:0000e82c       DisableThreadLibraryCalls  1000f82c f   coredll:COREDLL.dll
 0001:0000e83c       RegisterDbgZones           1000f83c f   coredll:COREDLL.dll
 0001:0000e84c       ProfileStop                1000f84c f   coredll:COREDLL.dll
 0001:0000e85c       ProfileStart               1000f85c f   coredll:COREDLL.dll
 0001:0000e86c       __security_init_cookie     1000f86c f   corelib0:seccinit.obj
 0001:0000e934       __GSHandlerCheck           1000f934 f   corelib0:gshandler.obj
 0001:0000e97c       __GSHandlerCheckCommon     1000f97c f   corelib0:gshandler.obj
 0001:0000ea24       __security_check_cookie    1000fa24 f   corelib0:armsecgs.obj
 0001:0000ea38       __gsfailure                1000fa38 f   corelib0:armsecgs.obj
 0001:0000ea7c       __GSHandlerCheck_SEH       1000fa7c f   corelib0:gshandlerseh.obj
 0001:0000eb04       memcpy                     1000fb04 f   corelib1:COREDLL.dll
 0001:0000eb14       towlower                   1000fb14 f   corelib1:COREDLL.dll
 0001:0000eb24       memset                     1000fb24 f   corelib1:COREDLL.dll
 0001:0000eb34       __C_specific_handler       1000fb34 f   corelib1:COREDLL.dll
 0001:0000eb44       __rt_udiv                  1000fb44 f   corelib1:COREDLL.dll
 0001:0000eb54       _wcslwr                    1000fb54 f   corelib1:COREDLL.dll
 0001:0000eb64       wcslen                     1000fb64 f   corelib1:COREDLL.dll
 0001:0000eb74       wcsrchr                    1000fb74 f   corelib1:COREDLL.dll
 0001:0000eb84       wcsstr                     1000fb84 f   corelib1:COREDLL.dll
 0001:0000eb94       wcstoul                    1000fb94 f   corelib1:COREDLL.dll
 0001:0000eba4       wcscpy                     1000fba4 f   corelib1:COREDLL.dll
 0001:0000ebb4       _wcsicmp                   1000fbb4 f   corelib1:COREDLL.dll
 0001:0000ebc4       _snwprintf                 1000fbc4 f   corelib1:COREDLL.dll
 0001:0000ebd4       wcsncat                    1000fbd4 f   corelib1:COREDLL.dll
 0001:0000ebe4       wcsncpy                    1000fbe4 f   corelib1:COREDLL.dll
 0001:0000ebf4       wcsncmp                    1000fbf4 f   corelib1:COREDLL.dll
 0001:0000ec04       __security_gen_cookie2     1000fc04 f   corelib1:COREDLL.dll
 0001:0000ec14       __report_gsfailure         1000fc14 f   corelib1:COREDLL.dll
 0001:0000ec24       ?PS2_NOP_Entry@@YAHIP6AXIIH@ZPAPAUtagKEYBD_PDD@@@Z 1000fc24 f   Nop_KbdCommon:NopKbd.obj
 0001:0000ed18       ?NumPadRemapVKey@@YAIPBU_KEYBD_EVENT@@IPAU1@I@Z 1000fd18 f   NumPadRmp:NumPadRmp.obj
 0001:0000f7c0       GetAsyncKeyState           100107c0 f   coredll:COREDLL.dll
 0001:0000f7d0       IsAPIReady                 100107d0 f   coredll:COREDLL.dll
 0001:0000f7e0       ?ReadRegDWORD@@YAXPBG0PAK@Z 100107e0 f   KeyPadcommon:kbd.obj
 0001:0000fa0c       ?Matrix_Entry@@YAHIP6AXIIH@ZPAPAUtagKEYBD_PDD@@@Z 10010a0c f   KeyPadcommon:kbd.obj
 0001:0000fb8c       ?KeybdPdd_PowerHandler@@YAXH@Z 10010b8c f   KeyPadcommon:keymatrix.obj
 0001:0000fbcc       ?KeybdDriverInitializeAddresses@@YAHXZ 10010bcc f   KeyPadcommon:keymatrix.obj
 0001:000100d0       ?VarInit@@YAXXZ            100110d0 f   KeyPadcommon:keymatrix.obj
 0001:00010144       ?AreAllKeysUp@@YAHXZ       10011144 f   KeyPadcommon:keymatrix.obj
 0001:00010210       ?KScan_ProcState@@YAKHHPAKPAH@Z 10011210 f   KeyPadcommon:keymatrix.obj
 0001:00010a5c       ?KScan_ProcIO@@YAXXZ       10011a5c f   KeyPadcommon:keymatrix.obj
 0001:00010b54       ?KScan_SetINTMode@@YAXXZ   10011b54 f   KeyPadcommon:keymatrix.obj
 0001:00010bb0       ?KeybdPdd_ToggleKeyNotification@@YAXI@Z 10011bb0 f   KeyPadcommon:keymatrix.obj
 0001:00010c38       ?IsrThreadProc@KeyMatrix@@QAAHXZ 10011c38 f   KeyPadcommon:keymatrix.obj
 0001:00011048       ?KBDISRThread@@YAKPAVKeyMatrix@@@Z 10012048 f   KeyPadcommon:keymatrix.obj
 0001:000110ac       ?IsrThreadStart@KeyMatrix@@QAAHXZ 100120ac f   KeyPadcommon:keymatrix.obj
 0001:000111d0       ?KeybdPowerOn@KeyMatrix@@QAAHXZ 100121d0 f   KeyPadcommon:keymatrix.obj
 0001:000112ac       ?KeybdPowerOff@KeyMatrix@@QAAHXZ 100122ac f   KeyPadcommon:keymatrix.obj
 0001:0001170c       ?Keypad_Clock_On@@YAXH@Z   1001270c f   KeyPadcommon:keymatrix.obj
 0001:00011780       Sleep                      10012780 f   coredll:COREDLL.dll
 0001:00011790       InterruptDone              10012790 f   coredll:COREDLL.dll
 0001:000117a0       InterruptInitialize        100127a0 f   coredll:COREDLL.dll
 0001:000117b0       KernelIoControl            100127b0 f   coredll:COREDLL.dll
 0001:000117c0       CeSetThreadPriority        100127c0 f   coredll:COREDLL.dll
 0001:000117d0       MmUnmapIoSpace             100127d0 f   ceddk:CEDDK.dll
 0001:000117e0       MmMapIoSpace               100127e0 f   ceddk:CEDDK.dll
 0001:000117f0       ??2@YAPAXI@Z               100127f0 f   corelib1:COREDLL.dll
 0001:000118b4       __IMPORT_DESCRIPTOR_COREDLL 100128b4     coredll:COREDLL.dll
 0001:000118c8       __IMPORT_DESCRIPTOR_CEDDK  100128c8     ceddk:CEDDK.dll
 0001:000118dc       __NULL_IMPORT_DESCRIPTOR   100128dc     coredll:COREDLL.dll
 0002:00000000       __imp_MmUnmapIoSpace       10013000     ceddk:CEDDK.dll
 0002:00000004       __imp_MmMapIoSpace         10013004     ceddk:CEDDK.dll
 0002:00000008       \177CEDDK_NULL_THUNK_DATA  10013008     ceddk:CEDDK.dll
 0002:0000000c       __imp_LeaveCriticalSection 1001300c     coredll:COREDLL.dll
 0002:00000010       __imp_DeviceIoControl      10013010     coredll:COREDLL.dll
 0002:00000014       __imp_WaitForSingleObject  10013014     coredll:COREDLL.dll
 0002:00000018       __imp_GetTickCount         10013018     coredll:COREDLL.dll
 0002:0000001c       __imp_SetThreadPriority    1001301c     coredll:COREDLL.dll
 0002:00000020       __imp_EventModify          10013020     coredll:COREDLL.dll
 0002:00000024       __imp_keybd_event          10013024     coredll:COREDLL.dll
 0002:00000028       __imp_WaitForMultipleObjects 10013028     coredll:COREDLL.dll
 0002:0000002c       __imp_StringCchCopyW       1001302c     coredll:COREDLL.dll
 0002:00000030       __imp_GetProcAddressW      10013030     coredll:COREDLL.dll
 0002:00000034       __imp_LocalAlloc           10013034     coredll:COREDLL.dll
 0002:00000038       __imp_DeleteCriticalSection 10013038     coredll:COREDLL.dll
 0002:0000003c       __imp_CloseHandle          1001303c     coredll:COREDLL.dll
 0002:00000040       __imp_CreateThread         10013040     coredll:COREDLL.dll
 0002:00000044       __imp_CreateEventW         10013044     coredll:COREDLL.dll
 0002:00000048       __imp_InitializeCriticalSection 10013048     coredll:COREDLL.dll
 0002:0000004c       __imp_StopDeviceNotifications 1001304c     coredll:COREDLL.dll
 0002:00000050       __imp_CreateFileW          10013050     coredll:COREDLL.dll
 0002:00000054       __imp_ReadMsgQueue         10013054     coredll:COREDLL.dll
 0002:00000058       __imp_RequestDeviceNotifications 10013058     coredll:COREDLL.dll
 0002:0000005c       __imp_GetLastError         1001305c     coredll:COREDLL.dll
 0002:00000060       __imp_CreateMsgQueue       10013060     coredll:COREDLL.dll
 0002:00000064       __imp_RegCloseKey          10013064     coredll:COREDLL.dll
 0002:00000068       __imp_RegQueryValueExW     10013068     coredll:COREDLL.dll
 0002:0000006c       __imp_RegOpenKeyExW        1001306c     coredll:COREDLL.dll
 0002:00000070       __imp_FreeLibrary          10013070     coredll:COREDLL.dll
 0002:00000074       __imp_LoadLibraryW         10013074     coredll:COREDLL.dll
 0002:00000078       __imp_LocalFree            10013078     coredll:COREDLL.dll
 0002:0000007c       __imp_RegEnumValueW        1001307c     coredll:COREDLL.dll
 0002:00000080       __imp_CeSafeCopyMemory     10013080     coredll:COREDLL.dll
 0002:00000084       __imp_RegDeleteKeyW        10013084     coredll:COREDLL.dll
 0002:00000088       __imp_EnterCriticalSection 10013088     coredll:COREDLL.dll
 0002:0000008c       __imp_RegCreateKeyExW      1001308c     coredll:COREDLL.dll
 0002:00000090       __imp_StringCchLengthW     10013090     coredll:COREDLL.dll
 0002:00000094       __imp_DisableThreadLibraryCalls 10013094     coredll:COREDLL.dll
 0002:00000098       __imp_RegisterDbgZones     10013098     coredll:COREDLL.dll
 0002:0000009c       __imp_ProfileStop          1001309c     coredll:COREDLL.dll
 0002:000000a0       __imp_ProfileStart         100130a0     coredll:COREDLL.dll
 0002:000000a4       __imp_memcpy               100130a4     corelib1:COREDLL.dll
 0002:000000a8       __imp_towlower             100130a8     corelib1:COREDLL.dll
 0002:000000ac       __imp_memset               100130ac     corelib1:COREDLL.dll
 0002:000000b0       __imp___C_specific_handler 100130b0     corelib1:COREDLL.dll
 0002:000000b4       __imp___rt_udiv            100130b4     corelib1:COREDLL.dll
 0002:000000b8       __imp__wcslwr              100130b8     corelib1:COREDLL.dll
 0002:000000bc       __imp_wcslen               100130bc     corelib1:COREDLL.dll
 0002:000000c0       __imp_wcsrchr              100130c0     corelib1:COREDLL.dll
 0002:000000c4       __imp_wcsstr               100130c4     corelib1:COREDLL.dll
 0002:000000c8       __imp_wcstoul              100130c8     corelib1:COREDLL.dll
 0002:000000cc       __imp_wcscpy               100130cc     corelib1:COREDLL.dll
 0002:000000d0       __imp__wcsicmp             100130d0     corelib1:COREDLL.dll
 0002:000000d4       __imp__snwprintf           100130d4     corelib1:COREDLL.dll
 0002:000000d8       __imp_wcsncat              100130d8     corelib1:COREDLL.dll
 0002:000000dc       __imp_wcsncpy              100130dc     corelib1:COREDLL.dll
 0002:000000e0       __imp_wcsncmp              100130e0     corelib1:COREDLL.dll
 0002:000000e4       __imp___security_gen_cookie2 100130e4     corelib1:COREDLL.dll
 0002:000000e8       __imp___report_gsfailure   100130e8     corelib1:COREDLL.dll
 0002:000000ec       __imp_GetAsyncKeyState     100130ec     coredll:COREDLL.dll
 0002:000000f0       __imp_IsAPIReady           100130f0     coredll:COREDLL.dll
 0002:000000f4       __imp_Sleep                100130f4     coredll:COREDLL.dll
 0002:000000f8       __imp_InterruptDone        100130f8     coredll:COREDLL.dll
 0002:000000fc       __imp_InterruptInitialize  100130fc     coredll:COREDLL.dll
 0002:00000100       __imp_KernelIoControl      10013100     coredll:COREDLL.dll
 0002:00000104       __imp_CeSetThreadPriority  10013104     coredll:COREDLL.dll
 0002:00000108       __imp_SetLastError         10013108     coredll:COREDLL.dll
 0002:0000010c       __imp_RegSetValueExW       1001310c     coredll:COREDLL.dll
 0002:00000110       __imp_NKDbgPrintfW         10013110     coredll:COREDLL.dll
 0002:00000114       __imp_??2@YAPAXI@Z         10013114     corelib1:COREDLL.dll
 0002:00000118       \177COREDLL_NULL_THUNK_DATA 10013118     coredll:COREDLL.dll
 0002:00000120       ?ScanCodeToVKeyTable@@3PAEA 10013120     S3C6410_Layout:s3c6410_layout.obj
 0002:0000013c       ?ScanCodeToVKeyExtTable@@3PAEA 1001313c     S3C6410_Layout:s3c6410_layout.obj
 0002:000001b8       dpCurSettings              100131b8     LayoutManager:Zones.obj
 0002:000009a8       __security_cookie          100139a8     corelib0:seccinit.obj
 0002:000009ac       __security_cookie_complement 100139ac     corelib0:seccinit.obj
 0002:000009b0       ?g_rgpfnPddEntries@@3PAP6AHIP6AXIIH@ZPAPAUtagKEYBD_PDD@@@ZA 100139b0     PddList:pddlist.obj
 0002:000009e8       ?KeyCode@@3PAUKCODE@@A     100139e8     KeyPadcommon:keymatrix.obj
 0002:00000aa0       ?g_csEventCallback@@3UCRITICAL_SECTION@@A 10013aa0     LayoutManager:LayMgr.obj
 0002:00000e54       ?v_uiPddId@@3IA            10013e54     KeyPadcommon:kbd.obj
 0002:00000e58       ?v_pfnKeybdEvent@@3P6AXIIH@ZA 10013e58     KeyPadcommon:kbd.obj
 0002:00000e60       ?KeyState@@3PAKA           10013e60     KeyPadcommon:keymatrix.obj
 0002:00000e74       ?KeyChange@@3PAUKSTATE@@A  10013e74     KeyPadcommon:keymatrix.obj
 0002:00000e9c       ?FaultKey@@3KA             10013e9c     KeyPadcommon:keymatrix.obj
 0002:00000ea0       ?ChangeState@@3PAKA        10013ea0     KeyPadcommon:keymatrix.obj
 0002:00000eb4       ?Keyboard@@3PAVKeyMatrix@@A 10013eb4     KeyPadcommon:keymatrix.obj
 0002:00000eb8       ?pGPIOReg@@3PCUS3C6410_GPIO_REG@@C 10013eb8     KeyPadcommon:keymatrix.obj
 0002:00000ebc       ?pKeyPadReg@@3PCUS3C6410_KEYPAD_REG@@C 10013ebc     KeyPadcommon:keymatrix.obj
 0002:00000ec0       ?pSysConReg@@3PCUS3C6410_SYSCON_REG@@C 10013ec0     KeyPadcommon:keymatrix.obj

 entry point at        0001:0000deb4

 Static symbols

 0001:0000416c       ?MatrixUsRemapVKey@@YAIPBU_KEYBD_EVENT@@IPAU1@I@Z 1000516c f   S3C6410_Layout:s3c6410_layout.obj
 0001:00004554       ?FindRemappedKey@@YAPBUVirtualKeyMapping@@IPBU1@K@Z 10005554 f   S3C6410_Layout:s3c6410_layout.obj
 0001:00004d50       ?LockConfig@@YAXXZ         10005d50 f   LayoutManager:LayMgr.obj
 0001:00004dd0       ?UnlockConfig@@YAXXZ       10005dd0 f   LayoutManager:LayMgr.obj
 0001:00004e54       ?IsLocked@@YAHXZ           10005e54 f   LayoutManager:LayMgr.obj
 0001:00004e94       ?ValidateInputLanguage@@YAHPBU_INPUT_LANGUAGE@@@Z 10005e94 f   LayoutManager:LayMgr.obj
 0001:00005090       ?VKeyToUnicode@@YAIPAUtagINPUT_LANGUAGE_INFO@@IIPAII@Z 10006090 f   LayoutManager:LayMgr.obj
 0001:000053e8       ?GetModifierBits@@YAGPBUMODIFIERS@@PBUMODIFIER_TO_SHIFT@@I@Z 100063e8 f   LayoutManager:LayMgr.obj
 0001:00005578       ?GetModificationNumber@@YAGPBUMODIFIERS@@G@Z 10006578 f   LayoutManager:LayMgr.obj
 0001:00005660       ?SearchVkToWCharTables@@YAPBU_VK_TO_WCHARS1@@IPAPBU_VK_TO_WCHAR_TABLE@@@Z 10006660 f   LayoutManager:LayMgr.obj
 0001:000058d0       ?ProcessModBitsForAttributes@@YAXKIPAGPAPBU_VK_TO_WCHARS1@@@Z 100068d0 f   LayoutManager:LayMgr.obj
 0001:00005bc4       ?GetCharacters@@YAIPAUtagINPUT_LANGUAGE_INFO@@PBU_VK_TO_WCHAR_TABLE@@PBU_VK_TO_WCHARS1@@GIPAII@Z 10006bc4 f   LayoutManager:LayMgr.obj
 0001:0000606c       ?GetControlledChar@@YAGII@Z 1000706c f   LayoutManager:LayMgr.obj
 0001:000060dc       ?WriteToCharBuffer@@YAXGIPAI0@Z 100070dc f   LayoutManager:LayMgr.obj
 0001:0000620c       ?ProcessDeadKeys@@YAIPAGPBU_DEADKEY@@GPAIII@Z 1000720c f   LayoutManager:LayMgr.obj
 0001:000064f4       ?ProcessLigature@@YAIPAUtagINPUT_LANGUAGE_INFO@@IIGPAII@Z 100074f4 f   LayoutManager:LayMgr.obj
 0001:000068a4       ?KeybdDriverKeyStateToShiftFlags@@YAXQAEIPBU_VK_TO_SHIFT@@1PAI@Z 100078a4 f   LayoutManager:LayMgr.obj
 0001:00006a94       ?MapLRVKeyToCommonVKey@@YAII@Z 10007a94 f   LayoutManager:LayMgr.obj
 0001:00006b24       ?NewKeyStateFlags@@YAIII@Z 10007b24 f   LayoutManager:LayMgr.obj
 0001:00006bd4       ?AltNumKeyEvent@@YAHIIPAI0@Z 10007bd4 f   LayoutManager:LayMgr.obj
 0001:00007018       ?AltNumOkToStart@@YAHI@Z   10008018 f   LayoutManager:LayMgr.obj
 0001:000073cc       ?pKeybdPddInfoFromId@@YAPAUtagKEYBD_PDD_INFO@@I@Z 100083cc f   LayoutManager:LayMgr.obj
 0001:000074d8       ?ValidateDeviceLayout@@YAHPBUtagDEVICE_LAYOUT@@@Z 100084d8 f   LayoutManager:LayMgr.obj
 0001:00007610       ?ScanCodeToVKey@@YAHIPAPAUScanCodeToVKeyData@@IPAI@Z 10008610 f   LayoutManager:LayMgr.obj
 0001:00007984       ?VKeyToScanCode@@YAIIPBU_VKEY_TO_SCANCODE@@@Z 10008984 f   LayoutManager:LayMgr.obj
 0001:00007aa8       ?MapCommonVKeyToLVKey@@YAII@Z 10008aa8 f   LayoutManager:LayMgr.obj
 0001:00007ccc       ?VKeyToUnicodeInfo@@YAXPAUKBDI_VKEY_TO_UNICODE_INFO@@@Z 10008ccc f   LayoutManager:LayMgr.obj
 0001:00007e88       ?BroadcastToKeyboards@@YAXKPAXK@Z 10008e88 f   LayoutManager:LayMgr.obj
 0001:0000877c       ?pDLIFromPDDIndex@@YAPAUtagDEVICE_LAYOUT_INFO@@I@Z 1000977c f   LayoutManager:LayMgr.obj
 0001:00008800       ?SendRemappedEvent@@YAXIIIHPAUtagDEVICE_LAYOUT_INFO@@@Z 10009800 f   LayoutManager:LayMgr.obj
 0001:00008bdc       ?Keybd_EventFlags@@YAKIIIH@Z 10009bdc f   LayoutManager:LayMgr.obj
 0001:00008c70       ?CallDLRemapFn@@YAIP6AIPBU_KEYBD_EVENT@@IPAU1@I@Z0I1I@Z 10009c70 f   LayoutManager:LayMgr.obj
 0001:00008d90       ?WillKeyUp@@YAHIPBUtagDEVICE_LAYOUT_INFO@@@Z 10009d90 f   LayoutManager:LayMgr.obj
 0001:00008f50       ?ToggleLights@@YAXI@Z      10009f50 f   LayoutManager:LayMgr.obj
 0001:00009a14       ?pKeybdPddFromId@@YAPAUtagKEYBD_PDD@@I@Z 1000aa14 f   LayoutManager:LayMgr.obj
 0001:00009a9c       ?ValidateKeybdPdd@@YAHPBUtagKEYBD_PDD@@@Z 1000aa9c f   LayoutManager:LayMgr.obj
 0001:00009acc       ?KbdNotificationThread@@YAKPAX@Z 1000aacc f   LayoutManager:LayMgr.obj
 0001:0000a25c       ?SzToHkl@@YAPAUHKL__@@PBG@Z 1000b25c f   LayoutManager:LayMgr.obj
 0001:0000a380       ?GetDefaultInputMethodName@@YAHPAG@Z 1000b380 f   LayoutManager:LayMgr.obj
 0001:0000a5b0       ?GetPreloadInputMethodName@@YAHIPAG@Z 1000b5b0 f   LayoutManager:LayMgr.obj
 0001:0000a764       ?GetPreloadInputMethodKey@@YAHIPAPAUHKEY__@@@Z 1000b764 f   LayoutManager:LayMgr.obj
 0001:0000a958       ?OpenKey@@YAHPAUHKEY__@@PBGPAPAU1@@Z 1000b958 f   LayoutManager:LayMgr.obj
 0001:0000aa04       ?OpenPreloadKey@@YAHPAPAUHKEY__@@@Z 1000ba04 f   LayoutManager:LayMgr.obj
 0001:0000aa90       ?GetPreloadUnNamedValue@@YAHPAG@Z 1000ba90 f   LayoutManager:LayMgr.obj
 0001:0000ac34       ?SetInputLanguage@@YAHPAUHKL__@@PAPAU1@@Z 1000bc34 f   LayoutManager:LayMgr.obj
 0001:0000b1e8       ?HklToSz@@YAPAGPAUHKL__@@QAG@Z 1000c1e8 f   LayoutManager:LayMgr.obj
 0001:0000b300       ?IsHklIme@@YAHPAUHKL__@@@Z 1000c300 f   LayoutManager:LayMgr.obj
 0001:0000b34c       ?GetInputMethodInfo@@YAHPBGPAUtagINPUT_LANGUAGE_INFO@@@Z 1000c34c f   LayoutManager:LayMgr.obj
 0001:0000b6a4       ?OpenKeyboardLayoutsKey@@YAHPAPAUHKEY__@@@Z 1000c6a4 f   LayoutManager:LayMgr.obj
 0001:0000b72c       ?GenerateModifierToShiftTable@@YAHPAUtagINPUT_LANGUAGE_INFO@@@Z 1000c72c f   LayoutManager:LayMgr.obj
 0001:0000ba38       ?FindVkToShift@@YAPBU_VK_TO_SHIFT@@EPBU1@@Z 1000ca38 f   LayoutManager:LayMgr.obj
 0001:0000bafc       ?GetImeKeyboardLayout@@YAPAUHKL__@@PAU1@@Z 1000cafc f   LayoutManager:LayMgr.obj
 0001:0000bd78       ?SetDeviceLayout@@YAHPAUHKL__@@I@Z 1000cd78 f   LayoutManager:LayMgr.obj
 0001:0000c2bc       ?GetDeviceLayoutEntry@@YAHPBG0PAPAUHINSTANCE__@@PAP6AHPAUtagDEVICE_LAYOUT@@@Z@Z 1000d2bc f   LayoutManager:LayMgr.obj
 0001:0000c4ec       ?SelectDeviceLayout@@YAHPAGPAUtagKEYBD_PDD@@0K0K@Z 1000d4ec f   LayoutManager:LayMgr.obj
 0001:0000c988       ?DeviceLayoutMatchesPDD@@YAHPBG00GPAGK@Z 1000d988 f   LayoutManager:LayMgr.obj
 0001:0000cd48       ?FormDeviceLayoutEntry@@YAXPBG0PAGK@Z 1000dd48 f   LayoutManager:LayMgr.obj
 0001:0000db40       ?IsLayoutLoaded@@YAHPBG@Z  1000eb40 f   LayoutManager:LayMgr.obj
 0001:0000dc48       ?GetFirstOpenPreloadIndex@@YAHPAI@Z 1000ec48 f   LayoutManager:LayMgr.obj
 0001:0000e270       ?ATRemapVKey@@YAIPBU_KEYBD_EVENT@@IPAU1@I@Z 1000f270 f   kbdus_lib:kbdus.obj
 0001:0000f03c       ?NumPadRemapVKeyDown@@YAIIIIPAU_KEYBD_EVENT@@@Z 1001003c f   NumPadRmp:NumPadRmp.obj
 0001:0000f3e8       ?NumPadRemapVKeyUp@@YAIIIIPAU_KEYBD_EVENT@@@Z 100103e8 f   NumPadRmp:NumPadRmp.obj
 0001:0000f750       ?AnyNumPadKeyDown@@YAHXZ   10010750 f   NumPadRmp:NumPadRmp.obj
 0001:0000f94c       ?Matrix_PowerHandler@@YAXIH@Z 1001094c f   KeyPadcommon:kbd.obj
 0001:0000f968       ?Matrix_ToggleLights@@YAXII@Z 10010968 f   KeyPadcommon:kbd.obj
 0001:00011364       ?GPIO_CtrlHandler@@YAXW4ENUM_COL_ROW@@W4ENUM_GPIO_FUNC@@@Z 10012364 f   KeyPadcommon:keymatrix.obj
 0001:000115fc       ?KEYIF_Column_Set@@YAXK@Z  100125fc f   KeyPadcommon:keymatrix.obj
 0001:0001162c       ?KEYIF_Column_Bitset@@YAX_NH@Z 1001262c f   KeyPadcommon:keymatrix.obj
 0001:000116c4       ?KEYIF_Row_Read@@YAKXZ     100126c4 f   KeyPadcommon:keymatrix.obj
 0001:000116ec       ?KEYIF_Status_Clear@@YAXXZ 100126ec f   KeyPadcommon:keymatrix.obj
